2026-08-30 16:09:20,933 - pr_cifar10_class9_h2_m16_IF100_alpha0p5_seed42.log - INFO - ==========================================================================================
2026-08-30 16:09:20,933 - pr_cifar10_class9_h2_m16_IF100_alpha0p5_seed42.log - INFO - FIXED-h / VARIED-PARTICIPATION CONTROLLED EXPERIMENT
2026-08-30 16:09:20,933 - pr_cifar10_class9_h2_m16_IF100_alpha0p5_seed42.log - INFO - algorithm: pure FedLF | S=OFF C=OFF A=OFF
2026-08-30 16:09:20,933 - pr_cifar10_class9_h2_m16_IF100_alpha0p5_seed42.log - INFO - dataset:CIFAR-10-LT IF=100 imb_factor=0.01 alpha=0.5
2026-08-30 16:09:20,933 - pr_cifar10_class9_h2_m16_IF100_alpha0p5_seed42.log - INFO - K=20 m=16 participation=0.8000
2026-08-30 16:09:20,935 - pr_cifar10_class9_h2_m16_IF100_alpha0p5_seed42.log - INFO - rounds=200 E=10 batch=32 fixed_lr=0.1 seed=42
2026-08-30 16:09:20,935 - pr_cifar10_class9_h2_m16_IF100_alpha0p5_seed42.log - INFO - target_class=9 fixed_host_count=2 varied_m=16
2026-08-30 16:09:20,936 - pr_cifar10_class9_h2_m16_IF100_alpha0p5_seed42.log - INFO - client_sampling=PAIRED NESTED SAMPLING; original m=8 draw preserved
2026-08-30 16:09:20,936 - pr_cifar10_class9_h2_m16_IF100_alpha0p5_seed42.log - INFO - aggregation=STANDARD SAMPLE-WEIGHTED FedAvg
2026-08-30 16:09:20,936 - pr_cifar10_class9_h2_m16_IF100_alpha0p5_seed42.log - INFO - test rollback=False
2026-08-30 16:09:20,936 - pr_cifar10_class9_h2_m16_IF100_alpha0p5_seed42.log - INFO - Log: D:\Desktop\FedLF_project\FedLF\Logs\pr_cifar10_class9_h2_m16_IF100_alpha0p5_seed42.log
2026-08-30 16:09:20,936 - pr_cifar10_class9_h2_m16_IF100_alpha0p5_seed42.log - INFO - Output: D:\Desktop\FedLF_project\FedLF\outputs\pr_cifar10_class9_h2_m16_IF100_alpha0p5_seed42
2026-08-30 16:09:20,936 - pr_cifar10_class9_h2_m16_IF100_alpha0p5_seed42.log - INFO - ==========================================================================================
2026-08-30 16:09:27,446 - pr_cifar10_class9_h2_m16_IF100_alpha0p5_seed42.log - INFO - Global class counts: [5000, 2997, 1796, 1077, 645, 387, 232, 139, 83, 50]
2026-08-30 16:09:27,446 - pr_cifar10_class9_h2_m16_IF100_alpha0p5_seed42.log - INFO - Target class 9 N=50 (FIXED)
2026-08-30 16:09:27,446 - pr_cifar10_class9_h2_m16_IF100_alpha0p5_seed42.log - INFO - Host order (nested across h): [6, 4, 7, 12, 9, 13, 3, 14, 19, 11, 10, 17, 15, 18, 5, 0, 16, 8, 1, 2]
2026-08-30 16:09:27,446 - pr_cifar10_class9_h2_m16_IF100_alpha0p5_seed42.log - INFO - Actual host clients: [4, 6]
2026-08-30 16:09:27,447 - pr_cifar10_class9_h2_m16_IF100_alpha0p5_seed42.log - INFO - Target samples per active host: {6: 25, 4: 25}
2026-08-30 16:09:27,448 - pr_cifar10_class9_h2_m16_IF100_alpha0p5_seed42.log - INFO - Actual h=2 | m=16 | participation=0.8000 | theoretical P_exp=0.968421
2026-08-30 16:09:27,448 - pr_cifar10_class9_h2_m16_IF100_alpha0p5_seed42.log - INFO - Base partition SHA256: 91fc508fdd8b116a19ca7809c6dfe5d6b9f4161086b898c272ecff4fedcd1acf
2026-08-30 16:09:27,448 - pr_cifar10_class9_h2_m16_IF100_alpha0p5_seed42.log - INFO - Controlled partition SHA256: 3239af1f32e2f8eb835b2750615bde3424bff7c575ad6f7be96c35d7d67dab7c
2026-08-30 16:09:27,448 - pr_cifar10_class9_h2_m16_IF100_alpha0p5_seed42.log - INFO - Client sizes after target redistribution: [621, 621, 621, 605, 646, 620, 643, 620, 620, 614, 620, 620, 620, 620, 620, 613, 620, 620, 612, 610]
2026-08-30 16:09:27,448 - pr_cifar10_class9_h2_m16_IF100_alpha0p5_seed42.log - INFO - Paper thresholds: Head > 1500, Tail < 200; Tail classes=[7, 8, 9]
2026-08-30 16:09:27,581 - pr_cifar10_class9_h2_m16_IF100_alpha0p5_seed42.log - INFO - Round 1 selected clients: [0, 1, 2, 3, 5, 8, 10, 11, 12, 13, 14, 15, 16, 17, 18, 19] | target exposure=0 samples=0 mass=0.000000 empirical_P=0.000000 theory_P=0.968421
2026-08-30 16:09:57,742 - pr_cifar10_class9_h2_m16_IF100_alpha0p5_seed42.log - INFO - Round 1 | Global 0.1927 | Head 0.6340 | Middle 0.0063 | Tail 0.0000 | Class-9 0.0000 | best_class9 0.0000@1
2026-08-30 16:09:57,744 - pr_cifar10_class9_h2_m16_IF100_alpha0p5_seed42.log - INFO - Round 2 selected clients: [3, 4, 5, 6, 7, 8, 10, 11, 12, 13, 14, 15, 16, 17, 18, 19] | target exposure=1 samples=50 mass=0.005036 empirical_P=0.500000 theory_P=0.968421
2026-08-30 16:10:27,636 - pr_cifar10_class9_h2_m16_IF100_alpha0p5_seed42.log - INFO - Round 2 | Global 0.1811 | Head 0.5807 | Middle 0.0173 | Tail 0.0000 | Class-9 0.0000 | best_class9 0.0000@1
2026-08-30 16:10:27,638 - pr_cifar10_class9_h2_m16_IF100_alpha0p5_seed42.log - INFO - Round 3 selected clients: [0, 1, 2, 5, 6, 7, 8, 9, 10, 12, 13, 14, 15, 16, 17, 18] | target exposure=1 samples=25 mass=0.002519 empirical_P=0.666667 theory_P=0.968421
2026-08-30 16:10:56,919 - pr_cifar10_class9_h2_m16_IF100_alpha0p5_seed42.log - INFO - Round 3 | Global 0.2537 | Head 0.7277 | Middle 0.0885 | Tail 0.0000 | Class-9 0.0000 | best_class9 0.0000@1
2026-08-30 16:10:56,921 - pr_cifar10_class9_h2_m16_IF100_alpha0p5_seed42.log - INFO - Round 4 selected clients: [0, 1, 3, 4, 5, 6, 7, 8, 9, 10, 11, 13, 15, 17, 18, 19] | target exposure=1 samples=50 mass=0.005038 empirical_P=0.750000 theory_P=0.968421
2026-08-30 16:11:26,089 - pr_cifar10_class9_h2_m16_IF100_alpha0p5_seed42.log - INFO - Round 4 | Global 0.2577 | Head 0.6953 | Middle 0.1227 | Tail 0.0000 | Class-9 0.0000 | best_class9 0.0000@1
2026-08-30 16:11:26,093 - pr_cifar10_class9_h2_m16_IF100_alpha0p5_seed42.log - INFO - Round 5 selected clients: [0, 1, 2, 3, 5, 6, 8, 9, 10, 11, 12, 13, 15, 16, 17, 19] | target exposure=1 samples=25 mass=0.002523 empirical_P=0.800000 theory_P=0.968421
2026-08-30 16:11:55,445 - pr_cifar10_class9_h2_m16_IF100_alpha0p5_seed42.log - INFO - Round 5 | Global 0.2857 | Head 0.7200 | Middle 0.1742 | Tail 0.0000 | Class-9 0.0000 | best_class9 0.0000@1
2026-08-30 16:11:55,446 - pr_cifar10_class9_h2_m16_IF100_alpha0p5_seed42.log - INFO - Round 6 selected clients: [0, 1, 3, 4, 5, 7, 8, 9, 10, 11, 14, 15, 16, 17, 18, 19] | target exposure=1 samples=25 mass=0.002525 empirical_P=0.833333 theory_P=0.968421
2026-08-30 16:12:24,969 - pr_cifar10_class9_h2_m16_IF100_alpha0p5_seed42.log - INFO - Round 6 | Global 0.2951 | Head 0.7830 | Middle 0.1505 | Tail 0.0000 | Class-9 0.0000 | best_class9 0.0000@1
2026-08-30 16:12:24,971 - pr_cifar10_class9_h2_m16_IF100_alpha0p5_seed42.log - INFO - Round 7 selected clients: [0, 2, 3, 4, 5, 6, 7, 9, 10, 11, 12, 13, 14, 16, 17, 19] | target exposure=1 samples=50 mass=0.005030 empirical_P=0.857143 theory_P=0.968421
2026-08-30 16:12:54,844 - pr_cifar10_class9_h2_m16_IF100_alpha0p5_seed42.log - INFO - Round 7 | Global 0.3144 | Head 0.7803 | Middle 0.2008 | Tail 0.0000 | Class-9 0.0000 | best_class9 0.0000@1
2026-08-30 16:12:54,846 - pr_cifar10_class9_h2_m16_IF100_alpha0p5_seed42.log - INFO - Round 8 selected clients: [0, 1, 3, 4, 5, 6, 7, 8, 9, 10, 11, 13, 14, 15, 17, 18] | target exposure=1 samples=50 mass=0.005033 empirical_P=0.875000 theory_P=0.968421
2026-08-30 16:13:24,674 - pr_cifar10_class9_h2_m16_IF100_alpha0p5_seed42.log - INFO - Round 8 | Global 0.3126 | Head 0.7500 | Middle 0.2190 | Tail 0.0000 | Class-9 0.0000 | best_class9 0.0000@1
2026-08-30 16:13:24,675 - pr_cifar10_class9_h2_m16_IF100_alpha0p5_seed42.log - INFO - Round 9 selected clients: [0, 2, 3, 4, 5, 6, 7, 8, 9, 11, 12, 13, 14, 16, 17, 18] | target exposure=1 samples=50 mass=0.005029 empirical_P=0.888889 theory_P=0.968421
2026-08-30 16:13:54,510 - pr_cifar10_class9_h2_m16_IF100_alpha0p5_seed42.log - INFO - Round 9 | Global 0.3464 | Head 0.7943 | Middle 0.2687 | Tail 0.0020 | Class-9 0.0000 | best_class9 0.0000@1
2026-08-30 16:13:54,512 - pr_cifar10_class9_h2_m16_IF100_alpha0p5_seed42.log - INFO - Round 10 selected clients: [0, 1, 2, 3, 4, 5, 7, 8, 9, 10, 12, 13, 14, 15, 16, 17] | target exposure=1 samples=25 mass=0.002520 empirical_P=0.900000 theory_P=0.968421
2026-08-30 16:14:24,164 - pr_cifar10_class9_h2_m16_IF100_alpha0p5_seed42.log - INFO - Round 10 | Global 0.3573 | Head 0.7883 | Middle 0.3015 | Tail 0.0007 | Class-9 0.0000 | best_class9 0.0000@1
2026-08-30 16:14:24,181 - pr_cifar10_class9_h2_m16_IF100_alpha0p5_seed42.log - INFO - Round 11 selected clients: [0, 1, 2, 3, 4, 6, 7, 8, 9, 12, 13, 14, 15, 16, 17, 18] | target exposure=1 samples=50 mass=0.005032 empirical_P=0.909091 theory_P=0.968421
2026-08-30 16:14:53,894 - pr_cifar10_class9_h2_m16_IF100_alpha0p5_seed42.log - INFO - Round 11 | Global 0.3671 | Head 0.8067 | Middle 0.3100 | Tail 0.0037 | Class-9 0.0000 | best_class9 0.0000@1
2026-08-30 16:14:53,896 - pr_cifar10_class9_h2_m16_IF100_alpha0p5_seed42.log - INFO - Round 12 selected clients: [0, 1, 3, 4, 5, 6, 7, 8, 9, 11, 12, 13, 14, 16, 17, 18] | target exposure=1 samples=50 mass=0.005029 empirical_P=0.916667 theory_P=0.968421
2026-08-30 16:15:23,180 - pr_cifar10_class9_h2_m16_IF100_alpha0p5_seed42.log - INFO - Round 12 | Global 0.3667 | Head 0.8073 | Middle 0.3040 | Tail 0.0097 | Class-9 0.0000 | best_class9 0.0000@1
2026-08-30 16:15:23,182 - pr_cifar10_class9_h2_m16_IF100_alpha0p5_seed42.log - INFO - Round 13 selected clients: [0, 2, 3, 4, 5, 6, 8, 9, 10, 12, 13, 14, 15, 17, 18, 19] | target exposure=1 samples=50 mass=0.005038 empirical_P=0.923077 theory_P=0.968421
2026-08-30 16:15:52,293 - pr_cifar10_class9_h2_m16_IF100_alpha0p5_seed42.log - INFO - Round 13 | Global 0.3988 | Head 0.7763 | Middle 0.3885 | Tail 0.0350 | Class-9 0.0000 | best_class9 0.0000@1
2026-08-30 16:15:52,295 - pr_cifar10_class9_h2_m16_IF100_alpha0p5_seed42.log - INFO - Round 14 selected clients: [1, 2, 4, 5, 6, 7, 8, 9, 10, 11, 12, 13, 14, 16, 18, 19] | target exposure=1 samples=50 mass=0.005027 empirical_P=0.928571 theory_P=0.968421
2026-08-30 16:16:21,477 - pr_cifar10_class9_h2_m16_IF100_alpha0p5_seed42.log - INFO - Round 14 | Global 0.4227 | Head 0.7393 | Middle 0.4765 | Tail 0.0343 | Class-9 0.0000 | best_class9 0.0000@1
2026-08-30 16:16:21,478 - pr_cifar10_class9_h2_m16_IF100_alpha0p5_seed42.log - INFO - Round 15 selected clients: [0, 1, 2, 3, 4, 5, 7, 8, 9, 12, 13, 14, 16, 17, 18, 19] | target exposure=1 samples=25 mass=0.002523 empirical_P=0.933333 theory_P=0.968421
2026-08-30 16:16:51,795 - pr_cifar10_class9_h2_m16_IF100_alpha0p5_seed42.log - INFO - Round 15 | Global 0.4203 | Head 0.7923 | Middle 0.4243 | Tail 0.0430 | Class-9 0.0000 | best_class9 0.0000@1
2026-08-30 16:16:51,797 - pr_cifar10_class9_h2_m16_IF100_alpha0p5_seed42.log - INFO - Round 16 selected clients: [1, 3, 4, 5, 6, 7, 8, 9, 10, 11, 12, 13, 14, 16, 17, 18] | target exposure=1 samples=50 mass=0.005030 empirical_P=0.937500 theory_P=0.968421
2026-08-30 16:17:20,662 - pr_cifar10_class9_h2_m16_IF100_alpha0p5_seed42.log - INFO - Round 16 | Global 0.4163 | Head 0.7753 | Middle 0.4113 | Tail 0.0640 | Class-9 0.0000 | best_class9 0.0000@1
2026-08-30 16:17:20,663 - pr_cifar10_class9_h2_m16_IF100_alpha0p5_seed42.log - INFO - Round 17 selected clients: [1, 2, 4, 5, 6, 7, 9, 10, 11, 12, 13, 14, 16, 17, 18, 19] | target exposure=1 samples=50 mass=0.005027 empirical_P=0.941176 theory_P=0.968421
2026-08-30 16:17:50,987 - pr_cifar10_class9_h2_m16_IF100_alpha0p5_seed42.log - INFO - Round 17 | Global 0.4364 | Head 0.8003 | Middle 0.4055 | Tail 0.1137 | Class-9 0.0000 | best_class9 0.0000@1
2026-08-30 16:17:50,989 - pr_cifar10_class9_h2_m16_IF100_alpha0p5_seed42.log - INFO - Round 18 selected clients: [0, 1, 2, 3, 4, 5, 6, 7, 8, 9, 12, 13, 15, 16, 17, 18] | target exposure=1 samples=50 mass=0.005032 empirical_P=0.944444 theory_P=0.968421
2026-08-30 16:18:20,919 - pr_cifar10_class9_h2_m16_IF100_alpha0p5_seed42.log - INFO - Round 18 | Global 0.4523 | Head 0.7943 | Middle 0.4607 | Tail 0.0990 | Class-9 0.0000 | best_class9 0.0000@1
2026-08-30 16:18:20,920 - pr_cifar10_class9_h2_m16_IF100_alpha0p5_seed42.log - INFO - Round 19 selected clients: [0, 1, 2, 3, 4, 6, 7, 8, 9, 10, 11, 12, 13, 17, 18, 19] | target exposure=1 samples=50 mass=0.005034 empirical_P=0.947368 theory_P=0.968421
2026-08-30 16:18:49,950 - pr_cifar10_class9_h2_m16_IF100_alpha0p5_seed42.log - INFO - Round 19 | Global 0.4406 | Head 0.7967 | Middle 0.4472 | Tail 0.0757 | Class-9 0.0000 | best_class9 0.0000@1
2026-08-30 16:18:49,952 - pr_cifar10_class9_h2_m16_IF100_alpha0p5_seed42.log - INFO - Round 20 selected clients: [1, 2, 3, 4, 6, 7, 10, 11, 12, 13, 14, 15, 16, 17, 18, 19] | target exposure=1 samples=50 mass=0.005035 empirical_P=0.950000 theory_P=0.968421
2026-08-30 16:19:19,695 - pr_cifar10_class9_h2_m16_IF100_alpha0p5_seed42.log - INFO - Round 20 | Global 0.4577 | Head 0.7697 | Middle 0.5000 | Tail 0.0893 | Class-9 0.0000 | best_class9 0.0000@1
2026-08-30 16:19:19,711 - pr_cifar10_class9_h2_m16_IF100_alpha0p5_seed42.log - INFO - Round 21 selected clients: [1, 2, 3, 4, 6, 7, 8, 9, 10, 13, 14, 15, 16, 17, 18, 19] | target exposure=1 samples=50 mass=0.005038 empirical_P=0.952381 theory_P=0.968421
2026-08-30 16:19:49,837 - pr_cifar10_class9_h2_m16_IF100_alpha0p5_seed42.log - INFO - Round 21 | Global 0.4647 | Head 0.7993 | Middle 0.4833 | Tail 0.1053 | Class-9 0.0000 | best_class9 0.0000@1
2026-08-30 16:19:49,838 - pr_cifar10_class9_h2_m16_IF100_alpha0p5_seed42.log - INFO - Round 22 selected clients: [1, 2, 3, 4, 5, 6, 8, 10, 11, 12, 14, 15, 16, 17, 18, 19] | target exposure=1 samples=50 mass=0.005035 empirical_P=0.954545 theory_P=0.968421
2026-08-30 16:20:20,060 - pr_cifar10_class9_h2_m16_IF100_alpha0p5_seed42.log - INFO - Round 22 | Global 0.4871 | Head 0.7633 | Middle 0.5460 | Tail 0.1323 | Class-9 0.0000 | best_class9 0.0000@1
2026-08-30 16:20:20,060 - pr_cifar10_class9_h2_m16_IF100_alpha0p5_seed42.log - INFO - Round 23 selected clients: [1, 2, 3, 5, 6, 7, 8, 9, 10, 11, 13, 14, 15, 16, 18, 19] | target exposure=1 samples=25 mass=0.002526 empirical_P=0.956522 theory_P=0.968421
2026-08-30 16:20:50,006 - pr_cifar10_class9_h2_m16_IF100_alpha0p5_seed42.log - INFO - Round 23 | Global 0.4861 | Head 0.7943 | Middle 0.5055 | Tail 0.1520 | Class-9 0.0000 | best_class9 0.0000@1
2026-08-30 16:20:50,007 - pr_cifar10_class9_h2_m16_IF100_alpha0p5_seed42.log - INFO - Round 24 selected clients: [2, 3, 4, 5, 6, 7, 8, 9, 10, 11, 12, 13, 14, 16, 17, 18] | target exposure=1 samples=50 mass=0.005030 empirical_P=0.958333 theory_P=0.968421
2026-08-30 16:21:20,576 - pr_cifar10_class9_h2_m16_IF100_alpha0p5_seed42.log - INFO - Round 24 | Global 0.4915 | Head 0.7833 | Middle 0.5337 | Tail 0.1433 | Class-9 0.0000 | best_class9 0.0000@1
2026-08-30 16:21:20,578 - pr_cifar10_class9_h2_m16_IF100_alpha0p5_seed42.log - INFO - Round 25 selected clients: [0, 2, 3, 4, 5, 6, 8, 9, 10, 12, 13, 14, 15, 17, 18, 19] | target exposure=1 samples=50 mass=0.005038 empirical_P=0.960000 theory_P=0.968421
2026-08-30 16:21:52,964 - pr_cifar10_class9_h2_m16_IF100_alpha0p5_seed42.log - INFO - Round 25 | Global 0.4851 | Head 0.7567 | Middle 0.5563 | Tail 0.1187 | Class-9 0.0000 | best_class9 0.0000@1
2026-08-30 16:21:52,965 - pr_cifar10_class9_h2_m16_IF100_alpha0p5_seed42.log - INFO - Round 26 selected clients: [0, 1, 2, 3, 5, 6, 7, 8, 9, 10, 11, 12, 13, 14, 15, 16] | target exposure=1 samples=25 mass=0.002521 empirical_P=0.961538 theory_P=0.968421
2026-08-30 16:22:23,523 - pr_cifar10_class9_h2_m16_IF100_alpha0p5_seed42.log - INFO - Round 26 | Global 0.5028 | Head 0.7900 | Middle 0.5495 | Tail 0.1533 | Class-9 0.0000 | best_class9 0.0000@1
2026-08-30 16:22:23,524 - pr_cifar10_class9_h2_m16_IF100_alpha0p5_seed42.log - INFO - Round 27 selected clients: [0, 1, 3, 4, 5, 6, 8, 9, 10, 11, 12, 13, 14, 16, 17, 19] | target exposure=1 samples=50 mass=0.005030 empirical_P=0.962963 theory_P=0.968421
2026-08-30 16:22:55,383 - pr_cifar10_class9_h2_m16_IF100_alpha0p5_seed42.log - INFO - Round 27 | Global 0.4790 | Head 0.7853 | Middle 0.5205 | Tail 0.1173 | Class-9 0.0000 | best_class9 0.0000@1
2026-08-30 16:22:55,385 - pr_cifar10_class9_h2_m16_IF100_alpha0p5_seed42.log - INFO - Round 28 selected clients: [0, 1, 3, 4, 5, 6, 7, 8, 9, 11, 12, 14, 16, 17, 18, 19] | target exposure=1 samples=50 mass=0.005034 empirical_P=0.964286 theory_P=0.968421
2026-08-30 16:23:26,986 - pr_cifar10_class9_h2_m16_IF100_alpha0p5_seed42.log - INFO - Round 28 | Global 0.5059 | Head 0.7817 | Middle 0.5228 | Tail 0.2077 | Class-9 0.0000 | best_class9 0.0000@1
2026-08-30 16:23:26,989 - pr_cifar10_class9_h2_m16_IF100_alpha0p5_seed42.log - INFO - Round 29 selected clients: [0, 1, 2, 3, 4, 5, 8, 9, 10, 12, 13, 14, 15, 16, 18, 19] | target exposure=1 samples=25 mass=0.002524 empirical_P=0.965517 theory_P=0.968421
2026-08-30 16:24:00,911 - pr_cifar10_class9_h2_m16_IF100_alpha0p5_seed42.log - INFO - Round 29 | Global 0.5069 | Head 0.8130 | Middle 0.5182 | Tail 0.1857 | Class-9 0.0000 | best_class9 0.0000@1
2026-08-30 16:24:00,913 - pr_cifar10_class9_h2_m16_IF100_alpha0p5_seed42.log - INFO - Round 30 selected clients: [0, 1, 2, 3, 5, 6, 8, 9, 10, 11, 13, 14, 15, 16, 17, 19] | target exposure=1 samples=25 mass=0.002523 empirical_P=0.966667 theory_P=0.968421
2026-08-30 16:24:33,072 - pr_cifar10_class9_h2_m16_IF100_alpha0p5_seed42.log - INFO - Round 30 | Global 0.5259 | Head 0.7937 | Middle 0.5450 | Tail 0.2327 | Class-9 0.0000 | best_class9 0.0000@1
2026-08-30 16:24:33,086 - pr_cifar10_class9_h2_m16_IF100_alpha0p5_seed42.log - INFO - Round 31 selected clients: [0, 1, 2, 3, 4, 6, 7, 9, 10, 11, 12, 13, 14, 15, 17, 19] | target exposure=1 samples=50 mass=0.005033 empirical_P=0.967742 theory_P=0.968421
2026-08-30 16:25:06,181 - pr_cifar10_class9_h2_m16_IF100_alpha0p5_seed42.log - INFO - Round 31 | Global 0.5021 | Head 0.7983 | Middle 0.5258 | Tail 0.1743 | Class-9 0.0000 | best_class9 0.0000@1
2026-08-30 16:25:06,183 - pr_cifar10_class9_h2_m16_IF100_alpha0p5_seed42.log - INFO - Round 32 selected clients: [0, 1, 4, 5, 6, 7, 8, 9, 10, 12, 13, 14, 15, 16, 18, 19] | target exposure=1 samples=50 mass=0.005030 empirical_P=0.968750 theory_P=0.968421
2026-08-30 16:25:39,186 - pr_cifar10_class9_h2_m16_IF100_alpha0p5_seed42.log - INFO - Round 32 | Global 0.5170 | Head 0.8023 | Middle 0.5437 | Tail 0.1960 | Class-9 0.0000 | best_class9 0.0000@1
2026-08-30 16:25:39,188 - pr_cifar10_class9_h2_m16_IF100_alpha0p5_seed42.log - INFO - Round 33 selected clients: [0, 1, 2, 3, 4, 5, 6, 7, 8, 10, 11, 14, 15, 16, 17, 19] | target exposure=1 samples=50 mass=0.005030 empirical_P=0.969697 theory_P=0.968421
2026-08-30 16:26:11,969 - pr_cifar10_class9_h2_m16_IF100_alpha0p5_seed42.log - INFO - Round 33 | Global 0.5280 | Head 0.7650 | Middle 0.5885 | Tail 0.2103 | Class-9 0.0000 | best_class9 0.0000@1
2026-08-30 16:26:11,971 - pr_cifar10_class9_h2_m16_IF100_alpha0p5_seed42.log - INFO - Round 34 selected clients: [0, 1, 2, 4, 5, 6, 7, 8, 9, 10, 12, 13, 14, 15, 16, 18] | target exposure=1 samples=50 mass=0.005025 empirical_P=0.970588 theory_P=0.968421
2026-08-30 16:26:43,431 - pr_cifar10_class9_h2_m16_IF100_alpha0p5_seed42.log - INFO - Round 34 | Global 0.5371 | Head 0.7817 | Middle 0.5765 | Tail 0.2400 | Class-9 0.0030 | best_class9 0.0030@34
2026-08-30 16:26:43,433 - pr_cifar10_class9_h2_m16_IF100_alpha0p5_seed42.log - INFO - Round 35 selected clients: [0, 3, 4, 5, 6, 7, 8, 9, 10, 11, 12, 13, 15, 16, 18, 19] | target exposure=1 samples=50 mass=0.005038 empirical_P=0.971429 theory_P=0.968421
2026-08-30 16:27:16,397 - pr_cifar10_class9_h2_m16_IF100_alpha0p5_seed42.log - INFO - Round 35 | Global 0.5162 | Head 0.8087 | Middle 0.5393 | Tail 0.1930 | Class-9 0.0000 | best_class9 0.0030@34
2026-08-30 16:27:16,399 - pr_cifar10_class9_h2_m16_IF100_alpha0p5_seed42.log - INFO - Round 36 selected clients: [1, 2, 3, 6, 7, 8, 9, 10, 11, 12, 13, 14, 16, 17, 18, 19] | target exposure=1 samples=25 mass=0.002524 empirical_P=0.972222 theory_P=0.968421
2026-08-30 16:27:50,750 - pr_cifar10_class9_h2_m16_IF100_alpha0p5_seed42.log - INFO - Round 36 | Global 0.5460 | Head 0.8020 | Middle 0.5680 | Tail 0.2607 | Class-9 0.0020 | best_class9 0.0030@34
2026-08-30 16:27:50,752 - pr_cifar10_class9_h2_m16_IF100_alpha0p5_seed42.log - INFO - Round 37 selected clients: [0, 1, 2, 3, 4, 7, 8, 9, 10, 11, 12, 13, 14, 15, 16, 17] | target exposure=1 samples=25 mass=0.002520 empirical_P=0.972973 theory_P=0.968421
2026-08-30 16:28:22,941 - pr_cifar10_class9_h2_m16_IF100_alpha0p5_seed42.log - INFO - Round 37 | Global 0.5293 | Head 0.7983 | Middle 0.5785 | Tail 0.1947 | Class-9 0.0000 | best_class9 0.0030@34
2026-08-30 16:28:22,942 - pr_cifar10_class9_h2_m16_IF100_alpha0p5_seed42.log - INFO - Round 38 selected clients: [0, 1, 2, 3, 6, 7, 8, 9, 10, 12, 13, 14, 15, 16, 18, 19] | target exposure=1 samples=25 mass=0.002525 empirical_P=0.973684 theory_P=0.968421
2026-08-30 16:28:53,643 - pr_cifar10_class9_h2_m16_IF100_alpha0p5_seed42.log - INFO - Round 38 | Global 0.5521 | Head 0.7757 | Middle 0.5847 | Tail 0.2850 | Class-9 0.0010 | best_class9 0.0030@34
2026-08-30 16:28:53,645 - pr_cifar10_class9_h2_m16_IF100_alpha0p5_seed42.log - INFO - Round 39 selected clients: [0, 2, 3, 4, 5, 6, 7, 8, 9, 11, 12, 13, 15, 17, 18, 19] | target exposure=1 samples=50 mass=0.005038 empirical_P=0.974359 theory_P=0.968421
2026-08-30 16:29:24,678 - pr_cifar10_class9_h2_m16_IF100_alpha0p5_seed42.log - INFO - Round 39 | Global 0.5510 | Head 0.8120 | Middle 0.5815 | Tail 0.2493 | Class-9 0.0020 | best_class9 0.0030@34
2026-08-30 16:29:24,680 - pr_cifar10_class9_h2_m16_IF100_alpha0p5_seed42.log - INFO - Round 40 selected clients: [2, 3, 5, 6, 7, 8, 9, 10, 11, 12, 13, 14, 15, 17, 18, 19] | target exposure=1 samples=25 mass=0.002526 empirical_P=0.975000 theory_P=0.968421
2026-08-30 16:29:56,394 - pr_cifar10_class9_h2_m16_IF100_alpha0p5_seed42.log - INFO - Round 40 | Global 0.5597 | Head 0.7183 | Middle 0.6390 | Tail 0.2953 | Class-9 0.0000 | best_class9 0.0030@34
2026-08-30 16:29:56,411 - pr_cifar10_class9_h2_m16_IF100_alpha0p5_seed42.log - INFO - Round 41 selected clients: [1, 2, 4, 5, 6, 7, 8, 9, 10, 11, 12, 13, 14, 15, 16, 17] | target exposure=1 samples=50 mass=0.005021 empirical_P=0.975610 theory_P=0.968421
2026-08-30 16:30:26,762 - pr_cifar10_class9_h2_m16_IF100_alpha0p5_seed42.log - INFO - Round 41 | Global 0.5518 | Head 0.7543 | Middle 0.6185 | Tail 0.2603 | Class-9 0.0040 | best_class9 0.0040@41
2026-08-30 16:30:26,765 - pr_cifar10_class9_h2_m16_IF100_alpha0p5_seed42.log - INFO - Round 42 selected clients: [0, 1, 2, 3, 4, 5, 6, 7, 9, 10, 11, 12, 14, 15, 18, 19] | target exposure=1 samples=50 mass=0.005037 empirical_P=0.976190 theory_P=0.968421
2026-08-30 16:30:59,397 - pr_cifar10_class9_h2_m16_IF100_alpha0p5_seed42.log - INFO - Round 42 | Global 0.5620 | Head 0.7740 | Middle 0.6220 | Tail 0.2700 | Class-9 0.0040 | best_class9 0.0040@41
2026-08-30 16:30:59,399 - pr_cifar10_class9_h2_m16_IF100_alpha0p5_seed42.log - INFO - Round 43 selected clients: [0, 2, 3, 4, 6, 7, 8, 9, 10, 11, 12, 14, 15, 17, 18, 19] | target exposure=1 samples=50 mass=0.005038 empirical_P=0.976744 theory_P=0.968421
2026-08-30 16:31:30,948 - pr_cifar10_class9_h2_m16_IF100_alpha0p5_seed42.log - INFO - Round 43 | Global 0.5631 | Head 0.7607 | Middle 0.6325 | Tail 0.2730 | Class-9 0.0080 | best_class9 0.0080@43
2026-08-30 16:31:30,950 - pr_cifar10_class9_h2_m16_IF100_alpha0p5_seed42.log - INFO - Round 44 selected clients: [0, 2, 3, 5, 6, 7, 8, 9, 10, 11, 12, 13, 15, 17, 18, 19] | target exposure=1 samples=25 mass=0.002526 empirical_P=0.977273 theory_P=0.968421
2026-08-30 16:32:01,503 - pr_cifar10_class9_h2_m16_IF100_alpha0p5_seed42.log - INFO - Round 44 | Global 0.5756 | Head 0.7723 | Middle 0.6325 | Tail 0.3030 | Class-9 0.0010 | best_class9 0.0080@43
2026-08-30 16:32:01,506 - pr_cifar10_class9_h2_m16_IF100_alpha0p5_seed42.log - INFO - Round 45 selected clients: [0, 1, 2, 3, 4, 5, 6, 7, 8, 9, 10, 11, 12, 15, 16, 17] | target exposure=1 samples=50 mass=0.005028 empirical_P=0.977778 theory_P=0.968421
2026-08-30 16:32:32,110 - pr_cifar10_class9_h2_m16_IF100_alpha0p5_seed42.log - INFO - Round 45 | Global 0.5514 | Head 0.7683 | Middle 0.6180 | Tail 0.2457 | Class-9 0.0040 | best_class9 0.0080@43
2026-08-30 16:32:32,112 - pr_cifar10_class9_h2_m16_IF100_alpha0p5_seed42.log - INFO - Round 46 selected clients: [1, 2, 3, 5, 6, 7, 8, 9, 10, 12, 13, 14, 15, 16, 17, 19] | target exposure=1 samples=25 mass=0.002523 empirical_P=0.978261 theory_P=0.968421
2026-08-30 16:33:03,221 - pr_cifar10_class9_h2_m16_IF100_alpha0p5_seed42.log - INFO - Round 46 | Global 0.5671 | Head 0.8027 | Middle 0.6218 | Tail 0.2587 | Class-9 0.0000 | best_class9 0.0080@43
2026-08-30 16:33:03,222 - pr_cifar10_class9_h2_m16_IF100_alpha0p5_seed42.log - INFO - Round 47 selected clients: [0, 1, 3, 4, 5, 6, 8, 9, 10, 11, 13, 14, 15, 16, 18, 19] | target exposure=1 samples=50 mass=0.005038 empirical_P=0.978723 theory_P=0.968421
2026-08-30 16:33:34,479 - pr_cifar10_class9_h2_m16_IF100_alpha0p5_seed42.log - INFO - Round 47 | Global 0.5714 | Head 0.7983 | Middle 0.6118 | Tail 0.2907 | Class-9 0.0060 | best_class9 0.0080@43
2026-08-30 16:33:34,481 - pr_cifar10_class9_h2_m16_IF100_alpha0p5_seed42.log - INFO - Round 48 selected clients: [0, 1, 3, 4, 5, 6, 7, 8, 9, 12, 13, 15, 16, 17, 18, 19] | target exposure=1 samples=50 mass=0.005038 empirical_P=0.979167 theory_P=0.968421
2026-08-30 16:34:07,388 - pr_cifar10_class9_h2_m16_IF100_alpha0p5_seed42.log - INFO - Round 48 | Global 0.5805 | Head 0.8160 | Middle 0.6022 | Tail 0.3160 | Class-9 0.0050 | best_class9 0.0080@43
2026-08-30 16:34:07,390 - pr_cifar10_class9_h2_m16_IF100_alpha0p5_seed42.log - INFO - Round 49 selected clients: [0, 2, 3, 4, 5, 7, 8, 9, 10, 11, 14, 15, 16, 17, 18, 19] | target exposure=1 samples=25 mass=0.002525 empirical_P=0.979592 theory_P=0.968421
2026-08-30 16:34:41,630 - pr_cifar10_class9_h2_m16_IF100_alpha0p5_seed42.log - INFO - Round 49 | Global 0.5772 | Head 0.7607 | Middle 0.6358 | Tail 0.3157 | Class-9 0.0080 | best_class9 0.0080@43
2026-08-30 16:34:41,631 - pr_cifar10_class9_h2_m16_IF100_alpha0p5_seed42.log - INFO - Round 50 selected clients: [0, 2, 3, 5, 6, 7, 9, 10, 11, 12, 13, 14, 15, 17, 18, 19] | target exposure=1 samples=25 mass=0.002526 empirical_P=0.980000 theory_P=0.968421
2026-08-30 16:35:13,857 - pr_cifar10_class9_h2_m16_IF100_alpha0p5_seed42.log - INFO - Round 50 | Global 0.5918 | Head 0.7863 | Middle 0.6365 | Tail 0.3377 | Class-9 0.0080 | best_class9 0.0080@43
2026-08-30 16:35:13,869 - pr_cifar10_class9_h2_m16_IF100_alpha0p5_seed42.log - INFO - Round 51 selected clients: [0, 1, 2, 3, 5, 7, 8, 9, 10, 11, 13, 14, 16, 17, 18, 19] | target exposure=0 samples=0 mass=0.000000 empirical_P=0.960784 theory_P=0.968421
2026-08-30 16:35:46,632 - pr_cifar10_class9_h2_m16_IF100_alpha0p5_seed42.log - INFO - Round 51 | Global 0.5889 | Head 0.8063 | Middle 0.6092 | Tail 0.3443 | Class-9 0.0020 | best_class9 0.0080@43
2026-08-30 16:35:46,634 - pr_cifar10_class9_h2_m16_IF100_alpha0p5_seed42.log - INFO - Round 52 selected clients: [0, 3, 4, 5, 6, 7, 8, 9, 11, 12, 13, 15, 16, 17, 18, 19] | target exposure=1 samples=50 mass=0.005038 empirical_P=0.961538 theory_P=0.968421
2026-08-30 16:36:19,030 - pr_cifar10_class9_h2_m16_IF100_alpha0p5_seed42.log - INFO - Round 52 | Global 0.5932 | Head 0.8077 | Middle 0.6162 | Tail 0.3480 | Class-9 0.0050 | best_class9 0.0080@43
2026-08-30 16:36:19,032 - pr_cifar10_class9_h2_m16_IF100_alpha0p5_seed42.log - INFO - Round 53 selected clients: [1, 2, 3, 4, 5, 6, 7, 8, 9, 10, 11, 12, 13, 14, 15, 19] | target exposure=1 samples=50 mass=0.005034 empirical_P=0.962264 theory_P=0.968421
2026-08-30 16:36:52,344 - pr_cifar10_class9_h2_m16_IF100_alpha0p5_seed42.log - INFO - Round 53 | Global 0.5949 | Head 0.7947 | Middle 0.6310 | Tail 0.3470 | Class-9 0.0140 | best_class9 0.0140@53
2026-08-30 16:36:52,346 - pr_cifar10_class9_h2_m16_IF100_alpha0p5_seed42.log - INFO - Round 54 selected clients: [0, 1, 2, 3, 4, 7, 8, 9, 10, 11, 12, 13, 14, 16, 18, 19] | target exposure=1 samples=25 mass=0.002523 empirical_P=0.962963 theory_P=0.968421
2026-08-30 16:37:25,324 - pr_cifar10_class9_h2_m16_IF100_alpha0p5_seed42.log - INFO - Round 54 | Global 0.5795 | Head 0.7990 | Middle 0.6050 | Tail 0.3260 | Class-9 0.0130 | best_class9 0.0140@53
2026-08-30 16:37:25,325 - pr_cifar10_class9_h2_m16_IF100_alpha0p5_seed42.log - INFO - Round 55 selected clients: [0, 1, 2, 3, 5, 6, 7, 9, 10, 11, 12, 13, 14, 16, 17, 19] | target exposure=1 samples=25 mass=0.002521 empirical_P=0.963636 theory_P=0.968421
2026-08-30 16:37:58,803 - pr_cifar10_class9_h2_m16_IF100_alpha0p5_seed42.log - INFO - Round 55 | Global 0.5945 | Head 0.7790 | Middle 0.6372 | Tail 0.3530 | Class-9 0.0100 | best_class9 0.0140@53
2026-08-30 16:37:58,805 - pr_cifar10_class9_h2_m16_IF100_alpha0p5_seed42.log - INFO - Round 56 selected clients: [0, 1, 4, 5, 7, 8, 9, 10, 11, 12, 13, 14, 15, 16, 17, 19] | target exposure=1 samples=25 mass=0.002519 empirical_P=0.964286 theory_P=0.968421
2026-08-30 16:38:31,001 - pr_cifar10_class9_h2_m16_IF100_alpha0p5_seed42.log - INFO - Round 56 | Global 0.5694 | Head 0.7973 | Middle 0.6322 | Tail 0.2577 | Class-9 0.0060 | best_class9 0.0140@53
2026-08-30 16:38:31,003 - pr_cifar10_class9_h2_m16_IF100_alpha0p5_seed42.log - INFO - Round 57 selected clients: [0, 2, 3, 4, 5, 6, 8, 9, 10, 11, 12, 13, 15, 16, 17, 18] | target exposure=1 samples=50 mass=0.005033 empirical_P=0.964912 theory_P=0.968421
2026-08-30 16:39:03,048 - pr_cifar10_class9_h2_m16_IF100_alpha0p5_seed42.log - INFO - Round 57 | Global 0.5825 | Head 0.7860 | Middle 0.6378 | Tail 0.3053 | Class-9 0.0110 | best_class9 0.0140@53
2026-08-30 16:39:03,050 - pr_cifar10_class9_h2_m16_IF100_alpha0p5_seed42.log - INFO - Round 58 selected clients: [0, 1, 2, 3, 4, 6, 7, 8, 10, 11, 12, 13, 14, 15, 16, 17] | target exposure=1 samples=50 mass=0.005025 empirical_P=0.965517 theory_P=0.968421
2026-08-30 16:39:34,683 - pr_cifar10_class9_h2_m16_IF100_alpha0p5_seed42.log - INFO - Round 58 | Global 0.5623 | Head 0.7740 | Middle 0.6448 | Tail 0.2407 | Class-9 0.0310 | best_class9 0.0310@58
2026-08-30 16:39:34,684 - pr_cifar10_class9_h2_m16_IF100_alpha0p5_seed42.log - INFO - Round 59 selected clients: [0, 1, 3, 5, 6, 8, 9, 10, 11, 12, 13, 15, 16, 17, 18, 19] | target exposure=1 samples=25 mass=0.002526 empirical_P=0.966102 theory_P=0.968421
2026-08-30 16:40:07,005 - pr_cifar10_class9_h2_m16_IF100_alpha0p5_seed42.log - INFO - Round 59 | Global 0.5999 | Head 0.7990 | Middle 0.6310 | Tail 0.3593 | Class-9 0.0250 | best_class9 0.0310@58
2026-08-30 16:40:07,007 - pr_cifar10_class9_h2_m16_IF100_alpha0p5_seed42.log - INFO - Round 60 selected clients: [0, 1, 2, 3, 4, 6, 7, 8, 10, 11, 13, 15, 16, 17, 18, 19] | target exposure=1 samples=50 mass=0.005034 empirical_P=0.966667 theory_P=0.968421
2026-08-30 16:40:38,851 - pr_cifar10_class9_h2_m16_IF100_alpha0p5_seed42.log - INFO - Round 60 | Global 0.5889 | Head 0.8207 | Middle 0.6088 | Tail 0.3307 | Class-9 0.0210 | best_class9 0.0310@58
2026-08-30 16:40:38,866 - pr_cifar10_class9_h2_m16_IF100_alpha0p5_seed42.log - INFO - Round 61 selected clients: [0, 1, 2, 3, 5, 6, 10, 11, 12, 13, 14, 15, 16, 17, 18, 19] | target exposure=1 samples=25 mass=0.002524 empirical_P=0.967213 theory_P=0.968421
2026-08-30 16:41:10,596 - pr_cifar10_class9_h2_m16_IF100_alpha0p5_seed42.log - INFO - Round 61 | Global 0.6031 | Head 0.8077 | Middle 0.6270 | Tail 0.3667 | Class-9 0.0150 | best_class9 0.0310@58
2026-08-30 16:41:10,598 - pr_cifar10_class9_h2_m16_IF100_alpha0p5_seed42.log - INFO - Round 62 selected clients: [0, 1, 2, 5, 6, 8, 9, 10, 11, 12, 13, 14, 16, 17, 18, 19] | target exposure=1 samples=25 mass=0.002520 empirical_P=0.967742 theory_P=0.968421
2026-08-30 16:41:41,574 - pr_cifar10_class9_h2_m16_IF100_alpha0p5_seed42.log - INFO - Round 62 | Global 0.6070 | Head 0.7953 | Middle 0.6438 | Tail 0.3697 | Class-9 0.0040 | best_class9 0.0310@58
2026-08-30 16:41:41,576 - pr_cifar10_class9_h2_m16_IF100_alpha0p5_seed42.log - INFO - Round 63 selected clients: [0, 1, 2, 3, 4, 5, 7, 8, 9, 11, 12, 13, 15, 16, 18, 19] | target exposure=1 samples=25 mass=0.002524 empirical_P=0.968254 theory_P=0.968421
2026-08-30 16:42:12,866 - pr_cifar10_class9_h2_m16_IF100_alpha0p5_seed42.log - INFO - Round 63 | Global 0.5963 | Head 0.8127 | Middle 0.6325 | Tail 0.3317 | Class-9 0.0070 | best_class9 0.0310@58
2026-08-30 16:42:12,868 - pr_cifar10_class9_h2_m16_IF100_alpha0p5_seed42.log - INFO - Round 64 selected clients: [0, 1, 2, 3, 4, 5, 7, 8, 9, 11, 12, 13, 15, 17, 18, 19] | target exposure=1 samples=25 mass=0.002524 empirical_P=0.968750 theory_P=0.968421
2026-08-30 16:42:44,574 - pr_cifar10_class9_h2_m16_IF100_alpha0p5_seed42.log - INFO - Round 64 | Global 0.6035 | Head 0.7987 | Middle 0.6428 | Tail 0.3560 | Class-9 0.0040 | best_class9 0.0310@58
2026-08-30 16:42:44,576 - pr_cifar10_class9_h2_m16_IF100_alpha0p5_seed42.log - INFO - Round 65 selected clients: [2, 3, 4, 5, 6, 7, 8, 9, 10, 11, 13, 14, 16, 17, 18, 19] | target exposure=1 samples=50 mass=0.005035 empirical_P=0.969231 theory_P=0.968421
2026-08-30 16:43:16,898 - pr_cifar10_class9_h2_m16_IF100_alpha0p5_seed42.log - INFO - Round 65 | Global 0.6100 | Head 0.8067 | Middle 0.6485 | Tail 0.3620 | Class-9 0.0150 | best_class9 0.0310@58
2026-08-30 16:43:16,900 - pr_cifar10_class9_h2_m16_IF100_alpha0p5_seed42.log - INFO - Round 66 selected clients: [0, 1, 2, 3, 4, 5, 6, 7, 8, 10, 12, 14, 15, 16, 17, 19] | target exposure=1 samples=50 mass=0.005030 empirical_P=0.969697 theory_P=0.968421
2026-08-30 16:43:48,405 - pr_cifar10_class9_h2_m16_IF100_alpha0p5_seed42.log - INFO - Round 66 | Global 0.5989 | Head 0.7873 | Middle 0.6510 | Tail 0.3410 | Class-9 0.0310 | best_class9 0.0310@58
2026-08-30 16:43:48,406 - pr_cifar10_class9_h2_m16_IF100_alpha0p5_seed42.log - INFO - Round 67 selected clients: [0, 1, 3, 4, 5, 6, 8, 9, 10, 12, 13, 14, 16, 17, 18, 19] | target exposure=1 samples=50 mass=0.005034 empirical_P=0.970149 theory_P=0.968421
2026-08-30 16:44:19,146 - pr_cifar10_class9_h2_m16_IF100_alpha0p5_seed42.log - INFO - Round 67 | Global 0.6202 | Head 0.7770 | Middle 0.6472 | Tail 0.4273 | Class-9 0.0910 | best_class9 0.0910@67
2026-08-30 16:44:19,147 - pr_cifar10_class9_h2_m16_IF100_alpha0p5_seed42.log - INFO - Round 68 selected clients: [1, 2, 3, 5, 6, 7, 8, 11, 12, 13, 14, 15, 16, 17, 18, 19] | target exposure=1 samples=25 mass=0.002524 empirical_P=0.970588 theory_P=0.968421
2026-08-30 16:44:50,227 - pr_cifar10_class9_h2_m16_IF100_alpha0p5_seed42.log - INFO - Round 68 | Global 0.6241 | Head 0.8183 | Middle 0.6425 | Tail 0.4053 | Class-9 0.0230 | best_class9 0.0910@67
2026-08-30 16:44:50,229 - pr_cifar10_class9_h2_m16_IF100_alpha0p5_seed42.log - INFO - Round 69 selected clients: [0, 1, 2, 3, 4, 5, 7, 8, 10, 12, 13, 14, 15, 16, 17, 18] | target exposure=1 samples=25 mass=0.002520 empirical_P=0.971014 theory_P=0.968421
2026-08-30 16:45:22,436 - pr_cifar10_class9_h2_m16_IF100_alpha0p5_seed42.log - INFO - Round 69 | Global 0.6087 | Head 0.8103 | Middle 0.6535 | Tail 0.3473 | Class-9 0.0290 | best_class9 0.0910@67
2026-08-30 16:45:22,438 - pr_cifar10_class9_h2_m16_IF100_alpha0p5_seed42.log - INFO - Round 70 selected clients: [0, 1, 2, 3, 4, 5, 6, 8, 10, 11, 12, 13, 15, 17, 18, 19] | target exposure=1 samples=50 mass=0.005034 empirical_P=0.971429 theory_P=0.968421
2026-08-30 16:45:54,630 - pr_cifar10_class9_h2_m16_IF100_alpha0p5_seed42.log - INFO - Round 70 | Global 0.6241 | Head 0.7573 | Middle 0.6710 | Tail 0.4283 | Class-9 0.0920 | best_class9 0.0920@70
2026-08-30 16:45:54,644 - pr_cifar10_class9_h2_m16_IF100_alpha0p5_seed42.log - INFO - Round 71 selected clients: [0, 1, 2, 3, 4, 5, 6, 7, 8, 11, 12, 13, 14, 16, 17, 19] | target exposure=1 samples=50 mass=0.005027 empirical_P=0.971831 theory_P=0.968421
2026-08-30 16:46:26,368 - pr_cifar10_class9_h2_m16_IF100_alpha0p5_seed42.log - INFO - Round 71 | Global 0.6193 | Head 0.8157 | Middle 0.6382 | Tail 0.3977 | Class-9 0.0580 | best_class9 0.0920@70
2026-08-30 16:46:26,370 - pr_cifar10_class9_h2_m16_IF100_alpha0p5_seed42.log - INFO - Round 72 selected clients: [0, 1, 2, 3, 5, 6, 9, 10, 11, 12, 13, 15, 16, 17, 18, 19] | target exposure=1 samples=25 mass=0.002525 empirical_P=0.972222 theory_P=0.968421
2026-08-30 16:47:00,375 - pr_cifar10_class9_h2_m16_IF100_alpha0p5_seed42.log - INFO - Round 72 | Global 0.6155 | Head 0.7733 | Middle 0.6657 | Tail 0.3907 | Class-9 0.0230 | best_class9 0.0920@70
2026-08-30 16:47:00,378 - pr_cifar10_class9_h2_m16_IF100_alpha0p5_seed42.log - INFO - Round 73 selected clients: [0, 1, 2, 4, 5, 8, 9, 10, 11, 12, 13, 14, 15, 16, 17, 18] | target exposure=1 samples=25 mass=0.002518 empirical_P=0.972603 theory_P=0.968421
2026-08-30 16:47:31,957 - pr_cifar10_class9_h2_m16_IF100_alpha0p5_seed42.log - INFO - Round 73 | Global 0.6181 | Head 0.7893 | Middle 0.6650 | Tail 0.3843 | Class-9 0.0480 | best_class9 0.0920@70
2026-08-30 16:47:31,960 - pr_cifar10_class9_h2_m16_IF100_alpha0p5_seed42.log - INFO - Round 74 selected clients: [1, 3, 4, 5, 6, 7, 8, 9, 10, 11, 13, 15, 16, 17, 18, 19] | target exposure=1 samples=50 mass=0.005038 empirical_P=0.972973 theory_P=0.968421
2026-08-30 16:48:06,263 - pr_cifar10_class9_h2_m16_IF100_alpha0p5_seed42.log - INFO - Round 74 | Global 0.6052 | Head 0.8297 | Middle 0.6298 | Tail 0.3480 | Class-9 0.0420 | best_class9 0.0920@70
2026-08-30 16:48:06,265 - pr_cifar10_class9_h2_m16_IF100_alpha0p5_seed42.log - INFO - Round 75 selected clients: [0, 1, 3, 4, 5, 6, 7, 8, 10, 11, 12, 13, 16, 17, 18, 19] | target exposure=1 samples=50 mass=0.005031 empirical_P=0.973333 theory_P=0.968421
2026-08-30 16:48:37,785 - pr_cifar10_class9_h2_m16_IF100_alpha0p5_seed42.log - INFO - Round 75 | Global 0.6128 | Head 0.7937 | Middle 0.6518 | Tail 0.3800 | Class-9 0.0830 | best_class9 0.0920@70
2026-08-30 16:48:37,787 - pr_cifar10_class9_h2_m16_IF100_alpha0p5_seed42.log - INFO - Round 76 selected clients: [0, 1, 2, 3, 5, 6, 8, 9, 10, 11, 12, 13, 15, 16, 17, 18] | target exposure=1 samples=25 mass=0.002523 empirical_P=0.973684 theory_P=0.968421
2026-08-30 16:49:09,016 - pr_cifar10_class9_h2_m16_IF100_alpha0p5_seed42.log - INFO - Round 76 | Global 0.6301 | Head 0.8227 | Middle 0.6560 | Tail 0.4030 | Class-9 0.0450 | best_class9 0.0920@70
2026-08-30 16:49:09,017 - pr_cifar10_class9_h2_m16_IF100_alpha0p5_seed42.log - INFO - Round 77 selected clients: [0, 1, 2, 3, 5, 6, 7, 8, 9, 10, 11, 12, 14, 17, 18, 19] | target exposure=1 samples=25 mass=0.002523 empirical_P=0.974026 theory_P=0.968421
2026-08-30 16:49:39,457 - pr_cifar10_class9_h2_m16_IF100_alpha0p5_seed42.log - INFO - Round 77 | Global 0.6262 | Head 0.8120 | Middle 0.6440 | Tail 0.4167 | Class-9 0.0440 | best_class9 0.0920@70
2026-08-30 16:49:39,458 - pr_cifar10_class9_h2_m16_IF100_alpha0p5_seed42.log - INFO - Round 78 selected clients: [1, 2, 3, 4, 5, 6, 7, 8, 9, 10, 11, 12, 13, 14, 16, 19] | target exposure=1 samples=50 mass=0.005030 empirical_P=0.974359 theory_P=0.968421
2026-08-30 16:50:09,621 - pr_cifar10_class9_h2_m16_IF100_alpha0p5_seed42.log - INFO - Round 78 | Global 0.6246 | Head 0.8157 | Middle 0.6532 | Tail 0.3953 | Class-9 0.0570 | best_class9 0.0920@70
2026-08-30 16:50:09,622 - pr_cifar10_class9_h2_m16_IF100_alpha0p5_seed42.log - INFO - Round 79 selected clients: [0, 2, 4, 6, 7, 8, 9, 10, 11, 12, 13, 14, 15, 17, 18, 19] | target exposure=1 samples=50 mass=0.005030 empirical_P=0.974684 theory_P=0.968421
2026-08-30 16:50:40,734 - pr_cifar10_class9_h2_m16_IF100_alpha0p5_seed42.log - INFO - Round 79 | Global 0.6222 | Head 0.8040 | Middle 0.6587 | Tail 0.3917 | Class-9 0.0980 | best_class9 0.0980@79
2026-08-30 16:50:40,735 - pr_cifar10_class9_h2_m16_IF100_alpha0p5_seed42.log - INFO - Round 80 selected clients: [1, 2, 3, 5, 6, 7, 8, 9, 10, 11, 12, 13, 14, 15, 16, 18] | target exposure=1 samples=25 mass=0.002523 empirical_P=0.975000 theory_P=0.968421
2026-08-30 16:51:10,460 - pr_cifar10_class9_h2_m16_IF100_alpha0p5_seed42.log - INFO - Round 80 | Global 0.6251 | Head 0.8023 | Middle 0.6700 | Tail 0.3880 | Class-9 0.0560 | best_class9 0.0980@79
2026-08-30 16:51:10,475 - pr_cifar10_class9_h2_m16_IF100_alpha0p5_seed42.log - INFO - Round 81 selected clients: [1, 2, 4, 5, 6, 7, 8, 9, 10, 11, 14, 15, 16, 17, 18, 19] | target exposure=1 samples=50 mass=0.005030 empirical_P=0.975309 theory_P=0.968421
2026-08-30 16:51:41,123 - pr_cifar10_class9_h2_m16_IF100_alpha0p5_seed42.log - INFO - Round 81 | Global 0.6317 | Head 0.7887 | Middle 0.6745 | Tail 0.4177 | Class-9 0.1020 | best_class9 0.1020@81
2026-08-30 16:51:41,125 - pr_cifar10_class9_h2_m16_IF100_alpha0p5_seed42.log - INFO - Round 82 selected clients: [0, 2, 3, 5, 7, 8, 9, 11, 12, 13, 14, 15, 16, 17, 18, 19] | target exposure=0 samples=0 mass=0.000000 empirical_P=0.963415 theory_P=0.968421
2026-08-30 16:52:12,016 - pr_cifar10_class9_h2_m16_IF100_alpha0p5_seed42.log - INFO - Round 82 | Global 0.6257 | Head 0.7977 | Middle 0.6617 | Tail 0.4057 | Class-9 0.0360 | best_class9 0.1020@81
2026-08-30 16:52:12,018 - pr_cifar10_class9_h2_m16_IF100_alpha0p5_seed42.log - INFO - Round 83 selected clients: [0, 1, 2, 3, 4, 5, 6, 7, 8, 10, 11, 13, 14, 15, 17, 18] | target exposure=1 samples=50 mass=0.005029 empirical_P=0.963855 theory_P=0.968421
2026-08-30 16:52:42,215 - pr_cifar10_class9_h2_m16_IF100_alpha0p5_seed42.log - INFO - Round 83 | Global 0.6169 | Head 0.8090 | Middle 0.6655 | Tail 0.3600 | Class-9 0.0530 | best_class9 0.1020@81
2026-08-30 16:52:42,217 - pr_cifar10_class9_h2_m16_IF100_alpha0p5_seed42.log - INFO - Round 84 selected clients: [0, 1, 3, 4, 5, 6, 8, 9, 12, 13, 14, 15, 16, 17, 18, 19] | target exposure=1 samples=50 mass=0.005038 empirical_P=0.964286 theory_P=0.968421
2026-08-30 16:53:12,820 - pr_cifar10_class9_h2_m16_IF100_alpha0p5_seed42.log - INFO - Round 84 | Global 0.6388 | Head 0.7900 | Middle 0.6673 | Tail 0.4497 | Class-9 0.0810 | best_class9 0.1020@81
2026-08-30 16:53:12,821 - pr_cifar10_class9_h2_m16_IF100_alpha0p5_seed42.log - INFO - Round 85 selected clients: [0, 3, 4, 5, 6, 8, 9, 10, 12, 13, 14, 15, 16, 17, 18, 19] | target exposure=1 samples=50 mass=0.005038 empirical_P=0.964706 theory_P=0.968421
2026-08-30 16:53:42,768 - pr_cifar10_class9_h2_m16_IF100_alpha0p5_seed42.log - INFO - Round 85 | Global 0.6276 | Head 0.8200 | Middle 0.6502 | Tail 0.4050 | Class-9 0.1270 | best_class9 0.1270@85
2026-08-30 16:53:42,770 - pr_cifar10_class9_h2_m16_IF100_alpha0p5_seed42.log - INFO - Round 86 selected clients: [0, 1, 2, 3, 4, 6, 8, 9, 10, 11, 12, 13, 15, 16, 17, 18] | target exposure=1 samples=50 mass=0.005032 empirical_P=0.965116 theory_P=0.968421
2026-08-30 16:54:13,450 - pr_cifar10_class9_h2_m16_IF100_alpha0p5_seed42.log - INFO - Round 86 | Global 0.6338 | Head 0.8023 | Middle 0.6737 | Tail 0.4120 | Class-9 0.1320 | best_class9 0.1320@86
2026-08-30 16:54:13,452 - pr_cifar10_class9_h2_m16_IF100_alpha0p5_seed42.log - INFO - Round 87 selected clients: [0, 1, 2, 3, 4, 6, 7, 8, 9, 10, 11, 12, 13, 15, 17, 19] | target exposure=1 samples=50 mass=0.005033 empirical_P=0.965517 theory_P=0.968421
2026-08-30 16:54:43,118 - pr_cifar10_class9_h2_m16_IF100_alpha0p5_seed42.log - INFO - Round 87 | Global 0.6322 | Head 0.8123 | Middle 0.6610 | Tail 0.4137 | Class-9 0.1870 | best_class9 0.1870@87
2026-08-30 16:54:43,120 - pr_cifar10_class9_h2_m16_IF100_alpha0p5_seed42.log - INFO - Round 88 selected clients: [0, 1, 2, 3, 4, 6, 7, 8, 9, 10, 13, 14, 15, 16, 17, 18] | target exposure=1 samples=50 mass=0.005032 empirical_P=0.965909 theory_P=0.968421
2026-08-30 16:55:12,494 - pr_cifar10_class9_h2_m16_IF100_alpha0p5_seed42.log - INFO - Round 88 | Global 0.6341 | Head 0.8277 | Middle 0.6567 | Tail 0.4103 | Class-9 0.1530 | best_class9 0.1870@87
2026-08-30 16:55:12,496 - pr_cifar10_class9_h2_m16_IF100_alpha0p5_seed42.log - INFO - Round 89 selected clients: [1, 2, 4, 5, 6, 7, 8, 9, 10, 11, 14, 15, 16, 17, 18, 19] | target exposure=1 samples=50 mass=0.005030 empirical_P=0.966292 theory_P=0.968421
2026-08-30 16:55:43,260 - pr_cifar10_class9_h2_m16_IF100_alpha0p5_seed42.log - INFO - Round 89 | Global 0.6493 | Head 0.8293 | Middle 0.6225 | Tail 0.5050 | Class-9 0.2570 | best_class9 0.2570@89
2026-08-30 16:55:43,261 - pr_cifar10_class9_h2_m16_IF100_alpha0p5_seed42.log - INFO - Round 90 selected clients: [0, 2, 3, 4, 5, 7, 8, 9, 10, 12, 13, 14, 15, 17, 18, 19] | target exposure=1 samples=25 mass=0.002525 empirical_P=0.966667 theory_P=0.968421
2026-08-30 16:56:14,673 - pr_cifar10_class9_h2_m16_IF100_alpha0p5_seed42.log - INFO - Round 90 | Global 0.6272 | Head 0.8133 | Middle 0.6667 | Tail 0.3883 | Class-9 0.1160 | best_class9 0.2570@89
2026-08-30 16:56:14,688 - pr_cifar10_class9_h2_m16_IF100_alpha0p5_seed42.log - INFO - Round 91 selected clients: [1, 3, 4, 5, 6, 7, 8, 9, 10, 12, 14, 15, 16, 17, 18, 19] | target exposure=1 samples=50 mass=0.005038 empirical_P=0.967033 theory_P=0.968421
2026-08-30 16:56:44,652 - pr_cifar10_class9_h2_m16_IF100_alpha0p5_seed42.log - INFO - Round 91 | Global 0.6374 | Head 0.8137 | Middle 0.6640 | Tail 0.4257 | Class-9 0.1340 | best_class9 0.2570@89
2026-08-30 16:56:44,654 - pr_cifar10_class9_h2_m16_IF100_alpha0p5_seed42.log - INFO - Round 92 selected clients: [0, 1, 4, 5, 6, 7, 8, 9, 10, 11, 12, 14, 15, 17, 18, 19] | target exposure=1 samples=50 mass=0.005030 empirical_P=0.967391 theory_P=0.968421
2026-08-30 16:57:16,009 - pr_cifar10_class9_h2_m16_IF100_alpha0p5_seed42.log - INFO - Round 92 | Global 0.6357 | Head 0.8023 | Middle 0.6673 | Tail 0.4270 | Class-9 0.1350 | best_class9 0.2570@89
2026-08-30 16:57:16,011 - pr_cifar10_class9_h2_m16_IF100_alpha0p5_seed42.log - INFO - Round 93 selected clients: [0, 1, 2, 3, 4, 6, 7, 8, 9, 10, 11, 13, 15, 16, 17, 18] | target exposure=1 samples=50 mass=0.005032 empirical_P=0.967742 theory_P=0.968421
2026-08-30 16:57:48,148 - pr_cifar10_class9_h2_m16_IF100_alpha0p5_seed42.log - INFO - Round 93 | Global 0.6464 | Head 0.8173 | Middle 0.6575 | Tail 0.4607 | Class-9 0.2310 | best_class9 0.2570@89
2026-08-30 16:57:48,149 - pr_cifar10_class9_h2_m16_IF100_alpha0p5_seed42.log - INFO - Round 94 selected clients: [0, 1, 2, 3, 4, 6, 8, 9, 10, 11, 13, 14, 15, 16, 18, 19] | target exposure=1 samples=50 mass=0.005037 empirical_P=0.968085 theory_P=0.968421
2026-08-30 16:58:18,812 - pr_cifar10_class9_h2_m16_IF100_alpha0p5_seed42.log - INFO - Round 94 | Global 0.6505 | Head 0.7883 | Middle 0.6573 | Tail 0.5037 | Class-9 0.2740 | best_class9 0.2740@94
2026-08-30 16:58:18,814 - pr_cifar10_class9_h2_m16_IF100_alpha0p5_seed42.log - INFO - Round 95 selected clients: [0, 1, 2, 3, 4, 5, 7, 9, 11, 12, 13, 14, 15, 16, 17, 18] | target exposure=1 samples=25 mass=0.002522 empirical_P=0.968421 theory_P=0.968421
2026-08-30 16:58:51,322 - pr_cifar10_class9_h2_m16_IF100_alpha0p5_seed42.log - INFO - Round 95 | Global 0.6358 | Head 0.8240 | Middle 0.6585 | Tail 0.4173 | Class-9 0.1340 | best_class9 0.2740@94
2026-08-30 16:58:51,323 - pr_cifar10_class9_h2_m16_IF100_alpha0p5_seed42.log - INFO - Round 96 selected clients: [0, 1, 2, 3, 4, 5, 6, 7, 8, 9, 11, 12, 14, 15, 16, 17] | target exposure=1 samples=50 mass=0.005028 empirical_P=0.968750 theory_P=0.968421
2026-08-30 16:59:23,814 - pr_cifar10_class9_h2_m16_IF100_alpha0p5_seed42.log - INFO - Round 96 | Global 0.6415 | Head 0.8183 | Middle 0.6625 | Tail 0.4367 | Class-9 0.2130 | best_class9 0.2740@94
2026-08-30 16:59:23,816 - pr_cifar10_class9_h2_m16_IF100_alpha0p5_seed42.log - INFO - Round 97 selected clients: [1, 2, 3, 4, 6, 7, 8, 9, 10, 11, 12, 13, 14, 15, 16, 19] | target exposure=1 samples=50 mass=0.005034 empirical_P=0.969072 theory_P=0.968421
2026-08-30 16:59:54,802 - pr_cifar10_class9_h2_m16_IF100_alpha0p5_seed42.log - INFO - Round 97 | Global 0.6610 | Head 0.8003 | Middle 0.6683 | Tail 0.5120 | Class-9 0.3490 | best_class9 0.3490@97
2026-08-30 16:59:54,803 - pr_cifar10_class9_h2_m16_IF100_alpha0p5_seed42.log - INFO - Round 98 selected clients: [0, 1, 2, 3, 4, 5, 6, 7, 8, 9, 10, 14, 15, 16, 17, 19] | target exposure=1 samples=50 mass=0.005033 empirical_P=0.969388 theory_P=0.968421
2026-08-30 17:00:25,803 - pr_cifar10_class9_h2_m16_IF100_alpha0p5_seed42.log - INFO - Round 98 | Global 0.6503 | Head 0.8143 | Middle 0.6600 | Tail 0.4733 | Class-9 0.2390 | best_class9 0.3490@97
2026-08-30 17:00:25,805 - pr_cifar10_class9_h2_m16_IF100_alpha0p5_seed42.log - INFO - Round 99 selected clients: [0, 2, 3, 4, 5, 8, 9, 11, 12, 13, 14, 15, 16, 17, 18, 19] | target exposure=1 samples=25 mass=0.002525 empirical_P=0.969697 theory_P=0.968421
2026-08-30 17:00:56,551 - pr_cifar10_class9_h2_m16_IF100_alpha0p5_seed42.log - INFO - Round 99 | Global 0.6415 | Head 0.7860 | Middle 0.6733 | Tail 0.4547 | Class-9 0.2010 | best_class9 0.3490@97
2026-08-30 17:00:56,552 - pr_cifar10_class9_h2_m16_IF100_alpha0p5_seed42.log - INFO - Round 100 selected clients: [0, 1, 2, 3, 4, 6, 7, 9, 10, 11, 12, 14, 15, 16, 17, 19] | target exposure=1 samples=50 mass=0.005033 empirical_P=0.970000 theory_P=0.968421
2026-08-30 17:01:28,550 - pr_cifar10_class9_h2_m16_IF100_alpha0p5_seed42.log - INFO - Round 100 | Global 0.6437 | Head 0.8080 | Middle 0.6633 | Tail 0.4533 | Class-9 0.2030 | best_class9 0.3490@97
2026-08-30 17:01:28,563 - pr_cifar10_class9_h2_m16_IF100_alpha0p5_seed42.log - INFO - Round 101 selected clients: [0, 1, 2, 3, 4, 6, 7, 8, 9, 10, 11, 12, 14, 15, 16, 17] | target exposure=1 samples=50 mass=0.005028 empirical_P=0.970297 theory_P=0.968421
2026-08-30 17:02:02,347 - pr_cifar10_class9_h2_m16_IF100_alpha0p5_seed42.log - INFO - Round 101 | Global 0.6378 | Head 0.7923 | Middle 0.6807 | Tail 0.4260 | Class-9 0.2200 | best_class9 0.3490@97
2026-08-30 17:02:02,349 - pr_cifar10_class9_h2_m16_IF100_alpha0p5_seed42.log - INFO - Round 102 selected clients: [0, 1, 2, 3, 5, 7, 8, 9, 10, 11, 12, 13, 15, 16, 17, 18] | target exposure=0 samples=0 mass=0.000000 empirical_P=0.960784 theory_P=0.968421
2026-08-30 17:02:35,000 - pr_cifar10_class9_h2_m16_IF100_alpha0p5_seed42.log - INFO - Round 102 | Global 0.6214 | Head 0.7970 | Middle 0.6625 | Tail 0.3910 | Class-9 0.0940 | best_class9 0.3490@97
2026-08-30 17:02:35,002 - pr_cifar10_class9_h2_m16_IF100_alpha0p5_seed42.log - INFO - Round 103 selected clients: [0, 1, 3, 4, 5, 6, 7, 8, 9, 10, 11, 12, 13, 14, 17, 19] | target exposure=1 samples=50 mass=0.005030 empirical_P=0.961165 theory_P=0.968421
2026-08-30 17:03:07,008 - pr_cifar10_class9_h2_m16_IF100_alpha0p5_seed42.log - INFO - Round 103 | Global 0.6213 | Head 0.8253 | Middle 0.6562 | Tail 0.3707 | Class-9 0.0940 | best_class9 0.3490@97
2026-08-30 17:03:07,009 - pr_cifar10_class9_h2_m16_IF100_alpha0p5_seed42.log - INFO - Round 104 selected clients: [0, 2, 4, 5, 6, 8, 9, 10, 11, 12, 13, 14, 15, 16, 17, 18] | target exposure=1 samples=50 mass=0.005025 empirical_P=0.961538 theory_P=0.968421
2026-08-30 17:03:40,170 - pr_cifar10_class9_h2_m16_IF100_alpha0p5_seed42.log - INFO - Round 104 | Global 0.6402 | Head 0.8237 | Middle 0.6735 | Tail 0.4123 | Class-9 0.1240 | best_class9 0.3490@97
2026-08-30 17:03:40,171 - pr_cifar10_class9_h2_m16_IF100_alpha0p5_seed42.log - INFO - Round 105 selected clients: [0, 2, 3, 4, 5, 7, 8, 9, 10, 12, 14, 15, 16, 17, 18, 19] | target exposure=1 samples=25 mass=0.002525 empirical_P=0.961905 theory_P=0.968421
2026-08-30 17:04:12,103 - pr_cifar10_class9_h2_m16_IF100_alpha0p5_seed42.log - INFO - Round 105 | Global 0.6461 | Head 0.7730 | Middle 0.6760 | Tail 0.4793 | Class-9 0.2270 | best_class9 0.3490@97
2026-08-30 17:04:12,105 - pr_cifar10_class9_h2_m16_IF100_alpha0p5_seed42.log - INFO - Round 106 selected clients: [0, 1, 3, 4, 5, 6, 7, 8, 9, 10, 11, 13, 14, 15, 16, 18] | target exposure=1 samples=50 mass=0.005033 empirical_P=0.962264 theory_P=0.968421
2026-08-30 17:04:43,241 - pr_cifar10_class9_h2_m16_IF100_alpha0p5_seed42.log - INFO - Round 106 | Global 0.6338 | Head 0.8333 | Middle 0.6502 | Tail 0.4123 | Class-9 0.1360 | best_class9 0.3490@97
2026-08-30 17:04:43,242 - pr_cifar10_class9_h2_m16_IF100_alpha0p5_seed42.log - INFO - Round 107 selected clients: [0, 1, 2, 3, 5, 6, 8, 9, 12, 13, 14, 15, 16, 17, 18, 19] | target exposure=1 samples=25 mass=0.002525 empirical_P=0.962617 theory_P=0.968421
2026-08-30 17:05:14,040 - pr_cifar10_class9_h2_m16_IF100_alpha0p5_seed42.log - INFO - Round 107 | Global 0.6554 | Head 0.8107 | Middle 0.6700 | Tail 0.4807 | Class-9 0.1460 | best_class9 0.3490@97
2026-08-30 17:05:14,042 - pr_cifar10_class9_h2_m16_IF100_alpha0p5_seed42.log - INFO - Round 108 selected clients: [0, 1, 3, 4, 5, 6, 7, 8, 10, 11, 12, 13, 14, 16, 17, 19] | target exposure=1 samples=50 mass=0.005027 empirical_P=0.962963 theory_P=0.968421
2026-08-30 17:05:48,218 - pr_cifar10_class9_h2_m16_IF100_alpha0p5_seed42.log - INFO - Round 108 | Global 0.6588 | Head 0.8240 | Middle 0.6542 | Tail 0.4997 | Class-9 0.2500 | best_class9 0.3490@97
2026-08-30 17:05:48,220 - pr_cifar10_class9_h2_m16_IF100_alpha0p5_seed42.log - INFO - Round 109 selected clients: [0, 1, 2, 4, 5, 6, 7, 8, 9, 10, 11, 12, 13, 15, 16, 19] | target exposure=1 samples=50 mass=0.005026 empirical_P=0.963303 theory_P=0.968421
2026-08-30 17:06:21,322 - pr_cifar10_class9_h2_m16_IF100_alpha0p5_seed42.log - INFO - Round 109 | Global 0.6550 | Head 0.8237 | Middle 0.6735 | Tail 0.4617 | Class-9 0.2370 | best_class9 0.3490@97
2026-08-30 17:06:21,324 - pr_cifar10_class9_h2_m16_IF100_alpha0p5_seed42.log - INFO - Round 110 selected clients: [1, 2, 3, 5, 7, 8, 9, 10, 11, 12, 13, 15, 16, 17, 18, 19] | target exposure=0 samples=0 mass=0.000000 empirical_P=0.954545 theory_P=0.968421
2026-08-30 17:06:53,318 - pr_cifar10_class9_h2_m16_IF100_alpha0p5_seed42.log - INFO - Round 110 | Global 0.6260 | Head 0.8083 | Middle 0.6350 | Tail 0.4317 | Class-9 0.1350 | best_class9 0.3490@97
2026-08-30 17:06:53,331 - pr_cifar10_class9_h2_m16_IF100_alpha0p5_seed42.log - INFO - Round 111 selected clients: [0, 2, 4, 5, 6, 7, 8, 9, 10, 11, 12, 13, 15, 16, 18, 19] | target exposure=1 samples=50 mass=0.005030 empirical_P=0.954955 theory_P=0.968421
2026-08-30 17:07:23,889 - pr_cifar10_class9_h2_m16_IF100_alpha0p5_seed42.log - INFO - Round 111 | Global 0.6431 | Head 0.7980 | Middle 0.6667 | Tail 0.4567 | Class-9 0.1310 | best_class9 0.3490@97
2026-08-30 17:07:23,891 - pr_cifar10_class9_h2_m16_IF100_alpha0p5_seed42.log - INFO - Round 112 selected clients: [0, 1, 4, 6, 7, 8, 9, 10, 11, 13, 14, 15, 16, 17, 18, 19] | target exposure=1 samples=50 mass=0.005030 empirical_P=0.955357 theory_P=0.968421
2026-08-30 17:07:58,037 - pr_cifar10_class9_h2_m16_IF100_alpha0p5_seed42.log - INFO - Round 112 | Global 0.6480 | Head 0.8340 | Middle 0.6425 | Tail 0.4693 | Class-9 0.2000 | best_class9 0.3490@97
2026-08-30 17:07:58,038 - pr_cifar10_class9_h2_m16_IF100_alpha0p5_seed42.log - INFO - Round 113 selected clients: [0, 1, 2, 3, 4, 5, 6, 7, 8, 12, 13, 15, 16, 17, 18, 19] | target exposure=1 samples=50 mass=0.005034 empirical_P=0.955752 theory_P=0.968421
2026-08-30 17:08:29,344 - pr_cifar10_class9_h2_m16_IF100_alpha0p5_seed42.log - INFO - Round 113 | Global 0.6604 | Head 0.8190 | Middle 0.6777 | Tail 0.4787 | Class-9 0.2000 | best_class9 0.3490@97
2026-08-30 17:08:29,346 - pr_cifar10_class9_h2_m16_IF100_alpha0p5_seed42.log - INFO - Round 114 selected clients: [0, 1, 2, 3, 5, 6, 7, 8, 11, 12, 14, 15, 16, 17, 18, 19] | target exposure=1 samples=25 mass=0.002524 empirical_P=0.956140 theory_P=0.968421
2026-08-30 17:09:00,279 - pr_cifar10_class9_h2_m16_IF100_alpha0p5_seed42.log - INFO - Round 114 | Global 0.6473 | Head 0.7853 | Middle 0.6723 | Tail 0.4760 | Class-9 0.1110 | best_class9 0.3490@97
2026-08-30 17:09:00,282 - pr_cifar10_class9_h2_m16_IF100_alpha0p5_seed42.log - INFO - Round 115 selected clients: [0, 1, 2, 3, 4, 5, 7, 8, 9, 10, 11, 12, 13, 16, 17, 19] | target exposure=1 samples=25 mass=0.002521 empirical_P=0.956522 theory_P=0.968421
2026-08-30 17:09:31,591 - pr_cifar10_class9_h2_m16_IF100_alpha0p5_seed42.log - INFO - Round 115 | Global 0.6558 | Head 0.7960 | Middle 0.6512 | Tail 0.5217 | Class-9 0.2270 | best_class9 0.3490@97
2026-08-30 17:09:31,592 - pr_cifar10_class9_h2_m16_IF100_alpha0p5_seed42.log - INFO - Round 116 selected clients: [0, 2, 3, 5, 6, 7, 8, 9, 10, 11, 12, 14, 16, 17, 18, 19] | target exposure=1 samples=25 mass=0.002524 empirical_P=0.956897 theory_P=0.968421
2026-08-30 17:10:02,990 - pr_cifar10_class9_h2_m16_IF100_alpha0p5_seed42.log - INFO - Round 116 | Global 0.6571 | Head 0.8043 | Middle 0.6690 | Tail 0.4940 | Class-9 0.1690 | best_class9 0.3490@97
2026-08-30 17:10:02,991 - pr_cifar10_class9_h2_m16_IF100_alpha0p5_seed42.log - INFO - Round 117 selected clients: [0, 2, 4, 5, 6, 7, 8, 9, 10, 11, 12, 13, 15, 17, 18, 19] | target exposure=1 samples=50 mass=0.005030 empirical_P=0.957265 theory_P=0.968421
2026-08-30 17:10:33,621 - pr_cifar10_class9_h2_m16_IF100_alpha0p5_seed42.log - INFO - Round 117 | Global 0.6562 | Head 0.7943 | Middle 0.6900 | Tail 0.4730 | Class-9 0.1930 | best_class9 0.3490@97
2026-08-30 17:10:33,622 - pr_cifar10_class9_h2_m16_IF100_alpha0p5_seed42.log - INFO - Round 118 selected clients: [1, 2, 3, 4, 5, 6, 8, 10, 11, 12, 13, 14, 15, 17, 18, 19] | target exposure=1 samples=50 mass=0.005035 empirical_P=0.957627 theory_P=0.968421
2026-08-30 17:11:04,195 - pr_cifar10_class9_h2_m16_IF100_alpha0p5_seed42.log - INFO - Round 118 | Global 0.6566 | Head 0.7847 | Middle 0.6877 | Tail 0.4870 | Class-9 0.1970 | best_class9 0.3490@97
2026-08-30 17:11:04,196 - pr_cifar10_class9_h2_m16_IF100_alpha0p5_seed42.log - INFO - Round 119 selected clients: [0, 1, 2, 3, 4, 5, 6, 7, 9, 10, 11, 13, 14, 15, 17, 19] | target exposure=1 samples=50 mass=0.005033 empirical_P=0.957983 theory_P=0.968421
2026-08-30 17:11:35,101 - pr_cifar10_class9_h2_m16_IF100_alpha0p5_seed42.log - INFO - Round 119 | Global 0.6566 | Head 0.8003 | Middle 0.6807 | Tail 0.4807 | Class-9 0.2030 | best_class9 0.3490@97
2026-08-30 17:11:35,103 - pr_cifar10_class9_h2_m16_IF100_alpha0p5_seed42.log - INFO - Round 120 selected clients: [0, 2, 3, 4, 5, 6, 7, 8, 9, 10, 11, 13, 14, 15, 16, 17] | target exposure=1 samples=50 mass=0.005029 empirical_P=0.958333 theory_P=0.968421
2026-08-30 17:12:06,492 - pr_cifar10_class9_h2_m16_IF100_alpha0p5_seed42.log - INFO - Round 120 | Global 0.6459 | Head 0.8347 | Middle 0.6567 | Tail 0.4427 | Class-9 0.1770 | best_class9 0.3490@97
2026-08-30 17:12:06,507 - pr_cifar10_class9_h2_m16_IF100_alpha0p5_seed42.log - INFO - Round 121 selected clients: [0, 1, 2, 3, 4, 5, 7, 8, 9, 11, 12, 14, 16, 17, 18, 19] | target exposure=1 samples=25 mass=0.002523 empirical_P=0.958678 theory_P=0.968421
2026-08-30 17:12:37,392 - pr_cifar10_class9_h2_m16_IF100_alpha0p5_seed42.log - INFO - Round 121 | Global 0.6550 | Head 0.8240 | Middle 0.6797 | Tail 0.4530 | Class-9 0.1740 | best_class9 0.3490@97
2026-08-30 17:12:37,393 - pr_cifar10_class9_h2_m16_IF100_alpha0p5_seed42.log - INFO - Round 122 selected clients: [0, 1, 2, 3, 4, 5, 7, 9, 10, 11, 12, 13, 14, 15, 17, 18] | target exposure=1 samples=25 mass=0.002522 empirical_P=0.959016 theory_P=0.968421
2026-08-30 17:13:10,813 - pr_cifar10_class9_h2_m16_IF100_alpha0p5_seed42.log - INFO - Round 122 | Global 0.6464 | Head 0.8283 | Middle 0.6780 | Tail 0.4223 | Class-9 0.1480 | best_class9 0.3490@97
2026-08-30 17:13:10,815 - pr_cifar10_class9_h2_m16_IF100_alpha0p5_seed42.log - INFO - Round 123 selected clients: [0, 1, 2, 3, 4, 5, 7, 8, 9, 10, 13, 14, 15, 16, 17, 19] | target exposure=1 samples=25 mass=0.002522 empirical_P=0.959350 theory_P=0.968421
2026-08-30 17:13:44,804 - pr_cifar10_class9_h2_m16_IF100_alpha0p5_seed42.log - INFO - Round 123 | Global 0.6554 | Head 0.8183 | Middle 0.6715 | Tail 0.4710 | Class-9 0.2150 | best_class9 0.3490@97
2026-08-30 17:13:44,805 - pr_cifar10_class9_h2_m16_IF100_alpha0p5_seed42.log - INFO - Round 124 selected clients: [0, 1, 2, 3, 4, 8, 9, 10, 12, 13, 14, 15, 16, 17, 18, 19] | target exposure=1 samples=25 mass=0.002524 empirical_P=0.959677 theory_P=0.968421
2026-08-30 17:14:19,416 - pr_cifar10_class9_h2_m16_IF100_alpha0p5_seed42.log - INFO - Round 124 | Global 0.6519 | Head 0.8060 | Middle 0.6690 | Tail 0.4750 | Class-9 0.1880 | best_class9 0.3490@97
2026-08-30 17:14:19,418 - pr_cifar10_class9_h2_m16_IF100_alpha0p5_seed42.log - INFO - Round 125 selected clients: [0, 1, 2, 3, 4, 5, 6, 7, 8, 10, 11, 12, 13, 16, 17, 19] | target exposure=1 samples=50 mass=0.005027 empirical_P=0.960000 theory_P=0.968421
2026-08-30 17:14:54,629 - pr_cifar10_class9_h2_m16_IF100_alpha0p5_seed42.log - INFO - Round 125 | Global 0.6546 | Head 0.8243 | Middle 0.6710 | Tail 0.4630 | Class-9 0.2260 | best_class9 0.3490@97
2026-08-30 17:14:54,631 - pr_cifar10_class9_h2_m16_IF100_alpha0p5_seed42.log - INFO - Round 126 selected clients: [0, 1, 2, 3, 5, 7, 8, 9, 11, 12, 13, 14, 15, 16, 17, 18] | target exposure=0 samples=0 mass=0.000000 empirical_P=0.952381 theory_P=0.968421
2026-08-30 17:15:29,216 - pr_cifar10_class9_h2_m16_IF100_alpha0p5_seed42.log - INFO - Round 126 | Global 0.6473 | Head 0.8260 | Middle 0.6780 | Tail 0.4277 | Class-9 0.1110 | best_class9 0.3490@97
2026-08-30 17:15:29,217 - pr_cifar10_class9_h2_m16_IF100_alpha0p5_seed42.log - INFO - Round 127 selected clients: [0, 1, 2, 3, 4, 5, 6, 7, 9, 10, 11, 12, 15, 16, 17, 18] | target exposure=1 samples=50 mass=0.005032 empirical_P=0.952756 theory_P=0.968421
2026-08-30 17:16:03,246 - pr_cifar10_class9_h2_m16_IF100_alpha0p5_seed42.log - INFO - Round 127 | Global 0.6578 | Head 0.8137 | Middle 0.6610 | Tail 0.4977 | Class-9 0.2520 | best_class9 0.3490@97
2026-08-30 17:16:03,248 - pr_cifar10_class9_h2_m16_IF100_alpha0p5_seed42.log - INFO - Round 128 selected clients: [1, 2, 3, 4, 5, 6, 8, 9, 10, 11, 12, 14, 15, 17, 18, 19] | target exposure=1 samples=50 mass=0.005038 empirical_P=0.953125 theory_P=0.968421
2026-08-30 17:16:34,276 - pr_cifar10_class9_h2_m16_IF100_alpha0p5_seed42.log - INFO - Round 128 | Global 0.6637 | Head 0.8123 | Middle 0.6845 | Tail 0.4873 | Class-9 0.2380 | best_class9 0.3490@97
2026-08-30 17:16:34,277 - pr_cifar10_class9_h2_m16_IF100_alpha0p5_seed42.log - INFO - Round 129 selected clients: [0, 1, 3, 4, 5, 6, 7, 8, 10, 11, 12, 13, 14, 15, 16, 17] | target exposure=1 samples=50 mass=0.005026 empirical_P=0.953488 theory_P=0.968421
2026-08-30 17:17:05,349 - pr_cifar10_class9_h2_m16_IF100_alpha0p5_seed42.log - INFO - Round 129 | Global 0.6492 | Head 0.8303 | Middle 0.6695 | Tail 0.4410 | Class-9 0.2040 | best_class9 0.3490@97
2026-08-30 17:17:05,351 - pr_cifar10_class9_h2_m16_IF100_alpha0p5_seed42.log - INFO - Round 130 selected clients: [0, 1, 2, 3, 4, 6, 7, 8, 9, 10, 12, 13, 14, 15, 16, 17] | target exposure=1 samples=50 mass=0.005028 empirical_P=0.953846 theory_P=0.968421
2026-08-30 17:17:36,732 - pr_cifar10_class9_h2_m16_IF100_alpha0p5_seed42.log - INFO - Round 130 | Global 0.6495 | Head 0.8310 | Middle 0.6562 | Tail 0.4590 | Class-9 0.2750 | best_class9 0.3490@97
2026-08-30 17:17:36,748 - pr_cifar10_class9_h2_m16_IF100_alpha0p5_seed42.log - INFO - Round 131 selected clients: [0, 1, 2, 3, 5, 6, 7, 8, 9, 10, 11, 12, 13, 14, 17, 18] | target exposure=1 samples=25 mass=0.002521 empirical_P=0.954198 theory_P=0.968421
2026-08-30 17:18:07,352 - pr_cifar10_class9_h2_m16_IF100_alpha0p5_seed42.log - INFO - Round 131 | Global 0.6456 | Head 0.8260 | Middle 0.6650 | Tail 0.4393 | Class-9 0.1690 | best_class9 0.3490@97
2026-08-30 17:18:07,354 - pr_cifar10_class9_h2_m16_IF100_alpha0p5_seed42.log - INFO - Round 132 selected clients: [1, 2, 3, 4, 5, 6, 7, 8, 10, 12, 13, 14, 15, 16, 18, 19] | target exposure=1 samples=50 mass=0.005035 empirical_P=0.954545 theory_P=0.968421
2026-08-30 17:18:38,791 - pr_cifar10_class9_h2_m16_IF100_alpha0p5_seed42.log - INFO - Round 132 | Global 0.6585 | Head 0.8253 | Middle 0.6740 | Tail 0.4710 | Class-9 0.1980 | best_class9 0.3490@97
2026-08-30 17:18:38,793 - pr_cifar10_class9_h2_m16_IF100_alpha0p5_seed42.log - INFO - Round 133 selected clients: [0, 1, 2, 3, 5, 7, 8, 9, 10, 11, 12, 13, 14, 15, 16, 19] | target exposure=0 samples=0 mass=0.000000 empirical_P=0.947368 theory_P=0.968421
2026-08-30 17:19:10,711 - pr_cifar10_class9_h2_m16_IF100_alpha0p5_seed42.log - INFO - Round 133 | Global 0.6442 | Head 0.8073 | Middle 0.6847 | Tail 0.4270 | Class-9 0.1220 | best_class9 0.3490@97
2026-08-30 17:19:10,713 - pr_cifar10_class9_h2_m16_IF100_alpha0p5_seed42.log - INFO - Round 134 selected clients: [0, 1, 2, 3, 6, 7, 8, 9, 10, 11, 12, 14, 16, 17, 18, 19] | target exposure=1 samples=25 mass=0.002523 empirical_P=0.947761 theory_P=0.968421
2026-08-30 17:19:42,529 - pr_cifar10_class9_h2_m16_IF100_alpha0p5_seed42.log - INFO - Round 134 | Global 0.6595 | Head 0.8147 | Middle 0.6753 | Tail 0.4833 | Class-9 0.1660 | best_class9 0.3490@97
2026-08-30 17:19:42,530 - pr_cifar10_class9_h2_m16_IF100_alpha0p5_seed42.log - INFO - Round 135 selected clients: [0, 1, 2, 4, 6, 7, 9, 10, 11, 12, 13, 14, 15, 16, 18, 19] | target exposure=1 samples=50 mass=0.005030 empirical_P=0.948148 theory_P=0.968421
2026-08-30 17:20:14,127 - pr_cifar10_class9_h2_m16_IF100_alpha0p5_seed42.log - INFO - Round 135 | Global 0.6617 | Head 0.8000 | Middle 0.6615 | Tail 0.5237 | Class-9 0.2680 | best_class9 0.3490@97
2026-08-30 17:20:14,129 - pr_cifar10_class9_h2_m16_IF100_alpha0p5_seed42.log - INFO - Round 136 selected clients: [0, 1, 2, 3, 4, 5, 6, 8, 9, 10, 12, 13, 15, 17, 18, 19] | target exposure=1 samples=50 mass=0.005037 empirical_P=0.948529 theory_P=0.968421
2026-08-30 17:20:45,565 - pr_cifar10_class9_h2_m16_IF100_alpha0p5_seed42.log - INFO - Round 136 | Global 0.6695 | Head 0.8060 | Middle 0.6815 | Tail 0.5170 | Class-9 0.2820 | best_class9 0.3490@97
2026-08-30 17:20:45,567 - pr_cifar10_class9_h2_m16_IF100_alpha0p5_seed42.log - INFO - Round 137 selected clients: [1, 2, 3, 4, 5, 6, 7, 8, 9, 10, 13, 14, 15, 17, 18, 19] | target exposure=1 samples=50 mass=0.005038 empirical_P=0.948905 theory_P=0.968421
2026-08-30 17:21:17,100 - pr_cifar10_class9_h2_m16_IF100_alpha0p5_seed42.log - INFO - Round 137 | Global 0.6691 | Head 0.7963 | Middle 0.6880 | Tail 0.5167 | Class-9 0.2440 | best_class9 0.3490@97
2026-08-30 17:21:17,102 - pr_cifar10_class9_h2_m16_IF100_alpha0p5_seed42.log - INFO - Round 138 selected clients: [0, 1, 2, 3, 4, 5, 6, 7, 8, 10, 11, 12, 15, 16, 17, 18] | target exposure=1 samples=50 mass=0.005029 empirical_P=0.949275 theory_P=0.968421
2026-08-30 17:21:47,572 - pr_cifar10_class9_h2_m16_IF100_alpha0p5_seed42.log - INFO - Round 138 | Global 0.6617 | Head 0.8270 | Middle 0.6795 | Tail 0.4727 | Class-9 0.2040 | best_class9 0.3490@97
2026-08-30 17:21:47,574 - pr_cifar10_class9_h2_m16_IF100_alpha0p5_seed42.log - INFO - Round 139 selected clients: [0, 1, 2, 4, 5, 6, 8, 9, 10, 11, 12, 14, 16, 17, 18, 19] | target exposure=1 samples=50 mass=0.005026 empirical_P=0.949640 theory_P=0.968421
2026-08-30 17:22:19,322 - pr_cifar10_class9_h2_m16_IF100_alpha0p5_seed42.log - INFO - Round 139 | Global 0.6772 | Head 0.8027 | Middle 0.6810 | Tail 0.5467 | Class-9 0.3120 | best_class9 0.3490@97
2026-08-30 17:22:19,323 - pr_cifar10_class9_h2_m16_IF100_alpha0p5_seed42.log - INFO - Round 140 selected clients: [0, 1, 2, 4, 6, 8, 9, 10, 11, 12, 13, 14, 15, 16, 18, 19] | target exposure=1 samples=50 mass=0.005030 empirical_P=0.950000 theory_P=0.968421
2026-08-30 17:22:50,209 - pr_cifar10_class9_h2_m16_IF100_alpha0p5_seed42.log - INFO - Round 140 | Global 0.6694 | Head 0.8217 | Middle 0.6750 | Tail 0.5097 | Class-9 0.2710 | best_class9 0.3490@97
2026-08-30 17:22:50,224 - pr_cifar10_class9_h2_m16_IF100_alpha0p5_seed42.log - INFO - Round 141 selected clients: [1, 2, 3, 4, 5, 6, 9, 10, 11, 12, 13, 14, 15, 17, 18, 19] | target exposure=1 samples=50 mass=0.005038 empirical_P=0.950355 theory_P=0.968421
2026-08-30 17:23:21,450 - pr_cifar10_class9_h2_m16_IF100_alpha0p5_seed42.log - INFO - Round 141 | Global 0.6722 | Head 0.8253 | Middle 0.6735 | Tail 0.5173 | Class-9 0.2830 | best_class9 0.3490@97
2026-08-30 17:23:21,452 - pr_cifar10_class9_h2_m16_IF100_alpha0p5_seed42.log - INFO - Round 142 selected clients: [0, 1, 2, 3, 4, 5, 6, 7, 8, 9, 13, 14, 16, 17, 18, 19] | target exposure=1 samples=50 mass=0.005034 empirical_P=0.950704 theory_P=0.968421
2026-08-30 17:23:52,275 - pr_cifar10_class9_h2_m16_IF100_alpha0p5_seed42.log - INFO - Round 142 | Global 0.6780 | Head 0.8210 | Middle 0.6720 | Tail 0.5430 | Class-9 0.3150 | best_class9 0.3490@97
2026-08-30 17:23:52,278 - pr_cifar10_class9_h2_m16_IF100_alpha0p5_seed42.log - INFO - Round 143 selected clients: [1, 2, 3, 5, 6, 7, 8, 9, 10, 12, 13, 14, 15, 16, 17, 19] | target exposure=1 samples=25 mass=0.002523 empirical_P=0.951049 theory_P=0.968421
2026-08-30 17:24:23,643 - pr_cifar10_class9_h2_m16_IF100_alpha0p5_seed42.log - INFO - Round 143 | Global 0.6779 | Head 0.8183 | Middle 0.6687 | Tail 0.5497 | Class-9 0.3430 | best_class9 0.3490@97
2026-08-30 17:24:23,645 - pr_cifar10_class9_h2_m16_IF100_alpha0p5_seed42.log - INFO - Round 144 selected clients: [0, 1, 2, 5, 6, 7, 8, 9, 10, 12, 14, 15, 16, 17, 18, 19] | target exposure=1 samples=25 mass=0.002521 empirical_P=0.951389 theory_P=0.968421
2026-08-30 17:24:54,948 - pr_cifar10_class9_h2_m16_IF100_alpha0p5_seed42.log - INFO - Round 144 | Global 0.6603 | Head 0.8070 | Middle 0.6925 | Tail 0.4707 | Class-9 0.1970 | best_class9 0.3490@97
2026-08-30 17:24:54,949 - pr_cifar10_class9_h2_m16_IF100_alpha0p5_seed42.log - INFO - Round 145 selected clients: [0, 2, 3, 4, 5, 6, 7, 10, 11, 12, 13, 14, 15, 17, 18, 19] | target exposure=1 samples=50 mass=0.005035 empirical_P=0.951724 theory_P=0.968421
2026-08-30 17:25:26,622 - pr_cifar10_class9_h2_m16_IF100_alpha0p5_seed42.log - INFO - Round 145 | Global 0.6584 | Head 0.8123 | Middle 0.6717 | Tail 0.4867 | Class-9 0.2530 | best_class9 0.3490@97
2026-08-30 17:25:26,624 - pr_cifar10_class9_h2_m16_IF100_alpha0p5_seed42.log - INFO - Round 146 selected clients: [0, 1, 2, 3, 5, 6, 7, 8, 9, 10, 12, 13, 14, 16, 17, 19] | target exposure=1 samples=25 mass=0.002521 empirical_P=0.952055 theory_P=0.968421
2026-08-30 17:25:57,283 - pr_cifar10_class9_h2_m16_IF100_alpha0p5_seed42.log - INFO - Round 146 | Global 0.6674 | Head 0.8217 | Middle 0.6677 | Tail 0.5127 | Class-9 0.2430 | best_class9 0.3490@97
2026-08-30 17:25:57,285 - pr_cifar10_class9_h2_m16_IF100_alpha0p5_seed42.log - INFO - Round 147 selected clients: [1, 2, 3, 4, 5, 6, 7, 8, 9, 10, 12, 15, 16, 17, 18, 19] | target exposure=1 samples=50 mass=0.005038 empirical_P=0.952381 theory_P=0.968421
2026-08-30 17:26:27,063 - pr_cifar10_class9_h2_m16_IF100_alpha0p5_seed42.log - INFO - Round 147 | Global 0.6699 | Head 0.8087 | Middle 0.6853 | Tail 0.5107 | Class-9 0.2320 | best_class9 0.3490@97
2026-08-30 17:26:27,064 - pr_cifar10_class9_h2_m16_IF100_alpha0p5_seed42.log - INFO - Round 148 selected clients: [0, 1, 2, 3, 4, 5, 6, 8, 9, 10, 11, 13, 14, 15, 17, 18] | target exposure=1 samples=50 mass=0.005032 empirical_P=0.952703 theory_P=0.968421
2026-08-30 17:26:59,398 - pr_cifar10_class9_h2_m16_IF100_alpha0p5_seed42.log - INFO - Round 148 | Global 0.6653 | Head 0.8083 | Middle 0.6887 | Tail 0.4910 | Class-9 0.2390 | best_class9 0.3490@97
2026-08-30 17:26:59,399 - pr_cifar10_class9_h2_m16_IF100_alpha0p5_seed42.log - INFO - Round 149 selected clients: [0, 1, 2, 3, 4, 5, 6, 7, 9, 11, 12, 14, 15, 16, 17, 19] | target exposure=1 samples=50 mass=0.005033 empirical_P=0.953020 theory_P=0.968421
2026-08-30 17:27:31,172 - pr_cifar10_class9_h2_m16_IF100_alpha0p5_seed42.log - INFO - Round 149 | Global 0.6671 | Head 0.7757 | Middle 0.6827 | Tail 0.5377 | Class-9 0.2110 | best_class9 0.3490@97
2026-08-30 17:27:31,174 - pr_cifar10_class9_h2_m16_IF100_alpha0p5_seed42.log - INFO - Round 150 selected clients: [0, 1, 2, 3, 4, 5, 6, 7, 11, 12, 13, 14, 16, 17, 18, 19] | target exposure=1 samples=50 mass=0.005031 empirical_P=0.953333 theory_P=0.968421
2026-08-30 17:28:02,961 - pr_cifar10_class9_h2_m16_IF100_alpha0p5_seed42.log - INFO - Round 150 | Global 0.6720 | Head 0.8087 | Middle 0.6827 | Tail 0.5210 | Class-9 0.2580 | best_class9 0.3490@97
2026-08-30 17:28:02,977 - pr_cifar10_class9_h2_m16_IF100_alpha0p5_seed42.log - INFO - Round 151 selected clients: [0, 1, 5, 6, 7, 8, 9, 10, 11, 12, 13, 14, 15, 16, 18, 19] | target exposure=1 samples=25 mass=0.002522 empirical_P=0.953642 theory_P=0.968421
2026-08-30 17:28:33,379 - pr_cifar10_class9_h2_m16_IF100_alpha0p5_seed42.log - INFO - Round 151 | Global 0.6661 | Head 0.8117 | Middle 0.6817 | Tail 0.4997 | Class-9 0.1820 | best_class9 0.3490@97
2026-08-30 17:28:33,380 - pr_cifar10_class9_h2_m16_IF100_alpha0p5_seed42.log - INFO - Round 152 selected clients: [0, 1, 2, 3, 4, 5, 6, 7, 9, 10, 11, 15, 16, 17, 18, 19] | target exposure=1 samples=50 mass=0.005037 empirical_P=0.953947 theory_P=0.968421
2026-08-30 17:29:04,208 - pr_cifar10_class9_h2_m16_IF100_alpha0p5_seed42.log - INFO - Round 152 | Global 0.6700 | Head 0.8180 | Middle 0.6745 | Tail 0.5160 | Class-9 0.2340 | best_class9 0.3490@97
2026-08-30 17:29:04,210 - pr_cifar10_class9_h2_m16_IF100_alpha0p5_seed42.log - INFO - Round 153 selected clients: [0, 1, 2, 3, 4, 5, 6, 7, 8, 10, 11, 15, 16, 17, 18, 19] | target exposure=1 samples=50 mass=0.005034 empirical_P=0.954248 theory_P=0.968421
2026-08-30 17:29:34,679 - pr_cifar10_class9_h2_m16_IF100_alpha0p5_seed42.log - INFO - Round 153 | Global 0.6795 | Head 0.8153 | Middle 0.6803 | Tail 0.5427 | Class-9 0.2970 | best_class9 0.3490@97
2026-08-30 17:29:34,681 - pr_cifar10_class9_h2_m16_IF100_alpha0p5_seed42.log - INFO - Round 154 selected clients: [2, 3, 4, 7, 8, 9, 10, 11, 12, 13, 14, 15, 16, 17, 18, 19] | target exposure=1 samples=25 mass=0.002525 empirical_P=0.954545 theory_P=0.968421
2026-08-30 17:30:05,351 - pr_cifar10_class9_h2_m16_IF100_alpha0p5_seed42.log - INFO - Round 154 | Global 0.6584 | Head 0.8500 | Middle 0.6505 | Tail 0.4773 | Class-9 0.1930 | best_class9 0.3490@97
2026-08-30 17:30:05,353 - pr_cifar10_class9_h2_m16_IF100_alpha0p5_seed42.log - INFO - Round 155 selected clients: [0, 1, 2, 3, 5, 6, 7, 8, 10, 11, 12, 13, 14, 15, 18, 19] | target exposure=1 samples=25 mass=0.002524 empirical_P=0.954839 theory_P=0.968421
2026-08-30 17:30:35,934 - pr_cifar10_class9_h2_m16_IF100_alpha0p5_seed42.log - INFO - Round 155 | Global 0.6668 | Head 0.8230 | Middle 0.6760 | Tail 0.4983 | Class-9 0.2400 | best_class9 0.3490@97
2026-08-30 17:30:35,936 - pr_cifar10_class9_h2_m16_IF100_alpha0p5_seed42.log - INFO - Round 156 selected clients: [0, 2, 4, 5, 6, 7, 8, 9, 10, 11, 13, 14, 15, 16, 17, 19] | target exposure=1 samples=50 mass=0.005026 empirical_P=0.955128 theory_P=0.968421
2026-08-30 17:31:07,518 - pr_cifar10_class9_h2_m16_IF100_alpha0p5_seed42.log - INFO - Round 156 | Global 0.6679 | Head 0.8230 | Middle 0.6857 | Tail 0.4890 | Class-9 0.2310 | best_class9 0.3490@97
2026-08-30 17:31:07,520 - pr_cifar10_class9_h2_m16_IF100_alpha0p5_seed42.log - INFO - Round 157 selected clients: [0, 2, 3, 4, 6, 7, 10, 11, 12, 13, 14, 15, 16, 17, 18, 19] | target exposure=1 samples=50 mass=0.005035 empirical_P=0.955414 theory_P=0.968421
2026-08-30 17:31:37,364 - pr_cifar10_class9_h2_m16_IF100_alpha0p5_seed42.log - INFO - Round 157 | Global 0.6631 | Head 0.8090 | Middle 0.6783 | Tail 0.4970 | Class-9 0.1980 | best_class9 0.3490@97
2026-08-30 17:31:37,366 - pr_cifar10_class9_h2_m16_IF100_alpha0p5_seed42.log - INFO - Round 158 selected clients: [0, 1, 2, 4, 5, 6, 7, 8, 9, 10, 11, 12, 14, 16, 17, 19] | target exposure=1 samples=50 mass=0.005022 empirical_P=0.955696 theory_P=0.968421
2026-08-30 17:32:07,542 - pr_cifar10_class9_h2_m16_IF100_alpha0p5_seed42.log - INFO - Round 158 | Global 0.6640 | Head 0.8227 | Middle 0.6730 | Tail 0.4933 | Class-9 0.2840 | best_class9 0.3490@97
2026-08-30 17:32:07,543 - pr_cifar10_class9_h2_m16_IF100_alpha0p5_seed42.log - INFO - Round 159 selected clients: [1, 2, 3, 4, 5, 7, 8, 10, 11, 13, 14, 15, 16, 17, 18, 19] | target exposure=1 samples=25 mass=0.002523 empirical_P=0.955975 theory_P=0.968421
2026-08-30 17:32:37,407 - pr_cifar10_class9_h2_m16_IF100_alpha0p5_seed42.log - INFO - Round 159 | Global 0.6715 | Head 0.8227 | Middle 0.6695 | Tail 0.5230 | Class-9 0.2870 | best_class9 0.3490@97
2026-08-30 17:32:37,409 - pr_cifar10_class9_h2_m16_IF100_alpha0p5_seed42.log - INFO - Round 160 selected clients: [0, 1, 2, 3, 4, 5, 6, 7, 10, 11, 12, 14, 15, 17, 18, 19] | target exposure=1 samples=50 mass=0.005034 empirical_P=0.956250 theory_P=0.968421
2026-08-30 17:33:08,315 - pr_cifar10_class9_h2_m16_IF100_alpha0p5_seed42.log - INFO - Round 160 | Global 0.6846 | Head 0.8083 | Middle 0.6833 | Tail 0.5627 | Class-9 0.3420 | best_class9 0.3490@97
2026-08-30 17:33:08,330 - pr_cifar10_class9_h2_m16_IF100_alpha0p5_seed42.log - INFO - Round 161 selected clients: [0, 2, 3, 4, 5, 6, 8, 9, 10, 11, 13, 14, 15, 16, 17, 18] | target exposure=1 samples=50 mass=0.005033 empirical_P=0.956522 theory_P=0.968421
2026-08-30 17:33:38,695 - pr_cifar10_class9_h2_m16_IF100_alpha0p5_seed42.log - INFO - Round 161 | Global 0.6691 | Head 0.8147 | Middle 0.6875 | Tail 0.4990 | Class-9 0.2060 | best_class9 0.3490@97
2026-08-30 17:33:38,697 - pr_cifar10_class9_h2_m16_IF100_alpha0p5_seed42.log - INFO - Round 162 selected clients: [0, 1, 2, 4, 6, 7, 8, 9, 11, 12, 14, 15, 16, 17, 18, 19] | target exposure=1 samples=50 mass=0.005030 empirical_P=0.956790 theory_P=0.968421
2026-08-30 17:34:10,024 - pr_cifar10_class9_h2_m16_IF100_alpha0p5_seed42.log - INFO - Round 162 | Global 0.6728 | Head 0.7900 | Middle 0.7010 | Tail 0.5180 | Class-9 0.3170 | best_class9 0.3490@97
2026-08-30 17:34:10,025 - pr_cifar10_class9_h2_m16_IF100_alpha0p5_seed42.log - INFO - Round 163 selected clients: [1, 2, 4, 5, 6, 7, 8, 9, 10, 11, 12, 13, 14, 15, 16, 17] | target exposure=1 samples=50 mass=0.005021 empirical_P=0.957055 theory_P=0.968421
2026-08-30 17:34:41,898 - pr_cifar10_class9_h2_m16_IF100_alpha0p5_seed42.log - INFO - Round 163 | Global 0.6720 | Head 0.8133 | Middle 0.6937 | Tail 0.5017 | Class-9 0.3240 | best_class9 0.3490@97
2026-08-30 17:34:41,900 - pr_cifar10_class9_h2_m16_IF100_alpha0p5_seed42.log - INFO - Round 164 selected clients: [0, 1, 2, 3, 4, 6, 7, 8, 10, 11, 12, 13, 14, 15, 16, 19] | target exposure=1 samples=50 mass=0.005030 empirical_P=0.957317 theory_P=0.968421
2026-08-30 17:35:12,343 - pr_cifar10_class9_h2_m16_IF100_alpha0p5_seed42.log - INFO - Round 164 | Global 0.6611 | Head 0.8413 | Middle 0.6677 | Tail 0.4720 | Class-9 0.2490 | best_class9 0.3490@97
2026-08-30 17:35:12,345 - pr_cifar10_class9_h2_m16_IF100_alpha0p5_seed42.log - INFO - Round 165 selected clients: [0, 1, 2, 3, 4, 6, 7, 9, 10, 11, 13, 15, 16, 17, 18, 19] | target exposure=1 samples=50 mass=0.005037 empirical_P=0.957576 theory_P=0.968421
2026-08-30 17:35:46,477 - pr_cifar10_class9_h2_m16_IF100_alpha0p5_seed42.log - INFO - Round 165 | Global 0.6738 | Head 0.7707 | Middle 0.6750 | Tail 0.5753 | Class-9 0.4070 | best_class9 0.4070@165
2026-08-30 17:35:46,479 - pr_cifar10_class9_h2_m16_IF100_alpha0p5_seed42.log - INFO - Round 166 selected clients: [0, 1, 2, 3, 6, 9, 10, 11, 12, 13, 14, 15, 16, 17, 18, 19] | target exposure=1 samples=25 mass=0.002525 empirical_P=0.957831 theory_P=0.968421
2026-08-30 17:36:21,467 - pr_cifar10_class9_h2_m16_IF100_alpha0p5_seed42.log - INFO - Round 166 | Global 0.6698 | Head 0.8213 | Middle 0.6780 | Tail 0.5073 | Class-9 0.2540 | best_class9 0.4070@165
2026-08-30 17:36:21,470 - pr_cifar10_class9_h2_m16_IF100_alpha0p5_seed42.log - INFO - Round 167 selected clients: [1, 3, 4, 5, 6, 7, 9, 10, 11, 12, 13, 14, 15, 17, 18, 19] | target exposure=1 samples=50 mass=0.005038 empirical_P=0.958084 theory_P=0.968421
2026-08-30 17:36:53,421 - pr_cifar10_class9_h2_m16_IF100_alpha0p5_seed42.log - INFO - Round 167 | Global 0.6690 | Head 0.8133 | Middle 0.7003 | Tail 0.4830 | Class-9 0.2350 | best_class9 0.4070@165
2026-08-30 17:36:53,422 - pr_cifar10_class9_h2_m16_IF100_alpha0p5_seed42.log - INFO - Round 168 selected clients: [0, 1, 3, 4, 6, 7, 8, 9, 10, 11, 12, 13, 14, 15, 16, 18] | target exposure=1 samples=50 mass=0.005033 empirical_P=0.958333 theory_P=0.968421
2026-08-30 17:37:25,746 - pr_cifar10_class9_h2_m16_IF100_alpha0p5_seed42.log - INFO - Round 168 | Global 0.6593 | Head 0.8317 | Middle 0.6687 | Tail 0.4743 | Class-9 0.2420 | best_class9 0.4070@165
2026-08-30 17:37:25,747 - pr_cifar10_class9_h2_m16_IF100_alpha0p5_seed42.log - INFO - Round 169 selected clients: [0, 1, 2, 4, 5, 6, 7, 9, 10, 11, 13, 14, 15, 16, 17, 18] | target exposure=1 samples=50 mass=0.005025 empirical_P=0.958580 theory_P=0.968421
2026-08-30 17:37:56,936 - pr_cifar10_class9_h2_m16_IF100_alpha0p5_seed42.log - INFO - Round 169 | Global 0.6720 | Head 0.8263 | Middle 0.6700 | Tail 0.5203 | Class-9 0.2810 | best_class9 0.4070@165
2026-08-30 17:37:56,938 - pr_cifar10_class9_h2_m16_IF100_alpha0p5_seed42.log - INFO - Round 170 selected clients: [0, 1, 2, 4, 5, 6, 7, 9, 10, 11, 12, 13, 14, 15, 18, 19] | target exposure=1 samples=50 mass=0.005030 empirical_P=0.958824 theory_P=0.968421
2026-08-30 17:38:28,290 - pr_cifar10_class9_h2_m16_IF100_alpha0p5_seed42.log - INFO - Round 170 | Global 0.6728 | Head 0.8230 | Middle 0.6867 | Tail 0.5040 | Class-9 0.2770 | best_class9 0.4070@165
2026-08-30 17:38:28,305 - pr_cifar10_class9_h2_m16_IF100_alpha0p5_seed42.log - INFO - Round 171 selected clients: [0, 1, 2, 3, 4, 5, 6, 7, 8, 9, 10, 12, 13, 17, 18, 19] | target exposure=1 samples=50 mass=0.005034 empirical_P=0.959064 theory_P=0.968421
2026-08-30 17:39:00,637 - pr_cifar10_class9_h2_m16_IF100_alpha0p5_seed42.log - INFO - Round 171 | Global 0.6962 | Head 0.7730 | Middle 0.6660 | Tail 0.6597 | Class-9 0.5430 | best_class9 0.5430@171
2026-08-30 17:39:00,638 - pr_cifar10_class9_h2_m16_IF100_alpha0p5_seed42.log - INFO - Round 172 selected clients: [2, 3, 4, 5, 7, 8, 9, 10, 11, 13, 14, 15, 16, 17, 18, 19] | target exposure=1 samples=25 mass=0.002525 empirical_P=0.959302 theory_P=0.968421
2026-08-30 17:39:32,016 - pr_cifar10_class9_h2_m16_IF100_alpha0p5_seed42.log - INFO - Round 172 | Global 0.6774 | Head 0.8230 | Middle 0.6895 | Tail 0.5157 | Class-9 0.2710 | best_class9 0.5430@171
2026-08-30 17:39:32,017 - pr_cifar10_class9_h2_m16_IF100_alpha0p5_seed42.log - INFO - Round 173 selected clients: [0, 2, 4, 5, 6, 7, 8, 9, 10, 12, 13, 14, 15, 16, 17, 19] | target exposure=1 samples=50 mass=0.005026 empirical_P=0.959538 theory_P=0.968421
2026-08-30 17:40:02,937 - pr_cifar10_class9_h2_m16_IF100_alpha0p5_seed42.log - INFO - Round 173 | Global 0.6743 | Head 0.8107 | Middle 0.6867 | Tail 0.5213 | Class-9 0.2900 | best_class9 0.5430@171
2026-08-30 17:40:02,939 - pr_cifar10_class9_h2_m16_IF100_alpha0p5_seed42.log - INFO - Round 174 selected clients: [0, 1, 2, 3, 4, 5, 6, 9, 11, 12, 13, 14, 15, 17, 18, 19] | target exposure=1 samples=50 mass=0.005037 empirical_P=0.959770 theory_P=0.968421
2026-08-30 17:40:34,399 - pr_cifar10_class9_h2_m16_IF100_alpha0p5_seed42.log - INFO - Round 174 | Global 0.6779 | Head 0.7800 | Middle 0.7013 | Tail 0.5447 | Class-9 0.3010 | best_class9 0.5430@171
2026-08-30 17:40:34,401 - pr_cifar10_class9_h2_m16_IF100_alpha0p5_seed42.log - INFO - Round 175 selected clients: [0, 1, 2, 4, 5, 6, 7, 8, 9, 10, 11, 14, 16, 17, 18, 19] | target exposure=1 samples=50 mass=0.005026 empirical_P=0.960000 theory_P=0.968421
2026-08-30 17:41:05,045 - pr_cifar10_class9_h2_m16_IF100_alpha0p5_seed42.log - INFO - Round 175 | Global 0.6734 | Head 0.8230 | Middle 0.6843 | Tail 0.5093 | Class-9 0.2840 | best_class9 0.5430@171
2026-08-30 17:41:05,047 - pr_cifar10_class9_h2_m16_IF100_alpha0p5_seed42.log - INFO - Round 176 selected clients: [1, 2, 3, 5, 7, 8, 9, 10, 11, 12, 13, 14, 15, 16, 17, 19] | target exposure=0 samples=0 mass=0.000000 empirical_P=0.954545 theory_P=0.968421
2026-08-30 17:41:36,596 - pr_cifar10_class9_h2_m16_IF100_alpha0p5_seed42.log - INFO - Round 176 | Global 0.6641 | Head 0.8343 | Middle 0.6767 | Tail 0.4770 | Class-9 0.2040 | best_class9 0.5430@171
2026-08-30 17:41:36,597 - pr_cifar10_class9_h2_m16_IF100_alpha0p5_seed42.log - INFO - Round 177 selected clients: [0, 1, 2, 3, 4, 5, 6, 8, 9, 10, 12, 13, 14, 15, 18, 19] | target exposure=1 samples=50 mass=0.005037 empirical_P=0.954802 theory_P=0.968421
2026-08-30 17:42:07,123 - pr_cifar10_class9_h2_m16_IF100_alpha0p5_seed42.log - INFO - Round 177 | Global 0.6753 | Head 0.8200 | Middle 0.6927 | Tail 0.5073 | Class-9 0.2680 | best_class9 0.5430@171
2026-08-30 17:42:07,125 - pr_cifar10_class9_h2_m16_IF100_alpha0p5_seed42.log - INFO - Round 178 selected clients: [0, 2, 3, 4, 5, 6, 7, 8, 9, 10, 11, 14, 15, 17, 18, 19] | target exposure=1 samples=50 mass=0.005038 empirical_P=0.955056 theory_P=0.968421
2026-08-30 17:42:38,602 - pr_cifar10_class9_h2_m16_IF100_alpha0p5_seed42.log - INFO - Round 178 | Global 0.6793 | Head 0.7927 | Middle 0.6953 | Tail 0.5447 | Class-9 0.3320 | best_class9 0.5430@171
2026-08-30 17:42:38,603 - pr_cifar10_class9_h2_m16_IF100_alpha0p5_seed42.log - INFO - Round 179 selected clients: [0, 2, 3, 4, 5, 6, 7, 8, 9, 10, 12, 13, 15, 16, 18, 19] | target exposure=1 samples=50 mass=0.005038 empirical_P=0.955307 theory_P=0.968421
2026-08-30 17:43:08,529 - pr_cifar10_class9_h2_m16_IF100_alpha0p5_seed42.log - INFO - Round 179 | Global 0.6694 | Head 0.8123 | Middle 0.6825 | Tail 0.5090 | Class-9 0.2950 | best_class9 0.5430@171
2026-08-30 17:43:08,530 - pr_cifar10_class9_h2_m16_IF100_alpha0p5_seed42.log - INFO - Round 180 selected clients: [0, 1, 3, 4, 5, 6, 8, 9, 10, 11, 12, 13, 14, 17, 18, 19] | target exposure=1 samples=50 mass=0.005034 empirical_P=0.955556 theory_P=0.968421
2026-08-30 17:43:37,936 - pr_cifar10_class9_h2_m16_IF100_alpha0p5_seed42.log - INFO - Round 180 | Global 0.6859 | Head 0.8203 | Middle 0.6843 | Tail 0.5537 | Class-9 0.3660 | best_class9 0.5430@171
2026-08-30 17:43:37,954 - pr_cifar10_class9_h2_m16_IF100_alpha0p5_seed42.log - INFO - Round 181 selected clients: [0, 2, 5, 6, 7, 8, 10, 11, 12, 13, 14, 15, 16, 17, 18, 19] | target exposure=1 samples=25 mass=0.002520 empirical_P=0.955801 theory_P=0.968421
2026-08-30 17:44:09,240 - pr_cifar10_class9_h2_m16_IF100_alpha0p5_seed42.log - INFO - Round 181 | Global 0.6767 | Head 0.8220 | Middle 0.6903 | Tail 0.5133 | Class-9 0.2910 | best_class9 0.5430@171
2026-08-30 17:44:09,242 - pr_cifar10_class9_h2_m16_IF100_alpha0p5_seed42.log - INFO - Round 182 selected clients: [0, 2, 3, 4, 5, 6, 8, 9, 10, 11, 14, 15, 16, 17, 18, 19] | target exposure=1 samples=50 mass=0.005038 empirical_P=0.956044 theory_P=0.968421
2026-08-30 17:44:40,984 - pr_cifar10_class9_h2_m16_IF100_alpha0p5_seed42.log - INFO - Round 182 | Global 0.6808 | Head 0.8293 | Middle 0.6740 | Tail 0.5413 | Class-9 0.3170 | best_class9 0.5430@171
2026-08-30 17:44:40,986 - pr_cifar10_class9_h2_m16_IF100_alpha0p5_seed42.log - INFO - Round 183 selected clients: [1, 2, 3, 5, 6, 7, 8, 9, 11, 12, 14, 15, 16, 17, 18, 19] | target exposure=1 samples=25 mass=0.002526 empirical_P=0.956284 theory_P=0.968421
2026-08-30 17:45:11,838 - pr_cifar10_class9_h2_m16_IF100_alpha0p5_seed42.log - INFO - Round 183 | Global 0.6781 | Head 0.8127 | Middle 0.6875 | Tail 0.5310 | Class-9 0.2920 | best_class9 0.5430@171
2026-08-30 17:45:11,840 - pr_cifar10_class9_h2_m16_IF100_alpha0p5_seed42.log - INFO - Round 184 selected clients: [0, 1, 3, 4, 5, 6, 7, 8, 9, 10, 11, 14, 15, 16, 18, 19] | target exposure=1 samples=50 mass=0.005038 empirical_P=0.956522 theory_P=0.968421
2026-08-30 17:45:41,672 - pr_cifar10_class9_h2_m16_IF100_alpha0p5_seed42.log - INFO - Round 184 | Global 0.6688 | Head 0.8220 | Middle 0.6763 | Tail 0.5057 | Class-9 0.2990 | best_class9 0.5430@171
2026-08-30 17:45:41,674 - pr_cifar10_class9_h2_m16_IF100_alpha0p5_seed42.log - INFO - Round 185 selected clients: [0, 3, 4, 5, 6, 7, 8, 9, 10, 12, 13, 14, 15, 16, 17, 19] | target exposure=1 samples=50 mass=0.005034 empirical_P=0.956757 theory_P=0.968421
2026-08-30 17:46:11,792 - pr_cifar10_class9_h2_m16_IF100_alpha0p5_seed42.log - INFO - Round 185 | Global 0.6790 | Head 0.8460 | Middle 0.6522 | Tail 0.5477 | Class-9 0.3550 | best_class9 0.5430@171
2026-08-30 17:46:11,794 - pr_cifar10_class9_h2_m16_IF100_alpha0p5_seed42.log - INFO - Round 186 selected clients: [0, 1, 2, 3, 4, 6, 7, 9, 10, 11, 12, 14, 16, 17, 18, 19] | target exposure=1 samples=50 mass=0.005034 empirical_P=0.956989 theory_P=0.968421
2026-08-30 17:46:42,333 - pr_cifar10_class9_h2_m16_IF100_alpha0p5_seed42.log - INFO - Round 186 | Global 0.6839 | Head 0.8243 | Middle 0.6857 | Tail 0.5410 | Class-9 0.3490 | best_class9 0.5430@171
2026-08-30 17:46:42,334 - pr_cifar10_class9_h2_m16_IF100_alpha0p5_seed42.log - INFO - Round 187 selected clients: [0, 1, 3, 4, 5, 6, 7, 8, 9, 10, 13, 15, 16, 17, 18, 19] | target exposure=1 samples=50 mass=0.005038 empirical_P=0.957219 theory_P=0.968421
2026-08-30 17:47:13,197 - pr_cifar10_class9_h2_m16_IF100_alpha0p5_seed42.log - INFO - Round 187 | Global 0.6842 | Head 0.8290 | Middle 0.6750 | Tail 0.5517 | Class-9 0.3390 | best_class9 0.5430@171
2026-08-30 17:47:13,199 - pr_cifar10_class9_h2_m16_IF100_alpha0p5_seed42.log - INFO - Round 188 selected clients: [0, 1, 2, 3, 4, 5, 6, 9, 10, 11, 12, 14, 15, 17, 18, 19] | target exposure=1 samples=50 mass=0.005037 empirical_P=0.957447 theory_P=0.968421
2026-08-30 17:47:43,721 - pr_cifar10_class9_h2_m16_IF100_alpha0p5_seed42.log - INFO - Round 188 | Global 0.6890 | Head 0.8220 | Middle 0.6913 | Tail 0.5530 | Class-9 0.3510 | best_class9 0.5430@171
2026-08-30 17:47:43,723 - pr_cifar10_class9_h2_m16_IF100_alpha0p5_seed42.log - INFO - Round 189 selected clients: [0, 2, 4, 6, 7, 8, 9, 10, 12, 13, 14, 15, 16, 17, 18, 19] | target exposure=1 samples=50 mass=0.005030 empirical_P=0.957672 theory_P=0.968421
2026-08-30 17:48:13,946 - pr_cifar10_class9_h2_m16_IF100_alpha0p5_seed42.log - INFO - Round 189 | Global 0.6758 | Head 0.8017 | Middle 0.6933 | Tail 0.5267 | Class-9 0.3220 | best_class9 0.5430@171
2026-08-30 17:48:13,948 - pr_cifar10_class9_h2_m16_IF100_alpha0p5_seed42.log - INFO - Round 190 selected clients: [1, 2, 3, 4, 5, 6, 7, 8, 9, 10, 11, 12, 15, 16, 17, 19] | target exposure=1 samples=50 mass=0.005034 empirical_P=0.957895 theory_P=0.968421
2026-08-30 17:48:44,792 - pr_cifar10_class9_h2_m16_IF100_alpha0p5_seed42.log - INFO - Round 190 | Global 0.6821 | Head 0.8327 | Middle 0.6725 | Tail 0.5443 | Class-9 0.3630 | best_class9 0.5430@171
2026-08-30 17:48:44,807 - pr_cifar10_class9_h2_m16_IF100_alpha0p5_seed42.log - INFO - Round 191 selected clients: [0, 1, 3, 4, 5, 6, 8, 9, 10, 11, 12, 13, 15, 16, 17, 18] | target exposure=1 samples=50 mass=0.005033 empirical_P=0.958115 theory_P=0.968421
2026-08-30 17:49:15,780 - pr_cifar10_class9_h2_m16_IF100_alpha0p5_seed42.log - INFO - Round 191 | Global 0.6773 | Head 0.8183 | Middle 0.6885 | Tail 0.5213 | Class-9 0.3150 | best_class9 0.5430@171
2026-08-30 17:49:15,782 - pr_cifar10_class9_h2_m16_IF100_alpha0p5_seed42.log - INFO - Round 192 selected clients: [0, 1, 3, 5, 6, 7, 8, 9, 11, 12, 14, 15, 16, 17, 18, 19] | target exposure=1 samples=25 mass=0.002526 empirical_P=0.958333 theory_P=0.968421
2026-08-30 17:49:46,684 - pr_cifar10_class9_h2_m16_IF100_alpha0p5_seed42.log - INFO - Round 192 | Global 0.6878 | Head 0.8017 | Middle 0.6850 | Tail 0.5777 | Class-9 0.3940 | best_class9 0.5430@171
2026-08-30 17:49:46,686 - pr_cifar10_class9_h2_m16_IF100_alpha0p5_seed42.log - INFO - Round 193 selected clients: [1, 3, 4, 5, 7, 8, 9, 10, 11, 12, 13, 14, 15, 16, 18, 19] | target exposure=1 samples=25 mass=0.002525 empirical_P=0.958549 theory_P=0.968421
2026-08-30 17:50:18,896 - pr_cifar10_class9_h2_m16_IF100_alpha0p5_seed42.log - INFO - Round 193 | Global 0.6699 | Head 0.8257 | Middle 0.6865 | Tail 0.4920 | Class-9 0.2690 | best_class9 0.5430@171
2026-08-30 17:50:18,897 - pr_cifar10_class9_h2_m16_IF100_alpha0p5_seed42.log - INFO - Round 194 selected clients: [0, 1, 3, 4, 5, 6, 7, 8, 9, 10, 11, 12, 13, 15, 16, 18] | target exposure=1 samples=50 mass=0.005033 empirical_P=0.958763 theory_P=0.968421
2026-08-30 17:50:50,505 - pr_cifar10_class9_h2_m16_IF100_alpha0p5_seed42.log - INFO - Round 194 | Global 0.6685 | Head 0.8230 | Middle 0.6760 | Tail 0.5040 | Class-9 0.2740 | best_class9 0.5430@171
2026-08-30 17:50:50,506 - pr_cifar10_class9_h2_m16_IF100_alpha0p5_seed42.log - INFO - Round 195 selected clients: [0, 2, 3, 4, 7, 8, 9, 10, 11, 12, 13, 14, 15, 16, 18, 19] | target exposure=1 samples=25 mass=0.002525 empirical_P=0.958974 theory_P=0.968421
2026-08-30 17:51:20,820 - pr_cifar10_class9_h2_m16_IF100_alpha0p5_seed42.log - INFO - Round 195 | Global 0.6589 | Head 0.8373 | Middle 0.6693 | Tail 0.4667 | Class-9 0.2050 | best_class9 0.5430@171
2026-08-30 17:51:20,821 - pr_cifar10_class9_h2_m16_IF100_alpha0p5_seed42.log - INFO - Round 196 selected clients: [0, 1, 2, 3, 5, 7, 8, 9, 10, 12, 13, 14, 15, 16, 18, 19] | target exposure=0 samples=0 mass=0.000000 empirical_P=0.954082 theory_P=0.968421
2026-08-30 17:51:51,315 - pr_cifar10_class9_h2_m16_IF100_alpha0p5_seed42.log - INFO - Round 196 | Global 0.6644 | Head 0.8303 | Middle 0.6763 | Tail 0.4827 | Class-9 0.1960 | best_class9 0.5430@171
2026-08-30 17:51:51,316 - pr_cifar10_class9_h2_m16_IF100_alpha0p5_seed42.log - INFO - Round 197 selected clients: [0, 1, 2, 3, 4, 5, 6, 7, 8, 9, 10, 11, 14, 15, 17, 18] | target exposure=1 samples=50 mass=0.005032 empirical_P=0.954315 theory_P=0.968421
2026-08-30 17:52:23,382 - pr_cifar10_class9_h2_m16_IF100_alpha0p5_seed42.log - INFO - Round 197 | Global 0.6594 | Head 0.8203 | Middle 0.6883 | Tail 0.4600 | Class-9 0.2370 | best_class9 0.5430@171
2026-08-30 17:52:23,383 - pr_cifar10_class9_h2_m16_IF100_alpha0p5_seed42.log - INFO - Round 198 selected clients: [0, 2, 3, 4, 5, 6, 7, 8, 9, 11, 12, 14, 16, 17, 18, 19] | target exposure=1 samples=50 mass=0.005034 empirical_P=0.954545 theory_P=0.968421
2026-08-30 17:52:55,043 - pr_cifar10_class9_h2_m16_IF100_alpha0p5_seed42.log - INFO - Round 198 | Global 0.6829 | Head 0.8227 | Middle 0.6857 | Tail 0.5393 | Class-9 0.3090 | best_class9 0.5430@171
2026-08-30 17:52:55,044 - pr_cifar10_class9_h2_m16_IF100_alpha0p5_seed42.log - INFO - Round 199 selected clients: [0, 1, 2, 3, 4, 6, 7, 9, 11, 12, 13, 14, 15, 17, 18, 19] | target exposure=1 samples=50 mass=0.005037 empirical_P=0.954774 theory_P=0.968421
2026-08-30 17:53:26,462 - pr_cifar10_class9_h2_m16_IF100_alpha0p5_seed42.log - INFO - Round 199 | Global 0.6847 | Head 0.8037 | Middle 0.6973 | Tail 0.5490 | Class-9 0.3470 | best_class9 0.5430@171
2026-08-30 17:53:26,464 - pr_cifar10_class9_h2_m16_IF100_alpha0p5_seed42.log - INFO - Round 200 selected clients: [0, 1, 3, 4, 5, 6, 8, 9, 10, 13, 14, 15, 16, 17, 18, 19] | target exposure=1 samples=50 mass=0.005038 empirical_P=0.955000 theory_P=0.968421
2026-08-30 17:53:57,374 - pr_cifar10_class9_h2_m16_IF100_alpha0p5_seed42.log - INFO - Round 200 | Global 0.6831 | Head 0.8003 | Middle 0.6807 | Tail 0.5690 | Class-9 0.4030 | best_class9 0.5430@171
2026-08-30 17:53:57,401 - pr_cifar10_class9_h2_m16_IF100_alpha0p5_seed42.log - INFO - ==========================================================================================
2026-08-30 17:53:57,402 - pr_cifar10_class9_h2_m16_IF100_alpha0p5_seed42.log - INFO - FINISHED FIXED-h / VARIED-PARTICIPATION EXPERIMENT
2026-08-30 17:53:57,402 - pr_cifar10_class9_h2_m16_IF100_alpha0p5_seed42.log - INFO - target_class=9 N=50 actual_h=2 m=16 participation=0.8000
2026-08-30 17:53:57,402 - pr_cifar10_class9_h2_m16_IF100_alpha0p5_seed42.log - INFO - Theoretical exposure: 0.968421
2026-08-30 17:53:57,403 - pr_cifar10_class9_h2_m16_IF100_alpha0p5_seed42.log - INFO - Empirical exposure over 200 rounds: 0.955000
2026-08-30 17:53:57,403 - pr_cifar10_class9_h2_m16_IF100_alpha0p5_seed42.log - INFO - Final class-9 accuracy: 0.4030
2026-08-30 17:53:57,403 - pr_cifar10_class9_h2_m16_IF100_alpha0p5_seed42.log - INFO - Final Tail accuracy: 0.5690
2026-08-30 17:53:57,404 - pr_cifar10_class9_h2_m16_IF100_alpha0p5_seed42.log - INFO - Final Global accuracy: 0.6831
2026-08-30 17:53:57,404 - pr_cifar10_class9_h2_m16_IF100_alpha0p5_seed42.log - INFO - Best class-9 accuracy (diagnostic only): 0.5430 @ round 171
2026-08-30 17:53:57,404 - pr_cifar10_class9_h2_m16_IF100_alpha0p5_seed42.log - INFO - Best Tail accuracy (diagnostic only): 0.6597 @ round 171
2026-08-30 17:53:57,404 - pr_cifar10_class9_h2_m16_IF100_alpha0p5_seed42.log - INFO - Metrics CSV: D:\Desktop\FedLF_project\FedLF\outputs\pr_cifar10_class9_h2_m16_IF100_alpha0p5_seed42\metrics.csv
2026-08-30 17:53:57,404 - pr_cifar10_class9_h2_m16_IF100_alpha0p5_seed42.log - INFO - History: D:\Desktop\FedLF_project\FedLF\outputs\pr_cifar10_class9_h2_m16_IF100_alpha0p5_seed42\history.pkl
2026-08-30 17:53:57,404 - pr_cifar10_class9_h2_m16_IF100_alpha0p5_seed42.log - INFO - Config: D:\Desktop\FedLF_project\FedLF\outputs\pr_cifar10_class9_h2_m16_IF100_alpha0p5_seed42\config.json
2026-08-30 17:53:57,405 - pr_cifar10_class9_h2_m16_IF100_alpha0p5_seed42.log - INFO - Checkpoint: D:\Desktop\FedLF_project\FedLF\outputs\pr_cifar10_class9_h2_m16_IF100_alpha0p5_seed42\checkpoint.pth
2026-08-30 17:53:57,405 - pr_cifar10_class9_h2_m16_IF100_alpha0p5_seed42.log - INFO - Final model: D:\Desktop\FedLF_project\FedLF\outputs\pr_cifar10_class9_h2_m16_IF100_alpha0p5_seed42\final_model.pth
2026-08-30 17:53:57,405 - pr_cifar10_class9_h2_m16_IF100_alpha0p5_seed42.log - INFO - ==========================================================================================
