2026-08-30 15:18:19,761 - pr_cifar10_class9_h2_m2_IF100_alpha0p5_seed42.log - INFO - ==========================================================================================
2026-08-30 15:18:19,761 - pr_cifar10_class9_h2_m2_IF100_alpha0p5_seed42.log - INFO - FIXED-h / VARIED-PARTICIPATION CONTROLLED EXPERIMENT
2026-08-30 15:18:19,761 - pr_cifar10_class9_h2_m2_IF100_alpha0p5_seed42.log - INFO - algorithm: pure FedLF | S=OFF C=OFF A=OFF
2026-08-30 15:18:19,761 - pr_cifar10_class9_h2_m2_IF100_alpha0p5_seed42.log - INFO - dataset:CIFAR-10-LT IF=100 imb_factor=0.01 alpha=0.5
2026-08-30 15:18:19,762 - pr_cifar10_class9_h2_m2_IF100_alpha0p5_seed42.log - INFO - K=20 m=2 participation=0.1000
2026-08-30 15:18:19,763 - pr_cifar10_class9_h2_m2_IF100_alpha0p5_seed42.log - INFO - rounds=200 E=10 batch=32 fixed_lr=0.1 seed=42
2026-08-30 15:18:19,763 - pr_cifar10_class9_h2_m2_IF100_alpha0p5_seed42.log - INFO - target_class=9 fixed_host_count=2 varied_m=2
2026-08-30 15:18:19,763 - pr_cifar10_class9_h2_m2_IF100_alpha0p5_seed42.log - INFO - client_sampling=PAIRED NESTED SAMPLING; original m=8 draw preserved
2026-08-30 15:18:19,764 - pr_cifar10_class9_h2_m2_IF100_alpha0p5_seed42.log - INFO - aggregation=STANDARD SAMPLE-WEIGHTED FedAvg
2026-08-30 15:18:19,764 - pr_cifar10_class9_h2_m2_IF100_alpha0p5_seed42.log - INFO - test rollback=False
2026-08-30 15:18:19,764 - pr_cifar10_class9_h2_m2_IF100_alpha0p5_seed42.log - INFO - Log: D:\Desktop\FedLF_project\FedLF\Logs\pr_cifar10_class9_h2_m2_IF100_alpha0p5_seed42.log
2026-08-30 15:18:19,764 - pr_cifar10_class9_h2_m2_IF100_alpha0p5_seed42.log - INFO - Output: D:\Desktop\FedLF_project\FedLF\outputs\pr_cifar10_class9_h2_m2_IF100_alpha0p5_seed42
2026-08-30 15:18:19,764 - pr_cifar10_class9_h2_m2_IF100_alpha0p5_seed42.log - INFO - ==========================================================================================
2026-08-30 15:18:25,912 - pr_cifar10_class9_h2_m2_IF100_alpha0p5_seed42.log - INFO - Global class counts: [5000, 2997, 1796, 1077, 645, 387, 232, 139, 83, 50]
2026-08-30 15:18:25,913 - pr_cifar10_class9_h2_m2_IF100_alpha0p5_seed42.log - INFO - Target class 9 N=50 (FIXED)
2026-08-30 15:18:25,913 - pr_cifar10_class9_h2_m2_IF100_alpha0p5_seed42.log - INFO - Host order (nested across h): [6, 4, 7, 12, 9, 13, 3, 14, 19, 11, 10, 17, 15, 18, 5, 0, 16, 8, 1, 2]
2026-08-30 15:18:25,913 - pr_cifar10_class9_h2_m2_IF100_alpha0p5_seed42.log - INFO - Actual host clients: [4, 6]
2026-08-30 15:18:25,913 - pr_cifar10_class9_h2_m2_IF100_alpha0p5_seed42.log - INFO - Target samples per active host: {6: 25, 4: 25}
2026-08-30 15:18:25,913 - pr_cifar10_class9_h2_m2_IF100_alpha0p5_seed42.log - INFO - Actual h=2 | m=2 | participation=0.1000 | theoretical P_exp=0.194737
2026-08-30 15:18:25,913 - pr_cifar10_class9_h2_m2_IF100_alpha0p5_seed42.log - INFO - Base partition SHA256: 91fc508fdd8b116a19ca7809c6dfe5d6b9f4161086b898c272ecff4fedcd1acf
2026-08-30 15:18:25,913 - pr_cifar10_class9_h2_m2_IF100_alpha0p5_seed42.log - INFO - Controlled partition SHA256: 3239af1f32e2f8eb835b2750615bde3424bff7c575ad6f7be96c35d7d67dab7c
2026-08-30 15:18:25,913 - pr_cifar10_class9_h2_m2_IF100_alpha0p5_seed42.log - INFO - Client sizes after target redistribution: [621, 621, 621, 605, 646, 620, 643, 620, 620, 614, 620, 620, 620, 620, 620, 613, 620, 620, 612, 610]
2026-08-30 15:18:25,914 - pr_cifar10_class9_h2_m2_IF100_alpha0p5_seed42.log - INFO - Paper thresholds: Head > 1500, Tail < 200; Tail classes=[7, 8, 9]
2026-08-30 15:18:26,063 - pr_cifar10_class9_h2_m2_IF100_alpha0p5_seed42.log - INFO - Round 1 selected clients: [0, 17] | target exposure=0 samples=0 mass=0.000000 empirical_P=0.000000 theory_P=0.194737
2026-08-30 15:18:32,353 - pr_cifar10_class9_h2_m2_IF100_alpha0p5_seed42.log - INFO - Round 1 | Global 0.2381 | Head 0.7060 | Middle 0.0658 | Tail 0.0000 | Class-9 0.0000 | best_class9 0.0000@1
2026-08-30 15:18:32,355 - pr_cifar10_class9_h2_m2_IF100_alpha0p5_seed42.log - INFO - Round 2 selected clients: [16, 19] | target exposure=0 samples=0 mass=0.000000 empirical_P=0.000000 theory_P=0.194737
2026-08-30 15:18:38,275 - pr_cifar10_class9_h2_m2_IF100_alpha0p5_seed42.log - INFO - Round 2 | Global 0.2409 | Head 0.5243 | Middle 0.2090 | Tail 0.0000 | Class-9 0.0000 | best_class9 0.0000@1
2026-08-30 15:18:38,276 - pr_cifar10_class9_h2_m2_IF100_alpha0p5_seed42.log - INFO - Round 3 selected clients: [7, 10] | target exposure=0 samples=0 mass=0.000000 empirical_P=0.000000 theory_P=0.194737
2026-08-30 15:18:44,043 - pr_cifar10_class9_h2_m2_IF100_alpha0p5_seed42.log - INFO - Round 3 | Global 0.1000 | Head 0.3333 | Middle 0.0000 | Tail 0.0000 | Class-9 0.0000 | best_class9 0.0000@1
2026-08-30 15:18:44,044 - pr_cifar10_class9_h2_m2_IF100_alpha0p5_seed42.log - INFO - Round 4 selected clients: [0, 18] | target exposure=0 samples=0 mass=0.000000 empirical_P=0.000000 theory_P=0.194737
2026-08-30 15:18:50,569 - pr_cifar10_class9_h2_m2_IF100_alpha0p5_seed42.log - INFO - Round 4 | Global 0.2631 | Head 0.6013 | Middle 0.2067 | Tail 0.0000 | Class-9 0.0000 | best_class9 0.0000@1
2026-08-30 15:18:50,570 - pr_cifar10_class9_h2_m2_IF100_alpha0p5_seed42.log - INFO - Round 5 selected clients: [2, 5] | target exposure=0 samples=0 mass=0.000000 empirical_P=0.000000 theory_P=0.194737
2026-08-30 15:18:56,935 - pr_cifar10_class9_h2_m2_IF100_alpha0p5_seed42.log - INFO - Round 5 | Global 0.3364 | Head 0.6760 | Middle 0.3340 | Tail 0.0000 | Class-9 0.0000 | best_class9 0.0000@1
2026-08-30 15:18:56,937 - pr_cifar10_class9_h2_m2_IF100_alpha0p5_seed42.log - INFO - Round 6 selected clients: [1, 3] | target exposure=0 samples=0 mass=0.000000 empirical_P=0.000000 theory_P=0.194737
2026-08-30 15:19:03,288 - pr_cifar10_class9_h2_m2_IF100_alpha0p5_seed42.log - INFO - Round 6 | Global 0.2765 | Head 0.6627 | Middle 0.1943 | Tail 0.0000 | Class-9 0.0000 | best_class9 0.0000@1
2026-08-30 15:19:03,289 - pr_cifar10_class9_h2_m2_IF100_alpha0p5_seed42.log - INFO - Round 7 selected clients: [10, 13] | target exposure=0 samples=0 mass=0.000000 empirical_P=0.000000 theory_P=0.194737
2026-08-30 15:19:09,510 - pr_cifar10_class9_h2_m2_IF100_alpha0p5_seed42.log - INFO - Round 7 | Global 0.2737 | Head 0.7143 | Middle 0.1485 | Tail 0.0000 | Class-9 0.0000 | best_class9 0.0000@1
2026-08-30 15:19:09,512 - pr_cifar10_class9_h2_m2_IF100_alpha0p5_seed42.log - INFO - Round 8 selected clients: [17, 18] | target exposure=0 samples=0 mass=0.000000 empirical_P=0.000000 theory_P=0.194737
2026-08-30 15:19:15,830 - pr_cifar10_class9_h2_m2_IF100_alpha0p5_seed42.log - INFO - Round 8 | Global 0.1998 | Head 0.3253 | Middle 0.2495 | Tail 0.0080 | Class-9 0.0000 | best_class9 0.0000@1
2026-08-30 15:19:15,831 - pr_cifar10_class9_h2_m2_IF100_alpha0p5_seed42.log - INFO - Round 9 selected clients: [11, 17] | target exposure=0 samples=0 mass=0.000000 empirical_P=0.000000 theory_P=0.194737
2026-08-30 15:19:22,288 - pr_cifar10_class9_h2_m2_IF100_alpha0p5_seed42.log - INFO - Round 9 | Global 0.3425 | Head 0.7320 | Middle 0.1895 | Tail 0.1570 | Class-9 0.0000 | best_class9 0.0000@1
2026-08-30 15:19:22,289 - pr_cifar10_class9_h2_m2_IF100_alpha0p5_seed42.log - INFO - Round 10 selected clients: [4, 9] | target exposure=1 samples=25 mass=0.019841 empirical_P=0.100000 theory_P=0.194737
2026-08-30 15:19:28,285 - pr_cifar10_class9_h2_m2_IF100_alpha0p5_seed42.log - INFO - Round 10 | Global 0.2960 | Head 0.5923 | Middle 0.2958 | Tail 0.0000 | Class-9 0.0000 | best_class9 0.0000@1
2026-08-30 15:19:28,303 - pr_cifar10_class9_h2_m2_IF100_alpha0p5_seed42.log - INFO - Round 11 selected clients: [2, 6] | target exposure=1 samples=25 mass=0.019778 empirical_P=0.181818 theory_P=0.194737
2026-08-30 15:19:34,085 - pr_cifar10_class9_h2_m2_IF100_alpha0p5_seed42.log - INFO - Round 11 | Global 0.3389 | Head 0.3020 | Middle 0.3830 | Tail 0.3170 | Class-9 0.0270 | best_class9 0.0270@11
2026-08-30 15:19:34,087 - pr_cifar10_class9_h2_m2_IF100_alpha0p5_seed42.log - INFO - Round 12 selected clients: [3, 14] | target exposure=0 samples=0 mass=0.000000 empirical_P=0.166667 theory_P=0.194737
2026-08-30 15:19:39,600 - pr_cifar10_class9_h2_m2_IF100_alpha0p5_seed42.log - INFO - Round 12 | Global 0.3311 | Head 0.6743 | Middle 0.2998 | Tail 0.0297 | Class-9 0.0000 | best_class9 0.0270@11
2026-08-30 15:19:39,602 - pr_cifar10_class9_h2_m2_IF100_alpha0p5_seed42.log - INFO - Round 13 selected clients: [8, 9] | target exposure=0 samples=0 mass=0.000000 empirical_P=0.153846 theory_P=0.194737
2026-08-30 15:19:45,113 - pr_cifar10_class9_h2_m2_IF100_alpha0p5_seed42.log - INFO - Round 13 | Global 0.3579 | Head 0.7227 | Middle 0.3510 | Tail 0.0023 | Class-9 0.0000 | best_class9 0.0270@11
2026-08-30 15:19:45,115 - pr_cifar10_class9_h2_m2_IF100_alpha0p5_seed42.log - INFO - Round 14 selected clients: [5, 11] | target exposure=0 samples=0 mass=0.000000 empirical_P=0.142857 theory_P=0.194737
2026-08-30 15:19:50,767 - pr_cifar10_class9_h2_m2_IF100_alpha0p5_seed42.log - INFO - Round 14 | Global 0.3926 | Head 0.6943 | Middle 0.4015 | Tail 0.0790 | Class-9 0.0000 | best_class9 0.0270@11
2026-08-30 15:19:50,769 - pr_cifar10_class9_h2_m2_IF100_alpha0p5_seed42.log - INFO - Round 15 selected clients: [14, 16] | target exposure=0 samples=0 mass=0.000000 empirical_P=0.133333 theory_P=0.194737
2026-08-30 15:19:56,389 - pr_cifar10_class9_h2_m2_IF100_alpha0p5_seed42.log - INFO - Round 15 | Global 0.2820 | Head 0.7797 | Middle 0.1010 | Tail 0.0257 | Class-9 0.0000 | best_class9 0.0270@11
2026-08-30 15:19:56,391 - pr_cifar10_class9_h2_m2_IF100_alpha0p5_seed42.log - INFO - Round 16 selected clients: [6, 11] | target exposure=1 samples=25 mass=0.019794 empirical_P=0.187500 theory_P=0.194737
2026-08-30 15:20:01,982 - pr_cifar10_class9_h2_m2_IF100_alpha0p5_seed42.log - INFO - Round 16 | Global 0.3432 | Head 0.7020 | Middle 0.2825 | Tail 0.0653 | Class-9 0.0000 | best_class9 0.0270@11
2026-08-30 15:20:01,983 - pr_cifar10_class9_h2_m2_IF100_alpha0p5_seed42.log - INFO - Round 17 selected clients: [7, 14] | target exposure=0 samples=0 mass=0.000000 empirical_P=0.176471 theory_P=0.194737
2026-08-30 15:20:07,476 - pr_cifar10_class9_h2_m2_IF100_alpha0p5_seed42.log - INFO - Round 17 | Global 0.2194 | Head 0.6200 | Middle 0.0757 | Tail 0.0103 | Class-9 0.0000 | best_class9 0.0270@11
2026-08-30 15:20:07,477 - pr_cifar10_class9_h2_m2_IF100_alpha0p5_seed42.log - INFO - Round 18 selected clients: [3, 7] | target exposure=0 samples=0 mass=0.000000 empirical_P=0.166667 theory_P=0.194737
2026-08-30 15:20:13,160 - pr_cifar10_class9_h2_m2_IF100_alpha0p5_seed42.log - INFO - Round 18 | Global 0.3205 | Head 0.6683 | Middle 0.2782 | Tail 0.0290 | Class-9 0.0000 | best_class9 0.0270@11
2026-08-30 15:20:13,161 - pr_cifar10_class9_h2_m2_IF100_alpha0p5_seed42.log - INFO - Round 19 selected clients: [7, 8] | target exposure=0 samples=0 mass=0.000000 empirical_P=0.157895 theory_P=0.194737
2026-08-30 15:20:19,164 - pr_cifar10_class9_h2_m2_IF100_alpha0p5_seed42.log - INFO - Round 19 | Global 0.1771 | Head 0.4817 | Middle 0.0757 | Tail 0.0077 | Class-9 0.0000 | best_class9 0.0270@11
2026-08-30 15:20:19,165 - pr_cifar10_class9_h2_m2_IF100_alpha0p5_seed42.log - INFO - Round 20 selected clients: [4, 17] | target exposure=1 samples=25 mass=0.019747 empirical_P=0.200000 theory_P=0.194737
2026-08-30 15:20:24,998 - pr_cifar10_class9_h2_m2_IF100_alpha0p5_seed42.log - INFO - Round 20 | Global 0.3978 | Head 0.7403 | Middle 0.3887 | Tail 0.0673 | Class-9 0.0060 | best_class9 0.0270@11
2026-08-30 15:20:25,012 - pr_cifar10_class9_h2_m2_IF100_alpha0p5_seed42.log - INFO - Round 21 selected clients: [13, 14] | target exposure=0 samples=0 mass=0.000000 empirical_P=0.190476 theory_P=0.194737
2026-08-30 15:20:30,588 - pr_cifar10_class9_h2_m2_IF100_alpha0p5_seed42.log - INFO - Round 21 | Global 0.2773 | Head 0.6683 | Middle 0.1638 | Tail 0.0377 | Class-9 0.0000 | best_class9 0.0270@11
2026-08-30 15:20:30,590 - pr_cifar10_class9_h2_m2_IF100_alpha0p5_seed42.log - INFO - Round 22 selected clients: [4, 19] | target exposure=1 samples=25 mass=0.019904 empirical_P=0.227273 theory_P=0.194737
2026-08-30 15:20:36,240 - pr_cifar10_class9_h2_m2_IF100_alpha0p5_seed42.log - INFO - Round 22 | Global 0.3194 | Head 0.5810 | Middle 0.3045 | Tail 0.0777 | Class-9 0.1970 | best_class9 0.1970@22
2026-08-30 15:20:36,242 - pr_cifar10_class9_h2_m2_IF100_alpha0p5_seed42.log - INFO - Round 23 selected clients: [2, 13] | target exposure=0 samples=0 mass=0.000000 empirical_P=0.217391 theory_P=0.194737
2026-08-30 15:20:42,192 - pr_cifar10_class9_h2_m2_IF100_alpha0p5_seed42.log - INFO - Round 23 | Global 0.4130 | Head 0.6657 | Middle 0.4338 | Tail 0.1327 | Class-9 0.0170 | best_class9 0.1970@22
2026-08-30 15:20:42,193 - pr_cifar10_class9_h2_m2_IF100_alpha0p5_seed42.log - INFO - Round 24 selected clients: [3, 14] | target exposure=0 samples=0 mass=0.000000 empirical_P=0.208333 theory_P=0.194737
2026-08-30 15:20:47,895 - pr_cifar10_class9_h2_m2_IF100_alpha0p5_seed42.log - INFO - Round 24 | Global 0.4041 | Head 0.7283 | Middle 0.3785 | Tail 0.1140 | Class-9 0.0000 | best_class9 0.1970@22
2026-08-30 15:20:47,896 - pr_cifar10_class9_h2_m2_IF100_alpha0p5_seed42.log - INFO - Round 25 selected clients: [15, 18] | target exposure=0 samples=0 mass=0.000000 empirical_P=0.200000 theory_P=0.194737
2026-08-30 15:20:53,591 - pr_cifar10_class9_h2_m2_IF100_alpha0p5_seed42.log - INFO - Round 25 | Global 0.4359 | Head 0.7090 | Middle 0.4535 | Tail 0.1393 | Class-9 0.0000 | best_class9 0.1970@22
2026-08-30 15:20:53,593 - pr_cifar10_class9_h2_m2_IF100_alpha0p5_seed42.log - INFO - Round 26 selected clients: [5, 7] | target exposure=0 samples=0 mass=0.000000 empirical_P=0.192308 theory_P=0.194737
2026-08-30 15:20:59,206 - pr_cifar10_class9_h2_m2_IF100_alpha0p5_seed42.log - INFO - Round 26 | Global 0.4420 | Head 0.6480 | Middle 0.4552 | Tail 0.2183 | Class-9 0.0000 | best_class9 0.1970@22
2026-08-30 15:20:59,207 - pr_cifar10_class9_h2_m2_IF100_alpha0p5_seed42.log - INFO - Round 27 selected clients: [5, 10] | target exposure=0 samples=0 mass=0.000000 empirical_P=0.185185 theory_P=0.194737
2026-08-30 15:21:04,776 - pr_cifar10_class9_h2_m2_IF100_alpha0p5_seed42.log - INFO - Round 27 | Global 0.4257 | Head 0.6223 | Middle 0.4405 | Tail 0.2093 | Class-9 0.0000 | best_class9 0.1970@22
2026-08-30 15:21:04,777 - pr_cifar10_class9_h2_m2_IF100_alpha0p5_seed42.log - INFO - Round 28 selected clients: [5, 6] | target exposure=1 samples=25 mass=0.019794 empirical_P=0.214286 theory_P=0.194737
2026-08-30 15:21:10,527 - pr_cifar10_class9_h2_m2_IF100_alpha0p5_seed42.log - INFO - Round 28 | Global 0.4701 | Head 0.6573 | Middle 0.4145 | Tail 0.3570 | Class-9 0.0030 | best_class9 0.1970@22
2026-08-30 15:21:10,528 - pr_cifar10_class9_h2_m2_IF100_alpha0p5_seed42.log - INFO - Round 29 selected clients: [5, 12] | target exposure=0 samples=0 mass=0.000000 empirical_P=0.206897 theory_P=0.194737
2026-08-30 15:21:16,113 - pr_cifar10_class9_h2_m2_IF100_alpha0p5_seed42.log - INFO - Round 29 | Global 0.4620 | Head 0.7523 | Middle 0.4790 | Tail 0.1490 | Class-9 0.0000 | best_class9 0.1970@22
2026-08-30 15:21:16,115 - pr_cifar10_class9_h2_m2_IF100_alpha0p5_seed42.log - INFO - Round 30 selected clients: [14, 19] | target exposure=0 samples=0 mass=0.000000 empirical_P=0.200000 theory_P=0.194737
2026-08-30 15:21:21,755 - pr_cifar10_class9_h2_m2_IF100_alpha0p5_seed42.log - INFO - Round 30 | Global 0.5006 | Head 0.7190 | Middle 0.5282 | Tail 0.2453 | Class-9 0.0000 | best_class9 0.1970@22
2026-08-30 15:21:21,766 - pr_cifar10_class9_h2_m2_IF100_alpha0p5_seed42.log - INFO - Round 31 selected clients: [1, 6] | target exposure=1 samples=25 mass=0.019778 empirical_P=0.225806 theory_P=0.194737
2026-08-30 15:21:27,547 - pr_cifar10_class9_h2_m2_IF100_alpha0p5_seed42.log - INFO - Round 31 | Global 0.4670 | Head 0.6177 | Middle 0.4037 | Tail 0.4007 | Class-9 0.0790 | best_class9 0.1970@22
2026-08-30 15:21:27,548 - pr_cifar10_class9_h2_m2_IF100_alpha0p5_seed42.log - INFO - Round 32 selected clients: [12, 19] | target exposure=0 samples=0 mass=0.000000 empirical_P=0.218750 theory_P=0.194737
2026-08-30 15:21:33,184 - pr_cifar10_class9_h2_m2_IF100_alpha0p5_seed42.log - INFO - Round 32 | Global 0.4628 | Head 0.5883 | Middle 0.4355 | Tail 0.3737 | Class-9 0.0000 | best_class9 0.1970@22
2026-08-30 15:21:33,186 - pr_cifar10_class9_h2_m2_IF100_alpha0p5_seed42.log - INFO - Round 33 selected clients: [14, 16] | target exposure=0 samples=0 mass=0.000000 empirical_P=0.212121 theory_P=0.194737
2026-08-30 15:21:38,757 - pr_cifar10_class9_h2_m2_IF100_alpha0p5_seed42.log - INFO - Round 33 | Global 0.4404 | Head 0.7960 | Middle 0.3463 | Tail 0.2103 | Class-9 0.0000 | best_class9 0.1970@22
2026-08-30 15:21:38,758 - pr_cifar10_class9_h2_m2_IF100_alpha0p5_seed42.log - INFO - Round 34 selected clients: [10, 14] | target exposure=0 samples=0 mass=0.000000 empirical_P=0.205882 theory_P=0.194737
2026-08-30 15:21:44,469 - pr_cifar10_class9_h2_m2_IF100_alpha0p5_seed42.log - INFO - Round 34 | Global 0.3165 | Head 0.7170 | Middle 0.2082 | Tail 0.0603 | Class-9 0.0000 | best_class9 0.1970@22
2026-08-30 15:21:44,470 - pr_cifar10_class9_h2_m2_IF100_alpha0p5_seed42.log - INFO - Round 35 selected clients: [10, 19] | target exposure=0 samples=0 mass=0.000000 empirical_P=0.200000 theory_P=0.194737
2026-08-30 15:21:50,022 - pr_cifar10_class9_h2_m2_IF100_alpha0p5_seed42.log - INFO - Round 35 | Global 0.4561 | Head 0.7463 | Middle 0.4265 | Tail 0.2053 | Class-9 0.0000 | best_class9 0.1970@22
2026-08-30 15:21:50,023 - pr_cifar10_class9_h2_m2_IF100_alpha0p5_seed42.log - INFO - Round 36 selected clients: [8, 10] | target exposure=0 samples=0 mass=0.000000 empirical_P=0.194444 theory_P=0.194737
2026-08-30 15:21:55,720 - pr_cifar10_class9_h2_m2_IF100_alpha0p5_seed42.log - INFO - Round 36 | Global 0.3002 | Head 0.5997 | Middle 0.2258 | Tail 0.1000 | Class-9 0.0000 | best_class9 0.1970@22
2026-08-30 15:21:55,722 - pr_cifar10_class9_h2_m2_IF100_alpha0p5_seed42.log - INFO - Round 37 selected clients: [7, 11] | target exposure=0 samples=0 mass=0.000000 empirical_P=0.189189 theory_P=0.194737
2026-08-30 15:22:01,390 - pr_cifar10_class9_h2_m2_IF100_alpha0p5_seed42.log - INFO - Round 37 | Global 0.3063 | Head 0.6517 | Middle 0.2160 | Tail 0.0813 | Class-9 0.0000 | best_class9 0.1970@22
2026-08-30 15:22:01,392 - pr_cifar10_class9_h2_m2_IF100_alpha0p5_seed42.log - INFO - Round 38 selected clients: [2, 12] | target exposure=0 samples=0 mass=0.000000 empirical_P=0.184211 theory_P=0.194737
2026-08-30 15:22:07,087 - pr_cifar10_class9_h2_m2_IF100_alpha0p5_seed42.log - INFO - Round 38 | Global 0.4694 | Head 0.6690 | Middle 0.5082 | Tail 0.2180 | Class-9 0.0000 | best_class9 0.1970@22
2026-08-30 15:22:07,089 - pr_cifar10_class9_h2_m2_IF100_alpha0p5_seed42.log - INFO - Round 39 selected clients: [3, 13] | target exposure=0 samples=0 mass=0.000000 empirical_P=0.179487 theory_P=0.194737
2026-08-30 15:22:12,680 - pr_cifar10_class9_h2_m2_IF100_alpha0p5_seed42.log - INFO - Round 39 | Global 0.5075 | Head 0.7653 | Middle 0.5463 | Tail 0.1980 | Class-9 0.0000 | best_class9 0.1970@22
2026-08-30 15:22:12,682 - pr_cifar10_class9_h2_m2_IF100_alpha0p5_seed42.log - INFO - Round 40 selected clients: [3, 15] | target exposure=0 samples=0 mass=0.000000 empirical_P=0.175000 theory_P=0.194737
2026-08-30 15:22:18,327 - pr_cifar10_class9_h2_m2_IF100_alpha0p5_seed42.log - INFO - Round 40 | Global 0.4387 | Head 0.6167 | Middle 0.5100 | Tail 0.1657 | Class-9 0.0000 | best_class9 0.1970@22
2026-08-30 15:22:18,343 - pr_cifar10_class9_h2_m2_IF100_alpha0p5_seed42.log - INFO - Round 41 selected clients: [11, 14] | target exposure=0 samples=0 mass=0.000000 empirical_P=0.170732 theory_P=0.194737
2026-08-30 15:22:23,915 - pr_cifar10_class9_h2_m2_IF100_alpha0p5_seed42.log - INFO - Round 41 | Global 0.3833 | Head 0.7293 | Middle 0.3598 | Tail 0.0687 | Class-9 0.0000 | best_class9 0.1970@22
2026-08-30 15:22:23,916 - pr_cifar10_class9_h2_m2_IF100_alpha0p5_seed42.log - INFO - Round 42 selected clients: [9, 12] | target exposure=0 samples=0 mass=0.000000 empirical_P=0.166667 theory_P=0.194737
2026-08-30 15:22:29,652 - pr_cifar10_class9_h2_m2_IF100_alpha0p5_seed42.log - INFO - Round 42 | Global 0.4846 | Head 0.6997 | Middle 0.5363 | Tail 0.2007 | Class-9 0.0000 | best_class9 0.1970@22
2026-08-30 15:22:29,652 - pr_cifar10_class9_h2_m2_IF100_alpha0p5_seed42.log - INFO - Round 43 selected clients: [4, 9] | target exposure=1 samples=25 mass=0.019841 empirical_P=0.186047 theory_P=0.194737
2026-08-30 15:22:35,299 - pr_cifar10_class9_h2_m2_IF100_alpha0p5_seed42.log - INFO - Round 43 | Global 0.4075 | Head 0.7027 | Middle 0.4477 | Tail 0.0587 | Class-9 0.0490 | best_class9 0.1970@22
2026-08-30 15:22:35,301 - pr_cifar10_class9_h2_m2_IF100_alpha0p5_seed42.log - INFO - Round 44 selected clients: [12, 15] | target exposure=0 samples=0 mass=0.000000 empirical_P=0.181818 theory_P=0.194737
2026-08-30 15:22:40,945 - pr_cifar10_class9_h2_m2_IF100_alpha0p5_seed42.log - INFO - Round 44 | Global 0.4748 | Head 0.7380 | Middle 0.5795 | Tail 0.0720 | Class-9 0.0030 | best_class9 0.1970@22
2026-08-30 15:22:40,946 - pr_cifar10_class9_h2_m2_IF100_alpha0p5_seed42.log - INFO - Round 45 selected clients: [0, 12] | target exposure=0 samples=0 mass=0.000000 empirical_P=0.177778 theory_P=0.194737
2026-08-30 15:22:46,665 - pr_cifar10_class9_h2_m2_IF100_alpha0p5_seed42.log - INFO - Round 45 | Global 0.4413 | Head 0.7727 | Middle 0.4740 | Tail 0.0663 | Class-9 0.0000 | best_class9 0.1970@22
2026-08-30 15:22:46,667 - pr_cifar10_class9_h2_m2_IF100_alpha0p5_seed42.log - INFO - Round 46 selected clients: [3, 7] | target exposure=0 samples=0 mass=0.000000 empirical_P=0.173913 theory_P=0.194737
2026-08-30 15:22:52,206 - pr_cifar10_class9_h2_m2_IF100_alpha0p5_seed42.log - INFO - Round 46 | Global 0.4897 | Head 0.7893 | Middle 0.4748 | Tail 0.2100 | Class-9 0.0020 | best_class9 0.1970@22
2026-08-30 15:22:52,207 - pr_cifar10_class9_h2_m2_IF100_alpha0p5_seed42.log - INFO - Round 47 selected clients: [11, 18] | target exposure=0 samples=0 mass=0.000000 empirical_P=0.170213 theory_P=0.194737
2026-08-30 15:22:57,919 - pr_cifar10_class9_h2_m2_IF100_alpha0p5_seed42.log - INFO - Round 47 | Global 0.4845 | Head 0.7793 | Middle 0.4745 | Tail 0.2030 | Class-9 0.0000 | best_class9 0.1970@22
2026-08-30 15:22:57,920 - pr_cifar10_class9_h2_m2_IF100_alpha0p5_seed42.log - INFO - Round 48 selected clients: [7, 16] | target exposure=0 samples=0 mass=0.000000 empirical_P=0.166667 theory_P=0.194737
2026-08-30 15:23:03,633 - pr_cifar10_class9_h2_m2_IF100_alpha0p5_seed42.log - INFO - Round 48 | Global 0.4684 | Head 0.8547 | Middle 0.3608 | Tail 0.2257 | Class-9 0.0000 | best_class9 0.1970@22
2026-08-30 15:23:03,634 - pr_cifar10_class9_h2_m2_IF100_alpha0p5_seed42.log - INFO - Round 49 selected clients: [4, 7] | target exposure=1 samples=25 mass=0.019747 empirical_P=0.183673 theory_P=0.194737
2026-08-30 15:23:09,338 - pr_cifar10_class9_h2_m2_IF100_alpha0p5_seed42.log - INFO - Round 49 | Global 0.3867 | Head 0.6660 | Middle 0.3927 | Tail 0.0993 | Class-9 0.1630 | best_class9 0.1970@22
2026-08-30 15:23:09,339 - pr_cifar10_class9_h2_m2_IF100_alpha0p5_seed42.log - INFO - Round 50 selected clients: [2, 6] | target exposure=1 samples=25 mass=0.019778 empirical_P=0.200000 theory_P=0.194737
2026-08-30 15:23:15,107 - pr_cifar10_class9_h2_m2_IF100_alpha0p5_seed42.log - INFO - Round 50 | Global 0.5579 | Head 0.5187 | Middle 0.5660 | Tail 0.5863 | Class-9 0.4170 | best_class9 0.4170@50
2026-08-30 15:23:15,120 - pr_cifar10_class9_h2_m2_IF100_alpha0p5_seed42.log - INFO - Round 51 selected clients: [0, 9] | target exposure=0 samples=0 mass=0.000000 empirical_P=0.196078 theory_P=0.194737
2026-08-30 15:23:20,735 - pr_cifar10_class9_h2_m2_IF100_alpha0p5_seed42.log - INFO - Round 51 | Global 0.4759 | Head 0.7980 | Middle 0.4105 | Tail 0.2410 | Class-9 0.0060 | best_class9 0.4170@50
2026-08-30 15:23:20,737 - pr_cifar10_class9_h2_m2_IF100_alpha0p5_seed42.log - INFO - Round 52 selected clients: [6, 17] | target exposure=1 samples=25 mass=0.019794 empirical_P=0.211538 theory_P=0.194737
2026-08-30 15:23:26,336 - pr_cifar10_class9_h2_m2_IF100_alpha0p5_seed42.log - INFO - Round 52 | Global 0.4970 | Head 0.6707 | Middle 0.4968 | Tail 0.3237 | Class-9 0.1620 | best_class9 0.4170@50
2026-08-30 15:23:26,337 - pr_cifar10_class9_h2_m2_IF100_alpha0p5_seed42.log - INFO - Round 53 selected clients: [9, 11] | target exposure=0 samples=0 mass=0.000000 empirical_P=0.207547 theory_P=0.194737
2026-08-30 15:23:32,001 - pr_cifar10_class9_h2_m2_IF100_alpha0p5_seed42.log - INFO - Round 53 | Global 0.5027 | Head 0.8317 | Middle 0.4512 | Tail 0.2423 | Class-9 0.0110 | best_class9 0.4170@50
2026-08-30 15:23:32,002 - pr_cifar10_class9_h2_m2_IF100_alpha0p5_seed42.log - INFO - Round 54 selected clients: [11, 13] | target exposure=0 samples=0 mass=0.000000 empirical_P=0.203704 theory_P=0.194737
2026-08-30 15:23:38,007 - pr_cifar10_class9_h2_m2_IF100_alpha0p5_seed42.log - INFO - Round 54 | Global 0.4590 | Head 0.8417 | Middle 0.3937 | Tail 0.1633 | Class-9 0.0000 | best_class9 0.4170@50
2026-08-30 15:23:38,008 - pr_cifar10_class9_h2_m2_IF100_alpha0p5_seed42.log - INFO - Round 55 selected clients: [9, 17] | target exposure=0 samples=0 mass=0.000000 empirical_P=0.200000 theory_P=0.194737
2026-08-30 15:23:43,961 - pr_cifar10_class9_h2_m2_IF100_alpha0p5_seed42.log - INFO - Round 55 | Global 0.5238 | Head 0.7827 | Middle 0.5192 | Tail 0.2710 | Class-9 0.0010 | best_class9 0.4170@50
2026-08-30 15:23:43,963 - pr_cifar10_class9_h2_m2_IF100_alpha0p5_seed42.log - INFO - Round 56 selected clients: [14, 19] | target exposure=0 samples=0 mass=0.000000 empirical_P=0.196429 theory_P=0.194737
2026-08-30 15:23:50,172 - pr_cifar10_class9_h2_m2_IF100_alpha0p5_seed42.log - INFO - Round 56 | Global 0.5347 | Head 0.7313 | Middle 0.4893 | Tail 0.3987 | Class-9 0.0010 | best_class9 0.4170@50
2026-08-30 15:23:50,174 - pr_cifar10_class9_h2_m2_IF100_alpha0p5_seed42.log - INFO - Round 57 selected clients: [10, 15] | target exposure=0 samples=0 mass=0.000000 empirical_P=0.192982 theory_P=0.194737
2026-08-30 15:23:56,134 - pr_cifar10_class9_h2_m2_IF100_alpha0p5_seed42.log - INFO - Round 57 | Global 0.5046 | Head 0.7507 | Middle 0.5543 | Tail 0.1923 | Class-9 0.0000 | best_class9 0.4170@50
2026-08-30 15:23:56,135 - pr_cifar10_class9_h2_m2_IF100_alpha0p5_seed42.log - INFO - Round 58 selected clients: [11, 14] | target exposure=0 samples=0 mass=0.000000 empirical_P=0.189655 theory_P=0.194737
2026-08-30 15:24:02,177 - pr_cifar10_class9_h2_m2_IF100_alpha0p5_seed42.log - INFO - Round 58 | Global 0.4552 | Head 0.7743 | Middle 0.4465 | Tail 0.1477 | Class-9 0.0000 | best_class9 0.4170@50
2026-08-30 15:24:02,177 - pr_cifar10_class9_h2_m2_IF100_alpha0p5_seed42.log - INFO - Round 59 selected clients: [5, 6] | target exposure=1 samples=25 mass=0.019794 empirical_P=0.203390 theory_P=0.194737
2026-08-30 15:24:08,352 - pr_cifar10_class9_h2_m2_IF100_alpha0p5_seed42.log - INFO - Round 59 | Global 0.4801 | Head 0.5300 | Middle 0.4552 | Tail 0.4633 | Class-9 0.1550 | best_class9 0.4170@50
2026-08-30 15:24:08,354 - pr_cifar10_class9_h2_m2_IF100_alpha0p5_seed42.log - INFO - Round 60 selected clients: [4, 8] | target exposure=1 samples=25 mass=0.019747 empirical_P=0.216667 theory_P=0.194737
2026-08-30 15:24:14,399 - pr_cifar10_class9_h2_m2_IF100_alpha0p5_seed42.log - INFO - Round 60 | Global 0.5177 | Head 0.7260 | Middle 0.4800 | Tail 0.3597 | Class-9 0.5150 | best_class9 0.5150@60
2026-08-30 15:24:14,411 - pr_cifar10_class9_h2_m2_IF100_alpha0p5_seed42.log - INFO - Round 61 selected clients: [3, 6] | target exposure=1 samples=25 mass=0.020032 empirical_P=0.229508 theory_P=0.194737
2026-08-30 15:24:20,487 - pr_cifar10_class9_h2_m2_IF100_alpha0p5_seed42.log - INFO - Round 61 | Global 0.5658 | Head 0.6727 | Middle 0.4517 | Tail 0.6110 | Class-9 0.5470 | best_class9 0.5470@61
2026-08-30 15:24:20,488 - pr_cifar10_class9_h2_m2_IF100_alpha0p5_seed42.log - INFO - Round 62 selected clients: [6, 10] | target exposure=1 samples=25 mass=0.019794 empirical_P=0.241935 theory_P=0.194737
2026-08-30 15:24:26,643 - pr_cifar10_class9_h2_m2_IF100_alpha0p5_seed42.log - INFO - Round 62 | Global 0.5477 | Head 0.6663 | Middle 0.4657 | Tail 0.5383 | Class-9 0.6580 | best_class9 0.6580@62
2026-08-30 15:24:26,644 - pr_cifar10_class9_h2_m2_IF100_alpha0p5_seed42.log - INFO - Round 63 selected clients: [9, 13] | target exposure=0 samples=0 mass=0.000000 empirical_P=0.238095 theory_P=0.194737
2026-08-30 15:24:32,630 - pr_cifar10_class9_h2_m2_IF100_alpha0p5_seed42.log - INFO - Round 63 | Global 0.5507 | Head 0.7760 | Middle 0.5373 | Tail 0.3433 | Class-9 0.1010 | best_class9 0.6580@62
2026-08-30 15:24:32,632 - pr_cifar10_class9_h2_m2_IF100_alpha0p5_seed42.log - INFO - Round 64 selected clients: [9, 11] | target exposure=0 samples=0 mass=0.000000 empirical_P=0.234375 theory_P=0.194737
2026-08-30 15:24:38,659 - pr_cifar10_class9_h2_m2_IF100_alpha0p5_seed42.log - INFO - Round 64 | Global 0.4448 | Head 0.7350 | Middle 0.4138 | Tail 0.1960 | Class-9 0.0000 | best_class9 0.6580@62
2026-08-30 15:24:38,660 - pr_cifar10_class9_h2_m2_IF100_alpha0p5_seed42.log - INFO - Round 65 selected clients: [8, 19] | target exposure=0 samples=0 mass=0.000000 empirical_P=0.230769 theory_P=0.194737
2026-08-30 15:24:44,594 - pr_cifar10_class9_h2_m2_IF100_alpha0p5_seed42.log - INFO - Round 65 | Global 0.5636 | Head 0.7667 | Middle 0.5543 | Tail 0.3730 | Class-9 0.0230 | best_class9 0.6580@62
2026-08-30 15:24:44,596 - pr_cifar10_class9_h2_m2_IF100_alpha0p5_seed42.log - INFO - Round 66 selected clients: [7, 8] | target exposure=0 samples=0 mass=0.000000 empirical_P=0.227273 theory_P=0.194737
2026-08-30 15:24:50,548 - pr_cifar10_class9_h2_m2_IF100_alpha0p5_seed42.log - INFO - Round 66 | Global 0.4510 | Head 0.7390 | Middle 0.3995 | Tail 0.2317 | Class-9 0.0060 | best_class9 0.6580@62
2026-08-30 15:24:50,549 - pr_cifar10_class9_h2_m2_IF100_alpha0p5_seed42.log - INFO - Round 67 selected clients: [6, 17] | target exposure=1 samples=25 mass=0.019794 empirical_P=0.238806 theory_P=0.194737
2026-08-30 15:24:56,725 - pr_cifar10_class9_h2_m2_IF100_alpha0p5_seed42.log - INFO - Round 67 | Global 0.5119 | Head 0.6393 | Middle 0.4880 | Tail 0.4163 | Class-9 0.2770 | best_class9 0.6580@62
2026-08-30 15:24:56,727 - pr_cifar10_class9_h2_m2_IF100_alpha0p5_seed42.log - INFO - Round 68 selected clients: [7, 12] | target exposure=0 samples=0 mass=0.000000 empirical_P=0.235294 theory_P=0.194737
2026-08-30 15:25:02,680 - pr_cifar10_class9_h2_m2_IF100_alpha0p5_seed42.log - INFO - Round 68 | Global 0.4987 | Head 0.6840 | Middle 0.5305 | Tail 0.2710 | Class-9 0.1430 | best_class9 0.6580@62
2026-08-30 15:25:02,682 - pr_cifar10_class9_h2_m2_IF100_alpha0p5_seed42.log - INFO - Round 69 selected clients: [12, 17] | target exposure=0 samples=0 mass=0.000000 empirical_P=0.231884 theory_P=0.194737
2026-08-30 15:25:08,763 - pr_cifar10_class9_h2_m2_IF100_alpha0p5_seed42.log - INFO - Round 69 | Global 0.5156 | Head 0.6963 | Middle 0.5413 | Tail 0.3007 | Class-9 0.0310 | best_class9 0.6580@62
2026-08-30 15:25:08,764 - pr_cifar10_class9_h2_m2_IF100_alpha0p5_seed42.log - INFO - Round 70 selected clients: [5, 17] | target exposure=0 samples=0 mass=0.000000 empirical_P=0.228571 theory_P=0.194737
2026-08-30 15:25:14,773 - pr_cifar10_class9_h2_m2_IF100_alpha0p5_seed42.log - INFO - Round 70 | Global 0.5260 | Head 0.6880 | Middle 0.5463 | Tail 0.3370 | Class-9 0.0150 | best_class9 0.6580@62
2026-08-30 15:25:14,788 - pr_cifar10_class9_h2_m2_IF100_alpha0p5_seed42.log - INFO - Round 71 selected clients: [6, 19] | target exposure=1 samples=25 mass=0.019952 empirical_P=0.239437 theory_P=0.194737
2026-08-30 15:25:20,835 - pr_cifar10_class9_h2_m2_IF100_alpha0p5_seed42.log - INFO - Round 71 | Global 0.4274 | Head 0.5513 | Middle 0.1700 | Tail 0.6467 | Class-9 0.3500 | best_class9 0.6580@62
2026-08-30 15:25:20,836 - pr_cifar10_class9_h2_m2_IF100_alpha0p5_seed42.log - INFO - Round 72 selected clients: [2, 10] | target exposure=0 samples=0 mass=0.000000 empirical_P=0.236111 theory_P=0.194737
2026-08-30 15:25:26,806 - pr_cifar10_class9_h2_m2_IF100_alpha0p5_seed42.log - INFO - Round 72 | Global 0.5817 | Head 0.6677 | Middle 0.5595 | Tail 0.5253 | Class-9 0.2340 | best_class9 0.6580@62
2026-08-30 15:25:26,807 - pr_cifar10_class9_h2_m2_IF100_alpha0p5_seed42.log - INFO - Round 73 selected clients: [8, 11] | target exposure=0 samples=0 mass=0.000000 empirical_P=0.232877 theory_P=0.194737
2026-08-30 15:25:33,067 - pr_cifar10_class9_h2_m2_IF100_alpha0p5_seed42.log - INFO - Round 73 | Global 0.5029 | Head 0.7410 | Middle 0.4530 | Tail 0.3313 | Class-9 0.0540 | best_class9 0.6580@62
2026-08-30 15:25:33,069 - pr_cifar10_class9_h2_m2_IF100_alpha0p5_seed42.log - INFO - Round 74 selected clients: [9, 17] | target exposure=0 samples=0 mass=0.000000 empirical_P=0.229730 theory_P=0.194737
2026-08-30 15:25:38,952 - pr_cifar10_class9_h2_m2_IF100_alpha0p5_seed42.log - INFO - Round 74 | Global 0.5870 | Head 0.7590 | Middle 0.6092 | Tail 0.3853 | Class-9 0.0200 | best_class9 0.6580@62
2026-08-30 15:25:38,953 - pr_cifar10_class9_h2_m2_IF100_alpha0p5_seed42.log - INFO - Round 75 selected clients: [0, 8] | target exposure=0 samples=0 mass=0.000000 empirical_P=0.226667 theory_P=0.194737
2026-08-30 15:25:45,290 - pr_cifar10_class9_h2_m2_IF100_alpha0p5_seed42.log - INFO - Round 75 | Global 0.5080 | Head 0.7980 | Middle 0.4760 | Tail 0.2607 | Class-9 0.0140 | best_class9 0.6580@62
2026-08-30 15:25:45,292 - pr_cifar10_class9_h2_m2_IF100_alpha0p5_seed42.log - INFO - Round 76 selected clients: [3, 12] | target exposure=0 samples=0 mass=0.000000 empirical_P=0.223684 theory_P=0.194737
2026-08-30 15:25:51,048 - pr_cifar10_class9_h2_m2_IF100_alpha0p5_seed42.log - INFO - Round 76 | Global 0.5727 | Head 0.7610 | Middle 0.6262 | Tail 0.3130 | Class-9 0.0080 | best_class9 0.6580@62
2026-08-30 15:25:51,049 - pr_cifar10_class9_h2_m2_IF100_alpha0p5_seed42.log - INFO - Round 77 selected clients: [3, 7] | target exposure=0 samples=0 mass=0.000000 empirical_P=0.220779 theory_P=0.194737
2026-08-30 15:25:56,586 - pr_cifar10_class9_h2_m2_IF100_alpha0p5_seed42.log - INFO - Round 77 | Global 0.5391 | Head 0.7547 | Middle 0.5823 | Tail 0.2660 | Class-9 0.0110 | best_class9 0.6580@62
2026-08-30 15:25:56,588 - pr_cifar10_class9_h2_m2_IF100_alpha0p5_seed42.log - INFO - Round 78 selected clients: [5, 11] | target exposure=0 samples=0 mass=0.000000 empirical_P=0.217949 theory_P=0.194737
2026-08-30 15:26:02,699 - pr_cifar10_class9_h2_m2_IF100_alpha0p5_seed42.log - INFO - Round 78 | Global 0.5506 | Head 0.7753 | Middle 0.5743 | Tail 0.2943 | Class-9 0.0020 | best_class9 0.6580@62
2026-08-30 15:26:02,700 - pr_cifar10_class9_h2_m2_IF100_alpha0p5_seed42.log - INFO - Round 79 selected clients: [2, 10] | target exposure=0 samples=0 mass=0.000000 empirical_P=0.215190 theory_P=0.194737
2026-08-30 15:26:08,803 - pr_cifar10_class9_h2_m2_IF100_alpha0p5_seed42.log - INFO - Round 79 | Global 0.5316 | Head 0.6843 | Middle 0.5950 | Tail 0.2943 | Class-9 0.0010 | best_class9 0.6580@62
2026-08-30 15:26:08,805 - pr_cifar10_class9_h2_m2_IF100_alpha0p5_seed42.log - INFO - Round 80 selected clients: [8, 13] | target exposure=0 samples=0 mass=0.000000 empirical_P=0.212500 theory_P=0.194737
2026-08-30 15:26:14,639 - pr_cifar10_class9_h2_m2_IF100_alpha0p5_seed42.log - INFO - Round 80 | Global 0.5491 | Head 0.7633 | Middle 0.5923 | Tail 0.2773 | Class-9 0.0000 | best_class9 0.6580@62
2026-08-30 15:26:14,653 - pr_cifar10_class9_h2_m2_IF100_alpha0p5_seed42.log - INFO - Round 81 selected clients: [9, 10] | target exposure=0 samples=0 mass=0.000000 empirical_P=0.209877 theory_P=0.194737
2026-08-30 15:26:20,816 - pr_cifar10_class9_h2_m2_IF100_alpha0p5_seed42.log - INFO - Round 81 | Global 0.5602 | Head 0.7807 | Middle 0.6005 | Tail 0.2860 | Class-9 0.0000 | best_class9 0.6580@62
2026-08-30 15:26:20,818 - pr_cifar10_class9_h2_m2_IF100_alpha0p5_seed42.log - INFO - Round 82 selected clients: [9, 16] | target exposure=0 samples=0 mass=0.000000 empirical_P=0.207317 theory_P=0.194737
2026-08-30 15:26:26,820 - pr_cifar10_class9_h2_m2_IF100_alpha0p5_seed42.log - INFO - Round 82 | Global 0.4862 | Head 0.6830 | Middle 0.5152 | Tail 0.2507 | Class-9 0.0000 | best_class9 0.6580@62
2026-08-30 15:26:26,822 - pr_cifar10_class9_h2_m2_IF100_alpha0p5_seed42.log - INFO - Round 83 selected clients: [3, 15] | target exposure=0 samples=0 mass=0.000000 empirical_P=0.204819 theory_P=0.194737
2026-08-30 15:26:32,426 - pr_cifar10_class9_h2_m2_IF100_alpha0p5_seed42.log - INFO - Round 83 | Global 0.5406 | Head 0.7397 | Middle 0.6158 | Tail 0.2413 | Class-9 0.0000 | best_class9 0.6580@62
2026-08-30 15:26:32,428 - pr_cifar10_class9_h2_m2_IF100_alpha0p5_seed42.log - INFO - Round 84 selected clients: [6, 14] | target exposure=1 samples=25 mass=0.019794 empirical_P=0.214286 theory_P=0.194737
2026-08-30 15:26:38,525 - pr_cifar10_class9_h2_m2_IF100_alpha0p5_seed42.log - INFO - Round 84 | Global 0.5804 | Head 0.6003 | Middle 0.6022 | Tail 0.5313 | Class-9 0.4370 | best_class9 0.6580@62
2026-08-30 15:26:38,527 - pr_cifar10_class9_h2_m2_IF100_alpha0p5_seed42.log - INFO - Round 85 selected clients: [5, 16] | target exposure=0 samples=0 mass=0.000000 empirical_P=0.211765 theory_P=0.194737
2026-08-30 15:26:44,472 - pr_cifar10_class9_h2_m2_IF100_alpha0p5_seed42.log - INFO - Round 85 | Global 0.5753 | Head 0.7840 | Middle 0.5510 | Tail 0.3990 | Class-9 0.0340 | best_class9 0.6580@62
2026-08-30 15:26:44,472 - pr_cifar10_class9_h2_m2_IF100_alpha0p5_seed42.log - INFO - Round 86 selected clients: [2, 13] | target exposure=0 samples=0 mass=0.000000 empirical_P=0.209302 theory_P=0.194737
2026-08-30 15:26:50,244 - pr_cifar10_class9_h2_m2_IF100_alpha0p5_seed42.log - INFO - Round 86 | Global 0.5438 | Head 0.6417 | Middle 0.5895 | Tail 0.3850 | Class-9 0.0110 | best_class9 0.6580@62
2026-08-30 15:26:50,245 - pr_cifar10_class9_h2_m2_IF100_alpha0p5_seed42.log - INFO - Round 87 selected clients: [6, 15] | target exposure=1 samples=25 mass=0.019904 empirical_P=0.218391 theory_P=0.194737
2026-08-30 15:26:56,452 - pr_cifar10_class9_h2_m2_IF100_alpha0p5_seed42.log - INFO - Round 87 | Global 0.5875 | Head 0.6407 | Middle 0.5883 | Tail 0.5333 | Class-9 0.3930 | best_class9 0.6580@62
2026-08-30 15:26:56,454 - pr_cifar10_class9_h2_m2_IF100_alpha0p5_seed42.log - INFO - Round 88 selected clients: [0, 15] | target exposure=0 samples=0 mass=0.000000 empirical_P=0.215909 theory_P=0.194737
2026-08-30 15:27:02,404 - pr_cifar10_class9_h2_m2_IF100_alpha0p5_seed42.log - INFO - Round 88 | Global 0.5230 | Head 0.7123 | Middle 0.5530 | Tail 0.2937 | Class-9 0.1140 | best_class9 0.6580@62
2026-08-30 15:27:02,406 - pr_cifar10_class9_h2_m2_IF100_alpha0p5_seed42.log - INFO - Round 89 selected clients: [2, 5] | target exposure=0 samples=0 mass=0.000000 empirical_P=0.213483 theory_P=0.194737
2026-08-30 15:27:08,396 - pr_cifar10_class9_h2_m2_IF100_alpha0p5_seed42.log - INFO - Round 89 | Global 0.5941 | Head 0.7227 | Middle 0.6100 | Tail 0.4443 | Class-9 0.0400 | best_class9 0.6580@62
2026-08-30 15:27:08,398 - pr_cifar10_class9_h2_m2_IF100_alpha0p5_seed42.log - INFO - Round 90 selected clients: [10, 12] | target exposure=0 samples=0 mass=0.000000 empirical_P=0.211111 theory_P=0.194737
2026-08-30 15:27:14,642 - pr_cifar10_class9_h2_m2_IF100_alpha0p5_seed42.log - INFO - Round 90 | Global 0.5537 | Head 0.7390 | Middle 0.6492 | Tail 0.2410 | Class-9 0.0110 | best_class9 0.6580@62
2026-08-30 15:27:14,655 - pr_cifar10_class9_h2_m2_IF100_alpha0p5_seed42.log - INFO - Round 91 selected clients: [5, 6] | target exposure=1 samples=25 mass=0.019794 empirical_P=0.219780 theory_P=0.194737
2026-08-30 15:27:20,629 - pr_cifar10_class9_h2_m2_IF100_alpha0p5_seed42.log - INFO - Round 91 | Global 0.4649 | Head 0.4493 | Middle 0.4577 | Tail 0.4900 | Class-9 0.4280 | best_class9 0.6580@62
2026-08-30 15:27:20,629 - pr_cifar10_class9_h2_m2_IF100_alpha0p5_seed42.log - INFO - Round 92 selected clients: [11, 15] | target exposure=0 samples=0 mass=0.000000 empirical_P=0.217391 theory_P=0.194737
2026-08-30 15:27:26,570 - pr_cifar10_class9_h2_m2_IF100_alpha0p5_seed42.log - INFO - Round 92 | Global 0.5642 | Head 0.7593 | Middle 0.6292 | Tail 0.2823 | Class-9 0.0250 | best_class9 0.6580@62
2026-08-30 15:27:26,572 - pr_cifar10_class9_h2_m2_IF100_alpha0p5_seed42.log - INFO - Round 93 selected clients: [1, 9] | target exposure=0 samples=0 mass=0.000000 empirical_P=0.215054 theory_P=0.194737
2026-08-30 15:27:32,723 - pr_cifar10_class9_h2_m2_IF100_alpha0p5_seed42.log - INFO - Round 93 | Global 0.4876 | Head 0.6283 | Middle 0.5463 | Tail 0.2687 | Class-9 0.0080 | best_class9 0.6580@62
2026-08-30 15:27:32,725 - pr_cifar10_class9_h2_m2_IF100_alpha0p5_seed42.log - INFO - Round 94 selected clients: [9, 19] | target exposure=0 samples=0 mass=0.000000 empirical_P=0.212766 theory_P=0.194737
2026-08-30 15:27:38,581 - pr_cifar10_class9_h2_m2_IF100_alpha0p5_seed42.log - INFO - Round 94 | Global 0.5880 | Head 0.7110 | Middle 0.6340 | Tail 0.4037 | Class-9 0.0360 | best_class9 0.6580@62
2026-08-30 15:27:38,583 - pr_cifar10_class9_h2_m2_IF100_alpha0p5_seed42.log - INFO - Round 95 selected clients: [7, 16] | target exposure=0 samples=0 mass=0.000000 empirical_P=0.210526 theory_P=0.194737
2026-08-30 15:27:44,508 - pr_cifar10_class9_h2_m2_IF100_alpha0p5_seed42.log - INFO - Round 95 | Global 0.5621 | Head 0.8470 | Middle 0.5242 | Tail 0.3277 | Class-9 0.0050 | best_class9 0.6580@62
2026-08-30 15:27:44,509 - pr_cifar10_class9_h2_m2_IF100_alpha0p5_seed42.log - INFO - Round 96 selected clients: [6, 15] | target exposure=1 samples=25 mass=0.019904 empirical_P=0.218750 theory_P=0.194737
2026-08-30 15:27:50,876 - pr_cifar10_class9_h2_m2_IF100_alpha0p5_seed42.log - INFO - Round 96 | Global 0.5798 | Head 0.5970 | Middle 0.5655 | Tail 0.5817 | Class-9 0.5700 | best_class9 0.6580@62
2026-08-30 15:27:50,878 - pr_cifar10_class9_h2_m2_IF100_alpha0p5_seed42.log - INFO - Round 97 selected clients: [2, 12] | target exposure=0 samples=0 mass=0.000000 empirical_P=0.216495 theory_P=0.194737
2026-08-30 15:27:56,895 - pr_cifar10_class9_h2_m2_IF100_alpha0p5_seed42.log - INFO - Round 97 | Global 0.5971 | Head 0.7577 | Middle 0.6070 | Tail 0.4233 | Class-9 0.1130 | best_class9 0.6580@62
2026-08-30 15:27:56,897 - pr_cifar10_class9_h2_m2_IF100_alpha0p5_seed42.log - INFO - Round 98 selected clients: [4, 10] | target exposure=1 samples=25 mass=0.019747 empirical_P=0.224490 theory_P=0.194737
2026-08-30 15:28:02,999 - pr_cifar10_class9_h2_m2_IF100_alpha0p5_seed42.log - INFO - Round 98 | Global 0.5404 | Head 0.7523 | Middle 0.5970 | Tail 0.2530 | Class-9 0.3910 | best_class9 0.6580@62
2026-08-30 15:28:03,001 - pr_cifar10_class9_h2_m2_IF100_alpha0p5_seed42.log - INFO - Round 99 selected clients: [0, 13] | target exposure=0 samples=0 mass=0.000000 empirical_P=0.222222 theory_P=0.194737
2026-08-30 15:28:08,978 - pr_cifar10_class9_h2_m2_IF100_alpha0p5_seed42.log - INFO - Round 99 | Global 0.5543 | Head 0.8083 | Middle 0.5427 | Tail 0.3157 | Class-9 0.3620 | best_class9 0.6580@62
2026-08-30 15:28:08,980 - pr_cifar10_class9_h2_m2_IF100_alpha0p5_seed42.log - INFO - Round 100 selected clients: [10, 12] | target exposure=0 samples=0 mass=0.000000 empirical_P=0.220000 theory_P=0.194737
2026-08-30 15:28:15,050 - pr_cifar10_class9_h2_m2_IF100_alpha0p5_seed42.log - INFO - Round 100 | Global 0.5626 | Head 0.7823 | Middle 0.6165 | Tail 0.2710 | Class-9 0.2800 | best_class9 0.6580@62
2026-08-30 15:28:15,064 - pr_cifar10_class9_h2_m2_IF100_alpha0p5_seed42.log - INFO - Round 101 selected clients: [11, 15] | target exposure=0 samples=0 mass=0.000000 empirical_P=0.217822 theory_P=0.194737
2026-08-30 15:28:20,909 - pr_cifar10_class9_h2_m2_IF100_alpha0p5_seed42.log - INFO - Round 101 | Global 0.5498 | Head 0.7787 | Middle 0.6440 | Tail 0.1953 | Class-9 0.0730 | best_class9 0.6580@62
2026-08-30 15:28:20,911 - pr_cifar10_class9_h2_m2_IF100_alpha0p5_seed42.log - INFO - Round 102 selected clients: [12, 17] | target exposure=0 samples=0 mass=0.000000 empirical_P=0.215686 theory_P=0.194737
2026-08-30 15:28:26,914 - pr_cifar10_class9_h2_m2_IF100_alpha0p5_seed42.log - INFO - Round 102 | Global 0.5726 | Head 0.7487 | Middle 0.6202 | Tail 0.3330 | Class-9 0.1750 | best_class9 0.6580@62
2026-08-30 15:28:26,916 - pr_cifar10_class9_h2_m2_IF100_alpha0p5_seed42.log - INFO - Round 103 selected clients: [0, 9] | target exposure=0 samples=0 mass=0.000000 empirical_P=0.213592 theory_P=0.194737
2026-08-30 15:28:32,683 - pr_cifar10_class9_h2_m2_IF100_alpha0p5_seed42.log - INFO - Round 103 | Global 0.5621 | Head 0.7573 | Middle 0.5833 | Tail 0.3387 | Class-9 0.1310 | best_class9 0.6580@62
2026-08-30 15:28:32,685 - pr_cifar10_class9_h2_m2_IF100_alpha0p5_seed42.log - INFO - Round 104 selected clients: [12, 15] | target exposure=0 samples=0 mass=0.000000 empirical_P=0.211538 theory_P=0.194737
2026-08-30 15:28:38,659 - pr_cifar10_class9_h2_m2_IF100_alpha0p5_seed42.log - INFO - Round 104 | Global 0.5777 | Head 0.7713 | Middle 0.6518 | Tail 0.2853 | Class-9 0.0960 | best_class9 0.6580@62
2026-08-30 15:28:38,660 - pr_cifar10_class9_h2_m2_IF100_alpha0p5_seed42.log - INFO - Round 105 selected clients: [9, 12] | target exposure=0 samples=0 mass=0.000000 empirical_P=0.209524 theory_P=0.194737
2026-08-30 15:28:44,800 - pr_cifar10_class9_h2_m2_IF100_alpha0p5_seed42.log - INFO - Round 105 | Global 0.5768 | Head 0.7867 | Middle 0.6408 | Tail 0.2817 | Class-9 0.0660 | best_class9 0.6580@62
2026-08-30 15:28:44,802 - pr_cifar10_class9_h2_m2_IF100_alpha0p5_seed42.log - INFO - Round 106 selected clients: [6, 15] | target exposure=1 samples=25 mass=0.019904 empirical_P=0.216981 theory_P=0.194737
2026-08-30 15:28:50,885 - pr_cifar10_class9_h2_m2_IF100_alpha0p5_seed42.log - INFO - Round 106 | Global 0.6202 | Head 0.7090 | Middle 0.6182 | Tail 0.5340 | Class-9 0.4700 | best_class9 0.6580@62
2026-08-30 15:28:50,886 - pr_cifar10_class9_h2_m2_IF100_alpha0p5_seed42.log - INFO - Round 107 selected clients: [6, 8] | target exposure=1 samples=25 mass=0.019794 empirical_P=0.224299 theory_P=0.194737
2026-08-30 15:28:57,065 - pr_cifar10_class9_h2_m2_IF100_alpha0p5_seed42.log - INFO - Round 107 | Global 0.6213 | Head 0.6977 | Middle 0.5780 | Tail 0.6027 | Class-9 0.6990 | best_class9 0.6990@107
2026-08-30 15:28:57,066 - pr_cifar10_class9_h2_m2_IF100_alpha0p5_seed42.log - INFO - Round 108 selected clients: [7, 11] | target exposure=0 samples=0 mass=0.000000 empirical_P=0.222222 theory_P=0.194737
2026-08-30 15:29:03,201 - pr_cifar10_class9_h2_m2_IF100_alpha0p5_seed42.log - INFO - Round 108 | Global 0.5421 | Head 0.8180 | Middle 0.4640 | Tail 0.3703 | Class-9 0.2950 | best_class9 0.6990@107
2026-08-30 15:29:03,203 - pr_cifar10_class9_h2_m2_IF100_alpha0p5_seed42.log - INFO - Round 109 selected clients: [12, 16] | target exposure=0 samples=0 mass=0.000000 empirical_P=0.220183 theory_P=0.194737
2026-08-30 15:29:08,827 - pr_cifar10_class9_h2_m2_IF100_alpha0p5_seed42.log - INFO - Round 109 | Global 0.5675 | Head 0.8287 | Middle 0.5535 | Tail 0.3250 | Class-9 0.0560 | best_class9 0.6990@107
2026-08-30 15:29:08,829 - pr_cifar10_class9_h2_m2_IF100_alpha0p5_seed42.log - INFO - Round 110 selected clients: [18, 19] | target exposure=0 samples=0 mass=0.000000 empirical_P=0.218182 theory_P=0.194737
2026-08-30 15:29:14,670 - pr_cifar10_class9_h2_m2_IF100_alpha0p5_seed42.log - INFO - Round 110 | Global 0.5623 | Head 0.6310 | Middle 0.5150 | Tail 0.5567 | Class-9 0.1880 | best_class9 0.6990@107
2026-08-30 15:29:14,686 - pr_cifar10_class9_h2_m2_IF100_alpha0p5_seed42.log - INFO - Round 111 selected clients: [7, 15] | target exposure=0 samples=0 mass=0.000000 empirical_P=0.216216 theory_P=0.194737
2026-08-30 15:29:20,774 - pr_cifar10_class9_h2_m2_IF100_alpha0p5_seed42.log - INFO - Round 111 | Global 0.5919 | Head 0.7760 | Middle 0.6140 | Tail 0.3783 | Class-9 0.0940 | best_class9 0.6990@107
2026-08-30 15:29:20,775 - pr_cifar10_class9_h2_m2_IF100_alpha0p5_seed42.log - INFO - Round 112 selected clients: [7, 15] | target exposure=0 samples=0 mass=0.000000 empirical_P=0.214286 theory_P=0.194737
2026-08-30 15:29:26,875 - pr_cifar10_class9_h2_m2_IF100_alpha0p5_seed42.log - INFO - Round 112 | Global 0.5720 | Head 0.7657 | Middle 0.6282 | Tail 0.3033 | Class-9 0.0520 | best_class9 0.6990@107
2026-08-30 15:29:26,877 - pr_cifar10_class9_h2_m2_IF100_alpha0p5_seed42.log - INFO - Round 113 selected clients: [1, 15] | target exposure=0 samples=0 mass=0.000000 empirical_P=0.212389 theory_P=0.194737
2026-08-30 15:29:32,692 - pr_cifar10_class9_h2_m2_IF100_alpha0p5_seed42.log - INFO - Round 113 | Global 0.5375 | Head 0.7327 | Middle 0.5693 | Tail 0.3000 | Class-9 0.0240 | best_class9 0.6990@107
2026-08-30 15:29:32,694 - pr_cifar10_class9_h2_m2_IF100_alpha0p5_seed42.log - INFO - Round 114 selected clients: [6, 12] | target exposure=1 samples=25 mass=0.019794 empirical_P=0.219298 theory_P=0.194737
2026-08-30 15:29:38,443 - pr_cifar10_class9_h2_m2_IF100_alpha0p5_seed42.log - INFO - Round 114 | Global 0.6104 | Head 0.7107 | Middle 0.6162 | Tail 0.5023 | Class-9 0.3550 | best_class9 0.6990@107
2026-08-30 15:29:38,444 - pr_cifar10_class9_h2_m2_IF100_alpha0p5_seed42.log - INFO - Round 115 selected clients: [7, 8] | target exposure=0 samples=0 mass=0.000000 empirical_P=0.217391 theory_P=0.194737
2026-08-30 15:29:44,439 - pr_cifar10_class9_h2_m2_IF100_alpha0p5_seed42.log - INFO - Round 115 | Global 0.5318 | Head 0.7307 | Middle 0.5430 | Tail 0.3180 | Class-9 0.2320 | best_class9 0.6990@107
2026-08-30 15:29:44,441 - pr_cifar10_class9_h2_m2_IF100_alpha0p5_seed42.log - INFO - Round 116 selected clients: [9, 11] | target exposure=0 samples=0 mass=0.000000 empirical_P=0.215517 theory_P=0.194737
2026-08-30 15:29:50,388 - pr_cifar10_class9_h2_m2_IF100_alpha0p5_seed42.log - INFO - Round 116 | Global 0.5876 | Head 0.7923 | Middle 0.6185 | Tail 0.3417 | Class-9 0.0430 | best_class9 0.6990@107
2026-08-30 15:29:50,390 - pr_cifar10_class9_h2_m2_IF100_alpha0p5_seed42.log - INFO - Round 117 selected clients: [4, 18] | target exposure=1 samples=25 mass=0.019873 empirical_P=0.222222 theory_P=0.194737
2026-08-30 15:29:56,655 - pr_cifar10_class9_h2_m2_IF100_alpha0p5_seed42.log - INFO - Round 117 | Global 0.6026 | Head 0.7657 | Middle 0.5825 | Tail 0.4663 | Class-9 0.3800 | best_class9 0.6990@107
2026-08-30 15:29:56,657 - pr_cifar10_class9_h2_m2_IF100_alpha0p5_seed42.log - INFO - Round 118 selected clients: [15, 18] | target exposure=0 samples=0 mass=0.000000 empirical_P=0.220339 theory_P=0.194737
2026-08-30 15:30:02,648 - pr_cifar10_class9_h2_m2_IF100_alpha0p5_seed42.log - INFO - Round 118 | Global 0.6385 | Head 0.6920 | Middle 0.6480 | Tail 0.5723 | Class-9 0.4490 | best_class9 0.6990@107
2026-08-30 15:30:02,649 - pr_cifar10_class9_h2_m2_IF100_alpha0p5_seed42.log - INFO - Round 119 selected clients: [5, 13] | target exposure=0 samples=0 mass=0.000000 empirical_P=0.218487 theory_P=0.194737
2026-08-30 15:30:08,740 - pr_cifar10_class9_h2_m2_IF100_alpha0p5_seed42.log - INFO - Round 119 | Global 0.6154 | Head 0.7553 | Middle 0.5923 | Tail 0.5063 | Class-9 0.1600 | best_class9 0.6990@107
2026-08-30 15:30:08,742 - pr_cifar10_class9_h2_m2_IF100_alpha0p5_seed42.log - INFO - Round 120 selected clients: [15, 16] | target exposure=0 samples=0 mass=0.000000 empirical_P=0.216667 theory_P=0.194737
2026-08-30 15:30:14,743 - pr_cifar10_class9_h2_m2_IF100_alpha0p5_seed42.log - INFO - Round 120 | Global 0.5628 | Head 0.7480 | Middle 0.6112 | Tail 0.3130 | Class-9 0.0430 | best_class9 0.6990@107
2026-08-30 15:30:14,758 - pr_cifar10_class9_h2_m2_IF100_alpha0p5_seed42.log - INFO - Round 121 selected clients: [0, 7] | target exposure=0 samples=0 mass=0.000000 empirical_P=0.214876 theory_P=0.194737
2026-08-30 15:30:20,437 - pr_cifar10_class9_h2_m2_IF100_alpha0p5_seed42.log - INFO - Round 121 | Global 0.5298 | Head 0.8490 | Middle 0.5000 | Tail 0.2503 | Class-9 0.0770 | best_class9 0.6990@107
2026-08-30 15:30:20,438 - pr_cifar10_class9_h2_m2_IF100_alpha0p5_seed42.log - INFO - Round 122 selected clients: [1, 18] | target exposure=0 samples=0 mass=0.000000 empirical_P=0.213115 theory_P=0.194737
2026-08-30 15:30:26,788 - pr_cifar10_class9_h2_m2_IF100_alpha0p5_seed42.log - INFO - Round 122 | Global 0.5753 | Head 0.7577 | Middle 0.5357 | Tail 0.4457 | Class-9 0.1130 | best_class9 0.6990@107
2026-08-30 15:30:26,789 - pr_cifar10_class9_h2_m2_IF100_alpha0p5_seed42.log - INFO - Round 123 selected clients: [14, 16] | target exposure=0 samples=0 mass=0.000000 empirical_P=0.211382 theory_P=0.194737
2026-08-30 15:30:32,365 - pr_cifar10_class9_h2_m2_IF100_alpha0p5_seed42.log - INFO - Round 123 | Global 0.5706 | Head 0.8467 | Middle 0.5320 | Tail 0.3460 | Class-9 0.0100 | best_class9 0.6990@107
2026-08-30 15:30:32,366 - pr_cifar10_class9_h2_m2_IF100_alpha0p5_seed42.log - INFO - Round 124 selected clients: [8, 12] | target exposure=0 samples=0 mass=0.000000 empirical_P=0.209677 theory_P=0.194737
2026-08-30 15:30:37,943 - pr_cifar10_class9_h2_m2_IF100_alpha0p5_seed42.log - INFO - Round 124 | Global 0.5748 | Head 0.8383 | Middle 0.6032 | Tail 0.2733 | Class-9 0.0290 | best_class9 0.6990@107
2026-08-30 15:30:37,944 - pr_cifar10_class9_h2_m2_IF100_alpha0p5_seed42.log - INFO - Round 125 selected clients: [1, 8] | target exposure=0 samples=0 mass=0.000000 empirical_P=0.208000 theory_P=0.194737
2026-08-30 15:30:43,799 - pr_cifar10_class9_h2_m2_IF100_alpha0p5_seed42.log - INFO - Round 125 | Global 0.5416 | Head 0.8133 | Middle 0.5480 | Tail 0.2613 | Class-9 0.0420 | best_class9 0.6990@107
2026-08-30 15:30:43,801 - pr_cifar10_class9_h2_m2_IF100_alpha0p5_seed42.log - INFO - Round 126 selected clients: [2, 8] | target exposure=0 samples=0 mass=0.000000 empirical_P=0.206349 theory_P=0.194737
2026-08-30 15:30:49,464 - pr_cifar10_class9_h2_m2_IF100_alpha0p5_seed42.log - INFO - Round 126 | Global 0.6133 | Head 0.7707 | Middle 0.6675 | Tail 0.3837 | Class-9 0.0720 | best_class9 0.6990@107
2026-08-30 15:30:49,465 - pr_cifar10_class9_h2_m2_IF100_alpha0p5_seed42.log - INFO - Round 127 selected clients: [16, 17] | target exposure=0 samples=0 mass=0.000000 empirical_P=0.204724 theory_P=0.194737
2026-08-30 15:30:54,745 - pr_cifar10_class9_h2_m2_IF100_alpha0p5_seed42.log - INFO - Round 127 | Global 0.6028 | Head 0.8130 | Middle 0.6055 | Tail 0.3890 | Class-9 0.0210 | best_class9 0.6990@107
2026-08-30 15:30:54,746 - pr_cifar10_class9_h2_m2_IF100_alpha0p5_seed42.log - INFO - Round 128 selected clients: [8, 12] | target exposure=0 samples=0 mass=0.000000 empirical_P=0.203125 theory_P=0.194737
2026-08-30 15:31:00,279 - pr_cifar10_class9_h2_m2_IF100_alpha0p5_seed42.log - INFO - Round 128 | Global 0.5765 | Head 0.8173 | Middle 0.6110 | Tail 0.2897 | Class-9 0.0100 | best_class9 0.6990@107
2026-08-30 15:31:00,281 - pr_cifar10_class9_h2_m2_IF100_alpha0p5_seed42.log - INFO - Round 129 selected clients: [4, 17] | target exposure=1 samples=25 mass=0.019747 empirical_P=0.209302 theory_P=0.194737
2026-08-30 15:31:06,469 - pr_cifar10_class9_h2_m2_IF100_alpha0p5_seed42.log - INFO - Round 129 | Global 0.6100 | Head 0.7397 | Middle 0.6292 | Tail 0.4547 | Class-9 0.5470 | best_class9 0.6990@107
2026-08-30 15:31:06,471 - pr_cifar10_class9_h2_m2_IF100_alpha0p5_seed42.log - INFO - Round 130 selected clients: [14, 17] | target exposure=0 samples=0 mass=0.000000 empirical_P=0.207692 theory_P=0.194737
2026-08-30 15:31:12,148 - pr_cifar10_class9_h2_m2_IF100_alpha0p5_seed42.log - INFO - Round 130 | Global 0.5846 | Head 0.7560 | Middle 0.6112 | Tail 0.3777 | Class-9 0.2430 | best_class9 0.6990@107
2026-08-30 15:31:12,162 - pr_cifar10_class9_h2_m2_IF100_alpha0p5_seed42.log - INFO - Round 131 selected clients: [3, 18] | target exposure=0 samples=0 mass=0.000000 empirical_P=0.206107 theory_P=0.194737
2026-08-30 15:31:17,617 - pr_cifar10_class9_h2_m2_IF100_alpha0p5_seed42.log - INFO - Round 131 | Global 0.4733 | Head 0.4203 | Middle 0.4838 | Tail 0.5123 | Class-9 0.2840 | best_class9 0.6990@107
2026-08-30 15:31:17,618 - pr_cifar10_class9_h2_m2_IF100_alpha0p5_seed42.log - INFO - Round 132 selected clients: [1, 12] | target exposure=0 samples=0 mass=0.000000 empirical_P=0.204545 theory_P=0.194737
2026-08-30 15:31:23,418 - pr_cifar10_class9_h2_m2_IF100_alpha0p5_seed42.log - INFO - Round 132 | Global 0.6011 | Head 0.7843 | Middle 0.6135 | Tail 0.4013 | Class-9 0.1370 | best_class9 0.6990@107
2026-08-30 15:31:23,420 - pr_cifar10_class9_h2_m2_IF100_alpha0p5_seed42.log - INFO - Round 133 selected clients: [0, 15] | target exposure=0 samples=0 mass=0.000000 empirical_P=0.203008 theory_P=0.194737
2026-08-30 15:31:28,962 - pr_cifar10_class9_h2_m2_IF100_alpha0p5_seed42.log - INFO - Round 133 | Global 0.5136 | Head 0.7550 | Middle 0.5397 | Tail 0.2373 | Class-9 0.0440 | best_class9 0.6990@107
2026-08-30 15:31:28,964 - pr_cifar10_class9_h2_m2_IF100_alpha0p5_seed42.log - INFO - Round 134 selected clients: [7, 19] | target exposure=0 samples=0 mass=0.000000 empirical_P=0.201493 theory_P=0.194737
2026-08-30 15:31:34,368 - pr_cifar10_class9_h2_m2_IF100_alpha0p5_seed42.log - INFO - Round 134 | Global 0.5615 | Head 0.5653 | Middle 0.5148 | Tail 0.6200 | Class-9 0.2540 | best_class9 0.6990@107
2026-08-30 15:31:34,369 - pr_cifar10_class9_h2_m2_IF100_alpha0p5_seed42.log - INFO - Round 135 selected clients: [12, 13] | target exposure=0 samples=0 mass=0.000000 empirical_P=0.200000 theory_P=0.194737
2026-08-30 15:31:40,087 - pr_cifar10_class9_h2_m2_IF100_alpha0p5_seed42.log - INFO - Round 135 | Global 0.6056 | Head 0.7497 | Middle 0.6478 | Tail 0.4053 | Class-9 0.0620 | best_class9 0.6990@107
2026-08-30 15:31:40,088 - pr_cifar10_class9_h2_m2_IF100_alpha0p5_seed42.log - INFO - Round 136 selected clients: [10, 18] | target exposure=0 samples=0 mass=0.000000 empirical_P=0.198529 theory_P=0.194737
2026-08-30 15:31:45,721 - pr_cifar10_class9_h2_m2_IF100_alpha0p5_seed42.log - INFO - Round 136 | Global 0.6133 | Head 0.7643 | Middle 0.6290 | Tail 0.4413 | Class-9 0.0530 | best_class9 0.6990@107
2026-08-30 15:31:45,722 - pr_cifar10_class9_h2_m2_IF100_alpha0p5_seed42.log - INFO - Round 137 selected clients: [1, 5] | target exposure=0 samples=0 mass=0.000000 empirical_P=0.197080 theory_P=0.194737
2026-08-30 15:31:51,192 - pr_cifar10_class9_h2_m2_IF100_alpha0p5_seed42.log - INFO - Round 137 | Global 0.6055 | Head 0.7583 | Middle 0.6012 | Tail 0.4583 | Class-9 0.0370 | best_class9 0.6990@107
2026-08-30 15:31:51,193 - pr_cifar10_class9_h2_m2_IF100_alpha0p5_seed42.log - INFO - Round 138 selected clients: [0, 18] | target exposure=0 samples=0 mass=0.000000 empirical_P=0.195652 theory_P=0.194737
2026-08-30 15:31:56,931 - pr_cifar10_class9_h2_m2_IF100_alpha0p5_seed42.log - INFO - Round 138 | Global 0.6004 | Head 0.7340 | Middle 0.5687 | Tail 0.5090 | Class-9 0.0690 | best_class9 0.6990@107
2026-08-30 15:31:56,931 - pr_cifar10_class9_h2_m2_IF100_alpha0p5_seed42.log - INFO - Round 139 selected clients: [4, 14] | target exposure=1 samples=25 mass=0.019747 empirical_P=0.201439 theory_P=0.194737
2026-08-30 15:32:02,621 - pr_cifar10_class9_h2_m2_IF100_alpha0p5_seed42.log - INFO - Round 139 | Global 0.5694 | Head 0.8120 | Middle 0.5473 | Tail 0.3563 | Class-9 0.2950 | best_class9 0.6990@107
2026-08-30 15:32:02,622 - pr_cifar10_class9_h2_m2_IF100_alpha0p5_seed42.log - INFO - Round 140 selected clients: [6, 16] | target exposure=1 samples=25 mass=0.019794 empirical_P=0.207143 theory_P=0.194737
2026-08-30 15:32:08,227 - pr_cifar10_class9_h2_m2_IF100_alpha0p5_seed42.log - INFO - Round 140 | Global 0.6504 | Head 0.7890 | Middle 0.5985 | Tail 0.5810 | Class-9 0.5530 | best_class9 0.6990@107
2026-08-30 15:32:08,242 - pr_cifar10_class9_h2_m2_IF100_alpha0p5_seed42.log - INFO - Round 141 selected clients: [3, 19] | target exposure=0 samples=0 mass=0.000000 empirical_P=0.205674 theory_P=0.194737
2026-08-30 15:32:13,753 - pr_cifar10_class9_h2_m2_IF100_alpha0p5_seed42.log - INFO - Round 141 | Global 0.6309 | Head 0.7067 | Middle 0.6002 | Tail 0.5960 | Class-9 0.3560 | best_class9 0.6990@107
2026-08-30 15:32:13,754 - pr_cifar10_class9_h2_m2_IF100_alpha0p5_seed42.log - INFO - Round 142 selected clients: [2, 17] | target exposure=0 samples=0 mass=0.000000 empirical_P=0.204225 theory_P=0.194737
2026-08-30 15:32:19,331 - pr_cifar10_class9_h2_m2_IF100_alpha0p5_seed42.log - INFO - Round 142 | Global 0.6280 | Head 0.6637 | Middle 0.6415 | Tail 0.5743 | Class-9 0.2630 | best_class9 0.6990@107
2026-08-30 15:32:19,331 - pr_cifar10_class9_h2_m2_IF100_alpha0p5_seed42.log - INFO - Round 143 selected clients: [1, 8] | target exposure=0 samples=0 mass=0.000000 empirical_P=0.202797 theory_P=0.194737
2026-08-30 15:32:24,845 - pr_cifar10_class9_h2_m2_IF100_alpha0p5_seed42.log - INFO - Round 143 | Global 0.6061 | Head 0.7820 | Middle 0.6130 | Tail 0.4210 | Class-9 0.1240 | best_class9 0.6990@107
2026-08-30 15:32:24,847 - pr_cifar10_class9_h2_m2_IF100_alpha0p5_seed42.log - INFO - Round 144 selected clients: [8, 12] | target exposure=0 samples=0 mass=0.000000 empirical_P=0.201389 theory_P=0.194737
2026-08-30 15:32:30,971 - pr_cifar10_class9_h2_m2_IF100_alpha0p5_seed42.log - INFO - Round 144 | Global 0.6082 | Head 0.7927 | Middle 0.6522 | Tail 0.3650 | Class-9 0.0870 | best_class9 0.6990@107
2026-08-30 15:32:30,972 - pr_cifar10_class9_h2_m2_IF100_alpha0p5_seed42.log - INFO - Round 145 selected clients: [2, 7] | target exposure=0 samples=0 mass=0.000000 empirical_P=0.200000 theory_P=0.194737
2026-08-30 15:32:36,971 - pr_cifar10_class9_h2_m2_IF100_alpha0p5_seed42.log - INFO - Round 145 | Global 0.6196 | Head 0.7410 | Middle 0.6673 | Tail 0.4347 | Class-9 0.1340 | best_class9 0.6990@107
2026-08-30 15:32:36,972 - pr_cifar10_class9_h2_m2_IF100_alpha0p5_seed42.log - INFO - Round 146 selected clients: [6, 12] | target exposure=1 samples=25 mass=0.019794 empirical_P=0.205479 theory_P=0.194737
2026-08-30 15:32:42,995 - pr_cifar10_class9_h2_m2_IF100_alpha0p5_seed42.log - INFO - Round 146 | Global 0.5869 | Head 0.5953 | Middle 0.6398 | Tail 0.5080 | Class-9 0.3670 | best_class9 0.6990@107
2026-08-30 15:32:42,996 - pr_cifar10_class9_h2_m2_IF100_alpha0p5_seed42.log - INFO - Round 147 selected clients: [1, 12] | target exposure=0 samples=0 mass=0.000000 empirical_P=0.204082 theory_P=0.194737
2026-08-30 15:32:48,937 - pr_cifar10_class9_h2_m2_IF100_alpha0p5_seed42.log - INFO - Round 147 | Global 0.6010 | Head 0.7533 | Middle 0.6098 | Tail 0.4370 | Class-9 0.2510 | best_class9 0.6990@107
2026-08-30 15:32:48,938 - pr_cifar10_class9_h2_m2_IF100_alpha0p5_seed42.log - INFO - Round 148 selected clients: [0, 10] | target exposure=0 samples=0 mass=0.000000 empirical_P=0.202703 theory_P=0.194737
2026-08-30 15:32:55,388 - pr_cifar10_class9_h2_m2_IF100_alpha0p5_seed42.log - INFO - Round 148 | Global 0.5621 | Head 0.8027 | Middle 0.5373 | Tail 0.3547 | Class-9 0.1740 | best_class9 0.6990@107
2026-08-30 15:32:55,389 - pr_cifar10_class9_h2_m2_IF100_alpha0p5_seed42.log - INFO - Round 149 selected clients: [7, 14] | target exposure=0 samples=0 mass=0.000000 empirical_P=0.201342 theory_P=0.194737
2026-08-30 15:33:01,155 - pr_cifar10_class9_h2_m2_IF100_alpha0p5_seed42.log - INFO - Round 149 | Global 0.5034 | Head 0.8003 | Middle 0.4763 | Tail 0.2427 | Class-9 0.0770 | best_class9 0.6990@107
2026-08-30 15:33:01,156 - pr_cifar10_class9_h2_m2_IF100_alpha0p5_seed42.log - INFO - Round 150 selected clients: [11, 12] | target exposure=0 samples=0 mass=0.000000 empirical_P=0.200000 theory_P=0.194737
2026-08-30 15:33:07,050 - pr_cifar10_class9_h2_m2_IF100_alpha0p5_seed42.log - INFO - Round 150 | Global 0.5803 | Head 0.8230 | Middle 0.6042 | Tail 0.3057 | Class-9 0.0550 | best_class9 0.6990@107
2026-08-30 15:33:07,065 - pr_cifar10_class9_h2_m2_IF100_alpha0p5_seed42.log - INFO - Round 151 selected clients: [14, 15] | target exposure=0 samples=0 mass=0.000000 empirical_P=0.198675 theory_P=0.194737
2026-08-30 15:33:12,842 - pr_cifar10_class9_h2_m2_IF100_alpha0p5_seed42.log - INFO - Round 151 | Global 0.5747 | Head 0.7893 | Middle 0.6325 | Tail 0.2830 | Class-9 0.0200 | best_class9 0.6990@107
2026-08-30 15:33:12,843 - pr_cifar10_class9_h2_m2_IF100_alpha0p5_seed42.log - INFO - Round 152 selected clients: [18, 19] | target exposure=0 samples=0 mass=0.000000 empirical_P=0.197368 theory_P=0.194737
2026-08-30 15:33:18,653 - pr_cifar10_class9_h2_m2_IF100_alpha0p5_seed42.log - INFO - Round 152 | Global 0.6027 | Head 0.7513 | Middle 0.5575 | Tail 0.5143 | Class-9 0.1110 | best_class9 0.6990@107
2026-08-30 15:33:18,654 - pr_cifar10_class9_h2_m2_IF100_alpha0p5_seed42.log - INFO - Round 153 selected clients: [4, 19] | target exposure=1 samples=25 mass=0.019904 empirical_P=0.202614 theory_P=0.194737
2026-08-30 15:33:24,673 - pr_cifar10_class9_h2_m2_IF100_alpha0p5_seed42.log - INFO - Round 153 | Global 0.6384 | Head 0.6693 | Middle 0.5917 | Tail 0.6697 | Class-9 0.6410 | best_class9 0.6990@107
2026-08-30 15:33:24,674 - pr_cifar10_class9_h2_m2_IF100_alpha0p5_seed42.log - INFO - Round 154 selected clients: [2, 18] | target exposure=0 samples=0 mass=0.000000 empirical_P=0.201299 theory_P=0.194737
2026-08-30 15:33:30,574 - pr_cifar10_class9_h2_m2_IF100_alpha0p5_seed42.log - INFO - Round 154 | Global 0.6280 | Head 0.6633 | Middle 0.5493 | Tail 0.6977 | Class-9 0.5640 | best_class9 0.6990@107
2026-08-30 15:33:30,576 - pr_cifar10_class9_h2_m2_IF100_alpha0p5_seed42.log - INFO - Round 155 selected clients: [1, 14] | target exposure=0 samples=0 mass=0.000000 empirical_P=0.200000 theory_P=0.194737
2026-08-30 15:33:36,385 - pr_cifar10_class9_h2_m2_IF100_alpha0p5_seed42.log - INFO - Round 155 | Global 0.6237 | Head 0.7883 | Middle 0.5913 | Tail 0.5023 | Class-9 0.2020 | best_class9 0.6990@107
2026-08-30 15:33:36,387 - pr_cifar10_class9_h2_m2_IF100_alpha0p5_seed42.log - INFO - Round 156 selected clients: [2, 14] | target exposure=0 samples=0 mass=0.000000 empirical_P=0.198718 theory_P=0.194737
2026-08-30 15:33:42,333 - pr_cifar10_class9_h2_m2_IF100_alpha0p5_seed42.log - INFO - Round 156 | Global 0.6396 | Head 0.7420 | Middle 0.6415 | Tail 0.5347 | Class-9 0.2260 | best_class9 0.6990@107
2026-08-30 15:33:42,335 - pr_cifar10_class9_h2_m2_IF100_alpha0p5_seed42.log - INFO - Round 157 selected clients: [16, 18] | target exposure=0 samples=0 mass=0.000000 empirical_P=0.197452 theory_P=0.194737
2026-08-30 15:33:48,357 - pr_cifar10_class9_h2_m2_IF100_alpha0p5_seed42.log - INFO - Round 157 | Global 0.6245 | Head 0.7500 | Middle 0.6258 | Tail 0.4973 | Class-9 0.0720 | best_class9 0.6990@107
2026-08-30 15:33:48,359 - pr_cifar10_class9_h2_m2_IF100_alpha0p5_seed42.log - INFO - Round 158 selected clients: [11, 17] | target exposure=0 samples=0 mass=0.000000 empirical_P=0.196203 theory_P=0.194737
2026-08-30 15:33:54,172 - pr_cifar10_class9_h2_m2_IF100_alpha0p5_seed42.log - INFO - Round 158 | Global 0.6139 | Head 0.8163 | Middle 0.6255 | Tail 0.3960 | Class-9 0.0550 | best_class9 0.6990@107
2026-08-30 15:33:54,174 - pr_cifar10_class9_h2_m2_IF100_alpha0p5_seed42.log - INFO - Round 159 selected clients: [4, 19] | target exposure=1 samples=25 mass=0.019904 empirical_P=0.201258 theory_P=0.194737
2026-08-30 15:33:59,948 - pr_cifar10_class9_h2_m2_IF100_alpha0p5_seed42.log - INFO - Round 159 | Global 0.6327 | Head 0.7640 | Middle 0.5787 | Tail 0.5733 | Class-9 0.5620 | best_class9 0.6990@107
2026-08-30 15:33:59,950 - pr_cifar10_class9_h2_m2_IF100_alpha0p5_seed42.log - INFO - Round 160 selected clients: [2, 5] | target exposure=0 samples=0 mass=0.000000 empirical_P=0.200000 theory_P=0.194737
2026-08-30 15:34:06,041 - pr_cifar10_class9_h2_m2_IF100_alpha0p5_seed42.log - INFO - Round 160 | Global 0.6560 | Head 0.7067 | Middle 0.6350 | Tail 0.6333 | Class-9 0.4580 | best_class9 0.6990@107
2026-08-30 15:34:06,053 - pr_cifar10_class9_h2_m2_IF100_alpha0p5_seed42.log - INFO - Round 161 selected clients: [17, 18] | target exposure=0 samples=0 mass=0.000000 empirical_P=0.198758 theory_P=0.194737
2026-08-30 15:34:11,725 - pr_cifar10_class9_h2_m2_IF100_alpha0p5_seed42.log - INFO - Round 161 | Global 0.6118 | Head 0.7510 | Middle 0.6122 | Tail 0.4720 | Class-9 0.1580 | best_class9 0.6990@107
2026-08-30 15:34:11,727 - pr_cifar10_class9_h2_m2_IF100_alpha0p5_seed42.log - INFO - Round 162 selected clients: [2, 15] | target exposure=0 samples=0 mass=0.000000 empirical_P=0.197531 theory_P=0.194737
2026-08-30 15:34:17,931 - pr_cifar10_class9_h2_m2_IF100_alpha0p5_seed42.log - INFO - Round 162 | Global 0.6483 | Head 0.7377 | Middle 0.6667 | Tail 0.5343 | Class-9 0.3230 | best_class9 0.6990@107
2026-08-30 15:34:17,932 - pr_cifar10_class9_h2_m2_IF100_alpha0p5_seed42.log - INFO - Round 163 selected clients: [6, 11] | target exposure=1 samples=25 mass=0.019794 empirical_P=0.202454 theory_P=0.194737
2026-08-30 15:34:23,777 - pr_cifar10_class9_h2_m2_IF100_alpha0p5_seed42.log - INFO - Round 163 | Global 0.6796 | Head 0.7790 | Middle 0.6458 | Tail 0.6253 | Class-9 0.5030 | best_class9 0.6990@107
2026-08-30 15:34:23,778 - pr_cifar10_class9_h2_m2_IF100_alpha0p5_seed42.log - INFO - Round 164 selected clients: [6, 13] | target exposure=1 samples=25 mass=0.019794 empirical_P=0.207317 theory_P=0.194737
2026-08-30 15:34:29,589 - pr_cifar10_class9_h2_m2_IF100_alpha0p5_seed42.log - INFO - Round 164 | Global 0.5381 | Head 0.4830 | Middle 0.5980 | Tail 0.5133 | Class-9 0.4520 | best_class9 0.6990@107
2026-08-30 15:34:29,591 - pr_cifar10_class9_h2_m2_IF100_alpha0p5_seed42.log - INFO - Round 165 selected clients: [15, 17] | target exposure=0 samples=0 mass=0.000000 empirical_P=0.206061 theory_P=0.194737
2026-08-30 15:34:35,779 - pr_cifar10_class9_h2_m2_IF100_alpha0p5_seed42.log - INFO - Round 165 | Global 0.5920 | Head 0.7603 | Middle 0.5807 | Tail 0.4387 | Class-9 0.2450 | best_class9 0.6990@107
2026-08-30 15:34:35,780 - pr_cifar10_class9_h2_m2_IF100_alpha0p5_seed42.log - INFO - Round 166 selected clients: [14, 16] | target exposure=0 samples=0 mass=0.000000 empirical_P=0.204819 theory_P=0.194737
2026-08-30 15:34:41,696 - pr_cifar10_class9_h2_m2_IF100_alpha0p5_seed42.log - INFO - Round 166 | Global 0.5833 | Head 0.8490 | Middle 0.5680 | Tail 0.3380 | Class-9 0.0430 | best_class9 0.6990@107
2026-08-30 15:34:41,697 - pr_cifar10_class9_h2_m2_IF100_alpha0p5_seed42.log - INFO - Round 167 selected clients: [4, 18] | target exposure=1 samples=25 mass=0.019873 empirical_P=0.209581 theory_P=0.194737
2026-08-30 15:34:47,455 - pr_cifar10_class9_h2_m2_IF100_alpha0p5_seed42.log - INFO - Round 167 | Global 0.6393 | Head 0.6857 | Middle 0.6342 | Tail 0.5997 | Class-9 0.6770 | best_class9 0.6990@107
2026-08-30 15:34:47,456 - pr_cifar10_class9_h2_m2_IF100_alpha0p5_seed42.log - INFO - Round 168 selected clients: [3, 4] | target exposure=1 samples=25 mass=0.019984 empirical_P=0.214286 theory_P=0.194737
2026-08-30 15:34:53,536 - pr_cifar10_class9_h2_m2_IF100_alpha0p5_seed42.log - INFO - Round 168 | Global 0.6483 | Head 0.7917 | Middle 0.6185 | Tail 0.5447 | Class-9 0.5800 | best_class9 0.6990@107
2026-08-30 15:34:53,539 - pr_cifar10_class9_h2_m2_IF100_alpha0p5_seed42.log - INFO - Round 169 selected clients: [1, 9] | target exposure=0 samples=0 mass=0.000000 empirical_P=0.213018 theory_P=0.194737
2026-08-30 15:34:59,388 - pr_cifar10_class9_h2_m2_IF100_alpha0p5_seed42.log - INFO - Round 169 | Global 0.5960 | Head 0.8143 | Middle 0.5567 | Tail 0.4300 | Class-9 0.3280 | best_class9 0.6990@107
2026-08-30 15:34:59,390 - pr_cifar10_class9_h2_m2_IF100_alpha0p5_seed42.log - INFO - Round 170 selected clients: [5, 11] | target exposure=0 samples=0 mass=0.000000 empirical_P=0.211765 theory_P=0.194737
2026-08-30 15:35:05,059 - pr_cifar10_class9_h2_m2_IF100_alpha0p5_seed42.log - INFO - Round 170 | Global 0.6474 | Head 0.8040 | Middle 0.6492 | Tail 0.4883 | Class-9 0.3280 | best_class9 0.6990@107
2026-08-30 15:35:05,078 - pr_cifar10_class9_h2_m2_IF100_alpha0p5_seed42.log - INFO - Round 171 selected clients: [6, 12] | target exposure=1 samples=25 mass=0.019794 empirical_P=0.216374 theory_P=0.194737
2026-08-30 15:35:11,258 - pr_cifar10_class9_h2_m2_IF100_alpha0p5_seed42.log - INFO - Round 171 | Global 0.6628 | Head 0.6470 | Middle 0.6565 | Tail 0.6870 | Class-9 0.6790 | best_class9 0.6990@107
2026-08-30 15:35:11,259 - pr_cifar10_class9_h2_m2_IF100_alpha0p5_seed42.log - INFO - Round 172 selected clients: [9, 10] | target exposure=0 samples=0 mass=0.000000 empirical_P=0.215116 theory_P=0.194737
2026-08-30 15:35:17,561 - pr_cifar10_class9_h2_m2_IF100_alpha0p5_seed42.log - INFO - Round 172 | Global 0.6516 | Head 0.8003 | Middle 0.6567 | Tail 0.4960 | Class-9 0.4060 | best_class9 0.6990@107
2026-08-30 15:35:17,562 - pr_cifar10_class9_h2_m2_IF100_alpha0p5_seed42.log - INFO - Round 173 selected clients: [13, 16] | target exposure=0 samples=0 mass=0.000000 empirical_P=0.213873 theory_P=0.194737
2026-08-30 15:35:23,763 - pr_cifar10_class9_h2_m2_IF100_alpha0p5_seed42.log - INFO - Round 173 | Global 0.6205 | Head 0.8390 | Middle 0.6162 | Tail 0.4077 | Class-9 0.1660 | best_class9 0.6990@107
2026-08-30 15:35:23,765 - pr_cifar10_class9_h2_m2_IF100_alpha0p5_seed42.log - INFO - Round 174 selected clients: [6, 15] | target exposure=1 samples=25 mass=0.019904 empirical_P=0.218391 theory_P=0.194737
2026-08-30 15:35:29,849 - pr_cifar10_class9_h2_m2_IF100_alpha0p5_seed42.log - INFO - Round 174 | Global 0.6552 | Head 0.7087 | Middle 0.6700 | Tail 0.5820 | Class-9 0.4840 | best_class9 0.6990@107
2026-08-30 15:35:29,850 - pr_cifar10_class9_h2_m2_IF100_alpha0p5_seed42.log - INFO - Round 175 selected clients: [2, 9] | target exposure=0 samples=0 mass=0.000000 empirical_P=0.217143 theory_P=0.194737
2026-08-30 15:35:36,011 - pr_cifar10_class9_h2_m2_IF100_alpha0p5_seed42.log - INFO - Round 175 | Global 0.6413 | Head 0.7093 | Middle 0.6757 | Tail 0.5273 | Class-9 0.2740 | best_class9 0.6990@107
2026-08-30 15:35:36,013 - pr_cifar10_class9_h2_m2_IF100_alpha0p5_seed42.log - INFO - Round 176 selected clients: [3, 12] | target exposure=0 samples=0 mass=0.000000 empirical_P=0.215909 theory_P=0.194737
2026-08-30 15:35:41,810 - pr_cifar10_class9_h2_m2_IF100_alpha0p5_seed42.log - INFO - Round 176 | Global 0.6475 | Head 0.7917 | Middle 0.6837 | Tail 0.4550 | Class-9 0.2090 | best_class9 0.6990@107
2026-08-30 15:35:41,812 - pr_cifar10_class9_h2_m2_IF100_alpha0p5_seed42.log - INFO - Round 177 selected clients: [10, 18] | target exposure=0 samples=0 mass=0.000000 empirical_P=0.214689 theory_P=0.194737
2026-08-30 15:35:47,806 - pr_cifar10_class9_h2_m2_IF100_alpha0p5_seed42.log - INFO - Round 177 | Global 0.6417 | Head 0.7707 | Middle 0.6440 | Tail 0.5097 | Class-9 0.2140 | best_class9 0.6990@107
2026-08-30 15:35:47,808 - pr_cifar10_class9_h2_m2_IF100_alpha0p5_seed42.log - INFO - Round 178 selected clients: [5, 7] | target exposure=0 samples=0 mass=0.000000 empirical_P=0.213483 theory_P=0.194737
2026-08-30 15:35:53,727 - pr_cifar10_class9_h2_m2_IF100_alpha0p5_seed42.log - INFO - Round 178 | Global 0.6380 | Head 0.7863 | Middle 0.6392 | Tail 0.4880 | Class-9 0.1950 | best_class9 0.6990@107
2026-08-30 15:35:53,728 - pr_cifar10_class9_h2_m2_IF100_alpha0p5_seed42.log - INFO - Round 179 selected clients: [4, 13] | target exposure=1 samples=25 mass=0.019747 empirical_P=0.217877 theory_P=0.194737
2026-08-30 15:35:59,254 - pr_cifar10_class9_h2_m2_IF100_alpha0p5_seed42.log - INFO - Round 179 | Global 0.5936 | Head 0.7910 | Middle 0.5550 | Tail 0.4477 | Class-9 0.3980 | best_class9 0.6990@107
2026-08-30 15:35:59,255 - pr_cifar10_class9_h2_m2_IF100_alpha0p5_seed42.log - INFO - Round 180 selected clients: [3, 9] | target exposure=0 samples=0 mass=0.000000 empirical_P=0.216667 theory_P=0.194737
2026-08-30 15:36:05,199 - pr_cifar10_class9_h2_m2_IF100_alpha0p5_seed42.log - INFO - Round 180 | Global 0.6091 | Head 0.6850 | Middle 0.6510 | Tail 0.4773 | Class-9 0.2770 | best_class9 0.6990@107
2026-08-30 15:36:05,215 - pr_cifar10_class9_h2_m2_IF100_alpha0p5_seed42.log - INFO - Round 181 selected clients: [0, 14] | target exposure=0 samples=0 mass=0.000000 empirical_P=0.215470 theory_P=0.194737
2026-08-30 15:36:11,106 - pr_cifar10_class9_h2_m2_IF100_alpha0p5_seed42.log - INFO - Round 181 | Global 0.4587 | Head 0.6053 | Middle 0.4607 | Tail 0.3093 | Class-9 0.1700 | best_class9 0.6990@107
2026-08-30 15:36:11,108 - pr_cifar10_class9_h2_m2_IF100_alpha0p5_seed42.log - INFO - Round 182 selected clients: [8, 17] | target exposure=0 samples=0 mass=0.000000 empirical_P=0.214286 theory_P=0.194737
2026-08-30 15:36:16,815 - pr_cifar10_class9_h2_m2_IF100_alpha0p5_seed42.log - INFO - Round 182 | Global 0.6113 | Head 0.8000 | Middle 0.6105 | Tail 0.4237 | Class-9 0.2650 | best_class9 0.6990@107
2026-08-30 15:36:16,816 - pr_cifar10_class9_h2_m2_IF100_alpha0p5_seed42.log - INFO - Round 183 selected clients: [8, 18] | target exposure=0 samples=0 mass=0.000000 empirical_P=0.213115 theory_P=0.194737
2026-08-30 15:36:22,150 - pr_cifar10_class9_h2_m2_IF100_alpha0p5_seed42.log - INFO - Round 183 | Global 0.6028 | Head 0.8043 | Middle 0.6088 | Tail 0.3933 | Class-9 0.0960 | best_class9 0.6990@107
2026-08-30 15:36:22,152 - pr_cifar10_class9_h2_m2_IF100_alpha0p5_seed42.log - INFO - Round 184 selected clients: [0, 18] | target exposure=0 samples=0 mass=0.000000 empirical_P=0.211957 theory_P=0.194737
2026-08-30 15:36:27,789 - pr_cifar10_class9_h2_m2_IF100_alpha0p5_seed42.log - INFO - Round 184 | Global 0.4727 | Head 0.7743 | Middle 0.3008 | Tail 0.4003 | Class-9 0.1660 | best_class9 0.6990@107
2026-08-30 15:36:27,790 - pr_cifar10_class9_h2_m2_IF100_alpha0p5_seed42.log - INFO - Round 185 selected clients: [7, 8] | target exposure=0 samples=0 mass=0.000000 empirical_P=0.210811 theory_P=0.194737
2026-08-30 15:36:33,170 - pr_cifar10_class9_h2_m2_IF100_alpha0p5_seed42.log - INFO - Round 185 | Global 0.4927 | Head 0.8380 | Middle 0.3877 | Tail 0.2873 | Class-9 0.0920 | best_class9 0.6990@107
2026-08-30 15:36:33,171 - pr_cifar10_class9_h2_m2_IF100_alpha0p5_seed42.log - INFO - Round 186 selected clients: [7, 10] | target exposure=0 samples=0 mass=0.000000 empirical_P=0.209677 theory_P=0.194737
2026-08-30 15:36:39,426 - pr_cifar10_class9_h2_m2_IF100_alpha0p5_seed42.log - INFO - Round 186 | Global 0.4412 | Head 0.8007 | Middle 0.3465 | Tail 0.2080 | Class-9 0.0390 | best_class9 0.6990@107
2026-08-30 15:36:39,427 - pr_cifar10_class9_h2_m2_IF100_alpha0p5_seed42.log - INFO - Round 187 selected clients: [1, 19] | target exposure=0 samples=0 mass=0.000000 empirical_P=0.208556 theory_P=0.194737
2026-08-30 15:36:45,438 - pr_cifar10_class9_h2_m2_IF100_alpha0p5_seed42.log - INFO - Round 187 | Global 0.5956 | Head 0.7150 | Middle 0.5657 | Tail 0.5160 | Class-9 0.2810 | best_class9 0.6990@107
2026-08-30 15:36:45,439 - pr_cifar10_class9_h2_m2_IF100_alpha0p5_seed42.log - INFO - Round 188 selected clients: [14, 15] | target exposure=0 samples=0 mass=0.000000 empirical_P=0.207447 theory_P=0.194737
2026-08-30 15:36:50,892 - pr_cifar10_class9_h2_m2_IF100_alpha0p5_seed42.log - INFO - Round 188 | Global 0.6029 | Head 0.8037 | Middle 0.6382 | Tail 0.3550 | Class-9 0.0320 | best_class9 0.6990@107
2026-08-30 15:36:50,893 - pr_cifar10_class9_h2_m2_IF100_alpha0p5_seed42.log - INFO - Round 189 selected clients: [2, 16] | target exposure=0 samples=0 mass=0.000000 empirical_P=0.206349 theory_P=0.194737
2026-08-30 15:36:56,412 - pr_cifar10_class9_h2_m2_IF100_alpha0p5_seed42.log - INFO - Round 189 | Global 0.6393 | Head 0.7937 | Middle 0.6340 | Tail 0.4920 | Class-9 0.0950 | best_class9 0.6990@107
2026-08-30 15:36:56,415 - pr_cifar10_class9_h2_m2_IF100_alpha0p5_seed42.log - INFO - Round 190 selected clients: [1, 4] | target exposure=1 samples=25 mass=0.019732 empirical_P=0.210526 theory_P=0.194737
2026-08-30 15:37:02,141 - pr_cifar10_class9_h2_m2_IF100_alpha0p5_seed42.log - INFO - Round 190 | Global 0.6216 | Head 0.7930 | Middle 0.6080 | Tail 0.4683 | Class-9 0.5100 | best_class9 0.6990@107
2026-08-30 15:37:02,155 - pr_cifar10_class9_h2_m2_IF100_alpha0p5_seed42.log - INFO - Round 191 selected clients: [1, 10] | target exposure=0 samples=0 mass=0.000000 empirical_P=0.209424 theory_P=0.194737
2026-08-30 15:37:07,699 - pr_cifar10_class9_h2_m2_IF100_alpha0p5_seed42.log - INFO - Round 191 | Global 0.6085 | Head 0.8293 | Middle 0.5763 | Tail 0.4307 | Class-9 0.4300 | best_class9 0.6990@107
2026-08-30 15:37:07,701 - pr_cifar10_class9_h2_m2_IF100_alpha0p5_seed42.log - INFO - Round 192 selected clients: [0, 8] | target exposure=0 samples=0 mass=0.000000 empirical_P=0.208333 theory_P=0.194737
2026-08-30 15:37:13,584 - pr_cifar10_class9_h2_m2_IF100_alpha0p5_seed42.log - INFO - Round 192 | Global 0.5777 | Head 0.8307 | Middle 0.5437 | Tail 0.3700 | Class-9 0.3000 | best_class9 0.6990@107
2026-08-30 15:37:13,586 - pr_cifar10_class9_h2_m2_IF100_alpha0p5_seed42.log - INFO - Round 193 selected clients: [1, 10] | target exposure=0 samples=0 mass=0.000000 empirical_P=0.207254 theory_P=0.194737
2026-08-30 15:37:19,162 - pr_cifar10_class9_h2_m2_IF100_alpha0p5_seed42.log - INFO - Round 193 | Global 0.5658 | Head 0.8453 | Middle 0.5265 | Tail 0.3387 | Class-9 0.2310 | best_class9 0.6990@107
2026-08-30 15:37:19,164 - pr_cifar10_class9_h2_m2_IF100_alpha0p5_seed42.log - INFO - Round 194 selected clients: [10, 11] | target exposure=0 samples=0 mass=0.000000 empirical_P=0.206186 theory_P=0.194737
2026-08-30 15:37:24,702 - pr_cifar10_class9_h2_m2_IF100_alpha0p5_seed42.log - INFO - Round 194 | Global 0.5182 | Head 0.8497 | Middle 0.4938 | Tail 0.2193 | Class-9 0.0880 | best_class9 0.6990@107
2026-08-30 15:37:24,704 - pr_cifar10_class9_h2_m2_IF100_alpha0p5_seed42.log - INFO - Round 195 selected clients: [10, 13] | target exposure=0 samples=0 mass=0.000000 empirical_P=0.205128 theory_P=0.194737
2026-08-30 15:37:30,660 - pr_cifar10_class9_h2_m2_IF100_alpha0p5_seed42.log - INFO - Round 195 | Global 0.5175 | Head 0.8533 | Middle 0.4930 | Tail 0.2143 | Class-9 0.0810 | best_class9 0.6990@107
2026-08-30 15:37:30,661 - pr_cifar10_class9_h2_m2_IF100_alpha0p5_seed42.log - INFO - Round 196 selected clients: [1, 9] | target exposure=0 samples=0 mass=0.000000 empirical_P=0.204082 theory_P=0.194737
2026-08-30 15:37:36,409 - pr_cifar10_class9_h2_m2_IF100_alpha0p5_seed42.log - INFO - Round 196 | Global 0.5962 | Head 0.8147 | Middle 0.5705 | Tail 0.4120 | Class-9 0.2270 | best_class9 0.6990@107
2026-08-30 15:37:36,411 - pr_cifar10_class9_h2_m2_IF100_alpha0p5_seed42.log - INFO - Round 197 selected clients: [11, 18] | target exposure=0 samples=0 mass=0.000000 empirical_P=0.203046 theory_P=0.194737
2026-08-30 15:37:41,860 - pr_cifar10_class9_h2_m2_IF100_alpha0p5_seed42.log - INFO - Round 197 | Global 0.6241 | Head 0.8080 | Middle 0.6280 | Tail 0.4350 | Class-9 0.1390 | best_class9 0.6990@107
2026-08-30 15:37:41,861 - pr_cifar10_class9_h2_m2_IF100_alpha0p5_seed42.log - INFO - Round 198 selected clients: [2, 16] | target exposure=0 samples=0 mass=0.000000 empirical_P=0.202020 theory_P=0.194737
2026-08-30 15:37:47,591 - pr_cifar10_class9_h2_m2_IF100_alpha0p5_seed42.log - INFO - Round 198 | Global 0.6273 | Head 0.7853 | Middle 0.6148 | Tail 0.4860 | Class-9 0.1350 | best_class9 0.6990@107
2026-08-30 15:37:47,593 - pr_cifar10_class9_h2_m2_IF100_alpha0p5_seed42.log - INFO - Round 199 selected clients: [13, 14] | target exposure=0 samples=0 mass=0.000000 empirical_P=0.201005 theory_P=0.194737
2026-08-30 15:37:53,461 - pr_cifar10_class9_h2_m2_IF100_alpha0p5_seed42.log - INFO - Round 199 | Global 0.6112 | Head 0.8490 | Middle 0.5942 | Tail 0.3960 | Class-9 0.0970 | best_class9 0.6990@107
2026-08-30 15:37:53,463 - pr_cifar10_class9_h2_m2_IF100_alpha0p5_seed42.log - INFO - Round 200 selected clients: [8, 14] | target exposure=0 samples=0 mass=0.000000 empirical_P=0.200000 theory_P=0.194737
2026-08-30 15:38:00,111 - pr_cifar10_class9_h2_m2_IF100_alpha0p5_seed42.log - INFO - Round 200 | Global 0.5598 | Head 0.8463 | Middle 0.5570 | Tail 0.2770 | Class-9 0.0370 | best_class9 0.6990@107
2026-08-30 15:38:00,144 - pr_cifar10_class9_h2_m2_IF100_alpha0p5_seed42.log - INFO - ==========================================================================================
2026-08-30 15:38:00,145 - pr_cifar10_class9_h2_m2_IF100_alpha0p5_seed42.log - INFO - FINISHED FIXED-h / VARIED-PARTICIPATION EXPERIMENT
2026-08-30 15:38:00,145 - pr_cifar10_class9_h2_m2_IF100_alpha0p5_seed42.log - INFO - target_class=9 N=50 actual_h=2 m=2 participation=0.1000
2026-08-30 15:38:00,146 - pr_cifar10_class9_h2_m2_IF100_alpha0p5_seed42.log - INFO - Theoretical exposure: 0.194737
2026-08-30 15:38:00,146 - pr_cifar10_class9_h2_m2_IF100_alpha0p5_seed42.log - INFO - Empirical exposure over 200 rounds: 0.200000
2026-08-30 15:38:00,146 - pr_cifar10_class9_h2_m2_IF100_alpha0p5_seed42.log - INFO - Final class-9 accuracy: 0.0370
2026-08-30 15:38:00,146 - pr_cifar10_class9_h2_m2_IF100_alpha0p5_seed42.log - INFO - Final Tail accuracy: 0.2770
2026-08-30 15:38:00,146 - pr_cifar10_class9_h2_m2_IF100_alpha0p5_seed42.log - INFO - Final Global accuracy: 0.5598
2026-08-30 15:38:00,146 - pr_cifar10_class9_h2_m2_IF100_alpha0p5_seed42.log - INFO - Best class-9 accuracy (diagnostic only): 0.6990 @ round 107
2026-08-30 15:38:00,146 - pr_cifar10_class9_h2_m2_IF100_alpha0p5_seed42.log - INFO - Best Tail accuracy (diagnostic only): 0.6977 @ round 154
2026-08-30 15:38:00,146 - pr_cifar10_class9_h2_m2_IF100_alpha0p5_seed42.log - INFO - Metrics CSV: D:\Desktop\FedLF_project\FedLF\outputs\pr_cifar10_class9_h2_m2_IF100_alpha0p5_seed42\metrics.csv
2026-08-30 15:38:00,147 - pr_cifar10_class9_h2_m2_IF100_alpha0p5_seed42.log - INFO - History: D:\Desktop\FedLF_project\FedLF\outputs\pr_cifar10_class9_h2_m2_IF100_alpha0p5_seed42\history.pkl
2026-08-30 15:38:00,147 - pr_cifar10_class9_h2_m2_IF100_alpha0p5_seed42.log - INFO - Config: D:\Desktop\FedLF_project\FedLF\outputs\pr_cifar10_class9_h2_m2_IF100_alpha0p5_seed42\config.json
2026-08-30 15:38:00,147 - pr_cifar10_class9_h2_m2_IF100_alpha0p5_seed42.log - INFO - Checkpoint: D:\Desktop\FedLF_project\FedLF\outputs\pr_cifar10_class9_h2_m2_IF100_alpha0p5_seed42\checkpoint.pth
2026-08-30 15:38:00,147 - pr_cifar10_class9_h2_m2_IF100_alpha0p5_seed42.log - INFO - Final model: D:\Desktop\FedLF_project\FedLF\outputs\pr_cifar10_class9_h2_m2_IF100_alpha0p5_seed42\final_model.pth
2026-08-30 15:38:00,147 - pr_cifar10_class9_h2_m2_IF100_alpha0p5_seed42.log - INFO - ==========================================================================================
