2026-08-30 23:50:23,135 - beta_cifar10_beta0p125_IF100_alpha0p5_seed42.log - INFO - ==========================================================================================
2026-08-30 23:50:23,135 - beta_cifar10_beta0p125_IF100_alpha0p5_seed42.log - INFO - EXPERIMENT 12: A-BETA / HEAD-TAIL PARETO
2026-08-30 23:50:23,135 - beta_cifar10_beta0p125_IF100_alpha0p5_seed42.log - INFO - Run name: beta_cifar10_beta0p125_IF100_alpha0p5_seed42
2026-08-30 23:50:23,135 - beta_cifar10_beta0p125_IF100_alpha0p5_seed42.log - INFO - Mode: a | S=False C=False A=True
2026-08-30 23:50:23,136 - beta_cifar10_beta0p125_IF100_alpha0p5_seed42.log - INFO - dataset:cifar10, num_classes:10
2026-08-30 23:50:23,136 - beta_cifar10_beta0p125_IF100_alpha0p5_seed42.log - INFO - imb_factor:0.01 (IF=100), non_iid_alpha:0.5, rs_alpha:0.5
2026-08-30 23:50:23,136 - beta_cifar10_beta0p125_IF100_alpha0p5_seed42.log - INFO - K=20, online=8, participation=0.4000
2026-08-30 23:50:23,136 - beta_cifar10_beta0p125_IF100_alpha0p5_seed42.log - INFO - rounds=200, local_epochs=10, batch=32, base_lr=0.1, lr_schedule=fixed
2026-08-30 23:50:23,136 - beta_cifar10_beta0p125_IF100_alpha0p5_seed42.log - INFO - S epsilon=0.7500 | C alpha=0.7000 warmup=30 | A tail_agg_weight=1.5000 beta=0.1250 residual_factor=1.1250
2026-08-30 23:50:23,136 - beta_cifar10_beta0p125_IF100_alpha0p5_seed42.log - INFO - seed=42
2026-08-30 23:50:23,136 - beta_cifar10_beta0p125_IF100_alpha0p5_seed42.log - INFO - test-set rollback enabled: False
2026-08-30 23:50:23,136 - beta_cifar10_beta0p125_IF100_alpha0p5_seed42.log - INFO - Log file: D:\Desktop\FedLF_project\FedLF\Logs\beta_cifar10_beta0p125_IF100_alpha0p5_seed42.log
2026-08-30 23:50:23,136 - beta_cifar10_beta0p125_IF100_alpha0p5_seed42.log - INFO - Output directory: D:\Desktop\FedLF_project\FedLF\outputs\beta_cifar10_beta0p125_IF100_alpha0p5_seed42
2026-08-30 23:50:23,136 - beta_cifar10_beta0p125_IF100_alpha0p5_seed42.log - INFO - ==========================================================================================
2026-08-30 23:50:29,013 - beta_cifar10_beta0p125_IF100_alpha0p5_seed42.log - INFO - Global class counts: [5000, 2997, 1796, 1077, 645, 387, 232, 139, 83, 50]
2026-08-30 23:50:29,013 - beta_cifar10_beta0p125_IF100_alpha0p5_seed42.log - INFO - Paper thresholds: Head > 1500, Tail < 200
2026-08-30 23:50:29,013 - beta_cifar10_beta0p125_IF100_alpha0p5_seed42.log - INFO - Tail classes (<200): [7, 8, 9]
2026-08-30 23:50:29,013 - beta_cifar10_beta0p125_IF100_alpha0p5_seed42.log - INFO - Client data sizes: [621, 621, 621, 621, 621, 621, 620, 620, 620, 620, 620, 620, 620, 620, 620, 620, 620, 620, 620, 620]
2026-08-30 23:50:29,013 - beta_cifar10_beta0p125_IF100_alpha0p5_seed42.log - INFO - Partition SHA256: 91fc508fdd8b116a19ca7809c6dfe5d6b9f4161086b898c272ecff4fedcd1acf
2026-08-30 23:50:29,142 - beta_cifar10_beta0p125_IF100_alpha0p5_seed42.log - INFO - Round 1 selected clients: [0, 1, 3, 5, 8, 11, 15, 17]
2026-08-30 23:50:46,823 - beta_cifar10_beta0p125_IF100_alpha0p5_seed42.log - INFO - Round 1 | Global 0.1881 | Head 0.6067 | Middle 0.0152 | Tail 0.0000 | Hmean 0.0000 | ExpEvent 1 | ExpMass 0.023973 | best_tail 0.0000@1
2026-08-30 23:50:46,823 - beta_cifar10_beta0p125_IF100_alpha0p5_seed42.log - INFO - Round 2 selected clients: [4, 5, 7, 12, 14, 15, 16, 19]
2026-08-30 23:51:04,784 - beta_cifar10_beta0p125_IF100_alpha0p5_seed42.log - INFO - Round 2 | Global 0.2119 | Head 0.6730 | Middle 0.0250 | Tail 0.0000 | Hmean 0.0000 | ExpEvent 1 | ExpMass 0.015921 | best_tail 0.0000@2
2026-08-30 23:51:04,784 - beta_cifar10_beta0p125_IF100_alpha0p5_seed42.log - INFO - Round 3 selected clients: [0, 2, 5, 7, 10, 12, 16, 18]
2026-08-30 23:51:22,856 - beta_cifar10_beta0p125_IF100_alpha0p5_seed42.log - INFO - Round 3 | Global 0.2597 | Head 0.7247 | Middle 0.1057 | Tail 0.0000 | Hmean 0.0000 | ExpEvent 1 | ExpMass 0.018940 | best_tail 0.0000@3
2026-08-30 23:51:22,856 - beta_cifar10_beta0p125_IF100_alpha0p5_seed42.log - INFO - Round 4 selected clients: [0, 4, 6, 8, 9, 11, 17, 18]
2026-08-30 23:51:40,552 - beta_cifar10_beta0p125_IF100_alpha0p5_seed42.log - INFO - Round 4 | Global 0.2662 | Head 0.7397 | Middle 0.1108 | Tail 0.0000 | Hmean 0.0000 | ExpEvent 1 | ExpMass 0.027408 | best_tail 0.0000@4
2026-08-30 23:51:40,552 - beta_cifar10_beta0p125_IF100_alpha0p5_seed42.log - INFO - Round 5 selected clients: [0, 2, 5, 9, 10, 12, 16, 19]
2026-08-30 23:51:58,835 - beta_cifar10_beta0p125_IF100_alpha0p5_seed42.log - INFO - Round 5 | Global 0.2953 | Head 0.7410 | Middle 0.1825 | Tail 0.0000 | Hmean 0.0000 | ExpEvent 1 | ExpMass 0.021560 | best_tail 0.0000@5
2026-08-30 23:51:58,835 - beta_cifar10_beta0p125_IF100_alpha0p5_seed42.log - INFO - Round 6 selected clients: [1, 3, 4, 5, 9, 10, 15, 16]
2026-08-30 23:52:16,932 - beta_cifar10_beta0p125_IF100_alpha0p5_seed42.log - INFO - Round 6 | Global 0.3079 | Head 0.7793 | Middle 0.1852 | Tail 0.0000 | Hmean 0.0000 | ExpEvent 1 | ExpMass 0.016317 | best_tail 0.0000@6
2026-08-30 23:52:16,932 - beta_cifar10_beta0p125_IF100_alpha0p5_seed42.log - INFO - Round 7 selected clients: [2, 3, 5, 9, 10, 12, 13, 16]
2026-08-30 23:52:34,499 - beta_cifar10_beta0p125_IF100_alpha0p5_seed42.log - INFO - Round 7 | Global 0.3344 | Head 0.7623 | Middle 0.2642 | Tail 0.0000 | Hmean 0.0000 | ExpEvent 1 | ExpMass 0.019948 | best_tail 0.0000@7
2026-08-30 23:52:34,499 - beta_cifar10_beta0p125_IF100_alpha0p5_seed42.log - INFO - Round 8 selected clients: [1, 3, 5, 7, 11, 15, 17, 18]
2026-08-30 23:52:52,395 - beta_cifar10_beta0p125_IF100_alpha0p5_seed42.log - INFO - Round 8 | Global 0.3689 | Head 0.7517 | Middle 0.3362 | Tail 0.0297 | Hmean 0.0571 | ExpEvent 1 | ExpMass 0.031433 | best_tail 0.0297@8
2026-08-30 23:52:52,406 - beta_cifar10_beta0p125_IF100_alpha0p5_seed42.log - INFO - Round 9 selected clients: [0, 4, 7, 8, 9, 11, 13, 17]
2026-08-30 23:53:10,367 - beta_cifar10_beta0p125_IF100_alpha0p5_seed42.log - INFO - Round 9 | Global 0.3521 | Head 0.7450 | Middle 0.2855 | Tail 0.0480 | Hmean 0.0902 | ExpEvent 1 | ExpMass 0.012092 | best_tail 0.0480@9
2026-08-30 23:53:10,367 - beta_cifar10_beta0p125_IF100_alpha0p5_seed42.log - INFO - Round 10 selected clients: [1, 2, 4, 5, 7, 9, 15, 16]
2026-08-30 23:53:27,874 - beta_cifar10_beta0p125_IF100_alpha0p5_seed42.log - INFO - Round 10 | Global 0.3683 | Head 0.7873 | Middle 0.3215 | Tail 0.0117 | Hmean 0.0231 | ExpEvent 1 | ExpMass 0.015310 | best_tail 0.0480@9
2026-08-30 23:53:27,903 - beta_cifar10_beta0p125_IF100_alpha0p5_seed42.log - INFO - Checkpoint @10 | Global 0.3683 | Head 0.7873 | Middle 0.3215 | Tail 0.0117 | Hmean 0.0231
2026-08-30 23:53:27,903 - beta_cifar10_beta0p125_IF100_alpha0p5_seed42.log - INFO - Round 11 selected clients: [1, 2, 4, 6, 12, 13, 16, 17]
2026-08-30 23:53:45,302 - beta_cifar10_beta0p125_IF100_alpha0p5_seed42.log - INFO - Round 11 | Global 0.4294 | Head 0.7827 | Middle 0.3767 | Tail 0.1463 | Hmean 0.2465 | ExpEvent 1 | ExpMass 0.023171 | best_tail 0.1463@11
2026-08-30 23:53:45,302 - beta_cifar10_beta0p125_IF100_alpha0p5_seed42.log - INFO - Round 12 selected clients: [3, 6, 8, 9, 11, 14, 17, 18]
2026-08-30 23:54:02,817 - beta_cifar10_beta0p125_IF100_alpha0p5_seed42.log - INFO - Round 12 | Global 0.4489 | Head 0.7697 | Middle 0.4225 | Tail 0.1633 | Hmean 0.2694 | ExpEvent 1 | ExpMass 0.033663 | best_tail 0.1633@12
2026-08-30 23:54:02,820 - beta_cifar10_beta0p125_IF100_alpha0p5_seed42.log - INFO - Round 13 selected clients: [2, 6, 8, 9, 12, 13, 14, 19]
2026-08-30 23:54:20,261 - beta_cifar10_beta0p125_IF100_alpha0p5_seed42.log - INFO - Round 13 | Global 0.4399 | Head 0.7390 | Middle 0.4025 | Tail 0.1907 | Hmean 0.3032 | ExpEvent 1 | ExpMass 0.023382 | best_tail 0.1907@13
2026-08-30 23:54:20,261 - beta_cifar10_beta0p125_IF100_alpha0p5_seed42.log - INFO - Round 14 selected clients: [1, 4, 5, 9, 10, 11, 12, 19]
2026-08-30 23:54:36,578 - beta_cifar10_beta0p125_IF100_alpha0p5_seed42.log - INFO - Round 14 | Global 0.4459 | Head 0.7367 | Middle 0.4662 | Tail 0.1280 | Hmean 0.2181 | ExpEvent 1 | ExpMass 0.016321 | best_tail 0.1907@13
2026-08-30 23:54:36,578 - beta_cifar10_beta0p125_IF100_alpha0p5_seed42.log - INFO - Round 15 selected clients: [4, 5, 7, 12, 13, 14, 16, 19]
2026-08-30 23:54:53,036 - beta_cifar10_beta0p125_IF100_alpha0p5_seed42.log - INFO - Round 15 | Global 0.4526 | Head 0.7353 | Middle 0.4285 | Tail 0.2020 | Hmean 0.3169 | ExpEvent 1 | ExpMass 0.014107 | best_tail 0.2020@15
2026-08-30 23:54:53,036 - beta_cifar10_beta0p125_IF100_alpha0p5_seed42.log - INFO - Round 16 selected clients: [1, 4, 6, 9, 11, 13, 14, 18]
2026-08-30 23:55:11,367 - beta_cifar10_beta0p125_IF100_alpha0p5_seed42.log - INFO - Round 16 | Global 0.4424 | Head 0.7540 | Middle 0.4130 | Tail 0.1700 | Hmean 0.2774 | ExpEvent 1 | ExpMass 0.017533 | best_tail 0.2020@15
2026-08-30 23:55:11,367 - beta_cifar10_beta0p125_IF100_alpha0p5_seed42.log - INFO - Round 17 selected clients: [4, 6, 7, 9, 11, 12, 14, 16]
2026-08-30 23:55:29,416 - beta_cifar10_beta0p125_IF100_alpha0p5_seed42.log - INFO - Round 17 | Global 0.4561 | Head 0.7743 | Middle 0.4333 | Tail 0.1683 | Hmean 0.2765 | ExpEvent 1 | ExpMass 0.010280 | best_tail 0.2020@15
2026-08-30 23:55:29,416 - beta_cifar10_beta0p125_IF100_alpha0p5_seed42.log - INFO - Round 18 selected clients: [1, 3, 4, 7, 8, 9, 12, 18]
2026-08-30 23:55:47,310 - beta_cifar10_beta0p125_IF100_alpha0p5_seed42.log - INFO - Round 18 | Global 0.4547 | Head 0.7533 | Middle 0.4595 | Tail 0.1497 | Hmean 0.2498 | ExpEvent 1 | ExpMass 0.016119 | best_tail 0.2020@15
2026-08-30 23:55:47,310 - beta_cifar10_beta0p125_IF100_alpha0p5_seed42.log - INFO - Round 19 selected clients: [1, 6, 7, 8, 9, 10, 11, 19]
2026-08-30 23:56:04,960 - beta_cifar10_beta0p125_IF100_alpha0p5_seed42.log - INFO - Round 19 | Global 0.5055 | Head 0.7200 | Middle 0.4680 | Tail 0.3410 | Hmean 0.4628 | ExpEvent 1 | ExpMass 0.017940 | best_tail 0.3410@19
2026-08-30 23:56:04,960 - beta_cifar10_beta0p125_IF100_alpha0p5_seed42.log - INFO - Round 20 selected clients: [3, 4, 6, 10, 11, 13, 14, 17]
2026-08-30 23:56:23,022 - beta_cifar10_beta0p125_IF100_alpha0p5_seed42.log - INFO - Round 20 | Global 0.4878 | Head 0.7330 | Middle 0.4495 | Tail 0.2937 | Hmean 0.4194 | ExpEvent 1 | ExpMass 0.023982 | best_tail 0.3410@19
2026-08-30 23:56:23,048 - beta_cifar10_beta0p125_IF100_alpha0p5_seed42.log - INFO - Checkpoint @20 | Global 0.4878 | Head 0.7330 | Middle 0.4495 | Tail 0.2937 | Hmean 0.4194
2026-08-30 23:56:23,048 - beta_cifar10_beta0p125_IF100_alpha0p5_seed42.log - INFO - Round 21 selected clients: [3, 4, 13, 14, 15, 17, 18, 19]
2026-08-30 23:56:41,556 - beta_cifar10_beta0p125_IF100_alpha0p5_seed42.log - INFO - Round 21 | Global 0.5106 | Head 0.7323 | Middle 0.5105 | Tail 0.2890 | Hmean 0.4144 | ExpEvent 1 | ExpMass 0.033253 | best_tail 0.3410@19
2026-08-30 23:56:41,556 - beta_cifar10_beta0p125_IF100_alpha0p5_seed42.log - INFO - Round 22 selected clients: [4, 5, 8, 10, 16, 17, 18, 19]
2026-08-30 23:57:00,413 - beta_cifar10_beta0p125_IF100_alpha0p5_seed42.log - INFO - Round 22 | Global 0.5152 | Head 0.7173 | Middle 0.4635 | Tail 0.3820 | Hmean 0.4985 | ExpEvent 1 | ExpMass 0.031237 | best_tail 0.3820@22
2026-08-30 23:57:00,413 - beta_cifar10_beta0p125_IF100_alpha0p5_seed42.log - INFO - Round 23 selected clients: [1, 2, 3, 6, 8, 13, 15, 19]
2026-08-30 23:57:18,658 - beta_cifar10_beta0p125_IF100_alpha0p5_seed42.log - INFO - Round 23 | Global 0.5458 | Head 0.6393 | Middle 0.5298 | Tail 0.4737 | Hmean 0.5442 | ExpEvent 1 | ExpMass 0.029015 | best_tail 0.4737@23
2026-08-30 23:57:18,658 - beta_cifar10_beta0p125_IF100_alpha0p5_seed42.log - INFO - Round 24 selected clients: [3, 4, 5, 8, 10, 13, 14, 17]
2026-08-30 23:57:36,938 - beta_cifar10_beta0p125_IF100_alpha0p5_seed42.log - INFO - Round 24 | Global 0.5267 | Head 0.7430 | Middle 0.5102 | Tail 0.3323 | Hmean 0.4592 | ExpEvent 1 | ExpMass 0.022164 | best_tail 0.4737@23
2026-08-30 23:57:36,948 - beta_cifar10_beta0p125_IF100_alpha0p5_seed42.log - INFO - Round 25 selected clients: [2, 3, 6, 9, 10, 12, 15, 18]
2026-08-30 23:57:54,790 - beta_cifar10_beta0p125_IF100_alpha0p5_seed42.log - INFO - Round 25 | Global 0.5670 | Head 0.5313 | Middle 0.5570 | Tail 0.6160 | Hmean 0.5705 | ExpEvent 1 | ExpMass 0.031036 | best_tail 0.6160@25
2026-08-30 23:57:54,790 - beta_cifar10_beta0p125_IF100_alpha0p5_seed42.log - INFO - Round 26 selected clients: [1, 2, 5, 6, 7, 8, 12, 16]
2026-08-30 23:58:13,286 - beta_cifar10_beta0p125_IF100_alpha0p5_seed42.log - INFO - Round 26 | Global 0.5634 | Head 0.6913 | Middle 0.5640 | Tail 0.4347 | Hmean 0.5338 | ExpEvent 1 | ExpMass 0.019343 | best_tail 0.6160@25
2026-08-30 23:58:13,286 - beta_cifar10_beta0p125_IF100_alpha0p5_seed42.log - INFO - Round 27 selected clients: [5, 6, 8, 10, 12, 13, 14, 17]
2026-08-30 23:58:31,645 - beta_cifar10_beta0p125_IF100_alpha0p5_seed42.log - INFO - Round 27 | Global 0.5327 | Head 0.7193 | Middle 0.5210 | Tail 0.3617 | Hmean 0.4814 | ExpEvent 1 | ExpMass 0.023987 | best_tail 0.6160@25
2026-08-30 23:58:31,645 - beta_cifar10_beta0p125_IF100_alpha0p5_seed42.log - INFO - Round 28 selected clients: [1, 3, 5, 6, 7, 8, 14, 19]
2026-08-30 23:58:49,925 - beta_cifar10_beta0p125_IF100_alpha0p5_seed42.log - INFO - Round 28 | Global 0.5792 | Head 0.7067 | Middle 0.5315 | Tail 0.5153 | Hmean 0.5960 | ExpEvent 1 | ExpMass 0.028007 | best_tail 0.6160@25
2026-08-30 23:58:49,925 - beta_cifar10_beta0p125_IF100_alpha0p5_seed42.log - INFO - Round 29 selected clients: [3, 4, 5, 8, 12, 14, 15, 16]
2026-08-30 23:59:07,833 - beta_cifar10_beta0p125_IF100_alpha0p5_seed42.log - INFO - Round 29 | Global 0.5645 | Head 0.7480 | Middle 0.5527 | Tail 0.3967 | Hmean 0.5184 | ExpEvent 1 | ExpMass 0.014306 | best_tail 0.6160@25
2026-08-30 23:59:07,833 - beta_cifar10_beta0p125_IF100_alpha0p5_seed42.log - INFO - Round 30 selected clients: [5, 6, 11, 13, 14, 15, 16, 19]
2026-08-30 23:59:26,189 - beta_cifar10_beta0p125_IF100_alpha0p5_seed42.log - INFO - Round 30 | Global 0.5648 | Head 0.7393 | Middle 0.5343 | Tail 0.4310 | Hmean 0.5445 | ExpEvent 1 | ExpMass 0.023584 | best_tail 0.6160@25
2026-08-30 23:59:26,212 - beta_cifar10_beta0p125_IF100_alpha0p5_seed42.log - INFO - Checkpoint @30 | Global 0.5648 | Head 0.7393 | Middle 0.5343 | Tail 0.4310 | Hmean 0.5445
2026-08-30 23:59:26,212 - beta_cifar10_beta0p125_IF100_alpha0p5_seed42.log - INFO - Round 31 selected clients: [1, 4, 6, 7, 9, 11, 14, 19]
2026-08-30 23:59:43,857 - beta_cifar10_beta0p125_IF100_alpha0p5_seed42.log - INFO - Round 31 | Global 0.5706 | Head 0.7267 | Middle 0.5405 | Tail 0.4547 | Hmean 0.5594 | ExpEvent 1 | ExpMass 0.017936 | best_tail 0.6160@25
2026-08-30 23:59:43,857 - beta_cifar10_beta0p125_IF100_alpha0p5_seed42.log - INFO - Round 32 selected clients: [0, 1, 5, 6, 7, 9, 12, 19]
2026-08-31 00:00:01,978 - beta_cifar10_beta0p125_IF100_alpha0p5_seed42.log - INFO - Round 32 | Global 0.5901 | Head 0.6837 | Middle 0.5215 | Tail 0.5880 | Hmean 0.6322 | ExpEvent 1 | ExpMass 0.024179 | best_tail 0.6160@25
2026-08-31 00:00:01,978 - beta_cifar10_beta0p125_IF100_alpha0p5_seed42.log - INFO - Round 33 selected clients: [3, 5, 7, 11, 14, 15, 16, 17]
2026-08-31 00:00:20,252 - beta_cifar10_beta0p125_IF100_alpha0p5_seed42.log - INFO - Round 33 | Global 0.5906 | Head 0.7650 | Middle 0.5455 | Tail 0.4763 | Hmean 0.5871 | ExpEvent 1 | ExpMass 0.023982 | best_tail 0.6160@25
2026-08-31 00:00:20,253 - beta_cifar10_beta0p125_IF100_alpha0p5_seed42.log - INFO - Round 34 selected clients: [6, 8, 9, 10, 13, 14, 16, 18]
2026-08-31 00:00:39,589 - beta_cifar10_beta0p125_IF100_alpha0p5_seed42.log - INFO - Round 34 | Global 0.5974 | Head 0.7470 | Middle 0.5370 | Tail 0.5283 | Hmean 0.6189 | ExpEvent 1 | ExpMass 0.017540 | best_tail 0.6160@25
2026-08-31 00:00:39,589 - beta_cifar10_beta0p125_IF100_alpha0p5_seed42.log - INFO - Round 35 selected clients: [0, 4, 5, 8, 10, 12, 13, 19]
2026-08-31 00:00:58,343 - beta_cifar10_beta0p125_IF100_alpha0p5_seed42.log - INFO - Round 35 | Global 0.5784 | Head 0.7730 | Middle 0.5437 | Tail 0.4300 | Hmean 0.5526 | ExpEvent 1 | ExpMass 0.014104 | best_tail 0.6160@25
2026-08-31 00:00:58,343 - beta_cifar10_beta0p125_IF100_alpha0p5_seed42.log - INFO - Round 36 selected clients: [1, 2, 3, 6, 7, 8, 10, 18]
2026-08-31 00:01:16,913 - beta_cifar10_beta0p125_IF100_alpha0p5_seed42.log - INFO - Round 36 | Global 0.6038 | Head 0.6860 | Middle 0.5803 | Tail 0.5530 | Hmean 0.6124 | ExpEvent 1 | ExpMass 0.026798 | best_tail 0.6160@25
2026-08-31 00:01:16,913 - beta_cifar10_beta0p125_IF100_alpha0p5_seed42.log - INFO - Round 37 selected clients: [1, 3, 7, 9, 10, 11, 15, 17]
2026-08-31 00:01:35,027 - beta_cifar10_beta0p125_IF100_alpha0p5_seed42.log - INFO - Round 37 | Global 0.6038 | Head 0.7077 | Middle 0.5923 | Tail 0.5153 | Hmean 0.5964 | ExpEvent 1 | ExpMass 0.020153 | best_tail 0.6160@25
2026-08-31 00:01:35,027 - beta_cifar10_beta0p125_IF100_alpha0p5_seed42.log - INFO - Round 38 selected clients: [1, 2, 6, 9, 12, 13, 14, 18]
2026-08-31 00:01:52,763 - beta_cifar10_beta0p125_IF100_alpha0p5_seed42.log - INFO - Round 38 | Global 0.6113 | Head 0.6980 | Middle 0.5807 | Tail 0.5653 | Hmean 0.6247 | ExpEvent 1 | ExpMass 0.022975 | best_tail 0.6160@25
2026-08-31 00:01:52,763 - beta_cifar10_beta0p125_IF100_alpha0p5_seed42.log - INFO - Round 39 selected clients: [0, 2, 3, 11, 12, 13, 15, 19]
2026-08-31 00:02:10,699 - beta_cifar10_beta0p125_IF100_alpha0p5_seed42.log - INFO - Round 39 | Global 0.6088 | Head 0.6907 | Middle 0.5867 | Tail 0.5563 | Hmean 0.6163 | ExpEvent 1 | ExpMass 0.021358 | best_tail 0.6160@25
2026-08-31 00:02:10,699 - beta_cifar10_beta0p125_IF100_alpha0p5_seed42.log - INFO - Round 40 selected clients: [3, 7, 9, 11, 13, 14, 15, 19]
2026-08-31 00:02:28,955 - beta_cifar10_beta0p125_IF100_alpha0p5_seed42.log - INFO - Round 40 | Global 0.6229 | Head 0.6933 | Middle 0.5930 | Tail 0.5923 | Hmean 0.6388 | ExpEvent 1 | ExpMass 0.018142 | best_tail 0.6160@25
2026-08-31 00:02:28,976 - beta_cifar10_beta0p125_IF100_alpha0p5_seed42.log - INFO - Checkpoint @40 | Global 0.6229 | Head 0.6933 | Middle 0.5930 | Tail 0.5923 | Hmean 0.6388
2026-08-31 00:02:28,977 - beta_cifar10_beta0p125_IF100_alpha0p5_seed42.log - INFO - Round 41 selected clients: [1, 5, 6, 7, 10, 11, 14, 15]
2026-08-31 00:02:46,390 - beta_cifar10_beta0p125_IF100_alpha0p5_seed42.log - INFO - Round 41 | Global 0.6181 | Head 0.7193 | Middle 0.5677 | Tail 0.5840 | Hmean 0.6446 | ExpEvent 1 | ExpMass 0.015719 | best_tail 0.6160@25
2026-08-31 00:02:46,390 - beta_cifar10_beta0p125_IF100_alpha0p5_seed42.log - INFO - Round 42 selected clients: [1, 3, 7, 9, 12, 14, 15, 19]
2026-08-31 00:03:04,028 - beta_cifar10_beta0p125_IF100_alpha0p5_seed42.log - INFO - Round 42 | Global 0.5875 | Head 0.5817 | Middle 0.5727 | Tail 0.6130 | Hmean 0.5969 | ExpEvent 1 | ExpMass 0.018339 | best_tail 0.6160@25
2026-08-31 00:03:04,028 - beta_cifar10_beta0p125_IF100_alpha0p5_seed42.log - INFO - Round 43 selected clients: [0, 4, 6, 7, 9, 11, 12, 14]
2026-08-31 00:03:20,950 - beta_cifar10_beta0p125_IF100_alpha0p5_seed42.log - INFO - Round 43 | Global 0.6072 | Head 0.7370 | Middle 0.6080 | Tail 0.4763 | Hmean 0.5786 | ExpEvent 1 | ExpMass 0.010278 | best_tail 0.6160@25
2026-08-31 00:03:20,950 - beta_cifar10_beta0p125_IF100_alpha0p5_seed42.log - INFO - Round 44 selected clients: [2, 6, 8, 10, 12, 13, 15, 17]
2026-08-31 00:03:38,593 - beta_cifar10_beta0p125_IF100_alpha0p5_seed42.log - INFO - Round 44 | Global 0.6230 | Head 0.7013 | Middle 0.6050 | Tail 0.5687 | Hmean 0.6281 | ExpEvent 1 | ExpMass 0.024995 | best_tail 0.6160@25
2026-08-31 00:03:38,593 - beta_cifar10_beta0p125_IF100_alpha0p5_seed42.log - INFO - Round 45 selected clients: [0, 1, 4, 5, 6, 11, 12, 17]
2026-08-31 00:03:56,772 - beta_cifar10_beta0p125_IF100_alpha0p5_seed42.log - INFO - Round 45 | Global 0.6044 | Head 0.7537 | Middle 0.6018 | Tail 0.4587 | Hmean 0.5703 | ExpEvent 1 | ExpMass 0.023973 | best_tail 0.6160@25
2026-08-31 00:03:56,772 - beta_cifar10_beta0p125_IF100_alpha0p5_seed42.log - INFO - Round 46 selected clients: [2, 3, 6, 7, 10, 12, 14, 16]
2026-08-31 00:04:15,275 - beta_cifar10_beta0p125_IF100_alpha0p5_seed42.log - INFO - Round 46 | Global 0.6232 | Head 0.7307 | Middle 0.5960 | Tail 0.5520 | Hmean 0.6289 | ExpEvent 1 | ExpMass 0.019549 | best_tail 0.6160@25
2026-08-31 00:04:15,275 - beta_cifar10_beta0p125_IF100_alpha0p5_seed42.log - INFO - Round 47 selected clients: [1, 4, 8, 10, 11, 13, 15, 18]
2026-08-31 00:04:33,823 - beta_cifar10_beta0p125_IF100_alpha0p5_seed42.log - INFO - Round 47 | Global 0.6227 | Head 0.7533 | Middle 0.5865 | Tail 0.5403 | Hmean 0.6293 | ExpEvent 1 | ExpMass 0.009270 | best_tail 0.6160@25
2026-08-31 00:04:33,823 - beta_cifar10_beta0p125_IF100_alpha0p5_seed42.log - INFO - Round 48 selected clients: [0, 3, 4, 6, 7, 8, 16, 17]
2026-08-31 00:04:52,465 - beta_cifar10_beta0p125_IF100_alpha0p5_seed42.log - INFO - Round 48 | Global 0.6254 | Head 0.7490 | Middle 0.6020 | Tail 0.5330 | Hmean 0.6228 | ExpEvent 1 | ExpMass 0.023977 | best_tail 0.6160@25
2026-08-31 00:04:52,475 - beta_cifar10_beta0p125_IF100_alpha0p5_seed42.log - INFO - Round 49 selected clients: [0, 4, 5, 7, 10, 15, 17, 18]
2026-08-31 00:05:11,351 - beta_cifar10_beta0p125_IF100_alpha0p5_seed42.log - INFO - Round 49 | Global 0.6344 | Head 0.7093 | Middle 0.6072 | Tail 0.5957 | Hmean 0.6476 | ExpEvent 1 | ExpMass 0.025186 | best_tail 0.6160@25
2026-08-31 00:05:11,360 - beta_cifar10_beta0p125_IF100_alpha0p5_seed42.log - INFO - Round 50 selected clients: [0, 2, 6, 11, 12, 13, 14, 17]
2026-08-31 00:05:29,959 - beta_cifar10_beta0p125_IF100_alpha0p5_seed42.log - INFO - Round 50 | Global 0.6277 | Head 0.7117 | Middle 0.6072 | Tail 0.5710 | Hmean 0.6336 | ExpEvent 1 | ExpMass 0.023176 | best_tail 0.6160@25
2026-08-31 00:05:29,996 - beta_cifar10_beta0p125_IF100_alpha0p5_seed42.log - INFO - Checkpoint @50 | Global 0.6277 | Head 0.7117 | Middle 0.6072 | Tail 0.5710 | Hmean 0.6336
2026-08-31 00:05:29,996 - beta_cifar10_beta0p125_IF100_alpha0p5_seed42.log - INFO - Round 51 selected clients: [0, 1, 9, 11, 13, 16, 17, 19]
2026-08-31 00:05:48,504 - beta_cifar10_beta0p125_IF100_alpha0p5_seed42.log - INFO - Round 51 | Global 0.6267 | Head 0.7070 | Middle 0.5663 | Tail 0.6270 | Hmean 0.6646 | ExpEvent 1 | ExpMass 0.019952 | best_tail 0.6270@51
2026-08-31 00:05:48,504 - beta_cifar10_beta0p125_IF100_alpha0p5_seed42.log - INFO - Round 52 selected clients: [0, 3, 6, 8, 12, 15, 17, 19]
2026-08-31 00:06:06,485 - beta_cifar10_beta0p125_IF100_alpha0p5_seed42.log - INFO - Round 52 | Global 0.6331 | Head 0.6017 | Middle 0.6130 | Tail 0.6913 | Hmean 0.6434 | ExpEvent 1 | ExpMass 0.033857 | best_tail 0.6913@52
2026-08-31 00:06:06,485 - beta_cifar10_beta0p125_IF100_alpha0p5_seed42.log - INFO - Round 53 selected clients: [1, 6, 7, 8, 9, 11, 12, 15]
2026-08-31 00:06:24,516 - beta_cifar10_beta0p125_IF100_alpha0p5_seed42.log - INFO - Round 53 | Global 0.6395 | Head 0.7180 | Middle 0.6245 | Tail 0.5810 | Hmean 0.6423 | ExpEvent 1 | ExpMass 0.012094 | best_tail 0.6913@52
2026-08-31 00:06:24,516 - beta_cifar10_beta0p125_IF100_alpha0p5_seed42.log - INFO - Round 54 selected clients: [3, 9, 11, 12, 13, 14, 16, 18]
2026-08-31 00:06:42,579 - beta_cifar10_beta0p125_IF100_alpha0p5_seed42.log - INFO - Round 54 | Global 0.6441 | Head 0.7627 | Middle 0.6068 | Tail 0.5753 | Hmean 0.6559 | ExpEvent 1 | ExpMass 0.016126 | best_tail 0.6913@52
2026-08-31 00:06:42,581 - beta_cifar10_beta0p125_IF100_alpha0p5_seed42.log - INFO - Round 55 selected clients: [3, 6, 9, 13, 14, 16, 17, 19]
2026-08-31 00:07:00,622 - beta_cifar10_beta0p125_IF100_alpha0p5_seed42.log - INFO - Round 55 | Global 0.6416 | Head 0.7067 | Middle 0.6052 | Tail 0.6250 | Hmean 0.6633 | ExpEvent 1 | ExpMass 0.034066 | best_tail 0.6913@52
2026-08-31 00:07:00,622 - beta_cifar10_beta0p125_IF100_alpha0p5_seed42.log - INFO - Round 56 selected clients: [0, 4, 5, 10, 14, 15, 17, 19]
2026-08-31 00:07:18,881 - beta_cifar10_beta0p125_IF100_alpha0p5_seed42.log - INFO - Round 56 | Global 0.6488 | Head 0.7093 | Middle 0.6218 | Tail 0.6243 | Hmean 0.6641 | ExpEvent 1 | ExpMass 0.025589 | best_tail 0.6913@52
2026-08-31 00:07:18,881 - beta_cifar10_beta0p125_IF100_alpha0p5_seed42.log - INFO - Round 57 selected clients: [0, 3, 4, 8, 9, 10, 15, 18]
2026-08-31 00:07:37,142 - beta_cifar10_beta0p125_IF100_alpha0p5_seed42.log - INFO - Round 57 | Global 0.6433 | Head 0.7287 | Middle 0.5893 | Tail 0.6300 | Hmean 0.6758 | ExpEvent 1 | ExpMass 0.017731 | best_tail 0.6913@52
2026-08-31 00:07:37,142 - beta_cifar10_beta0p125_IF100_alpha0p5_seed42.log - INFO - Round 58 selected clients: [2, 7, 8, 11, 12, 13, 14, 15]
2026-08-31 00:07:55,257 - beta_cifar10_beta0p125_IF100_alpha0p5_seed42.log - INFO - Round 58 | Global 0.6362 | Head 0.7463 | Middle 0.6205 | Tail 0.5470 | Hmean 0.6313 | ExpEvent 1 | ExpMass 0.007257 | best_tail 0.6913@52
2026-08-31 00:07:55,257 - beta_cifar10_beta0p125_IF100_alpha0p5_seed42.log - INFO - Round 59 selected clients: [0, 5, 6, 8, 13, 15, 16, 17]
2026-08-31 00:08:13,666 - beta_cifar10_beta0p125_IF100_alpha0p5_seed42.log - INFO - Round 59 | Global 0.6355 | Head 0.7557 | Middle 0.5980 | Tail 0.5653 | Hmean 0.6468 | ExpEvent 1 | ExpMass 0.025595 | best_tail 0.6913@52
2026-08-31 00:08:13,666 - beta_cifar10_beta0p125_IF100_alpha0p5_seed42.log - INFO - Round 60 selected clients: [0, 2, 3, 4, 8, 11, 13, 15]
2026-08-31 00:08:32,037 - beta_cifar10_beta0p125_IF100_alpha0p5_seed42.log - INFO - Round 60 | Global 0.6331 | Head 0.7133 | Middle 0.6245 | Tail 0.5643 | Hmean 0.6301 | ExpEvent 1 | ExpMass 0.013296 | best_tail 0.6913@52
2026-08-31 00:08:32,065 - beta_cifar10_beta0p125_IF100_alpha0p5_seed42.log - INFO - Checkpoint @60 | Global 0.6331 | Head 0.7133 | Middle 0.6245 | Tail 0.5643 | Hmean 0.6301
2026-08-31 00:08:32,065 - beta_cifar10_beta0p125_IF100_alpha0p5_seed42.log - INFO - Round 61 selected clients: [0, 1, 3, 6, 10, 13, 15, 19]
2026-08-31 00:08:50,016 - beta_cifar10_beta0p125_IF100_alpha0p5_seed42.log - INFO - Round 61 | Global 0.6362 | Head 0.6800 | Middle 0.5995 | Tail 0.6413 | Hmean 0.6601 | ExpEvent 1 | ExpMass 0.023776 | best_tail 0.6913@52
2026-08-31 00:08:50,016 - beta_cifar10_beta0p125_IF100_alpha0p5_seed42.log - INFO - Round 62 selected clients: [1, 2, 5, 6, 10, 12, 17, 18]
2026-08-31 00:09:07,769 - beta_cifar10_beta0p125_IF100_alpha0p5_seed42.log - INFO - Round 62 | Global 0.6566 | Head 0.6573 | Middle 0.6200 | Tail 0.7047 | Hmean 0.6802 | ExpEvent 1 | ExpMass 0.036671 | best_tail 0.7047@62
2026-08-31 00:09:07,769 - beta_cifar10_beta0p125_IF100_alpha0p5_seed42.log - INFO - Round 63 selected clients: [3, 4, 7, 8, 9, 11, 13, 16]
2026-08-31 00:09:26,403 - beta_cifar10_beta0p125_IF100_alpha0p5_seed42.log - INFO - Round 63 | Global 0.6534 | Head 0.7607 | Middle 0.6095 | Tail 0.6047 | Hmean 0.6738 | ExpEvent 1 | ExpMass 0.008464 | best_tail 0.7047@62
2026-08-31 00:09:26,403 - beta_cifar10_beta0p125_IF100_alpha0p5_seed42.log - INFO - Round 64 selected clients: [1, 2, 4, 9, 11, 12, 13, 18]
2026-08-31 00:09:44,037 - beta_cifar10_beta0p125_IF100_alpha0p5_seed42.log - INFO - Round 64 | Global 0.6540 | Head 0.7180 | Middle 0.6345 | Tail 0.6160 | Hmean 0.6631 | ExpEvent 1 | ExpMass 0.015112 | best_tail 0.7047@62
2026-08-31 00:09:44,037 - beta_cifar10_beta0p125_IF100_alpha0p5_seed42.log - INFO - Round 65 selected clients: [3, 4, 6, 8, 9, 11, 17, 19]
2026-08-31 00:10:02,379 - beta_cifar10_beta0p125_IF100_alpha0p5_seed42.log - INFO - Round 65 | Global 0.6623 | Head 0.6823 | Middle 0.6262 | Tail 0.6903 | Hmean 0.6863 | ExpEvent 1 | ExpMass 0.034059 | best_tail 0.7047@62
2026-08-31 00:10:02,379 - beta_cifar10_beta0p125_IF100_alpha0p5_seed42.log - INFO - Round 66 selected clients: [3, 4, 5, 7, 8, 12, 15, 16]
2026-08-31 00:10:20,127 - beta_cifar10_beta0p125_IF100_alpha0p5_seed42.log - INFO - Round 66 | Global 0.6531 | Head 0.7477 | Middle 0.6495 | Tail 0.5633 | Hmean 0.6425 | ExpEvent 1 | ExpMass 0.014306 | best_tail 0.7047@62
2026-08-31 00:10:20,127 - beta_cifar10_beta0p125_IF100_alpha0p5_seed42.log - INFO - Round 67 selected clients: [3, 5, 6, 8, 10, 13, 17, 18]
2026-08-31 00:10:38,484 - beta_cifar10_beta0p125_IF100_alpha0p5_seed42.log - INFO - Round 67 | Global 0.6628 | Head 0.6897 | Middle 0.6260 | Tail 0.6850 | Hmean 0.6873 | ExpEvent 1 | ExpMass 0.037485 | best_tail 0.7047@62
2026-08-31 00:10:38,484 - beta_cifar10_beta0p125_IF100_alpha0p5_seed42.log - INFO - Round 68 selected clients: [1, 5, 7, 8, 11, 12, 18, 19]
2026-08-31 00:10:56,203 - beta_cifar10_beta0p125_IF100_alpha0p5_seed42.log - INFO - Round 68 | Global 0.6567 | Head 0.6733 | Middle 0.6232 | Tail 0.6847 | Hmean 0.6790 | ExpEvent 1 | ExpMass 0.021564 | best_tail 0.7047@62
2026-08-31 00:10:56,203 - beta_cifar10_beta0p125_IF100_alpha0p5_seed42.log - INFO - Round 69 selected clients: [0, 7, 8, 12, 13, 15, 16, 17]
2026-08-31 00:11:13,704 - beta_cifar10_beta0p125_IF100_alpha0p5_seed42.log - INFO - Round 69 | Global 0.6666 | Head 0.7663 | Middle 0.6338 | Tail 0.6107 | Hmean 0.6797 | ExpEvent 1 | ExpMass 0.011893 | best_tail 0.7047@62
2026-08-31 00:11:13,704 - beta_cifar10_beta0p125_IF100_alpha0p5_seed42.log - INFO - Round 70 selected clients: [3, 4, 5, 10, 12, 15, 17, 19]
2026-08-31 00:11:31,770 - beta_cifar10_beta0p125_IF100_alpha0p5_seed42.log - INFO - Round 70 | Global 0.6621 | Head 0.7043 | Middle 0.6325 | Tail 0.6593 | Hmean 0.6811 | ExpEvent 1 | ExpMass 0.032037 | best_tail 0.7047@62
2026-08-31 00:11:31,805 - beta_cifar10_beta0p125_IF100_alpha0p5_seed42.log - INFO - Checkpoint @70 | Global 0.6621 | Head 0.7043 | Middle 0.6325 | Tail 0.6593 | Hmean 0.6811
2026-08-31 00:11:31,806 - beta_cifar10_beta0p125_IF100_alpha0p5_seed42.log - INFO - Round 71 selected clients: [0, 2, 6, 7, 11, 13, 16, 19]
2026-08-31 00:11:49,421 - beta_cifar10_beta0p125_IF100_alpha0p5_seed42.log - INFO - Round 71 | Global 0.6662 | Head 0.6957 | Middle 0.6040 | Tail 0.7197 | Hmean 0.7075 | ExpEvent 1 | ExpMass 0.020959 | best_tail 0.7197@71
2026-08-31 00:11:49,421 - beta_cifar10_beta0p125_IF100_alpha0p5_seed42.log - INFO - Round 72 selected clients: [2, 3, 10, 13, 15, 16, 17, 18]
2026-08-31 00:12:06,983 - beta_cifar10_beta0p125_IF100_alpha0p5_seed42.log - INFO - Round 72 | Global 0.6643 | Head 0.7333 | Middle 0.6078 | Tail 0.6707 | Hmean 0.7006 | ExpEvent 1 | ExpMass 0.030633 | best_tail 0.7197@71
2026-08-31 00:12:06,993 - beta_cifar10_beta0p125_IF100_alpha0p5_seed42.log - INFO - Round 73 selected clients: [1, 4, 5, 8, 9, 11, 12, 13]
2026-08-31 00:12:24,885 - beta_cifar10_beta0p125_IF100_alpha0p5_seed42.log - INFO - Round 73 | Global 0.6578 | Head 0.7283 | Middle 0.6470 | Tail 0.6017 | Hmean 0.6590 | ExpEvent 1 | ExpMass 0.008463 | best_tail 0.7197@71
2026-08-31 00:12:24,885 - beta_cifar10_beta0p125_IF100_alpha0p5_seed42.log - INFO - Round 74 selected clients: [4, 5, 6, 7, 9, 15, 17, 19]
2026-08-31 00:12:43,179 - beta_cifar10_beta0p125_IF100_alpha0p5_seed42.log - INFO - Round 74 | Global 0.6615 | Head 0.6810 | Middle 0.6625 | Tail 0.6407 | Hmean 0.6602 | ExpEvent 1 | ExpMass 0.035671 | best_tail 0.7197@71
2026-08-31 00:12:43,189 - beta_cifar10_beta0p125_IF100_alpha0p5_seed42.log - INFO - Round 75 selected clients: [0, 3, 8, 12, 16, 17, 18, 19]
2026-08-31 00:13:01,068 - beta_cifar10_beta0p125_IF100_alpha0p5_seed42.log - INFO - Round 75 | Global 0.6741 | Head 0.6823 | Middle 0.6345 | Tail 0.7187 | Hmean 0.7000 | ExpEvent 1 | ExpMass 0.031640 | best_tail 0.7197@71
2026-08-31 00:13:01,078 - beta_cifar10_beta0p125_IF100_alpha0p5_seed42.log - INFO - Round 76 selected clients: [1, 3, 5, 8, 10, 12, 15, 18]
2026-08-31 00:13:18,826 - beta_cifar10_beta0p125_IF100_alpha0p5_seed42.log - INFO - Round 76 | Global 0.6709 | Head 0.6800 | Middle 0.6420 | Tail 0.7003 | Hmean 0.6900 | ExpEvent 1 | ExpMass 0.021761 | best_tail 0.7197@71
2026-08-31 00:13:18,826 - beta_cifar10_beta0p125_IF100_alpha0p5_seed42.log - INFO - Round 77 selected clients: [1, 2, 3, 7, 10, 11, 17, 18]
2026-08-31 00:13:36,937 - beta_cifar10_beta0p125_IF100_alpha0p5_seed42.log - INFO - Round 77 | Global 0.6659 | Head 0.6820 | Middle 0.6292 | Tail 0.6987 | Hmean 0.6902 | ExpEvent 1 | ExpMass 0.028813 | best_tail 0.7197@71
2026-08-31 00:13:36,937 - beta_cifar10_beta0p125_IF100_alpha0p5_seed42.log - INFO - Round 78 selected clients: [3, 4, 5, 8, 11, 12, 13, 14]
2026-08-31 00:13:54,593 - beta_cifar10_beta0p125_IF100_alpha0p5_seed42.log - INFO - Round 78 | Global 0.6617 | Head 0.7307 | Middle 0.6415 | Tail 0.6197 | Hmean 0.6706 | ExpEvent 1 | ExpMass 0.012492 | best_tail 0.7197@71
2026-08-31 00:13:54,593 - beta_cifar10_beta0p125_IF100_alpha0p5_seed42.log - INFO - Round 79 selected clients: [2, 4, 9, 10, 13, 15, 17, 18]
2026-08-31 00:14:12,120 - beta_cifar10_beta0p125_IF100_alpha0p5_seed42.log - INFO - Round 79 | Global 0.6731 | Head 0.7320 | Middle 0.6435 | Tail 0.6537 | Hmean 0.6906 | ExpEvent 1 | ExpMass 0.026602 | best_tail 0.7197@71
2026-08-31 00:14:12,120 - beta_cifar10_beta0p125_IF100_alpha0p5_seed42.log - INFO - Round 80 selected clients: [5, 7, 8, 11, 13, 14, 15, 18]
2026-08-31 00:14:30,134 - beta_cifar10_beta0p125_IF100_alpha0p5_seed42.log - INFO - Round 80 | Global 0.6718 | Head 0.7317 | Middle 0.6292 | Tail 0.6687 | Hmean 0.6988 | ExpEvent 1 | ExpMass 0.015319 | best_tail 0.7197@71
2026-08-31 00:14:30,164 - beta_cifar10_beta0p125_IF100_alpha0p5_seed42.log - INFO - Checkpoint @80 | Global 0.6718 | Head 0.7317 | Middle 0.6292 | Tail 0.6687 | Hmean 0.6988
2026-08-31 00:14:30,164 - beta_cifar10_beta0p125_IF100_alpha0p5_seed42.log - INFO - Round 81 selected clients: [5, 8, 9, 10, 14, 15, 17, 19]
2026-08-31 00:14:48,192 - beta_cifar10_beta0p125_IF100_alpha0p5_seed42.log - INFO - Round 81 | Global 0.6677 | Head 0.7173 | Middle 0.6583 | Tail 0.6307 | Hmean 0.6712 | ExpEvent 1 | ExpMass 0.027817 | best_tail 0.7197@71
2026-08-31 00:14:48,202 - beta_cifar10_beta0p125_IF100_alpha0p5_seed42.log - INFO - Round 82 selected clients: [0, 2, 9, 12, 13, 15, 16, 19]
2026-08-31 00:15:05,799 - beta_cifar10_beta0p125_IF100_alpha0p5_seed42.log - INFO - Round 82 | Global 0.6717 | Head 0.7387 | Middle 0.6058 | Tail 0.6927 | Hmean 0.7150 | ExpEvent 1 | ExpMass 0.017332 | best_tail 0.7197@71
2026-08-31 00:15:05,808 - beta_cifar10_beta0p125_IF100_alpha0p5_seed42.log - INFO - Round 83 selected clients: [3, 4, 5, 6, 7, 11, 14, 15]
2026-08-31 00:15:23,890 - beta_cifar10_beta0p125_IF100_alpha0p5_seed42.log - INFO - Round 83 | Global 0.6762 | Head 0.7370 | Middle 0.6623 | Tail 0.6340 | Hmean 0.6816 | ExpEvent 1 | ExpMass 0.021963 | best_tail 0.7197@71
2026-08-31 00:15:23,890 - beta_cifar10_beta0p125_IF100_alpha0p5_seed42.log - INFO - Round 84 selected clients: [3, 4, 5, 6, 13, 14, 15, 18]
2026-08-31 00:15:42,037 - beta_cifar10_beta0p125_IF100_alpha0p5_seed42.log - INFO - Round 84 | Global 0.6749 | Head 0.7063 | Middle 0.6492 | Tail 0.6777 | Hmean 0.6917 | ExpEvent 1 | ExpMass 0.029418 | best_tail 0.7197@71
2026-08-31 00:15:42,037 - beta_cifar10_beta0p125_IF100_alpha0p5_seed42.log - INFO - Round 85 selected clients: [0, 5, 6, 9, 12, 15, 16, 18]
2026-08-31 00:16:00,607 - beta_cifar10_beta0p125_IF100_alpha0p5_seed42.log - INFO - Round 85 | Global 0.6770 | Head 0.6983 | Middle 0.6365 | Tail 0.7097 | Hmean 0.7040 | ExpEvent 1 | ExpMass 0.025595 | best_tail 0.7197@71
2026-08-31 00:16:00,607 - beta_cifar10_beta0p125_IF100_alpha0p5_seed42.log - INFO - Round 86 selected clients: [0, 2, 3, 6, 8, 11, 13, 16]
2026-08-31 00:16:18,801 - beta_cifar10_beta0p125_IF100_alpha0p5_seed42.log - INFO - Round 86 | Global 0.6717 | Head 0.7227 | Middle 0.6350 | Tail 0.6697 | Hmean 0.6952 | ExpEvent 1 | ExpMass 0.019343 | best_tail 0.7197@71
2026-08-31 00:16:18,801 - beta_cifar10_beta0p125_IF100_alpha0p5_seed42.log - INFO - Round 87 selected clients: [3, 4, 6, 8, 9, 11, 13, 15]
2026-08-31 00:16:37,074 - beta_cifar10_beta0p125_IF100_alpha0p5_seed42.log - INFO - Round 87 | Global 0.6698 | Head 0.7053 | Middle 0.6495 | Tail 0.6613 | Hmean 0.6826 | ExpEvent 1 | ExpMass 0.018138 | best_tail 0.7197@71
2026-08-31 00:16:37,079 - beta_cifar10_beta0p125_IF100_alpha0p5_seed42.log - INFO - Round 88 selected clients: [0, 1, 2, 7, 13, 15, 16, 18]
2026-08-31 00:16:55,437 - beta_cifar10_beta0p125_IF100_alpha0p5_seed42.log - INFO - Round 88 | Global 0.6682 | Head 0.7183 | Middle 0.6362 | Tail 0.6607 | Hmean 0.6883 | ExpEvent 1 | ExpMass 0.014507 | best_tail 0.7197@71
2026-08-31 00:16:55,437 - beta_cifar10_beta0p125_IF100_alpha0p5_seed42.log - INFO - Round 89 selected clients: [2, 4, 5, 7, 9, 10, 15, 18]
2026-08-31 00:17:12,839 - beta_cifar10_beta0p125_IF100_alpha0p5_seed42.log - INFO - Round 89 | Global 0.6738 | Head 0.6827 | Middle 0.6562 | Tail 0.6883 | Hmean 0.6855 | ExpEvent 1 | ExpMass 0.022768 | best_tail 0.7197@71
2026-08-31 00:17:12,839 - beta_cifar10_beta0p125_IF100_alpha0p5_seed42.log - INFO - Round 90 selected clients: [0, 2, 7, 10, 12, 14, 17, 19]
2026-08-31 00:17:29,987 - beta_cifar10_beta0p125_IF100_alpha0p5_seed42.log - INFO - Round 90 | Global 0.6825 | Head 0.7097 | Middle 0.6438 | Tail 0.7070 | Hmean 0.7083 | ExpEvent 1 | ExpMass 0.023176 | best_tail 0.7197@71
2026-08-31 00:17:30,013 - beta_cifar10_beta0p125_IF100_alpha0p5_seed42.log - INFO - Checkpoint @90 | Global 0.6825 | Head 0.7097 | Middle 0.6438 | Tail 0.7070 | Hmean 0.7083
2026-08-31 00:17:30,013 - beta_cifar10_beta0p125_IF100_alpha0p5_seed42.log - INFO - Round 91 selected clients: [1, 4, 5, 6, 7, 8, 17, 18]
2026-08-31 00:17:46,812 - beta_cifar10_beta0p125_IF100_alpha0p5_seed42.log - INFO - Round 91 | Global 0.6685 | Head 0.6477 | Middle 0.6492 | Tail 0.7150 | Hmean 0.6797 | ExpEvent 1 | ExpMass 0.031231 | best_tail 0.7197@71
2026-08-31 00:17:46,812 - beta_cifar10_beta0p125_IF100_alpha0p5_seed42.log - INFO - Round 92 selected clients: [4, 5, 7, 9, 11, 15, 17, 19]
2026-08-31 00:18:04,677 - beta_cifar10_beta0p125_IF100_alpha0p5_seed42.log - INFO - Round 92 | Global 0.6805 | Head 0.6837 | Middle 0.6597 | Tail 0.7050 | Hmean 0.6942 | ExpEvent 1 | ExpMass 0.027811 | best_tail 0.7197@71
2026-08-31 00:18:04,677 - beta_cifar10_beta0p125_IF100_alpha0p5_seed42.log - INFO - Round 93 selected clients: [0, 1, 6, 8, 9, 15, 17, 18]
2026-08-31 00:18:22,625 - beta_cifar10_beta0p125_IF100_alpha0p5_seed42.log - INFO - Round 93 | Global 0.6756 | Head 0.6520 | Middle 0.6567 | Tail 0.7243 | Hmean 0.6863 | ExpEvent 1 | ExpMass 0.029222 | best_tail 0.7243@93
2026-08-31 00:18:22,625 - beta_cifar10_beta0p125_IF100_alpha0p5_seed42.log - INFO - Round 94 selected clients: [3, 4, 6, 9, 10, 16, 18, 19]
2026-08-31 00:18:39,977 - beta_cifar10_beta0p125_IF100_alpha0p5_seed42.log - INFO - Round 94 | Global 0.6786 | Head 0.6740 | Middle 0.6318 | Tail 0.7457 | Hmean 0.7080 | ExpEvent 1 | ExpMass 0.031640 | best_tail 0.7457@94
2026-08-31 00:18:39,977 - beta_cifar10_beta0p125_IF100_alpha0p5_seed42.log - INFO - Round 95 selected clients: [1, 4, 5, 7, 9, 12, 16, 17]
2026-08-31 00:18:58,008 - beta_cifar10_beta0p125_IF100_alpha0p5_seed42.log - INFO - Round 95 | Global 0.6851 | Head 0.7493 | Middle 0.6545 | Tail 0.6617 | Hmean 0.7028 | ExpEvent 1 | ExpMass 0.018336 | best_tail 0.7457@94
2026-08-31 00:18:58,008 - beta_cifar10_beta0p125_IF100_alpha0p5_seed42.log - INFO - Round 96 selected clients: [2, 3, 6, 9, 11, 14, 15, 17]
2026-08-31 00:19:15,839 - beta_cifar10_beta0p125_IF100_alpha0p5_seed42.log - INFO - Round 96 | Global 0.6787 | Head 0.7037 | Middle 0.6665 | Tail 0.6700 | Hmean 0.6864 | ExpEvent 1 | ExpMass 0.033253 | best_tail 0.7457@94
2026-08-31 00:19:15,844 - beta_cifar10_beta0p125_IF100_alpha0p5_seed42.log - INFO - Round 97 selected clients: [1, 2, 4, 6, 9, 10, 12, 19]
2026-08-31 00:19:33,650 - beta_cifar10_beta0p125_IF100_alpha0p5_seed42.log - INFO - Round 97 | Global 0.6694 | Head 0.6173 | Middle 0.6528 | Tail 0.7437 | Hmean 0.6746 | ExpEvent 1 | ExpMass 0.023373 | best_tail 0.7457@94
2026-08-31 00:19:33,650 - beta_cifar10_beta0p125_IF100_alpha0p5_seed42.log - INFO - Round 98 selected clients: [2, 4, 7, 10, 14, 15, 17, 19]
2026-08-31 00:19:52,471 - beta_cifar10_beta0p125_IF100_alpha0p5_seed42.log - INFO - Round 98 | Global 0.6818 | Head 0.7033 | Middle 0.6452 | Tail 0.7090 | Hmean 0.7061 | ExpEvent 1 | ExpMass 0.024788 | best_tail 0.7457@94
2026-08-31 00:19:52,471 - beta_cifar10_beta0p125_IF100_alpha0p5_seed42.log - INFO - Round 99 selected clients: [0, 3, 4, 9, 13, 14, 16, 19]
2026-08-31 00:20:11,035 - beta_cifar10_beta0p125_IF100_alpha0p5_seed42.log - INFO - Round 99 | Global 0.6652 | Head 0.7350 | Middle 0.6078 | Tail 0.6720 | Hmean 0.7021 | ExpEvent 1 | ExpMass 0.016321 | best_tail 0.7457@94
2026-08-31 00:20:11,045 - beta_cifar10_beta0p125_IF100_alpha0p5_seed42.log - INFO - Round 100 selected clients: [0, 4, 6, 7, 10, 11, 12, 17]
2026-08-31 00:20:29,068 - beta_cifar10_beta0p125_IF100_alpha0p5_seed42.log - INFO - Round 100 | Global 0.6803 | Head 0.7670 | Middle 0.6322 | Tail 0.6577 | Hmean 0.7082 | ExpEvent 1 | ExpMass 0.017936 | best_tail 0.7457@94
2026-08-31 00:20:29,092 - beta_cifar10_beta0p125_IF100_alpha0p5_seed42.log - INFO - Checkpoint @100 | Global 0.6803 | Head 0.7670 | Middle 0.6322 | Tail 0.6577 | Hmean 0.7082
2026-08-31 00:20:29,092 - beta_cifar10_beta0p125_IF100_alpha0p5_seed42.log - INFO - Round 101 selected clients: [0, 8, 9, 10, 11, 14, 15, 17]
2026-08-31 00:20:46,790 - beta_cifar10_beta0p125_IF100_alpha0p5_seed42.log - INFO - Round 101 | Global 0.6696 | Head 0.7550 | Middle 0.6235 | Tail 0.6457 | Hmean 0.6961 | ExpEvent 1 | ExpMass 0.013908 | best_tail 0.7457@94
2026-08-31 00:20:46,790 - beta_cifar10_beta0p125_IF100_alpha0p5_seed42.log - INFO - Round 102 selected clients: [1, 5, 8, 10, 12, 13, 16, 17]
2026-08-31 00:21:04,208 - beta_cifar10_beta0p125_IF100_alpha0p5_seed42.log - INFO - Round 102 | Global 0.6754 | Head 0.7660 | Middle 0.6525 | Tail 0.6153 | Hmean 0.6824 | ExpEvent 1 | ExpMass 0.016123 | best_tail 0.7457@94
2026-08-31 00:21:04,208 - beta_cifar10_beta0p125_IF100_alpha0p5_seed42.log - INFO - Round 103 selected clients: [0, 4, 7, 9, 10, 11, 12, 19]
2026-08-31 00:21:22,633 - beta_cifar10_beta0p125_IF100_alpha0p5_seed42.log - INFO - Round 103 | Global 0.6787 | Head 0.7703 | Middle 0.6378 | Tail 0.6417 | Hmean 0.7001 | ExpEvent 1 | ExpMass 0.010278 | best_tail 0.7457@94
2026-08-31 00:21:22,633 - beta_cifar10_beta0p125_IF100_alpha0p5_seed42.log - INFO - Round 104 selected clients: [4, 5, 8, 10, 12, 13, 15, 16]
2026-08-31 00:21:41,157 - beta_cifar10_beta0p125_IF100_alpha0p5_seed42.log - INFO - Round 104 | Global 0.6790 | Head 0.7737 | Middle 0.6545 | Tail 0.6170 | Hmean 0.6865 | ExpEvent 1 | ExpMass 0.008061 | best_tail 0.7457@94
2026-08-31 00:21:41,167 - beta_cifar10_beta0p125_IF100_alpha0p5_seed42.log - INFO - Round 105 selected clients: [3, 4, 7, 9, 12, 15, 18, 19]
2026-08-31 00:21:58,652 - beta_cifar10_beta0p125_IF100_alpha0p5_seed42.log - INFO - Round 105 | Global 0.6898 | Head 0.7143 | Middle 0.6615 | Tail 0.7030 | Hmean 0.7086 | ExpEvent 1 | ExpMass 0.025796 | best_tail 0.7457@94
2026-08-31 00:21:58,652 - beta_cifar10_beta0p125_IF100_alpha0p5_seed42.log - INFO - Round 106 selected clients: [1, 3, 6, 7, 11, 15, 16, 18]
2026-08-31 00:22:17,007 - beta_cifar10_beta0p125_IF100_alpha0p5_seed42.log - INFO - Round 106 | Global 0.6872 | Head 0.7017 | Middle 0.6310 | Tail 0.7477 | Hmean 0.7240 | ExpEvent 1 | ExpMass 0.023378 | best_tail 0.7477@106
2026-08-31 00:22:17,007 - beta_cifar10_beta0p125_IF100_alpha0p5_seed42.log - INFO - Round 107 selected clients: [1, 2, 6, 8, 9, 12, 17, 19]
2026-08-31 00:22:34,469 - beta_cifar10_beta0p125_IF100_alpha0p5_seed42.log - INFO - Round 107 | Global 0.6891 | Head 0.6833 | Middle 0.6502 | Tail 0.7467 | Hmean 0.7136 | ExpEvent 1 | ExpMass 0.033253 | best_tail 0.7477@106
2026-08-31 00:22:34,469 - beta_cifar10_beta0p125_IF100_alpha0p5_seed42.log - INFO - Round 108 selected clients: [1, 6, 7, 8, 11, 13, 14, 17]
2026-08-31 00:22:53,099 - beta_cifar10_beta0p125_IF100_alpha0p5_seed42.log - INFO - Round 108 | Global 0.6847 | Head 0.7413 | Middle 0.6492 | Tail 0.6753 | Hmean 0.7068 | ExpEvent 1 | ExpMass 0.017738 | best_tail 0.7477@106
2026-08-31 00:22:53,101 - beta_cifar10_beta0p125_IF100_alpha0p5_seed42.log - INFO - Round 109 selected clients: [0, 2, 4, 7, 8, 9, 12, 16]
2026-08-31 00:23:11,093 - beta_cifar10_beta0p125_IF100_alpha0p5_seed42.log - INFO - Round 109 | Global 0.6827 | Head 0.7507 | Middle 0.6565 | Tail 0.6497 | Hmean 0.6966 | ExpEvent 1 | ExpMass 0.007657 | best_tail 0.7477@106
2026-08-31 00:23:11,103 - beta_cifar10_beta0p125_IF100_alpha0p5_seed42.log - INFO - Round 110 selected clients: [2, 3, 7, 8, 12, 16, 18, 19]
2026-08-31 00:23:28,729 - beta_cifar10_beta0p125_IF100_alpha0p5_seed42.log - INFO - Round 110 | Global 0.6939 | Head 0.7313 | Middle 0.6410 | Tail 0.7270 | Hmean 0.7291 | ExpEvent 1 | ExpMass 0.027005 | best_tail 0.7477@106
2026-08-31 00:23:28,758 - beta_cifar10_beta0p125_IF100_alpha0p5_seed42.log - INFO - Checkpoint @110 | Global 0.6939 | Head 0.7313 | Middle 0.6410 | Tail 0.7270 | Hmean 0.7291
2026-08-31 00:23:28,759 - beta_cifar10_beta0p125_IF100_alpha0p5_seed42.log - INFO - Round 111 selected clients: [5, 6, 7, 10, 11, 15, 16, 18]
2026-08-31 00:23:45,946 - beta_cifar10_beta0p125_IF100_alpha0p5_seed42.log - INFO - Round 111 | Global 0.6886 | Head 0.7280 | Middle 0.6360 | Tail 0.7193 | Hmean 0.7236 | ExpEvent 1 | ExpMass 0.023181 | best_tail 0.7477@106
2026-08-31 00:23:45,949 - beta_cifar10_beta0p125_IF100_alpha0p5_seed42.log - INFO - Round 112 selected clients: [0, 4, 6, 7, 9, 13, 15, 16]
2026-08-31 00:24:03,935 - beta_cifar10_beta0p125_IF100_alpha0p5_seed42.log - INFO - Round 112 | Global 0.6834 | Head 0.7583 | Middle 0.6205 | Tail 0.6923 | Hmean 0.7238 | ExpEvent 1 | ExpMass 0.011890 | best_tail 0.7477@106
2026-08-31 00:24:03,935 - beta_cifar10_beta0p125_IF100_alpha0p5_seed42.log - INFO - Round 113 selected clients: [1, 3, 5, 7, 13, 15, 18, 19]
2026-08-31 00:24:21,962 - beta_cifar10_beta0p125_IF100_alpha0p5_seed42.log - INFO - Round 113 | Global 0.6837 | Head 0.6853 | Middle 0.6480 | Tail 0.7297 | Hmean 0.7068 | ExpEvent 1 | ExpMass 0.029418 | best_tail 0.7477@106
2026-08-31 00:24:21,962 - beta_cifar10_beta0p125_IF100_alpha0p5_seed42.log - INFO - Round 114 selected clients: [0, 3, 6, 12, 15, 17, 18, 19]
2026-08-31 00:24:38,869 - beta_cifar10_beta0p125_IF100_alpha0p5_seed42.log - INFO - Round 114 | Global 0.6865 | Head 0.6477 | Middle 0.6498 | Tail 0.7743 | Hmean 0.7054 | ExpEvent 1 | ExpMass 0.041314 | best_tail 0.7743@114
2026-08-31 00:24:38,870 - beta_cifar10_beta0p125_IF100_alpha0p5_seed42.log - INFO - Round 115 selected clients: [0, 2, 7, 8, 9, 12, 13, 16]
2026-08-31 00:24:57,230 - beta_cifar10_beta0p125_IF100_alpha0p5_seed42.log - INFO - Round 115 | Global 0.6926 | Head 0.7520 | Middle 0.6372 | Tail 0.7070 | Hmean 0.7288 | ExpEvent 1 | ExpMass 0.007658 | best_tail 0.7743@114
2026-08-31 00:24:57,241 - beta_cifar10_beta0p125_IF100_alpha0p5_seed42.log - INFO - Round 116 selected clients: [0, 6, 7, 8, 9, 11, 12, 19]
2026-08-31 00:25:15,042 - beta_cifar10_beta0p125_IF100_alpha0p5_seed42.log - INFO - Round 116 | Global 0.6863 | Head 0.6987 | Middle 0.6370 | Tail 0.7397 | Hmean 0.7186 | ExpEvent 1 | ExpMass 0.018142 | best_tail 0.7743@114
2026-08-31 00:25:15,042 - beta_cifar10_beta0p125_IF100_alpha0p5_seed42.log - INFO - Round 117 selected clients: [4, 5, 6, 10, 11, 12, 18, 19]
2026-08-31 00:25:33,572 - beta_cifar10_beta0p125_IF100_alpha0p5_seed42.log - INFO - Round 117 | Global 0.6903 | Head 0.7033 | Middle 0.6390 | Tail 0.7457 | Hmean 0.7239 | ExpEvent 1 | ExpMass 0.029424 | best_tail 0.7743@114
2026-08-31 00:25:33,581 - beta_cifar10_beta0p125_IF100_alpha0p5_seed42.log - INFO - Round 118 selected clients: [1, 2, 4, 8, 10, 12, 15, 18]
2026-08-31 00:25:51,062 - beta_cifar10_beta0p125_IF100_alpha0p5_seed42.log - INFO - Round 118 | Global 0.6875 | Head 0.7063 | Middle 0.6430 | Tail 0.7280 | Hmean 0.7170 | ExpEvent 1 | ExpMass 0.014709 | best_tail 0.7743@114
2026-08-31 00:25:51,073 - beta_cifar10_beta0p125_IF100_alpha0p5_seed42.log - INFO - Round 119 selected clients: [1, 2, 3, 4, 5, 6, 11, 13]
2026-08-31 00:26:09,344 - beta_cifar10_beta0p125_IF100_alpha0p5_seed42.log - INFO - Round 119 | Global 0.6826 | Head 0.7060 | Middle 0.6585 | Tail 0.6913 | Hmean 0.6986 | ExpEvent 1 | ExpMass 0.025378 | best_tail 0.7743@114
2026-08-31 00:26:09,354 - beta_cifar10_beta0p125_IF100_alpha0p5_seed42.log - INFO - Round 120 selected clients: [5, 7, 8, 10, 11, 13, 15, 16]
2026-08-31 00:26:27,331 - beta_cifar10_beta0p125_IF100_alpha0p5_seed42.log - INFO - Round 120 | Global 0.6811 | Head 0.7683 | Middle 0.6593 | Tail 0.6230 | Hmean 0.6881 | ExpEvent 1 | ExpMass 0.007861 | best_tail 0.7743@114
2026-08-31 00:26:27,364 - beta_cifar10_beta0p125_IF100_alpha0p5_seed42.log - INFO - Checkpoint @120 | Global 0.6811 | Head 0.7683 | Middle 0.6593 | Tail 0.6230 | Hmean 0.6881
2026-08-31 00:26:27,364 - beta_cifar10_beta0p125_IF100_alpha0p5_seed42.log - INFO - Round 121 selected clients: [0, 3, 4, 5, 7, 16, 17, 18]
2026-08-31 00:26:45,421 - beta_cifar10_beta0p125_IF100_alpha0p5_seed42.log - INFO - Round 121 | Global 0.6907 | Head 0.7467 | Middle 0.6498 | Tail 0.6893 | Hmean 0.7169 | ExpEvent 1 | ExpMass 0.029613 | best_tail 0.7743@114
2026-08-31 00:26:45,421 - beta_cifar10_beta0p125_IF100_alpha0p5_seed42.log - INFO - Round 122 selected clients: [0, 1, 4, 12, 13, 14, 17, 18]
2026-08-31 00:27:03,350 - beta_cifar10_beta0p125_IF100_alpha0p5_seed42.log - INFO - Round 122 | Global 0.6739 | Head 0.7230 | Middle 0.6575 | Tail 0.6467 | Hmean 0.6827 | ExpEvent 1 | ExpMass 0.017530 | best_tail 0.7743@114
2026-08-31 00:27:03,350 - beta_cifar10_beta0p125_IF100_alpha0p5_seed42.log - INFO - Round 123 selected clients: [2, 10, 13, 14, 15, 16, 17, 19]
2026-08-31 00:27:21,337 - beta_cifar10_beta0p125_IF100_alpha0p5_seed42.log - INFO - Round 123 | Global 0.6934 | Head 0.7410 | Middle 0.6332 | Tail 0.7260 | Hmean 0.7334 | ExpEvent 1 | ExpMass 0.024793 | best_tail 0.7743@114
2026-08-31 00:27:21,337 - beta_cifar10_beta0p125_IF100_alpha0p5_seed42.log - INFO - Round 124 selected clients: [4, 8, 9, 10, 12, 13, 14, 16]
2026-08-31 00:27:39,142 - beta_cifar10_beta0p125_IF100_alpha0p5_seed42.log - INFO - Round 124 | Global 0.6793 | Head 0.8017 | Middle 0.6252 | Tail 0.6290 | Hmean 0.7049 | ExpEvent 1 | ExpMass 0.002419 | best_tail 0.7743@114
2026-08-31 00:27:39,142 - beta_cifar10_beta0p125_IF100_alpha0p5_seed42.log - INFO - Round 125 selected clients: [1, 4, 5, 8, 12, 13, 17, 19]
2026-08-31 00:27:57,402 - beta_cifar10_beta0p125_IF100_alpha0p5_seed42.log - INFO - Round 125 | Global 0.6818 | Head 0.7437 | Middle 0.6512 | Tail 0.6607 | Hmean 0.6997 | ExpEvent 1 | ExpMass 0.023977 | best_tail 0.7743@114
2026-08-31 00:27:57,413 - beta_cifar10_beta0p125_IF100_alpha0p5_seed42.log - INFO - Round 126 selected clients: [2, 8, 9, 12, 13, 14, 15, 16]
2026-08-31 00:28:16,097 - beta_cifar10_beta0p125_IF100_alpha0p5_seed42.log - INFO - Round 126 | Global 0.6975 | Head 0.7660 | Middle 0.6703 | Tail 0.6653 | Hmean 0.7121 | ExpEvent 1 | ExpMass 0.009474 | best_tail 0.7743@114
2026-08-31 00:28:16,097 - beta_cifar10_beta0p125_IF100_alpha0p5_seed42.log - INFO - Round 127 selected clients: [4, 5, 7, 11, 15, 16, 17, 18]
2026-08-31 00:28:34,430 - beta_cifar10_beta0p125_IF100_alpha0p5_seed42.log - INFO - Round 127 | Global 0.7014 | Head 0.7620 | Middle 0.6727 | Tail 0.6790 | Hmean 0.7181 | ExpEvent 1 | ExpMass 0.025191 | best_tail 0.7743@114
2026-08-31 00:28:34,430 - beta_cifar10_beta0p125_IF100_alpha0p5_seed42.log - INFO - Round 128 selected clients: [3, 6, 8, 10, 12, 15, 17, 19]
2026-08-31 00:28:52,540 - beta_cifar10_beta0p125_IF100_alpha0p5_seed42.log - INFO - Round 128 | Global 0.7000 | Head 0.7350 | Middle 0.6525 | Tail 0.7283 | Hmean 0.7316 | ExpEvent 1 | ExpMass 0.033864 | best_tail 0.7743@114
2026-08-31 00:28:52,540 - beta_cifar10_beta0p125_IF100_alpha0p5_seed42.log - INFO - Round 129 selected clients: [4, 6, 7, 10, 11, 15, 16, 17]
2026-08-31 00:29:09,008 - beta_cifar10_beta0p125_IF100_alpha0p5_seed42.log - INFO - Round 129 | Global 0.6910 | Head 0.7643 | Middle 0.6575 | Tail 0.6623 | Hmean 0.7097 | ExpEvent 1 | ExpMass 0.019553 | best_tail 0.7743@114
2026-08-31 00:29:09,008 - beta_cifar10_beta0p125_IF100_alpha0p5_seed42.log - INFO - Round 130 selected clients: [0, 3, 6, 9, 10, 14, 15, 17]
2026-08-31 00:29:26,471 - beta_cifar10_beta0p125_IF100_alpha0p5_seed42.log - INFO - Round 130 | Global 0.6952 | Head 0.7133 | Middle 0.6763 | Tail 0.7023 | Hmean 0.7078 | ExpEvent 1 | ExpMass 0.028013 | best_tail 0.7743@114
2026-08-31 00:29:26,498 - beta_cifar10_beta0p125_IF100_alpha0p5_seed42.log - INFO - Checkpoint @130 | Global 0.6952 | Head 0.7133 | Middle 0.6763 | Tail 0.7023 | Hmean 0.7078
2026-08-31 00:29:26,498 - beta_cifar10_beta0p125_IF100_alpha0p5_seed42.log - INFO - Round 131 selected clients: [0, 3, 7, 8, 9, 12, 14, 18]
2026-08-31 00:29:44,100 - beta_cifar10_beta0p125_IF100_alpha0p5_seed42.log - INFO - Round 131 | Global 0.6942 | Head 0.7373 | Middle 0.6512 | Tail 0.7083 | Hmean 0.7225 | ExpEvent 1 | ExpMass 0.016123 | best_tail 0.7743@114
2026-08-31 00:29:44,100 - beta_cifar10_beta0p125_IF100_alpha0p5_seed42.log - INFO - Round 132 selected clients: [1, 5, 7, 10, 12, 13, 15, 19]
2026-08-31 00:30:02,140 - beta_cifar10_beta0p125_IF100_alpha0p5_seed42.log - INFO - Round 132 | Global 0.6957 | Head 0.7450 | Middle 0.6640 | Tail 0.6887 | Hmean 0.7157 | ExpEvent 1 | ExpMass 0.015921 | best_tail 0.7743@114
2026-08-31 00:30:02,140 - beta_cifar10_beta0p125_IF100_alpha0p5_seed42.log - INFO - Round 133 selected clients: [0, 1, 7, 8, 9, 11, 15, 16]
2026-08-31 00:30:20,315 - beta_cifar10_beta0p125_IF100_alpha0p5_seed42.log - INFO - Round 133 | Global 0.6746 | Head 0.7727 | Middle 0.6240 | Tail 0.6440 | Hmean 0.7025 | ExpEvent 1 | ExpMass 0.004031 | best_tail 0.7743@114
2026-08-31 00:30:20,315 - beta_cifar10_beta0p125_IF100_alpha0p5_seed42.log - INFO - Round 134 selected clients: [2, 3, 7, 8, 10, 16, 18, 19]
2026-08-31 00:30:38,586 - beta_cifar10_beta0p125_IF100_alpha0p5_seed42.log - INFO - Round 134 | Global 0.6912 | Head 0.7007 | Middle 0.6655 | Tail 0.7160 | Hmean 0.7083 | ExpEvent 1 | ExpMass 0.026804 | best_tail 0.7743@114
2026-08-31 00:30:38,586 - beta_cifar10_beta0p125_IF100_alpha0p5_seed42.log - INFO - Round 135 selected clients: [0, 6, 9, 12, 13, 14, 16, 19]
2026-08-31 00:30:56,845 - beta_cifar10_beta0p125_IF100_alpha0p5_seed42.log - INFO - Round 135 | Global 0.6929 | Head 0.7177 | Middle 0.6448 | Tail 0.7323 | Hmean 0.7249 | ExpEvent 1 | ExpMass 0.018142 | best_tail 0.7743@114
2026-08-31 00:30:56,845 - beta_cifar10_beta0p125_IF100_alpha0p5_seed42.log - INFO - Round 136 selected clients: [2, 3, 5, 6, 10, 13, 15, 18]
2026-08-31 00:31:15,271 - beta_cifar10_beta0p125_IF100_alpha0p5_seed42.log - INFO - Round 136 | Global 0.6940 | Head 0.6670 | Middle 0.6717 | Tail 0.7507 | Hmean 0.7064 | ExpEvent 1 | ExpMass 0.034656 | best_tail 0.7743@114
2026-08-31 00:31:15,271 - beta_cifar10_beta0p125_IF100_alpha0p5_seed42.log - INFO - Round 137 selected clients: [1, 2, 3, 5, 9, 10, 13, 19]
2026-08-31 00:31:32,973 - beta_cifar10_beta0p125_IF100_alpha0p5_seed42.log - INFO - Round 137 | Global 0.6891 | Head 0.6803 | Middle 0.6680 | Tail 0.7260 | Hmean 0.7024 | ExpEvent 1 | ExpMass 0.027599 | best_tail 0.7743@114
2026-08-31 00:31:32,983 - beta_cifar10_beta0p125_IF100_alpha0p5_seed42.log - INFO - Round 138 selected clients: [0, 1, 5, 7, 8, 12, 16, 18]
2026-08-31 00:31:50,888 - beta_cifar10_beta0p125_IF100_alpha0p5_seed42.log - INFO - Round 138 | Global 0.6939 | Head 0.7453 | Middle 0.6412 | Tail 0.7127 | Hmean 0.7286 | ExpEvent 1 | ExpMass 0.013701 | best_tail 0.7743@114
2026-08-31 00:31:50,888 - beta_cifar10_beta0p125_IF100_alpha0p5_seed42.log - INFO - Round 139 selected clients: [4, 5, 6, 10, 11, 12, 14, 18]
2026-08-31 00:32:08,609 - beta_cifar10_beta0p125_IF100_alpha0p5_seed42.log - INFO - Round 139 | Global 0.6961 | Head 0.7470 | Middle 0.6512 | Tail 0.7050 | Hmean 0.7254 | ExpEvent 1 | ExpMass 0.021564 | best_tail 0.7743@114
2026-08-31 00:32:08,618 - beta_cifar10_beta0p125_IF100_alpha0p5_seed42.log - INFO - Round 140 selected clients: [2, 6, 8, 12, 14, 15, 16, 19]
2026-08-31 00:32:26,425 - beta_cifar10_beta0p125_IF100_alpha0p5_seed42.log - INFO - Round 140 | Global 0.7009 | Head 0.7167 | Middle 0.6525 | Tail 0.7497 | Hmean 0.7328 | ExpEvent 1 | ExpMass 0.022979 | best_tail 0.7743@114
2026-08-31 00:32:26,443 - beta_cifar10_beta0p125_IF100_alpha0p5_seed42.log - INFO - Checkpoint @140 | Global 0.7009 | Head 0.7167 | Middle 0.6525 | Tail 0.7497 | Hmean 0.7328
2026-08-31 00:32:26,443 - beta_cifar10_beta0p125_IF100_alpha0p5_seed42.log - INFO - Round 141 selected clients: [1, 3, 5, 10, 12, 14, 15, 19]
2026-08-31 00:32:43,338 - beta_cifar10_beta0p125_IF100_alpha0p5_seed42.log - INFO - Round 141 | Global 0.6962 | Head 0.7090 | Middle 0.6528 | Tail 0.7413 | Hmean 0.7248 | ExpEvent 1 | ExpMass 0.022164 | best_tail 0.7743@114
2026-08-31 00:32:43,338 - beta_cifar10_beta0p125_IF100_alpha0p5_seed42.log - INFO - Round 142 selected clients: [0, 1, 2, 3, 4, 9, 14, 17]
2026-08-31 00:33:00,503 - beta_cifar10_beta0p125_IF100_alpha0p5_seed42.log - INFO - Round 142 | Global 0.6896 | Head 0.7187 | Middle 0.6650 | Tail 0.6933 | Hmean 0.7058 | ExpEvent 1 | ExpMass 0.023565 | best_tail 0.7743@114
2026-08-31 00:33:00,503 - beta_cifar10_beta0p125_IF100_alpha0p5_seed42.log - INFO - Round 143 selected clients: [1, 3, 6, 8, 9, 13, 15, 16]
2026-08-31 00:33:16,621 - beta_cifar10_beta0p125_IF100_alpha0p5_seed42.log - INFO - Round 143 | Global 0.6900 | Head 0.7383 | Middle 0.6542 | Tail 0.6893 | Hmean 0.7130 | ExpEvent 1 | ExpMass 0.018138 | best_tail 0.7743@114
2026-08-31 00:33:16,621 - beta_cifar10_beta0p125_IF100_alpha0p5_seed42.log - INFO - Round 144 selected clients: [1, 5, 6, 8, 10, 12, 15, 18]
2026-08-31 00:33:32,842 - beta_cifar10_beta0p125_IF100_alpha0p5_seed42.log - INFO - Round 144 | Global 0.7036 | Head 0.7250 | Middle 0.6687 | Tail 0.7287 | Hmean 0.7268 | ExpEvent 1 | ExpMass 0.023378 | best_tail 0.7743@114
2026-08-31 00:33:32,842 - beta_cifar10_beta0p125_IF100_alpha0p5_seed42.log - INFO - Round 145 selected clients: [0, 2, 4, 7, 11, 17, 18, 19]
2026-08-31 00:33:48,938 - beta_cifar10_beta0p125_IF100_alpha0p5_seed42.log - INFO - Round 145 | Global 0.6987 | Head 0.7120 | Middle 0.6643 | Tail 0.7313 | Hmean 0.7215 | ExpEvent 1 | ExpMass 0.030425 | best_tail 0.7743@114
2026-08-31 00:33:48,938 - beta_cifar10_beta0p125_IF100_alpha0p5_seed42.log - INFO - Round 146 selected clients: [0, 1, 6, 8, 12, 13, 14, 16]
2026-08-31 00:34:05,134 - beta_cifar10_beta0p125_IF100_alpha0p5_seed42.log - INFO - Round 146 | Global 0.6928 | Head 0.7667 | Middle 0.6210 | Tail 0.7147 | Hmean 0.7398 | ExpEvent 1 | ExpMass 0.008061 | best_tail 0.7743@114
2026-08-31 00:34:05,134 - beta_cifar10_beta0p125_IF100_alpha0p5_seed42.log - INFO - Round 147 selected clients: [1, 2, 4, 10, 12, 15, 16, 19]
2026-08-31 00:34:21,223 - beta_cifar10_beta0p125_IF100_alpha0p5_seed42.log - INFO - Round 147 | Global 0.6904 | Head 0.7527 | Middle 0.6435 | Tail 0.6907 | Hmean 0.7204 | ExpEvent 1 | ExpMass 0.015112 | best_tail 0.7743@114
2026-08-31 00:34:21,223 - beta_cifar10_beta0p125_IF100_alpha0p5_seed42.log - INFO - Round 148 selected clients: [0, 6, 8, 10, 11, 15, 17, 18]
2026-08-31 00:34:37,354 - beta_cifar10_beta0p125_IF100_alpha0p5_seed42.log - INFO - Round 148 | Global 0.6981 | Head 0.7260 | Middle 0.6562 | Tail 0.7260 | Hmean 0.7260 | ExpEvent 1 | ExpMass 0.027011 | best_tail 0.7743@114
2026-08-31 00:34:37,354 - beta_cifar10_beta0p125_IF100_alpha0p5_seed42.log - INFO - Round 149 selected clients: [1, 2, 3, 4, 6, 7, 12, 14]
2026-08-31 00:34:53,544 - beta_cifar10_beta0p125_IF100_alpha0p5_seed42.log - INFO - Round 149 | Global 0.6986 | Head 0.7377 | Middle 0.6605 | Tail 0.7103 | Hmean 0.7237 | ExpEvent 1 | ExpMass 0.019541 | best_tail 0.7743@114
2026-08-31 00:34:53,555 - beta_cifar10_beta0p125_IF100_alpha0p5_seed42.log - INFO - Round 150 selected clients: [5, 7, 11, 12, 14, 17, 18, 19]
2026-08-31 00:35:09,706 - beta_cifar10_beta0p125_IF100_alpha0p5_seed42.log - INFO - Round 150 | Global 0.7038 | Head 0.7257 | Middle 0.6627 | Tail 0.7367 | Hmean 0.7312 | ExpEvent 1 | ExpMass 0.031445 | best_tail 0.7743@114
2026-08-31 00:35:09,734 - beta_cifar10_beta0p125_IF100_alpha0p5_seed42.log - INFO - Checkpoint @150 | Global 0.7038 | Head 0.7257 | Middle 0.6627 | Tail 0.7367 | Hmean 0.7312
2026-08-31 00:35:09,734 - beta_cifar10_beta0p125_IF100_alpha0p5_seed42.log - INFO - Round 151 selected clients: [1, 5, 6, 7, 8, 10, 14, 15]
2026-08-31 00:35:26,082 - beta_cifar10_beta0p125_IF100_alpha0p5_seed42.log - INFO - Round 151 | Global 0.6947 | Head 0.7333 | Middle 0.6480 | Tail 0.7183 | Hmean 0.7257 | ExpEvent 1 | ExpMass 0.015719 | best_tail 0.7743@114
2026-08-31 00:35:26,082 - beta_cifar10_beta0p125_IF100_alpha0p5_seed42.log - INFO - Round 152 selected clients: [1, 4, 9, 10, 15, 16, 18, 19]
2026-08-31 00:35:42,415 - beta_cifar10_beta0p125_IF100_alpha0p5_seed42.log - INFO - Round 152 | Global 0.6875 | Head 0.7083 | Middle 0.6422 | Tail 0.7270 | Hmean 0.7175 | ExpEvent 1 | ExpMass 0.019347 | best_tail 0.7743@114
2026-08-31 00:35:42,415 - beta_cifar10_beta0p125_IF100_alpha0p5_seed42.log - INFO - Round 153 selected clients: [0, 1, 4, 10, 11, 17, 18, 19]
2026-08-31 00:35:58,673 - beta_cifar10_beta0p125_IF100_alpha0p5_seed42.log - INFO - Round 153 | Global 0.6951 | Head 0.7297 | Middle 0.6418 | Tail 0.7317 | Hmean 0.7307 | ExpEvent 1 | ExpMass 0.025186 | best_tail 0.7743@114
2026-08-31 00:35:58,673 - beta_cifar10_beta0p125_IF100_alpha0p5_seed42.log - INFO - Round 154 selected clients: [2, 4, 8, 9, 11, 13, 15, 18]
2026-08-31 00:36:15,758 - beta_cifar10_beta0p125_IF100_alpha0p5_seed42.log - INFO - Round 154 | Global 0.6965 | Head 0.7163 | Middle 0.6715 | Tail 0.7100 | Hmean 0.7131 | ExpEvent 1 | ExpMass 0.016727 | best_tail 0.7743@114
2026-08-31 00:36:15,758 - beta_cifar10_beta0p125_IF100_alpha0p5_seed42.log - INFO - Round 155 selected clients: [1, 3, 5, 11, 12, 13, 14, 15]
2026-08-31 00:36:33,781 - beta_cifar10_beta0p125_IF100_alpha0p5_seed42.log - INFO - Round 155 | Global 0.7021 | Head 0.7513 | Middle 0.6765 | Tail 0.6870 | Hmean 0.7177 | ExpEvent 1 | ExpMass 0.014306 | best_tail 0.7743@114
2026-08-31 00:36:33,791 - beta_cifar10_beta0p125_IF100_alpha0p5_seed42.log - INFO - Round 156 selected clients: [2, 4, 5, 10, 11, 14, 15, 19]
2026-08-31 00:36:51,845 - beta_cifar10_beta0p125_IF100_alpha0p5_seed42.log - INFO - Round 156 | Global 0.7028 | Head 0.7460 | Middle 0.6715 | Tail 0.7013 | Hmean 0.7230 | ExpEvent 1 | ExpMass 0.020955 | best_tail 0.7743@114
2026-08-31 00:36:51,845 - beta_cifar10_beta0p125_IF100_alpha0p5_seed42.log - INFO - Round 157 selected clients: [3, 7, 10, 11, 13, 14, 16, 18]
2026-08-31 00:37:09,842 - beta_cifar10_beta0p125_IF100_alpha0p5_seed42.log - INFO - Round 157 | Global 0.6648 | Head 0.7400 | Middle 0.6475 | Tail 0.6127 | Hmean 0.6704 | ExpEvent 1 | ExpMass 0.013707 | best_tail 0.7743@114
2026-08-31 00:37:09,842 - beta_cifar10_beta0p125_IF100_alpha0p5_seed42.log - INFO - Round 158 selected clients: [0, 1, 2, 8, 9, 10, 11, 17]
2026-08-31 00:37:27,974 - beta_cifar10_beta0p125_IF100_alpha0p5_seed42.log - INFO - Round 158 | Global 0.6956 | Head 0.7367 | Middle 0.6587 | Tail 0.7037 | Hmean 0.7198 | ExpEvent 1 | ExpMass 0.017328 | best_tail 0.7743@114
2026-08-31 00:37:27,974 - beta_cifar10_beta0p125_IF100_alpha0p5_seed42.log - INFO - Round 159 selected clients: [4, 8, 10, 13, 14, 15, 18, 19]
2026-08-31 00:37:46,064 - beta_cifar10_beta0p125_IF100_alpha0p5_seed42.log - INFO - Round 159 | Global 0.6983 | Head 0.7510 | Middle 0.6460 | Tail 0.7153 | Hmean 0.7327 | ExpEvent 1 | ExpMass 0.017134 | best_tail 0.7743@114
2026-08-31 00:37:46,074 - beta_cifar10_beta0p125_IF100_alpha0p5_seed42.log - INFO - Round 160 selected clients: [0, 1, 2, 5, 6, 12, 14, 19]
2026-08-31 00:38:04,494 - beta_cifar10_beta0p125_IF100_alpha0p5_seed42.log - INFO - Round 160 | Global 0.6945 | Head 0.6850 | Middle 0.6650 | Tail 0.7433 | Hmean 0.7130 | ExpEvent 1 | ExpMass 0.027196 | best_tail 0.7743@114
2026-08-31 00:38:04,521 - beta_cifar10_beta0p125_IF100_alpha0p5_seed42.log - INFO - Checkpoint @160 | Global 0.6945 | Head 0.6850 | Middle 0.6650 | Tail 0.7433 | Hmean 0.7130
2026-08-31 00:38:04,521 - beta_cifar10_beta0p125_IF100_alpha0p5_seed42.log - INFO - Round 161 selected clients: [3, 4, 8, 9, 11, 14, 17, 18]
2026-08-31 00:38:22,550 - beta_cifar10_beta0p125_IF100_alpha0p5_seed42.log - INFO - Round 161 | Global 0.7040 | Head 0.7443 | Middle 0.6717 | Tail 0.7067 | Hmean 0.7250 | ExpEvent 1 | ExpMass 0.025796 | best_tail 0.7743@114
2026-08-31 00:38:22,550 - beta_cifar10_beta0p125_IF100_alpha0p5_seed42.log - INFO - Round 162 selected clients: [1, 2, 7, 14, 15, 16, 18, 19]
2026-08-31 00:38:40,820 - beta_cifar10_beta0p125_IF100_alpha0p5_seed42.log - INFO - Round 162 | Global 0.7030 | Head 0.7093 | Middle 0.6545 | Tail 0.7613 | Hmean 0.7344 | ExpEvent 1 | ExpMass 0.022370 | best_tail 0.7743@114
2026-08-31 00:38:40,820 - beta_cifar10_beta0p125_IF100_alpha0p5_seed42.log - INFO - Round 163 selected clients: [5, 6, 7, 10, 11, 12, 13, 17]
2026-08-31 00:38:59,064 - beta_cifar10_beta0p125_IF100_alpha0p5_seed42.log - INFO - Round 163 | Global 0.7015 | Head 0.7553 | Middle 0.6710 | Tail 0.6883 | Hmean 0.7202 | ExpEvent 1 | ExpMass 0.023987 | best_tail 0.7743@114
2026-08-31 00:38:59,064 - beta_cifar10_beta0p125_IF100_alpha0p5_seed42.log - INFO - Round 164 selected clients: [0, 3, 6, 10, 12, 13, 15, 16]
2026-08-31 00:39:17,455 - beta_cifar10_beta0p125_IF100_alpha0p5_seed42.log - INFO - Round 164 | Global 0.7019 | Head 0.7550 | Middle 0.6623 | Tail 0.7017 | Hmean 0.7274 | ExpEvent 1 | ExpMass 0.016123 | best_tail 0.7743@114
2026-08-31 00:39:17,455 - beta_cifar10_beta0p125_IF100_alpha0p5_seed42.log - INFO - Round 165 selected clients: [3, 7, 9, 11, 13, 15, 17, 19]
2026-08-31 00:39:35,753 - beta_cifar10_beta0p125_IF100_alpha0p5_seed42.log - INFO - Round 165 | Global 0.6983 | Head 0.7477 | Middle 0.6645 | Tail 0.6940 | Hmean 0.7198 | ExpEvent 1 | ExpMass 0.028019 | best_tail 0.7743@114
2026-08-31 00:39:35,753 - beta_cifar10_beta0p125_IF100_alpha0p5_seed42.log - INFO - Round 166 selected clients: [1, 10, 11, 12, 13, 14, 16, 17]
2026-08-31 00:39:53,959 - beta_cifar10_beta0p125_IF100_alpha0p5_seed42.log - INFO - Round 166 | Global 0.6867 | Head 0.7960 | Middle 0.6488 | Tail 0.6280 | Hmean 0.7021 | ExpEvent 1 | ExpMass 0.010079 | best_tail 0.7743@114
2026-08-31 00:39:53,959 - beta_cifar10_beta0p125_IF100_alpha0p5_seed42.log - INFO - Round 167 selected clients: [3, 4, 7, 9, 10, 13, 14, 18]
2026-08-31 00:40:12,158 - beta_cifar10_beta0p125_IF100_alpha0p5_seed42.log - INFO - Round 167 | Global 0.6907 | Head 0.7883 | Middle 0.6375 | Tail 0.6640 | Hmean 0.7208 | ExpEvent 1 | ExpMass 0.015921 | best_tail 0.7743@114
2026-08-31 00:40:12,158 - beta_cifar10_beta0p125_IF100_alpha0p5_seed42.log - INFO - Round 168 selected clients: [0, 1, 3, 4, 10, 11, 14, 15]
2026-08-31 00:40:30,479 - beta_cifar10_beta0p125_IF100_alpha0p5_seed42.log - INFO - Round 168 | Global 0.6785 | Head 0.7800 | Middle 0.6302 | Tail 0.6413 | Hmean 0.7039 | ExpEvent 1 | ExpMass 0.008058 | best_tail 0.7743@114
2026-08-31 00:40:30,479 - beta_cifar10_beta0p125_IF100_alpha0p5_seed42.log - INFO - Round 169 selected clients: [0, 1, 4, 5, 7, 9, 16, 18]
2026-08-31 00:40:48,713 - beta_cifar10_beta0p125_IF100_alpha0p5_seed42.log - INFO - Round 169 | Global 0.6849 | Head 0.7563 | Middle 0.6320 | Tail 0.6840 | Hmean 0.7183 | ExpEvent 1 | ExpMass 0.015713 | best_tail 0.7743@114
2026-08-31 00:40:48,713 - beta_cifar10_beta0p125_IF100_alpha0p5_seed42.log - INFO - Round 170 selected clients: [1, 5, 6, 9, 11, 14, 15, 18]
2026-08-31 00:41:06,482 - beta_cifar10_beta0p125_IF100_alpha0p5_seed42.log - INFO - Round 170 | Global 0.7001 | Head 0.7333 | Middle 0.6695 | Tail 0.7077 | Hmean 0.7203 | ExpEvent 1 | ExpMass 0.025393 | best_tail 0.7743@114
2026-08-31 00:41:06,516 - beta_cifar10_beta0p125_IF100_alpha0p5_seed42.log - INFO - Checkpoint @170 | Global 0.7001 | Head 0.7333 | Middle 0.6695 | Tail 0.7077 | Hmean 0.7203
2026-08-31 00:41:06,516 - beta_cifar10_beta0p125_IF100_alpha0p5_seed42.log - INFO - Round 171 selected clients: [0, 5, 6, 7, 8, 9, 12, 17]
2026-08-31 00:41:22,655 - beta_cifar10_beta0p125_IF100_alpha0p5_seed42.log - INFO - Round 171 | Global 0.7027 | Head 0.7360 | Middle 0.6773 | Tail 0.7033 | Hmean 0.7193 | ExpEvent 1 | ExpMass 0.026199 | best_tail 0.7743@114
2026-08-31 00:41:22,655 - beta_cifar10_beta0p125_IF100_alpha0p5_seed42.log - INFO - Round 172 selected clients: [4, 9, 10, 11, 13, 15, 17, 18]
2026-08-31 00:41:38,937 - beta_cifar10_beta0p125_IF100_alpha0p5_seed42.log - INFO - Round 172 | Global 0.6950 | Head 0.7653 | Middle 0.6585 | Tail 0.6733 | Hmean 0.7164 | ExpEvent 1 | ExpMass 0.021367 | best_tail 0.7743@114
2026-08-31 00:41:38,937 - beta_cifar10_beta0p125_IF100_alpha0p5_seed42.log - INFO - Round 173 selected clients: [0, 4, 7, 8, 9, 10, 13, 16]
2026-08-31 00:41:55,159 - beta_cifar10_beta0p125_IF100_alpha0p5_seed42.log - INFO - Round 173 | Global 0.6748 | Head 0.8023 | Middle 0.6198 | Tail 0.6207 | Hmean 0.6999 | ExpEvent 1 | ExpMass 0.002217 | best_tail 0.7743@114
2026-08-31 00:41:55,159 - beta_cifar10_beta0p125_IF100_alpha0p5_seed42.log - INFO - Round 174 selected clients: [1, 3, 4, 6, 12, 13, 15, 18]
2026-08-31 00:42:11,385 - beta_cifar10_beta0p125_IF100_alpha0p5_seed42.log - INFO - Round 174 | Global 0.6907 | Head 0.7173 | Middle 0.6535 | Tail 0.7137 | Hmean 0.7155 | ExpEvent 1 | ExpMass 0.023574 | best_tail 0.7743@114
2026-08-31 00:42:11,385 - beta_cifar10_beta0p125_IF100_alpha0p5_seed42.log - INFO - Round 175 selected clients: [1, 2, 4, 6, 8, 9, 11, 14]
2026-08-31 00:42:27,539 - beta_cifar10_beta0p125_IF100_alpha0p5_seed42.log - INFO - Round 175 | Global 0.6964 | Head 0.7517 | Middle 0.6767 | Tail 0.6673 | Hmean 0.7070 | ExpEvent 1 | ExpMass 0.015313 | best_tail 0.7743@114
2026-08-31 00:42:27,539 - beta_cifar10_beta0p125_IF100_alpha0p5_seed42.log - INFO - Round 176 selected clients: [1, 3, 5, 11, 12, 13, 14, 19]
2026-08-31 00:42:43,717 - beta_cifar10_beta0p125_IF100_alpha0p5_seed42.log - INFO - Round 176 | Global 0.7036 | Head 0.7670 | Middle 0.6735 | Tail 0.6803 | Hmean 0.7211 | ExpEvent 1 | ExpMass 0.020351 | best_tail 0.7743@114
2026-08-31 00:42:43,717 - beta_cifar10_beta0p125_IF100_alpha0p5_seed42.log - INFO - Round 177 selected clients: [1, 3, 5, 6, 8, 9, 10, 18]
2026-08-31 00:42:59,904 - beta_cifar10_beta0p125_IF100_alpha0p5_seed42.log - INFO - Round 177 | Global 0.7041 | Head 0.7250 | Middle 0.6675 | Tail 0.7320 | Hmean 0.7285 | ExpEvent 1 | ExpMass 0.029821 | best_tail 0.7743@114
2026-08-31 00:42:59,904 - beta_cifar10_beta0p125_IF100_alpha0p5_seed42.log - INFO - Round 178 selected clients: [2, 4, 5, 6, 7, 8, 9, 11]
2026-08-31 00:43:16,140 - beta_cifar10_beta0p125_IF100_alpha0p5_seed42.log - INFO - Round 178 | Global 0.7026 | Head 0.7510 | Middle 0.6683 | Tail 0.7000 | Hmean 0.7246 | ExpEvent 1 | ExpMass 0.021358 | best_tail 0.7743@114
2026-08-31 00:43:16,140 - beta_cifar10_beta0p125_IF100_alpha0p5_seed42.log - INFO - Round 179 selected clients: [0, 3, 4, 5, 7, 13, 15, 19]
2026-08-31 00:43:32,454 - beta_cifar10_beta0p125_IF100_alpha0p5_seed42.log - INFO - Round 179 | Global 0.7008 | Head 0.7357 | Middle 0.6590 | Tail 0.7217 | Hmean 0.7286 | ExpEvent 1 | ExpMass 0.021958 | best_tail 0.7743@114
2026-08-31 00:43:32,463 - beta_cifar10_beta0p125_IF100_alpha0p5_seed42.log - INFO - Round 180 selected clients: [3, 4, 6, 9, 10, 12, 14, 17]
2026-08-31 00:43:48,775 - beta_cifar10_beta0p125_IF100_alpha0p5_seed42.log - INFO - Round 180 | Global 0.7053 | Head 0.7820 | Middle 0.6565 | Tail 0.6937 | Hmean 0.7352 | ExpEvent 1 | ExpMass 0.026401 | best_tail 0.7743@114
2026-08-31 00:43:48,802 - beta_cifar10_beta0p125_IF100_alpha0p5_seed42.log - INFO - Checkpoint @180 | Global 0.7053 | Head 0.7820 | Middle 0.6565 | Tail 0.6937 | Hmean 0.7352
2026-08-31 00:43:48,803 - beta_cifar10_beta0p125_IF100_alpha0p5_seed42.log - INFO - Round 181 selected clients: [0, 7, 11, 13, 14, 15, 16, 18]
2026-08-31 00:44:04,964 - beta_cifar10_beta0p125_IF100_alpha0p5_seed42.log - INFO - Round 181 | Global 0.6997 | Head 0.7937 | Middle 0.6448 | Tail 0.6790 | Hmean 0.7319 | ExpEvent 1 | ExpMass 0.009272 | best_tail 0.7743@114
2026-08-31 00:44:04,964 - beta_cifar10_beta0p125_IF100_alpha0p5_seed42.log - INFO - Round 182 selected clients: [2, 5, 8, 9, 14, 16, 17, 18]
2026-08-31 00:44:21,192 - beta_cifar10_beta0p125_IF100_alpha0p5_seed42.log - INFO - Round 182 | Global 0.7082 | Head 0.7427 | Middle 0.6755 | Tail 0.7173 | Hmean 0.7298 | ExpEvent 1 | ExpMass 0.030834 | best_tail 0.7743@114
2026-08-31 00:44:21,192 - beta_cifar10_beta0p125_IF100_alpha0p5_seed42.log - INFO - Round 183 selected clients: [1, 3, 6, 7, 8, 12, 18, 19]
2026-08-31 00:44:37,423 - beta_cifar10_beta0p125_IF100_alpha0p5_seed42.log - INFO - Round 183 | Global 0.7080 | Head 0.7287 | Middle 0.6480 | Tail 0.7673 | Hmean 0.7475 | ExpEvent 1 | ExpMass 0.029625 | best_tail 0.7743@114
2026-08-31 00:44:37,434 - beta_cifar10_beta0p125_IF100_alpha0p5_seed42.log - INFO - Round 184 selected clients: [0, 1, 6, 8, 9, 11, 15, 18]
2026-08-31 00:44:53,855 - beta_cifar10_beta0p125_IF100_alpha0p5_seed42.log - INFO - Round 184 | Global 0.6948 | Head 0.7070 | Middle 0.6510 | Tail 0.7410 | Hmean 0.7236 | ExpEvent 1 | ExpMass 0.019347 | best_tail 0.7743@114
2026-08-31 00:44:53,855 - beta_cifar10_beta0p125_IF100_alpha0p5_seed42.log - INFO - Round 185 selected clients: [0, 7, 8, 10, 12, 13, 15, 19]
2026-08-31 00:45:10,082 - beta_cifar10_beta0p125_IF100_alpha0p5_seed42.log - INFO - Round 185 | Global 0.6897 | Head 0.7667 | Middle 0.6370 | Tail 0.6830 | Hmean 0.7224 | ExpEvent 1 | ExpMass 0.009877 | best_tail 0.7743@114
2026-08-31 00:45:10,082 - beta_cifar10_beta0p125_IF100_alpha0p5_seed42.log - INFO - Round 186 selected clients: [2, 6, 7, 9, 10, 11, 14, 17]
2026-08-31 00:45:26,243 - beta_cifar10_beta0p125_IF100_alpha0p5_seed42.log - INFO - Round 186 | Global 0.7031 | Head 0.7400 | Middle 0.6693 | Tail 0.7113 | Hmean 0.7254 | ExpEvent 1 | ExpMass 0.025197 | best_tail 0.7743@114
2026-08-31 00:45:26,253 - beta_cifar10_beta0p125_IF100_alpha0p5_seed42.log - INFO - Round 187 selected clients: [0, 1, 5, 7, 8, 9, 17, 19]
2026-08-31 00:45:42,463 - beta_cifar10_beta0p125_IF100_alpha0p5_seed42.log - INFO - Round 187 | Global 0.7046 | Head 0.7357 | Middle 0.6567 | Tail 0.7373 | Hmean 0.7365 | ExpEvent 1 | ExpMass 0.025992 | best_tail 0.7743@114
2026-08-31 00:45:42,463 - beta_cifar10_beta0p125_IF100_alpha0p5_seed42.log - INFO - Round 188 selected clients: [0, 4, 6, 12, 14, 15, 18, 19]
2026-08-31 00:46:00,754 - beta_cifar10_beta0p125_IF100_alpha0p5_seed42.log - INFO - Round 188 | Global 0.7113 | Head 0.7203 | Middle 0.6670 | Tail 0.7613 | Hmean 0.7402 | ExpEvent 1 | ExpMass 0.025191 | best_tail 0.7743@114
2026-08-31 00:46:00,754 - beta_cifar10_beta0p125_IF100_alpha0p5_seed42.log - INFO - Round 189 selected clients: [0, 2, 7, 8, 9, 16, 17, 19]
2026-08-31 00:46:18,977 - beta_cifar10_beta0p125_IF100_alpha0p5_seed42.log - INFO - Round 189 | Global 0.7115 | Head 0.7437 | Middle 0.6595 | Tail 0.7487 | Hmean 0.7462 | ExpEvent 1 | ExpMass 0.025191 | best_tail 0.7743@114
2026-08-31 00:46:18,977 - beta_cifar10_beta0p125_IF100_alpha0p5_seed42.log - INFO - Round 190 selected clients: [1, 2, 4, 7, 8, 10, 12, 17]
2026-08-31 00:46:37,325 - beta_cifar10_beta0p125_IF100_alpha0p5_seed42.log - INFO - Round 190 | Global 0.6904 | Head 0.7417 | Middle 0.6623 | Tail 0.6767 | Hmean 0.7077 | ExpEvent 1 | ExpMass 0.015313 | best_tail 0.7743@114
2026-08-31 00:46:37,352 - beta_cifar10_beta0p125_IF100_alpha0p5_seed42.log - INFO - Checkpoint @190 | Global 0.6904 | Head 0.7417 | Middle 0.6623 | Tail 0.6767 | Hmean 0.7077
2026-08-31 00:46:37,352 - beta_cifar10_beta0p125_IF100_alpha0p5_seed42.log - INFO - Round 191 selected clients: [0, 1, 4, 5, 9, 10, 11, 12]
2026-08-31 00:46:55,664 - beta_cifar10_beta0p125_IF100_alpha0p5_seed42.log - INFO - Round 191 | Global 0.7001 | Head 0.7657 | Middle 0.6645 | Tail 0.6820 | Hmean 0.7214 | ExpEvent 1 | ExpMass 0.008461 | best_tail 0.7743@114
2026-08-31 00:46:55,675 - beta_cifar10_beta0p125_IF100_alpha0p5_seed42.log - INFO - Round 192 selected clients: [0, 3, 7, 8, 9, 11, 15, 17]
2026-08-31 00:47:13,802 - beta_cifar10_beta0p125_IF100_alpha0p5_seed42.log - INFO - Round 192 | Global 0.6959 | Head 0.7737 | Middle 0.6575 | Tail 0.6693 | Hmean 0.7177 | ExpEvent 1 | ExpMass 0.020153 | best_tail 0.7743@114
2026-08-31 00:47:13,802 - beta_cifar10_beta0p125_IF100_alpha0p5_seed42.log - INFO - Round 193 selected clients: [1, 4, 5, 8, 10, 11, 13, 15]
2026-08-31 00:47:32,042 - beta_cifar10_beta0p125_IF100_alpha0p5_seed42.log - INFO - Round 193 | Global 0.6735 | Head 0.8017 | Middle 0.6475 | Tail 0.5800 | Hmean 0.6731 | ExpEvent 1 | ExpMass 0.007858 | best_tail 0.7743@114
2026-08-31 00:47:32,042 - beta_cifar10_beta0p125_IF100_alpha0p5_seed42.log - INFO - Round 194 selected clients: [4, 9, 10, 11, 12, 13, 16, 18]
2026-08-31 00:47:50,283 - beta_cifar10_beta0p125_IF100_alpha0p5_seed42.log - INFO - Round 194 | Global 0.7009 | Head 0.7983 | Middle 0.6462 | Tail 0.6763 | Hmean 0.7323 | ExpEvent 1 | ExpMass 0.009877 | best_tail 0.7743@114
2026-08-31 00:47:50,283 - beta_cifar10_beta0p125_IF100_alpha0p5_seed42.log - INFO - Round 195 selected clients: [2, 3, 4, 8, 10, 13, 14, 18]
2026-08-31 00:48:08,596 - beta_cifar10_beta0p125_IF100_alpha0p5_seed42.log - INFO - Round 195 | Global 0.7040 | Head 0.7847 | Middle 0.6542 | Tail 0.6897 | Hmean 0.7341 | ExpEvent 1 | ExpMass 0.018940 | best_tail 0.7743@114
2026-08-31 00:48:08,607 - beta_cifar10_beta0p125_IF100_alpha0p5_seed42.log - INFO - Round 196 selected clients: [1, 3, 5, 9, 14, 16, 18, 19]
2026-08-31 00:48:26,963 - beta_cifar10_beta0p125_IF100_alpha0p5_seed42.log - INFO - Round 196 | Global 0.7083 | Head 0.7330 | Middle 0.6525 | Tail 0.7580 | Hmean 0.7453 | ExpEvent 1 | ExpMass 0.029821 | best_tail 0.7743@114
2026-08-31 00:48:26,963 - beta_cifar10_beta0p125_IF100_alpha0p5_seed42.log - INFO - Round 197 selected clients: [0, 2, 6, 8, 10, 11, 15, 18]
2026-08-31 00:48:45,089 - beta_cifar10_beta0p125_IF100_alpha0p5_seed42.log - INFO - Round 197 | Global 0.7134 | Head 0.7230 | Middle 0.6725 | Tail 0.7583 | Hmean 0.7402 | ExpEvent 1 | ExpMass 0.022370 | best_tail 0.7743@114
2026-08-31 00:48:45,099 - beta_cifar10_beta0p125_IF100_alpha0p5_seed42.log - INFO - Round 198 selected clients: [2, 3, 4, 5, 6, 9, 12, 16]
2026-08-31 00:49:03,348 - beta_cifar10_beta0p125_IF100_alpha0p5_seed42.log - INFO - Round 198 | Global 0.7084 | Head 0.7127 | Middle 0.6793 | Tail 0.7430 | Hmean 0.7275 | ExpEvent 1 | ExpMass 0.027800 | best_tail 0.7743@114
2026-08-31 00:49:03,358 - beta_cifar10_beta0p125_IF100_alpha0p5_seed42.log - INFO - Round 199 selected clients: [1, 2, 3, 6, 9, 13, 14, 18]
2026-08-31 00:49:21,346 - beta_cifar10_beta0p125_IF100_alpha0p5_seed42.log - INFO - Round 199 | Global 0.7070 | Head 0.7150 | Middle 0.6677 | Tail 0.7513 | Hmean 0.7327 | ExpEvent 1 | ExpMass 0.029015 | best_tail 0.7743@114
2026-08-31 00:49:21,346 - beta_cifar10_beta0p125_IF100_alpha0p5_seed42.log - INFO - Round 200 selected clients: [1, 3, 8, 10, 13, 14, 17, 19]
2026-08-31 00:49:39,481 - beta_cifar10_beta0p125_IF100_alpha0p5_seed42.log - INFO - Round 200 | Global 0.7030 | Head 0.7603 | Middle 0.6532 | Tail 0.7120 | Hmean 0.7354 | ExpEvent 1 | ExpMass 0.023982 | best_tail 0.7743@114
2026-08-31 00:49:39,514 - beta_cifar10_beta0p125_IF100_alpha0p5_seed42.log - INFO - Checkpoint @200 | Global 0.7030 | Head 0.7603 | Middle 0.6532 | Tail 0.7120 | Hmean 0.7354
2026-08-31 00:49:39,531 - beta_cifar10_beta0p125_IF100_alpha0p5_seed42.log - INFO - ==========================================================================================
2026-08-31 00:49:39,531 - beta_cifar10_beta0p125_IF100_alpha0p5_seed42.log - INFO - FINISHED BETA PARETO | beta=0.125
2026-08-31 00:49:39,531 - beta_cifar10_beta0p125_IF100_alpha0p5_seed42.log - INFO - Final Global: 0.7030
2026-08-31 00:49:39,531 - beta_cifar10_beta0p125_IF100_alpha0p5_seed42.log - INFO - Final Head: 0.7603
2026-08-31 00:49:39,531 - beta_cifar10_beta0p125_IF100_alpha0p5_seed42.log - INFO - Final Middle: 0.6532
2026-08-31 00:49:39,531 - beta_cifar10_beta0p125_IF100_alpha0p5_seed42.log - INFO - Final Tail: 0.7120
2026-08-31 00:49:39,535 - beta_cifar10_beta0p125_IF100_alpha0p5_seed42.log - INFO - Final Hmean: 0.7354
2026-08-31 00:49:39,535 - beta_cifar10_beta0p125_IF100_alpha0p5_seed42.log - INFO - Best Tail (diagnostic only; NOT fixed-round main result): 0.7743 @ round 114
2026-08-31 00:49:39,535 - beta_cifar10_beta0p125_IF100_alpha0p5_seed42.log - INFO - Metrics CSV: D:\Desktop\FedLF_project\FedLF\outputs\beta_cifar10_beta0p125_IF100_alpha0p5_seed42\metrics.csv
2026-08-31 00:49:39,535 - beta_cifar10_beta0p125_IF100_alpha0p5_seed42.log - INFO - History file: D:\Desktop\FedLF_project\FedLF\outputs\beta_cifar10_beta0p125_IF100_alpha0p5_seed42\head_tail_history.pkl
2026-08-31 00:49:39,535 - beta_cifar10_beta0p125_IF100_alpha0p5_seed42.log - INFO - Checkpoint file: D:\Desktop\FedLF_project\FedLF\outputs\beta_cifar10_beta0p125_IF100_alpha0p5_seed42\checkpoint.pth
2026-08-31 00:49:39,535 - beta_cifar10_beta0p125_IF100_alpha0p5_seed42.log - INFO - Final model file: D:\Desktop\FedLF_project\FedLF\outputs\beta_cifar10_beta0p125_IF100_alpha0p5_seed42\final_model.pth
2026-08-31 00:49:39,535 - beta_cifar10_beta0p125_IF100_alpha0p5_seed42.log - INFO - Config file: D:\Desktop\FedLF_project\FedLF\outputs\beta_cifar10_beta0p125_IF100_alpha0p5_seed42\config.json
2026-08-31 00:49:39,535 - beta_cifar10_beta0p125_IF100_alpha0p5_seed42.log - INFO - Partition SHA256: 91fc508fdd8b116a19ca7809c6dfe5d6b9f4161086b898c272ecff4fedcd1acf
2026-08-31 00:49:39,535 - beta_cifar10_beta0p125_IF100_alpha0p5_seed42.log - INFO - ==========================================================================================
