2026-08-29 23:14:30,469 - hc_cifar10_class9_h8_IF100_alpha0p5_seed42.log - INFO - ==========================================================================================
2026-08-29 23:14:30,469 - hc_cifar10_class9_h8_IF100_alpha0p5_seed42.log - INFO - FIXED-N / VARIED-h CONTROLLED EXPERIMENT
2026-08-29 23:14:30,469 - hc_cifar10_class9_h8_IF100_alpha0p5_seed42.log - INFO - algorithm: pure FedLF | S=OFF C=OFF A=OFF
2026-08-29 23:14:30,469 - hc_cifar10_class9_h8_IF100_alpha0p5_seed42.log - INFO - dataset:CIFAR-10-LT IF=100 imb_factor=0.01 alpha=0.5
2026-08-29 23:14:30,469 - hc_cifar10_class9_h8_IF100_alpha0p5_seed42.log - INFO - K=20 m=8 participation=0.4000
2026-08-29 23:14:30,471 - hc_cifar10_class9_h8_IF100_alpha0p5_seed42.log - INFO - rounds=200 E=10 batch=32 fixed_lr=0.1 seed=42
2026-08-29 23:14:30,471 - hc_cifar10_class9_h8_IF100_alpha0p5_seed42.log - INFO - target_class=9 requested_host_count=8
2026-08-29 23:14:30,471 - hc_cifar10_class9_h8_IF100_alpha0p5_seed42.log - INFO - client_sampling=UNIFORM RANDOM WITHOUT REPLACEMENT
2026-08-29 23:14:30,471 - hc_cifar10_class9_h8_IF100_alpha0p5_seed42.log - INFO - aggregation=STANDARD SAMPLE-WEIGHTED FedAvg
2026-08-29 23:14:30,471 - hc_cifar10_class9_h8_IF100_alpha0p5_seed42.log - INFO - test rollback=False
2026-08-29 23:14:30,471 - hc_cifar10_class9_h8_IF100_alpha0p5_seed42.log - INFO - Log: D:\Desktop\FedLF_project\FedLF\Logs\hc_cifar10_class9_h8_IF100_alpha0p5_seed42.log
2026-08-29 23:14:30,471 - hc_cifar10_class9_h8_IF100_alpha0p5_seed42.log - INFO - Output: D:\Desktop\FedLF_project\FedLF\outputs\hc_cifar10_class9_h8_IF100_alpha0p5_seed42
2026-08-29 23:14:30,471 - hc_cifar10_class9_h8_IF100_alpha0p5_seed42.log - INFO - ==========================================================================================
2026-08-29 23:14:36,048 - hc_cifar10_class9_h8_IF100_alpha0p5_seed42.log - INFO - Global class counts: [5000, 2997, 1796, 1077, 645, 387, 232, 139, 83, 50]
2026-08-29 23:14:36,048 - hc_cifar10_class9_h8_IF100_alpha0p5_seed42.log - INFO - Target class 9 N=50 (FIXED)
2026-08-29 23:14:36,048 - hc_cifar10_class9_h8_IF100_alpha0p5_seed42.log - INFO - Host order (nested across h): [6, 4, 7, 12, 9, 13, 3, 14, 19, 11, 10, 17, 15, 18, 5, 0, 16, 8, 1, 2]
2026-08-29 23:14:36,048 - hc_cifar10_class9_h8_IF100_alpha0p5_seed42.log - INFO - Actual host clients: [3, 4, 6, 7, 9, 12, 13, 14]
2026-08-29 23:14:36,048 - hc_cifar10_class9_h8_IF100_alpha0p5_seed42.log - INFO - Target samples per active host: {6: 7, 4: 7, 7: 6, 12: 6, 9: 6, 13: 6, 3: 6, 14: 6}
2026-08-29 23:14:36,048 - hc_cifar10_class9_h8_IF100_alpha0p5_seed42.log - INFO - Actual h=8 | theoretical P_exp=0.996070
2026-08-29 23:14:36,048 - hc_cifar10_class9_h8_IF100_alpha0p5_seed42.log - INFO - Base partition SHA256: 91fc508fdd8b116a19ca7809c6dfe5d6b9f4161086b898c272ecff4fedcd1acf
2026-08-29 23:14:36,048 - hc_cifar10_class9_h8_IF100_alpha0p5_seed42.log - INFO - Controlled partition SHA256: 51b5abb0df52876d82d96a45f38e20e407b96e094ef8775dd66413c693b51bda
2026-08-29 23:14:36,048 - hc_cifar10_class9_h8_IF100_alpha0p5_seed42.log - INFO - Client sizes after target redistribution: [621, 621, 621, 611, 628, 620, 625, 626, 620, 620, 620, 620, 626, 626, 626, 613, 620, 620, 612, 610]
2026-08-29 23:14:36,048 - hc_cifar10_class9_h8_IF100_alpha0p5_seed42.log - INFO - Paper thresholds: Head > 1500, Tail < 200; Tail classes=[7, 8, 9]
2026-08-29 23:14:36,171 - hc_cifar10_class9_h8_IF100_alpha0p5_seed42.log - INFO - Round 1 selected clients: [0, 1, 3, 5, 8, 11, 15, 17] | target exposure=1 samples=6 mass=0.001213 empirical_P=1.000000 theory_P=0.996070
2026-08-29 23:14:53,092 - hc_cifar10_class9_h8_IF100_alpha0p5_seed42.log - INFO - Round 1 | Global 0.1653 | Head 0.5157 | Middle 0.0265 | Tail 0.0000 | Class-9 0.0000 | best_class9 0.0000@1
2026-08-29 23:14:53,093 - hc_cifar10_class9_h8_IF100_alpha0p5_seed42.log - INFO - Round 2 selected clients: [4, 5, 7, 12, 14, 15, 16, 19] | target exposure=1 samples=25 mass=0.005031 empirical_P=1.000000 theory_P=0.996070
2026-08-29 23:15:10,048 - hc_cifar10_class9_h8_IF100_alpha0p5_seed42.log - INFO - Round 2 | Global 0.2507 | Head 0.7240 | Middle 0.0838 | Tail 0.0000 | Class-9 0.0000 | best_class9 0.0000@1
2026-08-29 23:15:10,048 - hc_cifar10_class9_h8_IF100_alpha0p5_seed42.log - INFO - Round 3 selected clients: [0, 2, 5, 7, 10, 12, 16, 18] | target exposure=1 samples=12 mass=0.002416 empirical_P=1.000000 theory_P=0.996070
2026-08-29 23:15:26,732 - hc_cifar10_class9_h8_IF100_alpha0p5_seed42.log - INFO - Round 3 | Global 0.2539 | Head 0.6980 | Middle 0.1113 | Tail 0.0000 | Class-9 0.0000 | best_class9 0.0000@1
2026-08-29 23:15:26,732 - hc_cifar10_class9_h8_IF100_alpha0p5_seed42.log - INFO - Round 4 selected clients: [0, 4, 6, 8, 9, 11, 17, 18] | target exposure=1 samples=20 mass=0.004027 empirical_P=1.000000 theory_P=0.996070
2026-08-29 23:15:43,547 - hc_cifar10_class9_h8_IF100_alpha0p5_seed42.log - INFO - Round 4 | Global 0.2600 | Head 0.6887 | Middle 0.1335 | Tail 0.0000 | Class-9 0.0000 | best_class9 0.0000@1
2026-08-29 23:15:43,549 - hc_cifar10_class9_h8_IF100_alpha0p5_seed42.log - INFO - Round 5 selected clients: [0, 2, 5, 9, 10, 12, 16, 19] | target exposure=1 samples=12 mass=0.002420 empirical_P=1.000000 theory_P=0.996070
2026-08-29 23:16:00,733 - hc_cifar10_class9_h8_IF100_alpha0p5_seed42.log - INFO - Round 5 | Global 0.2955 | Head 0.7203 | Middle 0.1985 | Tail 0.0000 | Class-9 0.0000 | best_class9 0.0000@1
2026-08-29 23:16:00,733 - hc_cifar10_class9_h8_IF100_alpha0p5_seed42.log - INFO - Round 6 selected clients: [1, 3, 4, 5, 9, 10, 15, 16] | target exposure=1 samples=19 mass=0.003836 empirical_P=1.000000 theory_P=0.996070
2026-08-29 23:16:17,553 - hc_cifar10_class9_h8_IF100_alpha0p5_seed42.log - INFO - Round 6 | Global 0.2962 | Head 0.7987 | Middle 0.1415 | Tail 0.0000 | Class-9 0.0000 | best_class9 0.0000@1
2026-08-29 23:16:17,553 - hc_cifar10_class9_h8_IF100_alpha0p5_seed42.log - INFO - Round 7 selected clients: [2, 3, 5, 9, 10, 12, 13, 16] | target exposure=1 samples=24 mass=0.004835 empirical_P=1.000000 theory_P=0.996070
2026-08-29 23:16:34,357 - hc_cifar10_class9_h8_IF100_alpha0p5_seed42.log - INFO - Round 7 | Global 0.3303 | Head 0.7913 | Middle 0.2323 | Tail 0.0000 | Class-9 0.0000 | best_class9 0.0000@1
2026-08-29 23:16:34,357 - hc_cifar10_class9_h8_IF100_alpha0p5_seed42.log - INFO - Round 8 selected clients: [1, 3, 5, 7, 11, 15, 17, 18] | target exposure=1 samples=12 mass=0.002428 empirical_P=1.000000 theory_P=0.996070
2026-08-29 23:16:51,040 - hc_cifar10_class9_h8_IF100_alpha0p5_seed42.log - INFO - Round 8 | Global 0.3390 | Head 0.7557 | Middle 0.2807 | Tail 0.0000 | Class-9 0.0000 | best_class9 0.0000@1
2026-08-29 23:16:51,040 - hc_cifar10_class9_h8_IF100_alpha0p5_seed42.log - INFO - Round 9 selected clients: [0, 4, 7, 8, 9, 11, 13, 17] | target exposure=1 samples=25 mass=0.005019 empirical_P=1.000000 theory_P=0.996070
2026-08-29 23:17:08,000 - hc_cifar10_class9_h8_IF100_alpha0p5_seed42.log - INFO - Round 9 | Global 0.3303 | Head 0.7527 | Middle 0.2612 | Tail 0.0000 | Class-9 0.0000 | best_class9 0.0000@1
2026-08-29 23:17:08,000 - hc_cifar10_class9_h8_IF100_alpha0p5_seed42.log - INFO - Round 10 selected clients: [1, 2, 4, 5, 7, 9, 15, 16] | target exposure=1 samples=19 mass=0.003824 empirical_P=1.000000 theory_P=0.996070
2026-08-29 23:17:24,490 - hc_cifar10_class9_h8_IF100_alpha0p5_seed42.log - INFO - Round 10 | Global 0.3297 | Head 0.8173 | Middle 0.2112 | Tail 0.0000 | Class-9 0.0000 | best_class9 0.0000@1
2026-08-29 23:17:24,504 - hc_cifar10_class9_h8_IF100_alpha0p5_seed42.log - INFO - Round 11 selected clients: [1, 2, 4, 6, 12, 13, 16, 17] | target exposure=1 samples=26 mass=0.005214 empirical_P=1.000000 theory_P=0.996070
2026-08-29 23:17:41,438 - hc_cifar10_class9_h8_IF100_alpha0p5_seed42.log - INFO - Round 11 | Global 0.3665 | Head 0.8177 | Middle 0.3028 | Tail 0.0003 | Class-9 0.0000 | best_class9 0.0000@1
2026-08-29 23:17:41,438 - hc_cifar10_class9_h8_IF100_alpha0p5_seed42.log - INFO - Round 12 selected clients: [3, 6, 8, 9, 11, 14, 17, 18] | target exposure=1 samples=25 mass=0.005046 empirical_P=1.000000 theory_P=0.996070
2026-08-29 23:17:58,176 - hc_cifar10_class9_h8_IF100_alpha0p5_seed42.log - INFO - Round 12 | Global 0.3741 | Head 0.7517 | Middle 0.3445 | Tail 0.0360 | Class-9 0.0000 | best_class9 0.0000@1
2026-08-29 23:17:58,176 - hc_cifar10_class9_h8_IF100_alpha0p5_seed42.log - INFO - Round 13 selected clients: [2, 6, 8, 9, 12, 13, 14, 19] | target exposure=1 samples=31 mass=0.006232 empirical_P=1.000000 theory_P=0.996070
2026-08-29 23:18:15,037 - hc_cifar10_class9_h8_IF100_alpha0p5_seed42.log - INFO - Round 13 | Global 0.4114 | Head 0.7200 | Middle 0.4602 | Tail 0.0377 | Class-9 0.0040 | best_class9 0.0040@13
2026-08-29 23:18:15,037 - hc_cifar10_class9_h8_IF100_alpha0p5_seed42.log - INFO - Round 14 selected clients: [1, 4, 5, 9, 10, 11, 12, 19] | target exposure=1 samples=19 mass=0.003827 empirical_P=1.000000 theory_P=0.996070
2026-08-29 23:18:31,872 - hc_cifar10_class9_h8_IF100_alpha0p5_seed42.log - INFO - Round 14 | Global 0.3946 | Head 0.7300 | Middle 0.4230 | Tail 0.0213 | Class-9 0.0000 | best_class9 0.0040@13
2026-08-29 23:18:31,874 - hc_cifar10_class9_h8_IF100_alpha0p5_seed42.log - INFO - Round 15 selected clients: [4, 5, 7, 12, 13, 14, 16, 19] | target exposure=1 samples=31 mass=0.006222 empirical_P=1.000000 theory_P=0.996070
2026-08-29 23:18:48,691 - hc_cifar10_class9_h8_IF100_alpha0p5_seed42.log - INFO - Round 15 | Global 0.3998 | Head 0.7307 | Middle 0.4390 | Tail 0.0167 | Class-9 0.0040 | best_class9 0.0040@13
2026-08-29 23:18:48,691 - hc_cifar10_class9_h8_IF100_alpha0p5_seed42.log - INFO - Round 16 selected clients: [1, 4, 6, 9, 11, 13, 14, 18] | target exposure=1 samples=32 mass=0.006428 empirical_P=1.000000 theory_P=0.996070
2026-08-29 23:19:04,840 - hc_cifar10_class9_h8_IF100_alpha0p5_seed42.log - INFO - Round 16 | Global 0.3837 | Head 0.8183 | Middle 0.3262 | Tail 0.0257 | Class-9 0.0110 | best_class9 0.0110@16
2026-08-29 23:19:04,840 - hc_cifar10_class9_h8_IF100_alpha0p5_seed42.log - INFO - Round 17 selected clients: [4, 6, 7, 9, 11, 12, 14, 16] | target exposure=1 samples=38 mass=0.007614 empirical_P=1.000000 theory_P=0.996070
2026-08-29 23:19:19,538 - hc_cifar10_class9_h8_IF100_alpha0p5_seed42.log - INFO - Round 17 | Global 0.4056 | Head 0.7510 | Middle 0.3870 | Tail 0.0850 | Class-9 0.1580 | best_class9 0.1580@17
2026-08-29 23:19:19,538 - hc_cifar10_class9_h8_IF100_alpha0p5_seed42.log - INFO - Round 18 selected clients: [1, 3, 4, 7, 8, 9, 12, 18] | target exposure=1 samples=31 mass=0.006245 empirical_P=1.000000 theory_P=0.996070
2026-08-29 23:19:34,164 - hc_cifar10_class9_h8_IF100_alpha0p5_seed42.log - INFO - Round 18 | Global 0.4122 | Head 0.7517 | Middle 0.4338 | Tail 0.0440 | Class-9 0.1050 | best_class9 0.1580@17
2026-08-29 23:19:34,164 - hc_cifar10_class9_h8_IF100_alpha0p5_seed42.log - INFO - Round 19 selected clients: [1, 6, 7, 8, 9, 10, 11, 19] | target exposure=1 samples=19 mass=0.003829 empirical_P=1.000000 theory_P=0.996070
2026-08-29 23:19:48,792 - hc_cifar10_class9_h8_IF100_alpha0p5_seed42.log - INFO - Round 19 | Global 0.3951 | Head 0.7213 | Middle 0.3885 | Tail 0.0777 | Class-9 0.0820 | best_class9 0.1580@17
2026-08-29 23:19:48,792 - hc_cifar10_class9_h8_IF100_alpha0p5_seed42.log - INFO - Round 20 selected clients: [3, 4, 6, 10, 11, 13, 14, 17] | target exposure=1 samples=32 mass=0.006431 empirical_P=1.000000 theory_P=0.996070
2026-08-29 23:20:03,499 - hc_cifar10_class9_h8_IF100_alpha0p5_seed42.log - INFO - Round 20 | Global 0.4513 | Head 0.7287 | Middle 0.4600 | Tail 0.1623 | Class-9 0.1370 | best_class9 0.1580@17
2026-08-29 23:20:03,516 - hc_cifar10_class9_h8_IF100_alpha0p5_seed42.log - INFO - Round 21 selected clients: [3, 4, 13, 14, 15, 17, 18, 19] | target exposure=1 samples=25 mass=0.005055 empirical_P=1.000000 theory_P=0.996070
2026-08-29 23:20:18,329 - hc_cifar10_class9_h8_IF100_alpha0p5_seed42.log - INFO - Round 21 | Global 0.4669 | Head 0.7787 | Middle 0.4923 | Tail 0.1213 | Class-9 0.0670 | best_class9 0.1580@17
2026-08-29 23:20:18,329 - hc_cifar10_class9_h8_IF100_alpha0p5_seed42.log - INFO - Round 22 selected clients: [4, 5, 8, 10, 16, 17, 18, 19] | target exposure=1 samples=7 mass=0.001414 empirical_P=1.000000 theory_P=0.996070
2026-08-29 23:20:33,015 - hc_cifar10_class9_h8_IF100_alpha0p5_seed42.log - INFO - Round 22 | Global 0.4185 | Head 0.7280 | Middle 0.4123 | Tail 0.1173 | Class-9 0.0000 | best_class9 0.1580@17
2026-08-29 23:20:33,015 - hc_cifar10_class9_h8_IF100_alpha0p5_seed42.log - INFO - Round 23 selected clients: [1, 2, 3, 6, 8, 13, 15, 19] | target exposure=1 samples=19 mass=0.003841 empirical_P=1.000000 theory_P=0.996070
2026-08-29 23:20:47,660 - hc_cifar10_class9_h8_IF100_alpha0p5_seed42.log - INFO - Round 23 | Global 0.4724 | Head 0.8043 | Middle 0.4422 | Tail 0.1807 | Class-9 0.0330 | best_class9 0.1580@17
2026-08-29 23:20:47,660 - hc_cifar10_class9_h8_IF100_alpha0p5_seed42.log - INFO - Round 24 selected clients: [3, 4, 5, 8, 10, 13, 14, 17] | target exposure=1 samples=25 mass=0.005029 empirical_P=1.000000 theory_P=0.996070
2026-08-29 23:21:02,235 - hc_cifar10_class9_h8_IF100_alpha0p5_seed42.log - INFO - Round 24 | Global 0.4609 | Head 0.7283 | Middle 0.5028 | Tail 0.1377 | Class-9 0.0270 | best_class9 0.1580@17
2026-08-29 23:21:02,235 - hc_cifar10_class9_h8_IF100_alpha0p5_seed42.log - INFO - Round 25 selected clients: [2, 3, 6, 9, 10, 12, 15, 18] | target exposure=1 samples=25 mass=0.005053 empirical_P=1.000000 theory_P=0.996070
2026-08-29 23:21:16,891 - hc_cifar10_class9_h8_IF100_alpha0p5_seed42.log - INFO - Round 25 | Global 0.4986 | Head 0.7283 | Middle 0.5425 | Tail 0.2103 | Class-9 0.0930 | best_class9 0.1580@17
2026-08-29 23:21:16,891 - hc_cifar10_class9_h8_IF100_alpha0p5_seed42.log - INFO - Round 26 selected clients: [1, 2, 5, 6, 7, 8, 12, 16] | target exposure=1 samples=19 mass=0.003816 empirical_P=1.000000 theory_P=0.996070
2026-08-29 23:21:31,377 - hc_cifar10_class9_h8_IF100_alpha0p5_seed42.log - INFO - Round 26 | Global 0.5099 | Head 0.7640 | Middle 0.5393 | Tail 0.2167 | Class-9 0.0670 | best_class9 0.1580@17
2026-08-29 23:21:31,377 - hc_cifar10_class9_h8_IF100_alpha0p5_seed42.log - INFO - Round 27 selected clients: [5, 6, 8, 10, 12, 13, 14, 17] | target exposure=1 samples=25 mass=0.005017 empirical_P=1.000000 theory_P=0.996070
2026-08-29 23:21:45,865 - hc_cifar10_class9_h8_IF100_alpha0p5_seed42.log - INFO - Round 27 | Global 0.5057 | Head 0.7577 | Middle 0.5088 | Tail 0.2497 | Class-9 0.1760 | best_class9 0.1760@27
2026-08-29 23:21:45,865 - hc_cifar10_class9_h8_IF100_alpha0p5_seed42.log - INFO - Round 28 selected clients: [1, 3, 5, 6, 7, 8, 14, 19] | target exposure=1 samples=25 mass=0.005041 empirical_P=1.000000 theory_P=0.996070
2026-08-29 23:22:00,384 - hc_cifar10_class9_h8_IF100_alpha0p5_seed42.log - INFO - Round 28 | Global 0.5123 | Head 0.7330 | Middle 0.5208 | Tail 0.2803 | Class-9 0.1460 | best_class9 0.1760@27
2026-08-29 23:22:00,395 - hc_cifar10_class9_h8_IF100_alpha0p5_seed42.log - INFO - Round 29 selected clients: [3, 4, 5, 8, 12, 14, 15, 16] | target exposure=1 samples=25 mass=0.005036 empirical_P=1.000000 theory_P=0.996070
2026-08-29 23:22:14,884 - hc_cifar10_class9_h8_IF100_alpha0p5_seed42.log - INFO - Round 29 | Global 0.5094 | Head 0.7407 | Middle 0.5100 | Tail 0.2773 | Class-9 0.3050 | best_class9 0.3050@29
2026-08-29 23:22:14,884 - hc_cifar10_class9_h8_IF100_alpha0p5_seed42.log - INFO - Round 30 selected clients: [5, 6, 11, 13, 14, 15, 16, 19] | target exposure=1 samples=19 mass=0.003831 empirical_P=1.000000 theory_P=0.996070
2026-08-29 23:22:29,618 - hc_cifar10_class9_h8_IF100_alpha0p5_seed42.log - INFO - Round 30 | Global 0.5129 | Head 0.8000 | Middle 0.4938 | Tail 0.2513 | Class-9 0.0430 | best_class9 0.3050@29
2026-08-29 23:22:29,628 - hc_cifar10_class9_h8_IF100_alpha0p5_seed42.log - INFO - Round 31 selected clients: [1, 4, 6, 7, 9, 11, 14, 19] | target exposure=1 samples=32 mass=0.006431 empirical_P=1.000000 theory_P=0.996070
2026-08-29 23:22:44,095 - hc_cifar10_class9_h8_IF100_alpha0p5_seed42.log - INFO - Round 31 | Global 0.5216 | Head 0.7843 | Middle 0.5212 | Tail 0.2593 | Class-9 0.2530 | best_class9 0.3050@29
2026-08-29 23:22:44,095 - hc_cifar10_class9_h8_IF100_alpha0p5_seed42.log - INFO - Round 32 selected clients: [0, 1, 5, 6, 7, 9, 12, 19] | target exposure=1 samples=25 mass=0.005031 empirical_P=1.000000 theory_P=0.996070
2026-08-29 23:22:58,621 - hc_cifar10_class9_h8_IF100_alpha0p5_seed42.log - INFO - Round 32 | Global 0.5037 | Head 0.7433 | Middle 0.4993 | Tail 0.2700 | Class-9 0.1610 | best_class9 0.3050@29
2026-08-29 23:22:58,621 - hc_cifar10_class9_h8_IF100_alpha0p5_seed42.log - INFO - Round 33 selected clients: [3, 5, 7, 11, 14, 15, 16, 17] | target exposure=1 samples=18 mass=0.003632 empirical_P=1.000000 theory_P=0.996070
2026-08-29 23:23:13,269 - hc_cifar10_class9_h8_IF100_alpha0p5_seed42.log - INFO - Round 33 | Global 0.5057 | Head 0.8320 | Middle 0.4980 | Tail 0.1897 | Class-9 0.0610 | best_class9 0.3050@29
2026-08-29 23:23:13,269 - hc_cifar10_class9_h8_IF100_alpha0p5_seed42.log - INFO - Round 34 selected clients: [6, 8, 9, 10, 13, 14, 16, 18] | target exposure=1 samples=25 mass=0.005031 empirical_P=1.000000 theory_P=0.996070
2026-08-29 23:23:30,005 - hc_cifar10_class9_h8_IF100_alpha0p5_seed42.log - INFO - Round 34 | Global 0.5343 | Head 0.7680 | Middle 0.5550 | Tail 0.2730 | Class-9 0.1730 | best_class9 0.3050@29
2026-08-29 23:23:30,005 - hc_cifar10_class9_h8_IF100_alpha0p5_seed42.log - INFO - Round 35 selected clients: [0, 4, 5, 8, 10, 12, 13, 19] | target exposure=1 samples=19 mass=0.003822 empirical_P=1.000000 theory_P=0.996070
2026-08-29 23:23:46,559 - hc_cifar10_class9_h8_IF100_alpha0p5_seed42.log - INFO - Round 35 | Global 0.5199 | Head 0.8090 | Middle 0.5292 | Tail 0.2183 | Class-9 0.1160 | best_class9 0.3050@29
2026-08-29 23:23:46,559 - hc_cifar10_class9_h8_IF100_alpha0p5_seed42.log - INFO - Round 36 selected clients: [1, 2, 3, 6, 7, 8, 10, 18] | target exposure=1 samples=19 mass=0.003834 empirical_P=1.000000 theory_P=0.996070
2026-08-29 23:24:02,965 - hc_cifar10_class9_h8_IF100_alpha0p5_seed42.log - INFO - Round 36 | Global 0.5457 | Head 0.7600 | Middle 0.5563 | Tail 0.3173 | Class-9 0.1960 | best_class9 0.3050@29
2026-08-29 23:24:02,965 - hc_cifar10_class9_h8_IF100_alpha0p5_seed42.log - INFO - Round 37 selected clients: [1, 3, 7, 9, 10, 11, 15, 17] | target exposure=1 samples=18 mass=0.003636 empirical_P=1.000000 theory_P=0.996070
2026-08-29 23:24:19,617 - hc_cifar10_class9_h8_IF100_alpha0p5_seed42.log - INFO - Round 37 | Global 0.5345 | Head 0.7743 | Middle 0.5337 | Tail 0.2957 | Class-9 0.2700 | best_class9 0.3050@29
2026-08-29 23:24:19,628 - hc_cifar10_class9_h8_IF100_alpha0p5_seed42.log - INFO - Round 38 selected clients: [1, 2, 6, 9, 12, 13, 14, 18] | target exposure=1 samples=31 mass=0.006229 empirical_P=1.000000 theory_P=0.996070
2026-08-29 23:24:36,139 - hc_cifar10_class9_h8_IF100_alpha0p5_seed42.log - INFO - Round 38 | Global 0.5685 | Head 0.7663 | Middle 0.5565 | Tail 0.3867 | Class-9 0.2670 | best_class9 0.3050@29
2026-08-29 23:24:36,139 - hc_cifar10_class9_h8_IF100_alpha0p5_seed42.log - INFO - Round 39 selected clients: [0, 2, 3, 11, 12, 13, 15, 19] | target exposure=1 samples=18 mass=0.003638 empirical_P=1.000000 theory_P=0.996070
2026-08-29 23:24:52,560 - hc_cifar10_class9_h8_IF100_alpha0p5_seed42.log - INFO - Round 39 | Global 0.5421 | Head 0.7897 | Middle 0.5683 | Tail 0.2597 | Class-9 0.0840 | best_class9 0.3050@29
2026-08-29 23:24:52,560 - hc_cifar10_class9_h8_IF100_alpha0p5_seed42.log - INFO - Round 40 selected clients: [3, 7, 9, 11, 13, 14, 15, 19] | target exposure=1 samples=30 mass=0.006058 empirical_P=1.000000 theory_P=0.996070
2026-08-29 23:25:09,236 - hc_cifar10_class9_h8_IF100_alpha0p5_seed42.log - INFO - Round 40 | Global 0.5554 | Head 0.7680 | Middle 0.5627 | Tail 0.3330 | Class-9 0.3680 | best_class9 0.3680@40
2026-08-29 23:25:09,253 - hc_cifar10_class9_h8_IF100_alpha0p5_seed42.log - INFO - Round 41 selected clients: [1, 5, 6, 7, 10, 11, 14, 15] | target exposure=1 samples=19 mass=0.003822 empirical_P=1.000000 theory_P=0.996070
2026-08-29 23:25:25,983 - hc_cifar10_class9_h8_IF100_alpha0p5_seed42.log - INFO - Round 41 | Global 0.5417 | Head 0.7947 | Middle 0.5750 | Tail 0.2443 | Class-9 0.2170 | best_class9 0.3680@40
2026-08-29 23:25:25,983 - hc_cifar10_class9_h8_IF100_alpha0p5_seed42.log - INFO - Round 42 selected clients: [1, 3, 7, 9, 12, 14, 15, 19] | target exposure=1 samples=30 mass=0.006057 empirical_P=1.000000 theory_P=0.996070
2026-08-29 23:25:42,634 - hc_cifar10_class9_h8_IF100_alpha0p5_seed42.log - INFO - Round 42 | Global 0.5608 | Head 0.7407 | Middle 0.5907 | Tail 0.3410 | Class-9 0.3790 | best_class9 0.3790@42
2026-08-29 23:25:42,644 - hc_cifar10_class9_h8_IF100_alpha0p5_seed42.log - INFO - Round 43 selected clients: [0, 4, 6, 7, 9, 11, 12, 14] | target exposure=1 samples=38 mass=0.007612 empirical_P=1.000000 theory_P=0.996070
2026-08-29 23:25:59,326 - hc_cifar10_class9_h8_IF100_alpha0p5_seed42.log - INFO - Round 43 | Global 0.5699 | Head 0.7903 | Middle 0.5550 | Tail 0.3693 | Class-9 0.5400 | best_class9 0.5400@43
2026-08-29 23:25:59,326 - hc_cifar10_class9_h8_IF100_alpha0p5_seed42.log - INFO - Round 44 selected clients: [2, 6, 8, 10, 12, 13, 15, 17] | target exposure=1 samples=19 mass=0.003822 empirical_P=1.000000 theory_P=0.996070
2026-08-29 23:26:16,119 - hc_cifar10_class9_h8_IF100_alpha0p5_seed42.log - INFO - Round 44 | Global 0.5506 | Head 0.7683 | Middle 0.6025 | Tail 0.2637 | Class-9 0.2700 | best_class9 0.5400@43
2026-08-29 23:26:16,119 - hc_cifar10_class9_h8_IF100_alpha0p5_seed42.log - INFO - Round 45 selected clients: [0, 1, 4, 5, 6, 11, 12, 17] | target exposure=1 samples=20 mass=0.004015 empirical_P=1.000000 theory_P=0.996070
2026-08-29 23:26:32,628 - hc_cifar10_class9_h8_IF100_alpha0p5_seed42.log - INFO - Round 45 | Global 0.5487 | Head 0.7930 | Middle 0.5713 | Tail 0.2743 | Class-9 0.1830 | best_class9 0.5400@43
2026-08-29 23:26:32,628 - hc_cifar10_class9_h8_IF100_alpha0p5_seed42.log - INFO - Round 46 selected clients: [2, 3, 6, 7, 10, 12, 14, 16] | target exposure=1 samples=31 mass=0.006231 empirical_P=1.000000 theory_P=0.996070
2026-08-29 23:26:49,396 - hc_cifar10_class9_h8_IF100_alpha0p5_seed42.log - INFO - Round 46 | Global 0.5906 | Head 0.8043 | Middle 0.5657 | Tail 0.4100 | Class-9 0.4090 | best_class9 0.5400@43
2026-08-29 23:26:49,396 - hc_cifar10_class9_h8_IF100_alpha0p5_seed42.log - INFO - Round 47 selected clients: [1, 4, 8, 10, 11, 13, 15, 18] | target exposure=1 samples=13 mass=0.002621 empirical_P=1.000000 theory_P=0.996070
2026-08-29 23:27:06,035 - hc_cifar10_class9_h8_IF100_alpha0p5_seed42.log - INFO - Round 47 | Global 0.5573 | Head 0.6777 | Middle 0.5923 | Tail 0.3903 | Class-9 0.4720 | best_class9 0.5400@43
2026-08-29 23:27:06,035 - hc_cifar10_class9_h8_IF100_alpha0p5_seed42.log - INFO - Round 48 selected clients: [0, 3, 4, 6, 7, 8, 16, 17] | target exposure=1 samples=26 mass=0.005230 empirical_P=1.000000 theory_P=0.996070
2026-08-29 23:27:22,624 - hc_cifar10_class9_h8_IF100_alpha0p5_seed42.log - INFO - Round 48 | Global 0.5607 | Head 0.8233 | Middle 0.5587 | Tail 0.3007 | Class-9 0.2360 | best_class9 0.5400@43
2026-08-29 23:27:22,624 - hc_cifar10_class9_h8_IF100_alpha0p5_seed42.log - INFO - Round 49 selected clients: [0, 4, 5, 7, 10, 15, 17, 18] | target exposure=1 samples=13 mass=0.002621 empirical_P=1.000000 theory_P=0.996070
2026-08-29 23:27:39,362 - hc_cifar10_class9_h8_IF100_alpha0p5_seed42.log - INFO - Round 49 | Global 0.5882 | Head 0.7657 | Middle 0.5585 | Tail 0.4503 | Class-9 0.4510 | best_class9 0.5400@43
2026-08-29 23:27:39,362 - hc_cifar10_class9_h8_IF100_alpha0p5_seed42.log - INFO - Round 50 selected clients: [0, 2, 6, 11, 12, 13, 14, 17] | target exposure=1 samples=25 mass=0.005015 empirical_P=1.000000 theory_P=0.996070
2026-08-29 23:27:54,880 - hc_cifar10_class9_h8_IF100_alpha0p5_seed42.log - INFO - Round 50 | Global 0.6083 | Head 0.7827 | Middle 0.6035 | Tail 0.4403 | Class-9 0.3810 | best_class9 0.5400@43
2026-08-29 23:27:54,880 - hc_cifar10_class9_h8_IF100_alpha0p5_seed42.log - INFO - Round 51 selected clients: [0, 1, 9, 11, 13, 16, 17, 19] | target exposure=1 samples=12 mass=0.002420 empirical_P=1.000000 theory_P=0.996070
2026-08-29 23:28:09,549 - hc_cifar10_class9_h8_IF100_alpha0p5_seed42.log - INFO - Round 51 | Global 0.5783 | Head 0.8147 | Middle 0.5350 | Tail 0.3997 | Class-9 0.2920 | best_class9 0.5400@43
2026-08-29 23:28:09,549 - hc_cifar10_class9_h8_IF100_alpha0p5_seed42.log - INFO - Round 52 selected clients: [0, 3, 6, 8, 12, 15, 17, 19] | target exposure=1 samples=19 mass=0.003841 empirical_P=1.000000 theory_P=0.996070
2026-08-29 23:28:24,209 - hc_cifar10_class9_h8_IF100_alpha0p5_seed42.log - INFO - Round 52 | Global 0.6033 | Head 0.6637 | Middle 0.5968 | Tail 0.5517 | Class-9 0.5970 | best_class9 0.5970@52
2026-08-29 23:28:24,209 - hc_cifar10_class9_h8_IF100_alpha0p5_seed42.log - INFO - Round 53 selected clients: [1, 6, 7, 8, 9, 11, 12, 15] | target exposure=1 samples=25 mass=0.005029 empirical_P=1.000000 theory_P=0.996070
2026-08-29 23:28:38,827 - hc_cifar10_class9_h8_IF100_alpha0p5_seed42.log - INFO - Round 53 | Global 0.5892 | Head 0.7983 | Middle 0.5620 | Tail 0.4163 | Class-9 0.4060 | best_class9 0.5970@52
2026-08-29 23:28:38,827 - hc_cifar10_class9_h8_IF100_alpha0p5_seed42.log - INFO - Round 54 selected clients: [3, 9, 11, 12, 13, 14, 16, 18] | target exposure=1 samples=30 mass=0.006047 empirical_P=1.000000 theory_P=0.996070
2026-08-29 23:28:53,536 - hc_cifar10_class9_h8_IF100_alpha0p5_seed42.log - INFO - Round 54 | Global 0.5843 | Head 0.8103 | Middle 0.5863 | Tail 0.3557 | Class-9 0.3160 | best_class9 0.5970@52
2026-08-29 23:28:53,536 - hc_cifar10_class9_h8_IF100_alpha0p5_seed42.log - INFO - Round 55 selected clients: [3, 6, 9, 13, 14, 16, 17, 19] | target exposure=1 samples=31 mass=0.006253 empirical_P=1.000000 theory_P=0.996070
2026-08-29 23:29:08,049 - hc_cifar10_class9_h8_IF100_alpha0p5_seed42.log - INFO - Round 55 | Global 0.5953 | Head 0.7710 | Middle 0.5650 | Tail 0.4600 | Class-9 0.2690 | best_class9 0.5970@52
2026-08-29 23:29:08,049 - hc_cifar10_class9_h8_IF100_alpha0p5_seed42.log - INFO - Round 56 selected clients: [0, 4, 5, 10, 14, 15, 17, 19] | target exposure=1 samples=13 mass=0.002622 empirical_P=1.000000 theory_P=0.996070
2026-08-29 23:29:22,803 - hc_cifar10_class9_h8_IF100_alpha0p5_seed42.log - INFO - Round 56 | Global 0.5826 | Head 0.8157 | Middle 0.5673 | Tail 0.3700 | Class-9 0.2400 | best_class9 0.5970@52
2026-08-29 23:29:22,803 - hc_cifar10_class9_h8_IF100_alpha0p5_seed42.log - INFO - Round 57 selected clients: [0, 3, 4, 8, 9, 10, 15, 18] | target exposure=1 samples=19 mass=0.003842 empirical_P=1.000000 theory_P=0.996070
2026-08-29 23:29:37,578 - hc_cifar10_class9_h8_IF100_alpha0p5_seed42.log - INFO - Round 57 | Global 0.5848 | Head 0.7867 | Middle 0.5960 | Tail 0.3680 | Class-9 0.2870 | best_class9 0.5970@52
2026-08-29 23:29:37,578 - hc_cifar10_class9_h8_IF100_alpha0p5_seed42.log - INFO - Round 58 selected clients: [2, 7, 8, 11, 12, 13, 14, 15] | target exposure=1 samples=24 mass=0.004821 empirical_P=1.000000 theory_P=0.996070
2026-08-29 23:29:52,133 - hc_cifar10_class9_h8_IF100_alpha0p5_seed42.log - INFO - Round 58 | Global 0.6072 | Head 0.7970 | Middle 0.6245 | Tail 0.3943 | Class-9 0.4720 | best_class9 0.5970@52
2026-08-29 23:29:52,143 - hc_cifar10_class9_h8_IF100_alpha0p5_seed42.log - INFO - Round 59 selected clients: [0, 5, 6, 8, 13, 15, 16, 17] | target exposure=1 samples=13 mass=0.002618 empirical_P=1.000000 theory_P=0.996070
2026-08-29 23:30:06,652 - hc_cifar10_class9_h8_IF100_alpha0p5_seed42.log - INFO - Round 59 | Global 0.5906 | Head 0.8193 | Middle 0.5930 | Tail 0.3587 | Class-9 0.2480 | best_class9 0.5970@52
2026-08-29 23:30:06,652 - hc_cifar10_class9_h8_IF100_alpha0p5_seed42.log - INFO - Round 60 selected clients: [0, 2, 3, 4, 8, 11, 13, 15] | target exposure=1 samples=19 mass=0.003831 empirical_P=1.000000 theory_P=0.996070
2026-08-29 23:30:21,295 - hc_cifar10_class9_h8_IF100_alpha0p5_seed42.log - INFO - Round 60 | Global 0.5781 | Head 0.7813 | Middle 0.6268 | Tail 0.3100 | Class-9 0.3210 | best_class9 0.5970@52
2026-08-29 23:30:21,305 - hc_cifar10_class9_h8_IF100_alpha0p5_seed42.log - INFO - Round 61 selected clients: [0, 1, 3, 6, 10, 13, 15, 19] | target exposure=1 samples=19 mass=0.003841 empirical_P=1.000000 theory_P=0.996070
2026-08-29 23:30:35,895 - hc_cifar10_class9_h8_IF100_alpha0p5_seed42.log - INFO - Round 61 | Global 0.6088 | Head 0.7820 | Middle 0.6030 | Tail 0.4433 | Class-9 0.3860 | best_class9 0.5970@52
2026-08-29 23:30:35,895 - hc_cifar10_class9_h8_IF100_alpha0p5_seed42.log - INFO - Round 62 selected clients: [1, 2, 5, 6, 10, 12, 17, 18] | target exposure=1 samples=13 mass=0.002618 empirical_P=1.000000 theory_P=0.996070
2026-08-29 23:30:50,527 - hc_cifar10_class9_h8_IF100_alpha0p5_seed42.log - INFO - Round 62 | Global 0.6292 | Head 0.7260 | Middle 0.6360 | Tail 0.5233 | Class-9 0.3460 | best_class9 0.5970@52
2026-08-29 23:30:50,527 - hc_cifar10_class9_h8_IF100_alpha0p5_seed42.log - INFO - Round 63 selected clients: [3, 4, 7, 8, 9, 11, 13, 16] | target exposure=1 samples=31 mass=0.006236 empirical_P=1.000000 theory_P=0.996070
2026-08-29 23:31:05,103 - hc_cifar10_class9_h8_IF100_alpha0p5_seed42.log - INFO - Round 63 | Global 0.6058 | Head 0.7643 | Middle 0.5952 | Tail 0.4613 | Class-9 0.5210 | best_class9 0.5970@52
2026-08-29 23:31:05,103 - hc_cifar10_class9_h8_IF100_alpha0p5_seed42.log - INFO - Round 64 selected clients: [1, 2, 4, 9, 11, 12, 13, 18] | target exposure=1 samples=25 mass=0.005026 empirical_P=1.000000 theory_P=0.996070
2026-08-29 23:31:19,668 - hc_cifar10_class9_h8_IF100_alpha0p5_seed42.log - INFO - Round 64 | Global 0.6146 | Head 0.7907 | Middle 0.6328 | Tail 0.4143 | Class-9 0.4110 | best_class9 0.5970@52
2026-08-29 23:31:19,668 - hc_cifar10_class9_h8_IF100_alpha0p5_seed42.log - INFO - Round 65 selected clients: [3, 4, 6, 8, 9, 11, 17, 19] | target exposure=1 samples=26 mass=0.005248 empirical_P=1.000000 theory_P=0.996070
2026-08-29 23:31:34,175 - hc_cifar10_class9_h8_IF100_alpha0p5_seed42.log - INFO - Round 65 | Global 0.6322 | Head 0.7640 | Middle 0.6115 | Tail 0.5280 | Class-9 0.5070 | best_class9 0.5970@52
2026-08-29 23:31:34,175 - hc_cifar10_class9_h8_IF100_alpha0p5_seed42.log - INFO - Round 66 selected clients: [3, 4, 5, 7, 8, 12, 15, 16] | target exposure=1 samples=25 mass=0.005036 empirical_P=1.000000 theory_P=0.996070
2026-08-29 23:31:48,697 - hc_cifar10_class9_h8_IF100_alpha0p5_seed42.log - INFO - Round 66 | Global 0.6044 | Head 0.8043 | Middle 0.6192 | Tail 0.3847 | Class-9 0.3970 | best_class9 0.5970@52
2026-08-29 23:31:48,697 - hc_cifar10_class9_h8_IF100_alpha0p5_seed42.log - INFO - Round 67 selected clients: [3, 5, 6, 8, 10, 13, 17, 18] | target exposure=1 samples=19 mass=0.003835 empirical_P=1.000000 theory_P=0.996070
2026-08-29 23:32:03,467 - hc_cifar10_class9_h8_IF100_alpha0p5_seed42.log - INFO - Round 67 | Global 0.6315 | Head 0.7860 | Middle 0.6115 | Tail 0.5037 | Class-9 0.3270 | best_class9 0.5970@52
2026-08-29 23:32:03,467 - hc_cifar10_class9_h8_IF100_alpha0p5_seed42.log - INFO - Round 68 selected clients: [1, 5, 7, 8, 11, 12, 18, 19] | target exposure=1 samples=12 mass=0.002422 empirical_P=1.000000 theory_P=0.996070
2026-08-29 23:32:20,098 - hc_cifar10_class9_h8_IF100_alpha0p5_seed42.log - INFO - Round 68 | Global 0.6204 | Head 0.7963 | Middle 0.6080 | Tail 0.4610 | Class-9 0.3430 | best_class9 0.5970@52
2026-08-29 23:32:20,098 - hc_cifar10_class9_h8_IF100_alpha0p5_seed42.log - INFO - Round 69 selected clients: [0, 7, 8, 12, 13, 15, 16, 17] | target exposure=1 samples=18 mass=0.003620 empirical_P=1.000000 theory_P=0.996070
2026-08-29 23:32:36,833 - hc_cifar10_class9_h8_IF100_alpha0p5_seed42.log - INFO - Round 69 | Global 0.6187 | Head 0.7957 | Middle 0.6260 | Tail 0.4320 | Class-9 0.3690 | best_class9 0.5970@52
2026-08-29 23:32:36,833 - hc_cifar10_class9_h8_IF100_alpha0p5_seed42.log - INFO - Round 70 selected clients: [3, 4, 5, 10, 12, 15, 17, 19] | target exposure=1 samples=19 mass=0.003840 empirical_P=1.000000 theory_P=0.996070
2026-08-29 23:32:53,255 - hc_cifar10_class9_h8_IF100_alpha0p5_seed42.log - INFO - Round 70 | Global 0.5734 | Head 0.7507 | Middle 0.6435 | Tail 0.3027 | Class-9 0.2590 | best_class9 0.5970@52
2026-08-29 23:32:53,267 - hc_cifar10_class9_h8_IF100_alpha0p5_seed42.log - INFO - Round 71 selected clients: [0, 2, 6, 7, 11, 13, 16, 19] | target exposure=1 samples=19 mass=0.003824 empirical_P=1.000000 theory_P=0.996070
2026-08-29 23:33:09,875 - hc_cifar10_class9_h8_IF100_alpha0p5_seed42.log - INFO - Round 71 | Global 0.6393 | Head 0.7943 | Middle 0.6260 | Tail 0.5020 | Class-9 0.3910 | best_class9 0.5970@52
2026-08-29 23:33:09,875 - hc_cifar10_class9_h8_IF100_alpha0p5_seed42.log - INFO - Round 72 selected clients: [2, 3, 10, 13, 15, 16, 17, 18] | target exposure=1 samples=12 mass=0.002428 empirical_P=1.000000 theory_P=0.996070
2026-08-29 23:33:26,389 - hc_cifar10_class9_h8_IF100_alpha0p5_seed42.log - INFO - Round 72 | Global 0.6418 | Head 0.7840 | Middle 0.6308 | Tail 0.5143 | Class-9 0.3580 | best_class9 0.5970@52
2026-08-29 23:33:26,389 - hc_cifar10_class9_h8_IF100_alpha0p5_seed42.log - INFO - Round 73 selected clients: [1, 4, 5, 8, 9, 11, 12, 13] | target exposure=1 samples=25 mass=0.005019 empirical_P=1.000000 theory_P=0.996070
2026-08-29 23:33:42,958 - hc_cifar10_class9_h8_IF100_alpha0p5_seed42.log - INFO - Round 73 | Global 0.6148 | Head 0.8043 | Middle 0.6230 | Tail 0.4143 | Class-9 0.3810 | best_class9 0.5970@52
2026-08-29 23:33:42,958 - hc_cifar10_class9_h8_IF100_alpha0p5_seed42.log - INFO - Round 74 selected clients: [4, 5, 6, 7, 9, 15, 17, 19] | target exposure=1 samples=26 mass=0.005240 empirical_P=1.000000 theory_P=0.996070
2026-08-29 23:33:59,500 - hc_cifar10_class9_h8_IF100_alpha0p5_seed42.log - INFO - Round 74 | Global 0.6247 | Head 0.7690 | Middle 0.6322 | Tail 0.4703 | Class-9 0.4090 | best_class9 0.5970@52
2026-08-29 23:33:59,510 - hc_cifar10_class9_h8_IF100_alpha0p5_seed42.log - INFO - Round 75 selected clients: [0, 3, 8, 12, 16, 17, 18, 19] | target exposure=1 samples=12 mass=0.002429 empirical_P=1.000000 theory_P=0.996070
2026-08-29 23:34:15,957 - hc_cifar10_class9_h8_IF100_alpha0p5_seed42.log - INFO - Round 75 | Global 0.6274 | Head 0.7907 | Middle 0.5968 | Tail 0.5050 | Class-9 0.3350 | best_class9 0.5970@52
2026-08-29 23:34:15,957 - hc_cifar10_class9_h8_IF100_alpha0p5_seed42.log - INFO - Round 76 selected clients: [1, 3, 5, 8, 10, 12, 15, 18] | target exposure=1 samples=12 mass=0.002428 empirical_P=1.000000 theory_P=0.996070
2026-08-29 23:34:32,527 - hc_cifar10_class9_h8_IF100_alpha0p5_seed42.log - INFO - Round 76 | Global 0.5938 | Head 0.7443 | Middle 0.6380 | Tail 0.3843 | Class-9 0.1670 | best_class9 0.5970@52
2026-08-29 23:34:32,527 - hc_cifar10_class9_h8_IF100_alpha0p5_seed42.log - INFO - Round 77 selected clients: [1, 2, 3, 7, 10, 11, 17, 18] | target exposure=1 samples=12 mass=0.002424 empirical_P=1.000000 theory_P=0.996070
2026-08-29 23:34:49,054 - hc_cifar10_class9_h8_IF100_alpha0p5_seed42.log - INFO - Round 77 | Global 0.6319 | Head 0.7930 | Middle 0.6298 | Tail 0.4737 | Class-9 0.3030 | best_class9 0.5970@52
2026-08-29 23:34:49,054 - hc_cifar10_class9_h8_IF100_alpha0p5_seed42.log - INFO - Round 78 selected clients: [3, 4, 5, 8, 11, 12, 13, 14] | target exposure=1 samples=31 mass=0.006229 empirical_P=1.000000 theory_P=0.996070
2026-08-29 23:35:05,553 - hc_cifar10_class9_h8_IF100_alpha0p5_seed42.log - INFO - Round 78 | Global 0.6257 | Head 0.7993 | Middle 0.6258 | Tail 0.4520 | Class-9 0.4460 | best_class9 0.5970@52
2026-08-29 23:35:05,553 - hc_cifar10_class9_h8_IF100_alpha0p5_seed42.log - INFO - Round 79 selected clients: [2, 4, 9, 10, 13, 15, 17, 18] | target exposure=1 samples=19 mass=0.003831 empirical_P=1.000000 theory_P=0.996070
2026-08-29 23:35:22,082 - hc_cifar10_class9_h8_IF100_alpha0p5_seed42.log - INFO - Round 79 | Global 0.6243 | Head 0.7820 | Middle 0.6335 | Tail 0.4543 | Class-9 0.3270 | best_class9 0.5970@52
2026-08-29 23:35:22,082 - hc_cifar10_class9_h8_IF100_alpha0p5_seed42.log - INFO - Round 80 selected clients: [5, 7, 8, 11, 13, 14, 15, 18] | target exposure=1 samples=18 mass=0.003627 empirical_P=1.000000 theory_P=0.996070
2026-08-29 23:35:38,524 - hc_cifar10_class9_h8_IF100_alpha0p5_seed42.log - INFO - Round 80 | Global 0.6292 | Head 0.8113 | Middle 0.6090 | Tail 0.4740 | Class-9 0.4050 | best_class9 0.5970@52
2026-08-29 23:35:38,534 - hc_cifar10_class9_h8_IF100_alpha0p5_seed42.log - INFO - Round 81 selected clients: [5, 8, 9, 10, 14, 15, 17, 19] | target exposure=1 samples=12 mass=0.002425 empirical_P=1.000000 theory_P=0.996070
2026-08-29 23:35:55,236 - hc_cifar10_class9_h8_IF100_alpha0p5_seed42.log - INFO - Round 81 | Global 0.6423 | Head 0.7773 | Middle 0.6485 | Tail 0.4990 | Class-9 0.3760 | best_class9 0.5970@52
2026-08-29 23:35:55,236 - hc_cifar10_class9_h8_IF100_alpha0p5_seed42.log - INFO - Round 82 selected clients: [0, 2, 9, 12, 13, 15, 16, 19] | target exposure=1 samples=18 mass=0.003631 empirical_P=1.000000 theory_P=0.996070
2026-08-29 23:36:11,660 - hc_cifar10_class9_h8_IF100_alpha0p5_seed42.log - INFO - Round 82 | Global 0.6349 | Head 0.7920 | Middle 0.6078 | Tail 0.5140 | Class-9 0.3280 | best_class9 0.5970@52
2026-08-29 23:36:11,660 - hc_cifar10_class9_h8_IF100_alpha0p5_seed42.log - INFO - Round 83 selected clients: [3, 4, 5, 6, 7, 11, 14, 15] | target exposure=1 samples=32 mass=0.006440 empirical_P=1.000000 theory_P=0.996070
2026-08-29 23:36:28,246 - hc_cifar10_class9_h8_IF100_alpha0p5_seed42.log - INFO - Round 83 | Global 0.6408 | Head 0.7887 | Middle 0.6305 | Tail 0.5067 | Class-9 0.5570 | best_class9 0.5970@52
2026-08-29 23:36:28,246 - hc_cifar10_class9_h8_IF100_alpha0p5_seed42.log - INFO - Round 84 selected clients: [3, 4, 5, 6, 13, 14, 15, 18] | target exposure=1 samples=32 mass=0.006450 empirical_P=1.000000 theory_P=0.996070
2026-08-29 23:36:42,852 - hc_cifar10_class9_h8_IF100_alpha0p5_seed42.log - INFO - Round 84 | Global 0.6281 | Head 0.6290 | Middle 0.6395 | Tail 0.6120 | Class-9 0.6280 | best_class9 0.6280@84
2026-08-29 23:36:42,863 - hc_cifar10_class9_h8_IF100_alpha0p5_seed42.log - INFO - Round 85 selected clients: [0, 5, 6, 9, 12, 15, 16, 18] | target exposure=1 samples=19 mass=0.003833 empirical_P=1.000000 theory_P=0.996070
2026-08-29 23:36:57,423 - hc_cifar10_class9_h8_IF100_alpha0p5_seed42.log - INFO - Round 85 | Global 0.6499 | Head 0.7743 | Middle 0.6362 | Tail 0.5437 | Class-9 0.4280 | best_class9 0.6280@84
2026-08-29 23:36:57,423 - hc_cifar10_class9_h8_IF100_alpha0p5_seed42.log - INFO - Round 86 selected clients: [0, 2, 3, 6, 8, 11, 13, 16] | target exposure=1 samples=19 mass=0.003828 empirical_P=1.000000 theory_P=0.996070
2026-08-29 23:37:12,024 - hc_cifar10_class9_h8_IF100_alpha0p5_seed42.log - INFO - Round 86 | Global 0.6282 | Head 0.8263 | Middle 0.5970 | Tail 0.4717 | Class-9 0.3910 | best_class9 0.6280@84
2026-08-29 23:37:12,024 - hc_cifar10_class9_h8_IF100_alpha0p5_seed42.log - INFO - Round 87 selected clients: [3, 4, 6, 8, 9, 11, 13, 15] | target exposure=1 samples=32 mass=0.006448 empirical_P=1.000000 theory_P=0.996070
2026-08-29 23:37:26,632 - hc_cifar10_class9_h8_IF100_alpha0p5_seed42.log - INFO - Round 87 | Global 0.6313 | Head 0.8030 | Middle 0.6188 | Tail 0.4763 | Class-9 0.4500 | best_class9 0.6280@84
2026-08-29 23:37:26,632 - hc_cifar10_class9_h8_IF100_alpha0p5_seed42.log - INFO - Round 88 selected clients: [0, 1, 2, 7, 13, 15, 16, 18] | target exposure=1 samples=12 mass=0.002419 empirical_P=1.000000 theory_P=0.996070
2026-08-29 23:37:41,393 - hc_cifar10_class9_h8_IF100_alpha0p5_seed42.log - INFO - Round 88 | Global 0.6364 | Head 0.8217 | Middle 0.6075 | Tail 0.4897 | Class-9 0.3870 | best_class9 0.6280@84
2026-08-29 23:37:41,393 - hc_cifar10_class9_h8_IF100_alpha0p5_seed42.log - INFO - Round 89 selected clients: [2, 4, 5, 7, 9, 10, 15, 18] | target exposure=1 samples=19 mass=0.003831 empirical_P=1.000000 theory_P=0.996070
2026-08-29 23:37:55,975 - hc_cifar10_class9_h8_IF100_alpha0p5_seed42.log - INFO - Round 89 | Global 0.6524 | Head 0.7883 | Middle 0.6375 | Tail 0.5363 | Class-9 0.4960 | best_class9 0.6280@84
2026-08-29 23:37:55,975 - hc_cifar10_class9_h8_IF100_alpha0p5_seed42.log - INFO - Round 90 selected clients: [0, 2, 7, 10, 12, 14, 17, 19] | target exposure=1 samples=18 mass=0.003622 empirical_P=1.000000 theory_P=0.996070
2026-08-29 23:38:10,632 - hc_cifar10_class9_h8_IF100_alpha0p5_seed42.log - INFO - Round 90 | Global 0.6497 | Head 0.7877 | Middle 0.6542 | Tail 0.5057 | Class-9 0.4660 | best_class9 0.6280@84
2026-08-29 23:38:10,646 - hc_cifar10_class9_h8_IF100_alpha0p5_seed42.log - INFO - Round 91 selected clients: [1, 4, 5, 6, 7, 8, 17, 18] | target exposure=1 samples=20 mass=0.004023 empirical_P=1.000000 theory_P=0.996070
2026-08-29 23:38:25,403 - hc_cifar10_class9_h8_IF100_alpha0p5_seed42.log - INFO - Round 91 | Global 0.6551 | Head 0.7907 | Middle 0.6480 | Tail 0.5290 | Class-9 0.4240 | best_class9 0.6280@84
2026-08-29 23:38:25,413 - hc_cifar10_class9_h8_IF100_alpha0p5_seed42.log - INFO - Round 92 selected clients: [4, 5, 7, 9, 11, 15, 17, 19] | target exposure=1 samples=19 mass=0.003833 empirical_P=1.000000 theory_P=0.996070
2026-08-29 23:38:39,981 - hc_cifar10_class9_h8_IF100_alpha0p5_seed42.log - INFO - Round 92 | Global 0.6385 | Head 0.8073 | Middle 0.6408 | Tail 0.4667 | Class-9 0.3700 | best_class9 0.6280@84
2026-08-29 23:38:39,981 - hc_cifar10_class9_h8_IF100_alpha0p5_seed42.log - INFO - Round 93 selected clients: [0, 1, 6, 8, 9, 15, 17, 18] | target exposure=1 samples=13 mass=0.002625 empirical_P=1.000000 theory_P=0.996070
2026-08-29 23:38:54,656 - hc_cifar10_class9_h8_IF100_alpha0p5_seed42.log - INFO - Round 93 | Global 0.6488 | Head 0.7890 | Middle 0.6295 | Tail 0.5343 | Class-9 0.3990 | best_class9 0.6280@84
2026-08-29 23:38:54,656 - hc_cifar10_class9_h8_IF100_alpha0p5_seed42.log - INFO - Round 94 selected clients: [3, 4, 6, 9, 10, 16, 18, 19] | target exposure=1 samples=26 mass=0.005257 empirical_P=1.000000 theory_P=0.996070
2026-08-29 23:39:09,255 - hc_cifar10_class9_h8_IF100_alpha0p5_seed42.log - INFO - Round 94 | Global 0.6494 | Head 0.7657 | Middle 0.6280 | Tail 0.5617 | Class-9 0.4180 | best_class9 0.6280@84
2026-08-29 23:39:09,255 - hc_cifar10_class9_h8_IF100_alpha0p5_seed42.log - INFO - Round 95 selected clients: [1, 4, 5, 7, 9, 12, 16, 17] | target exposure=1 samples=25 mass=0.005019 empirical_P=1.000000 theory_P=0.996070
2026-08-29 23:39:23,898 - hc_cifar10_class9_h8_IF100_alpha0p5_seed42.log - INFO - Round 95 | Global 0.6405 | Head 0.8177 | Middle 0.6250 | Tail 0.4840 | Class-9 0.4070 | best_class9 0.6280@84
2026-08-29 23:39:23,898 - hc_cifar10_class9_h8_IF100_alpha0p5_seed42.log - INFO - Round 96 selected clients: [2, 3, 6, 9, 11, 14, 15, 17] | target exposure=1 samples=25 mass=0.005044 empirical_P=1.000000 theory_P=0.996070
2026-08-29 23:39:38,638 - hc_cifar10_class9_h8_IF100_alpha0p5_seed42.log - INFO - Round 96 | Global 0.6743 | Head 0.7557 | Middle 0.6707 | Tail 0.5977 | Class-9 0.5990 | best_class9 0.6280@84
2026-08-29 23:39:38,638 - hc_cifar10_class9_h8_IF100_alpha0p5_seed42.log - INFO - Round 97 selected clients: [1, 2, 4, 6, 9, 10, 12, 19] | target exposure=1 samples=26 mass=0.005230 empirical_P=1.000000 theory_P=0.996070
2026-08-29 23:39:53,262 - hc_cifar10_class9_h8_IF100_alpha0p5_seed42.log - INFO - Round 97 | Global 0.6563 | Head 0.7897 | Middle 0.6408 | Tail 0.5437 | Class-9 0.4990 | best_class9 0.6280@84
2026-08-29 23:39:53,272 - hc_cifar10_class9_h8_IF100_alpha0p5_seed42.log - INFO - Round 98 selected clients: [2, 4, 7, 10, 14, 15, 17, 19] | target exposure=1 samples=19 mass=0.003828 empirical_P=1.000000 theory_P=0.996070
2026-08-29 23:40:07,982 - hc_cifar10_class9_h8_IF100_alpha0p5_seed42.log - INFO - Round 98 | Global 0.6567 | Head 0.7797 | Middle 0.6550 | Tail 0.5360 | Class-9 0.5040 | best_class9 0.6280@84
2026-08-29 23:40:07,982 - hc_cifar10_class9_h8_IF100_alpha0p5_seed42.log - INFO - Round 99 selected clients: [0, 3, 4, 9, 13, 14, 16, 19] | target exposure=1 samples=31 mass=0.006247 empirical_P=1.000000 theory_P=0.996070
2026-08-29 23:40:22,552 - hc_cifar10_class9_h8_IF100_alpha0p5_seed42.log - INFO - Round 99 | Global 0.6484 | Head 0.8050 | Middle 0.6185 | Tail 0.5317 | Class-9 0.4470 | best_class9 0.6280@84
2026-08-29 23:40:22,552 - hc_cifar10_class9_h8_IF100_alpha0p5_seed42.log - INFO - Round 100 selected clients: [0, 4, 6, 7, 10, 11, 12, 17] | target exposure=1 samples=26 mass=0.005215 empirical_P=1.000000 theory_P=0.996070
2026-08-29 23:40:37,190 - hc_cifar10_class9_h8_IF100_alpha0p5_seed42.log - INFO - Round 100 | Global 0.6510 | Head 0.8183 | Middle 0.6270 | Tail 0.5157 | Class-9 0.4980 | best_class9 0.6280@84
2026-08-29 23:40:37,211 - hc_cifar10_class9_h8_IF100_alpha0p5_seed42.log - INFO - Round 101 selected clients: [0, 8, 9, 10, 11, 14, 15, 17] | target exposure=1 samples=12 mass=0.002419 empirical_P=1.000000 theory_P=0.996070
2026-08-29 23:40:53,034 - hc_cifar10_class9_h8_IF100_alpha0p5_seed42.log - INFO - Round 101 | Global 0.6289 | Head 0.8257 | Middle 0.6082 | Tail 0.4597 | Class-9 0.4140 | best_class9 0.6280@84
2026-08-29 23:40:53,034 - hc_cifar10_class9_h8_IF100_alpha0p5_seed42.log - INFO - Round 102 selected clients: [1, 5, 8, 10, 12, 13, 16, 17] | target exposure=1 samples=12 mass=0.002413 empirical_P=1.000000 theory_P=0.996070
2026-08-29 23:41:09,788 - hc_cifar10_class9_h8_IF100_alpha0p5_seed42.log - INFO - Round 102 | Global 0.6332 | Head 0.8217 | Middle 0.6252 | Tail 0.4553 | Class-9 0.3740 | best_class9 0.6280@84
2026-08-29 23:41:09,788 - hc_cifar10_class9_h8_IF100_alpha0p5_seed42.log - INFO - Round 103 selected clients: [0, 4, 7, 9, 10, 11, 12, 19] | target exposure=1 samples=25 mass=0.005029 empirical_P=1.000000 theory_P=0.996070
2026-08-29 23:41:26,590 - hc_cifar10_class9_h8_IF100_alpha0p5_seed42.log - INFO - Round 103 | Global 0.6293 | Head 0.8403 | Middle 0.6028 | Tail 0.4537 | Class-9 0.5130 | best_class9 0.6280@84
2026-08-29 23:41:26,590 - hc_cifar10_class9_h8_IF100_alpha0p5_seed42.log - INFO - Round 104 selected clients: [4, 5, 8, 10, 12, 13, 15, 16] | target exposure=1 samples=19 mass=0.003821 empirical_P=1.000000 theory_P=0.996070
2026-08-29 23:41:43,062 - hc_cifar10_class9_h8_IF100_alpha0p5_seed42.log - INFO - Round 104 | Global 0.6357 | Head 0.8237 | Middle 0.6312 | Tail 0.4537 | Class-9 0.4530 | best_class9 0.6280@84
2026-08-29 23:41:43,062 - hc_cifar10_class9_h8_IF100_alpha0p5_seed42.log - INFO - Round 105 selected clients: [3, 4, 7, 9, 12, 15, 18, 19] | target exposure=1 samples=31 mass=0.006268 empirical_P=1.000000 theory_P=0.996070
2026-08-29 23:41:59,713 - hc_cifar10_class9_h8_IF100_alpha0p5_seed42.log - INFO - Round 105 | Global 0.6494 | Head 0.7500 | Middle 0.6725 | Tail 0.5180 | Class-9 0.4820 | best_class9 0.6280@84
2026-08-29 23:41:59,723 - hc_cifar10_class9_h8_IF100_alpha0p5_seed42.log - INFO - Round 106 selected clients: [1, 3, 6, 7, 11, 15, 16, 18] | target exposure=1 samples=19 mass=0.003840 empirical_P=1.000000 theory_P=0.996070
2026-08-29 23:42:16,328 - hc_cifar10_class9_h8_IF100_alpha0p5_seed42.log - INFO - Round 106 | Global 0.6506 | Head 0.7827 | Middle 0.6142 | Tail 0.5670 | Class-9 0.4990 | best_class9 0.6280@84
2026-08-29 23:42:16,328 - hc_cifar10_class9_h8_IF100_alpha0p5_seed42.log - INFO - Round 107 selected clients: [1, 2, 6, 8, 9, 12, 17, 19] | target exposure=1 samples=19 mass=0.003828 empirical_P=1.000000 theory_P=0.996070
2026-08-29 23:42:32,934 - hc_cifar10_class9_h8_IF100_alpha0p5_seed42.log - INFO - Round 107 | Global 0.6655 | Head 0.7020 | Middle 0.6448 | Tail 0.6567 | Class-9 0.4720 | best_class9 0.6280@84
2026-08-29 23:42:32,944 - hc_cifar10_class9_h8_IF100_alpha0p5_seed42.log - INFO - Round 108 selected clients: [1, 6, 7, 8, 11, 13, 14, 17] | target exposure=1 samples=25 mass=0.005016 empirical_P=1.000000 theory_P=0.996070
2026-08-29 23:42:49,521 - hc_cifar10_class9_h8_IF100_alpha0p5_seed42.log - INFO - Round 108 | Global 0.6496 | Head 0.8080 | Middle 0.6132 | Tail 0.5397 | Class-9 0.4670 | best_class9 0.6280@84
2026-08-29 23:42:49,521 - hc_cifar10_class9_h8_IF100_alpha0p5_seed42.log - INFO - Round 109 selected clients: [0, 2, 4, 7, 8, 9, 12, 16] | target exposure=1 samples=25 mass=0.005018 empirical_P=1.000000 theory_P=0.996070
2026-08-29 23:43:06,127 - hc_cifar10_class9_h8_IF100_alpha0p5_seed42.log - INFO - Round 109 | Global 0.6581 | Head 0.8117 | Middle 0.6338 | Tail 0.5370 | Class-9 0.4950 | best_class9 0.6280@84
2026-08-29 23:43:06,127 - hc_cifar10_class9_h8_IF100_alpha0p5_seed42.log - INFO - Round 110 selected clients: [2, 3, 7, 8, 12, 16, 18, 19] | target exposure=1 samples=18 mass=0.003639 empirical_P=1.000000 theory_P=0.996070
2026-08-29 23:43:22,794 - hc_cifar10_class9_h8_IF100_alpha0p5_seed42.log - INFO - Round 110 | Global 0.6687 | Head 0.7793 | Middle 0.6528 | Tail 0.5793 | Class-9 0.4400 | best_class9 0.6280@84
2026-08-29 23:43:22,804 - hc_cifar10_class9_h8_IF100_alpha0p5_seed42.log - INFO - Round 111 selected clients: [5, 6, 7, 10, 11, 15, 16, 18] | target exposure=1 samples=13 mass=0.002623 empirical_P=1.000000 theory_P=0.996070
2026-08-29 23:43:39,521 - hc_cifar10_class9_h8_IF100_alpha0p5_seed42.log - INFO - Round 111 | Global 0.6577 | Head 0.8043 | Middle 0.6302 | Tail 0.5477 | Class-9 0.3970 | best_class9 0.6280@84
2026-08-29 23:43:39,521 - hc_cifar10_class9_h8_IF100_alpha0p5_seed42.log - INFO - Round 112 selected clients: [0, 4, 6, 7, 9, 13, 15, 16] | target exposure=1 samples=32 mass=0.006427 empirical_P=1.000000 theory_P=0.996070
2026-08-29 23:43:55,942 - hc_cifar10_class9_h8_IF100_alpha0p5_seed42.log - INFO - Round 112 | Global 0.6624 | Head 0.8203 | Middle 0.6130 | Tail 0.5703 | Class-9 0.5380 | best_class9 0.6280@84
2026-08-29 23:43:55,942 - hc_cifar10_class9_h8_IF100_alpha0p5_seed42.log - INFO - Round 113 selected clients: [1, 3, 5, 7, 13, 15, 18, 19] | target exposure=1 samples=18 mass=0.003644 empirical_P=1.000000 theory_P=0.996070
2026-08-29 23:44:12,563 - hc_cifar10_class9_h8_IF100_alpha0p5_seed42.log - INFO - Round 113 | Global 0.6531 | Head 0.7860 | Middle 0.6122 | Tail 0.5747 | Class-9 0.5590 | best_class9 0.6280@84
2026-08-29 23:44:12,563 - hc_cifar10_class9_h8_IF100_alpha0p5_seed42.log - INFO - Round 114 selected clients: [0, 3, 6, 12, 15, 17, 18, 19] | target exposure=1 samples=19 mass=0.003848 empirical_P=1.000000 theory_P=0.996070
2026-08-29 23:44:29,135 - hc_cifar10_class9_h8_IF100_alpha0p5_seed42.log - INFO - Round 114 | Global 0.6725 | Head 0.7813 | Middle 0.6402 | Tail 0.6067 | Class-9 0.4370 | best_class9 0.6280@84
2026-08-29 23:44:29,135 - hc_cifar10_class9_h8_IF100_alpha0p5_seed42.log - INFO - Round 115 selected clients: [0, 2, 7, 8, 9, 12, 13, 16] | target exposure=1 samples=24 mass=0.004819 empirical_P=1.000000 theory_P=0.996070
2026-08-29 23:44:45,823 - hc_cifar10_class9_h8_IF100_alpha0p5_seed42.log - INFO - Round 115 | Global 0.6651 | Head 0.8033 | Middle 0.6372 | Tail 0.5640 | Class-9 0.5090 | best_class9 0.6280@84
2026-08-29 23:44:45,823 - hc_cifar10_class9_h8_IF100_alpha0p5_seed42.log - INFO - Round 116 selected clients: [0, 6, 7, 8, 9, 11, 12, 19] | target exposure=1 samples=25 mass=0.005032 empirical_P=1.000000 theory_P=0.996070
2026-08-29 23:45:02,253 - hc_cifar10_class9_h8_IF100_alpha0p5_seed42.log - INFO - Round 116 | Global 0.6684 | Head 0.7993 | Middle 0.6505 | Tail 0.5613 | Class-9 0.5030 | best_class9 0.6280@84
2026-08-29 23:45:02,263 - hc_cifar10_class9_h8_IF100_alpha0p5_seed42.log - INFO - Round 117 selected clients: [4, 5, 6, 10, 11, 12, 18, 19] | target exposure=1 samples=20 mass=0.004031 empirical_P=1.000000 theory_P=0.996070
2026-08-29 23:45:18,489 - hc_cifar10_class9_h8_IF100_alpha0p5_seed42.log - INFO - Round 117 | Global 0.6612 | Head 0.7957 | Middle 0.6345 | Tail 0.5623 | Class-9 0.4290 | best_class9 0.6280@84
2026-08-29 23:45:18,489 - hc_cifar10_class9_h8_IF100_alpha0p5_seed42.log - INFO - Round 118 selected clients: [1, 2, 4, 8, 10, 12, 15, 18] | target exposure=1 samples=13 mass=0.002620 empirical_P=1.000000 theory_P=0.996070
2026-08-29 23:45:33,032 - hc_cifar10_class9_h8_IF100_alpha0p5_seed42.log - INFO - Round 118 | Global 0.6573 | Head 0.7917 | Middle 0.6587 | Tail 0.5210 | Class-9 0.4180 | best_class9 0.6280@84
2026-08-29 23:45:33,042 - hc_cifar10_class9_h8_IF100_alpha0p5_seed42.log - INFO - Round 119 selected clients: [1, 2, 3, 4, 5, 6, 11, 13] | target exposure=1 samples=26 mass=0.005229 empirical_P=1.000000 theory_P=0.996070
2026-08-29 23:45:47,596 - hc_cifar10_class9_h8_IF100_alpha0p5_seed42.log - INFO - Round 119 | Global 0.6792 | Head 0.7773 | Middle 0.6613 | Tail 0.6050 | Class-9 0.5310 | best_class9 0.6280@84
2026-08-29 23:45:47,596 - hc_cifar10_class9_h8_IF100_alpha0p5_seed42.log - INFO - Round 120 selected clients: [5, 7, 8, 10, 11, 13, 15, 16] | target exposure=1 samples=12 mass=0.002417 empirical_P=1.000000 theory_P=0.996070
2026-08-29 23:46:02,193 - hc_cifar10_class9_h8_IF100_alpha0p5_seed42.log - INFO - Round 120 | Global 0.6461 | Head 0.8320 | Middle 0.6318 | Tail 0.4793 | Class-9 0.4020 | best_class9 0.6280@84
2026-08-29 23:46:02,204 - hc_cifar10_class9_h8_IF100_alpha0p5_seed42.log - INFO - Round 121 selected clients: [0, 3, 4, 5, 7, 16, 17, 18] | target exposure=1 samples=19 mass=0.003832 empirical_P=1.000000 theory_P=0.996070
2026-08-29 23:46:16,764 - hc_cifar10_class9_h8_IF100_alpha0p5_seed42.log - INFO - Round 121 | Global 0.6755 | Head 0.8047 | Middle 0.6290 | Tail 0.6083 | Class-9 0.4960 | best_class9 0.6280@84
2026-08-29 23:46:16,764 - hc_cifar10_class9_h8_IF100_alpha0p5_seed42.log - INFO - Round 122 selected clients: [0, 1, 4, 12, 13, 14, 17, 18] | target exposure=1 samples=25 mass=0.005020 empirical_P=1.000000 theory_P=0.996070
2026-08-29 23:46:31,357 - hc_cifar10_class9_h8_IF100_alpha0p5_seed42.log - INFO - Round 122 | Global 0.6581 | Head 0.8067 | Middle 0.6400 | Tail 0.5337 | Class-9 0.4790 | best_class9 0.6280@84
2026-08-29 23:46:31,357 - hc_cifar10_class9_h8_IF100_alpha0p5_seed42.log - INFO - Round 123 selected clients: [2, 10, 13, 14, 15, 16, 17, 19] | target exposure=1 samples=12 mass=0.002421 empirical_P=1.000000 theory_P=0.996070
2026-08-29 23:46:45,838 - hc_cifar10_class9_h8_IF100_alpha0p5_seed42.log - INFO - Round 123 | Global 0.6588 | Head 0.7940 | Middle 0.6535 | Tail 0.5307 | Class-9 0.4180 | best_class9 0.6280@84
2026-08-29 23:46:45,839 - hc_cifar10_class9_h8_IF100_alpha0p5_seed42.log - INFO - Round 124 selected clients: [4, 8, 9, 10, 12, 13, 14, 16] | target exposure=1 samples=31 mass=0.006217 empirical_P=1.000000 theory_P=0.996070
2026-08-29 23:47:00,414 - hc_cifar10_class9_h8_IF100_alpha0p5_seed42.log - INFO - Round 124 | Global 0.6547 | Head 0.8340 | Middle 0.6328 | Tail 0.5047 | Class-9 0.4910 | best_class9 0.6280@84
2026-08-29 23:47:00,424 - hc_cifar10_class9_h8_IF100_alpha0p5_seed42.log - INFO - Round 125 selected clients: [1, 4, 5, 8, 12, 13, 17, 19] | target exposure=1 samples=19 mass=0.003822 empirical_P=1.000000 theory_P=0.996070
2026-08-29 23:47:15,021 - hc_cifar10_class9_h8_IF100_alpha0p5_seed42.log - INFO - Round 125 | Global 0.6594 | Head 0.7920 | Middle 0.6593 | Tail 0.5270 | Class-9 0.4830 | best_class9 0.6280@84
2026-08-29 23:47:15,021 - hc_cifar10_class9_h8_IF100_alpha0p5_seed42.log - INFO - Round 126 selected clients: [2, 8, 9, 12, 13, 14, 15, 16] | target exposure=1 samples=24 mass=0.004827 empirical_P=1.000000 theory_P=0.996070
2026-08-29 23:47:29,530 - hc_cifar10_class9_h8_IF100_alpha0p5_seed42.log - INFO - Round 126 | Global 0.6652 | Head 0.8007 | Middle 0.6645 | Tail 0.5307 | Class-9 0.5120 | best_class9 0.6280@84
2026-08-29 23:47:29,530 - hc_cifar10_class9_h8_IF100_alpha0p5_seed42.log - INFO - Round 127 selected clients: [4, 5, 7, 11, 15, 16, 17, 18] | target exposure=1 samples=13 mass=0.002621 empirical_P=1.000000 theory_P=0.996070
2026-08-29 23:47:44,122 - hc_cifar10_class9_h8_IF100_alpha0p5_seed42.log - INFO - Round 127 | Global 0.6677 | Head 0.8120 | Middle 0.6515 | Tail 0.5450 | Class-9 0.4480 | best_class9 0.6280@84
2026-08-29 23:47:44,122 - hc_cifar10_class9_h8_IF100_alpha0p5_seed42.log - INFO - Round 128 selected clients: [3, 6, 8, 10, 12, 15, 17, 19] | target exposure=1 samples=19 mass=0.003842 empirical_P=1.000000 theory_P=0.996070
2026-08-29 23:47:58,599 - hc_cifar10_class9_h8_IF100_alpha0p5_seed42.log - INFO - Round 128 | Global 0.6744 | Head 0.7917 | Middle 0.6615 | Tail 0.5743 | Class-9 0.5020 | best_class9 0.6280@84
2026-08-29 23:47:58,609 - hc_cifar10_class9_h8_IF100_alpha0p5_seed42.log - INFO - Round 129 selected clients: [4, 6, 7, 10, 11, 15, 16, 17] | target exposure=1 samples=20 mass=0.004023 empirical_P=1.000000 theory_P=0.996070
2026-08-29 23:48:13,192 - hc_cifar10_class9_h8_IF100_alpha0p5_seed42.log - INFO - Round 129 | Global 0.6581 | Head 0.8223 | Middle 0.6365 | Tail 0.5227 | Class-9 0.5010 | best_class9 0.6280@84
2026-08-29 23:48:13,192 - hc_cifar10_class9_h8_IF100_alpha0p5_seed42.log - INFO - Round 130 selected clients: [0, 3, 6, 9, 10, 14, 15, 17] | target exposure=1 samples=25 mass=0.005044 empirical_P=1.000000 theory_P=0.996070
2026-08-29 23:48:27,828 - hc_cifar10_class9_h8_IF100_alpha0p5_seed42.log - INFO - Round 130 | Global 0.6828 | Head 0.7763 | Middle 0.6515 | Tail 0.6310 | Class-9 0.6440 | best_class9 0.6440@130
2026-08-29 23:48:27,838 - hc_cifar10_class9_h8_IF100_alpha0p5_seed42.log - INFO - Round 131 selected clients: [0, 3, 7, 8, 9, 12, 14, 18] | target exposure=1 samples=30 mass=0.006046 empirical_P=1.000000 theory_P=0.996070
2026-08-29 23:48:42,368 - hc_cifar10_class9_h8_IF100_alpha0p5_seed42.log - INFO - Round 131 | Global 0.6575 | Head 0.7803 | Middle 0.6438 | Tail 0.5530 | Class-9 0.5240 | best_class9 0.6440@130
2026-08-29 23:48:42,368 - hc_cifar10_class9_h8_IF100_alpha0p5_seed42.log - INFO - Round 132 selected clients: [1, 5, 7, 10, 12, 13, 15, 19] | target exposure=1 samples=18 mass=0.003628 empirical_P=1.000000 theory_P=0.996070
2026-08-29 23:48:57,056 - hc_cifar10_class9_h8_IF100_alpha0p5_seed42.log - INFO - Round 132 | Global 0.6567 | Head 0.8010 | Middle 0.6603 | Tail 0.5077 | Class-9 0.4930 | best_class9 0.6440@130
2026-08-29 23:48:57,056 - hc_cifar10_class9_h8_IF100_alpha0p5_seed42.log - INFO - Round 133 selected clients: [0, 1, 7, 8, 9, 11, 15, 16] | target exposure=1 samples=12 mass=0.002419 empirical_P=1.000000 theory_P=0.996070
2026-08-29 23:49:11,635 - hc_cifar10_class9_h8_IF100_alpha0p5_seed42.log - INFO - Round 133 | Global 0.6278 | Head 0.8357 | Middle 0.5948 | Tail 0.4640 | Class-9 0.3900 | best_class9 0.6440@130
2026-08-29 23:49:11,635 - hc_cifar10_class9_h8_IF100_alpha0p5_seed42.log - INFO - Round 134 selected clients: [2, 3, 7, 8, 10, 16, 18, 19] | target exposure=1 samples=12 mass=0.002429 empirical_P=1.000000 theory_P=0.996070
2026-08-29 23:49:26,318 - hc_cifar10_class9_h8_IF100_alpha0p5_seed42.log - INFO - Round 134 | Global 0.6419 | Head 0.8230 | Middle 0.5990 | Tail 0.5180 | Class-9 0.3450 | best_class9 0.6440@130
2026-08-29 23:49:26,318 - hc_cifar10_class9_h8_IF100_alpha0p5_seed42.log - INFO - Round 135 selected clients: [0, 6, 9, 12, 13, 14, 16, 19] | target exposure=1 samples=31 mass=0.006232 empirical_P=1.000000 theory_P=0.996070
2026-08-29 23:49:42,826 - hc_cifar10_class9_h8_IF100_alpha0p5_seed42.log - INFO - Round 135 | Global 0.6781 | Head 0.7963 | Middle 0.6475 | Tail 0.6007 | Class-9 0.4800 | best_class9 0.6440@130
2026-08-29 23:49:42,826 - hc_cifar10_class9_h8_IF100_alpha0p5_seed42.log - INFO - Round 136 selected clients: [2, 3, 5, 6, 10, 13, 15, 18] | target exposure=1 samples=19 mass=0.003840 empirical_P=1.000000 theory_P=0.996070
2026-08-29 23:49:59,641 - hc_cifar10_class9_h8_IF100_alpha0p5_seed42.log - INFO - Round 136 | Global 0.6765 | Head 0.7643 | Middle 0.6395 | Tail 0.6380 | Class-9 0.5150 | best_class9 0.6440@130
2026-08-29 23:49:59,641 - hc_cifar10_class9_h8_IF100_alpha0p5_seed42.log - INFO - Round 137 selected clients: [1, 2, 3, 5, 9, 10, 13, 19] | target exposure=1 samples=18 mass=0.003637 empirical_P=1.000000 theory_P=0.996070
2026-08-29 23:50:16,255 - hc_cifar10_class9_h8_IF100_alpha0p5_seed42.log - INFO - Round 137 | Global 0.6762 | Head 0.7693 | Middle 0.6667 | Tail 0.5957 | Class-9 0.4310 | best_class9 0.6440@130
2026-08-29 23:50:16,255 - hc_cifar10_class9_h8_IF100_alpha0p5_seed42.log - INFO - Round 138 selected clients: [0, 1, 5, 7, 8, 12, 16, 18] | target exposure=1 samples=12 mass=0.002416 empirical_P=1.000000 theory_P=0.996070
2026-08-29 23:50:32,794 - hc_cifar10_class9_h8_IF100_alpha0p5_seed42.log - INFO - Round 138 | Global 0.6759 | Head 0.8000 | Middle 0.6392 | Tail 0.6007 | Class-9 0.4770 | best_class9 0.6440@130
2026-08-29 23:50:32,794 - hc_cifar10_class9_h8_IF100_alpha0p5_seed42.log - INFO - Round 139 selected clients: [4, 5, 6, 10, 11, 12, 14, 18] | target exposure=1 samples=26 mass=0.005224 empirical_P=1.000000 theory_P=0.996070
2026-08-29 23:50:49,305 - hc_cifar10_class9_h8_IF100_alpha0p5_seed42.log - INFO - Round 139 | Global 0.6709 | Head 0.8163 | Middle 0.6482 | Tail 0.5557 | Class-9 0.4490 | best_class9 0.6440@130
2026-08-29 23:50:49,315 - hc_cifar10_class9_h8_IF100_alpha0p5_seed42.log - INFO - Round 140 selected clients: [2, 6, 8, 12, 14, 15, 16, 19] | target exposure=1 samples=19 mass=0.003830 empirical_P=1.000000 theory_P=0.996070
2026-08-29 23:51:06,096 - hc_cifar10_class9_h8_IF100_alpha0p5_seed42.log - INFO - Round 140 | Global 0.6772 | Head 0.7767 | Middle 0.6562 | Tail 0.6057 | Class-9 0.4970 | best_class9 0.6440@130
2026-08-29 23:51:06,107 - hc_cifar10_class9_h8_IF100_alpha0p5_seed42.log - INFO - Round 141 selected clients: [1, 3, 5, 10, 12, 14, 15, 19] | target exposure=1 samples=18 mass=0.003639 empirical_P=1.000000 theory_P=0.996070
2026-08-29 23:51:22,592 - hc_cifar10_class9_h8_IF100_alpha0p5_seed42.log - INFO - Round 141 | Global 0.6821 | Head 0.7610 | Middle 0.6657 | Tail 0.6250 | Class-9 0.5430 | best_class9 0.6440@130
2026-08-29 23:51:22,602 - hc_cifar10_class9_h8_IF100_alpha0p5_seed42.log - INFO - Round 142 selected clients: [0, 1, 2, 3, 4, 9, 14, 17] | target exposure=1 samples=25 mass=0.005032 empirical_P=1.000000 theory_P=0.996070
2026-08-29 23:51:39,468 - hc_cifar10_class9_h8_IF100_alpha0p5_seed42.log - INFO - Round 142 | Global 0.6733 | Head 0.7970 | Middle 0.6587 | Tail 0.5690 | Class-9 0.4470 | best_class9 0.6440@130
2026-08-29 23:51:39,468 - hc_cifar10_class9_h8_IF100_alpha0p5_seed42.log - INFO - Round 143 selected clients: [1, 3, 6, 8, 9, 13, 15, 16] | target exposure=1 samples=25 mass=0.005044 empirical_P=1.000000 theory_P=0.996070
2026-08-29 23:51:56,122 - hc_cifar10_class9_h8_IF100_alpha0p5_seed42.log - INFO - Round 143 | Global 0.6664 | Head 0.8187 | Middle 0.6325 | Tail 0.5593 | Class-9 0.4520 | best_class9 0.6440@130
2026-08-29 23:51:56,122 - hc_cifar10_class9_h8_IF100_alpha0p5_seed42.log - INFO - Round 144 selected clients: [1, 5, 6, 8, 10, 12, 15, 18] | target exposure=1 samples=13 mass=0.002623 empirical_P=1.000000 theory_P=0.996070
2026-08-29 23:52:12,890 - hc_cifar10_class9_h8_IF100_alpha0p5_seed42.log - INFO - Round 144 | Global 0.6711 | Head 0.8057 | Middle 0.6617 | Tail 0.5490 | Class-9 0.4070 | best_class9 0.6440@130
2026-08-29 23:52:12,890 - hc_cifar10_class9_h8_IF100_alpha0p5_seed42.log - INFO - Round 145 selected clients: [0, 2, 4, 7, 11, 17, 18, 19] | target exposure=1 samples=13 mass=0.002622 empirical_P=1.000000 theory_P=0.996070
2026-08-29 23:52:29,684 - hc_cifar10_class9_h8_IF100_alpha0p5_seed42.log - INFO - Round 145 | Global 0.6462 | Head 0.7767 | Middle 0.6558 | Tail 0.5030 | Class-9 0.3010 | best_class9 0.6440@130
2026-08-29 23:52:29,684 - hc_cifar10_class9_h8_IF100_alpha0p5_seed42.log - INFO - Round 146 selected clients: [0, 1, 6, 8, 12, 13, 14, 16] | target exposure=1 samples=25 mass=0.005015 empirical_P=1.000000 theory_P=0.996070
2026-08-29 23:52:46,284 - hc_cifar10_class9_h8_IF100_alpha0p5_seed42.log - INFO - Round 146 | Global 0.6663 | Head 0.8253 | Middle 0.6308 | Tail 0.5547 | Class-9 0.4460 | best_class9 0.6440@130
2026-08-29 23:52:46,284 - hc_cifar10_class9_h8_IF100_alpha0p5_seed42.log - INFO - Round 147 selected clients: [1, 2, 4, 10, 12, 15, 16, 19] | target exposure=1 samples=13 mass=0.002621 empirical_P=1.000000 theory_P=0.996070
2026-08-29 23:53:03,022 - hc_cifar10_class9_h8_IF100_alpha0p5_seed42.log - INFO - Round 147 | Global 0.6664 | Head 0.8013 | Middle 0.6425 | Tail 0.5633 | Class-9 0.4490 | best_class9 0.6440@130
2026-08-29 23:53:03,022 - hc_cifar10_class9_h8_IF100_alpha0p5_seed42.log - INFO - Round 148 selected clients: [0, 6, 8, 10, 11, 15, 17, 18] | target exposure=1 samples=7 mass=0.001414 empirical_P=1.000000 theory_P=0.996070
2026-08-29 23:53:19,651 - hc_cifar10_class9_h8_IF100_alpha0p5_seed42.log - INFO - Round 148 | Global 0.6621 | Head 0.8163 | Middle 0.6440 | Tail 0.5320 | Class-9 0.3280 | best_class9 0.6440@130
2026-08-29 23:53:19,651 - hc_cifar10_class9_h8_IF100_alpha0p5_seed42.log - INFO - Round 149 selected clients: [1, 2, 3, 4, 6, 7, 12, 14] | target exposure=1 samples=38 mass=0.007624 empirical_P=1.000000 theory_P=0.996070
2026-08-29 23:53:36,359 - hc_cifar10_class9_h8_IF100_alpha0p5_seed42.log - INFO - Round 149 | Global 0.6695 | Head 0.7590 | Middle 0.6655 | Tail 0.5853 | Class-9 0.5680 | best_class9 0.6440@130
2026-08-29 23:53:36,359 - hc_cifar10_class9_h8_IF100_alpha0p5_seed42.log - INFO - Round 150 selected clients: [5, 7, 11, 12, 14, 17, 18, 19] | target exposure=1 samples=18 mass=0.003629 empirical_P=1.000000 theory_P=0.996070
2026-08-29 23:53:53,017 - hc_cifar10_class9_h8_IF100_alpha0p5_seed42.log - INFO - Round 150 | Global 0.6833 | Head 0.8017 | Middle 0.6603 | Tail 0.5957 | Class-9 0.4710 | best_class9 0.6440@130
2026-08-29 23:53:53,024 - hc_cifar10_class9_h8_IF100_alpha0p5_seed42.log - INFO - Round 151 selected clients: [1, 5, 6, 7, 8, 10, 14, 15] | target exposure=1 samples=19 mass=0.003822 empirical_P=1.000000 theory_P=0.996070
2026-08-29 23:54:09,167 - hc_cifar10_class9_h8_IF100_alpha0p5_seed42.log - INFO - Round 151 | Global 0.6692 | Head 0.8200 | Middle 0.6338 | Tail 0.5657 | Class-9 0.5110 | best_class9 0.6440@130
2026-08-29 23:54:09,167 - hc_cifar10_class9_h8_IF100_alpha0p5_seed42.log - INFO - Round 152 selected clients: [1, 4, 9, 10, 15, 16, 18, 19] | target exposure=1 samples=13 mass=0.002629 empirical_P=1.000000 theory_P=0.996070
2026-08-29 23:54:23,739 - hc_cifar10_class9_h8_IF100_alpha0p5_seed42.log - INFO - Round 152 | Global 0.6638 | Head 0.8127 | Middle 0.6400 | Tail 0.5467 | Class-9 0.4080 | best_class9 0.6440@130
2026-08-29 23:54:23,739 - hc_cifar10_class9_h8_IF100_alpha0p5_seed42.log - INFO - Round 153 selected clients: [0, 1, 4, 10, 11, 17, 18, 19] | target exposure=1 samples=7 mass=0.001414 empirical_P=1.000000 theory_P=0.996070
2026-08-29 23:54:38,327 - hc_cifar10_class9_h8_IF100_alpha0p5_seed42.log - INFO - Round 153 | Global 0.6643 | Head 0.8270 | Middle 0.6355 | Tail 0.5400 | Class-9 0.3640 | best_class9 0.6440@130
2026-08-29 23:54:38,327 - hc_cifar10_class9_h8_IF100_alpha0p5_seed42.log - INFO - Round 154 selected clients: [2, 4, 8, 9, 11, 13, 15, 18] | target exposure=1 samples=19 mass=0.003831 empirical_P=1.000000 theory_P=0.996070
2026-08-29 23:54:52,906 - hc_cifar10_class9_h8_IF100_alpha0p5_seed42.log - INFO - Round 154 | Global 0.6630 | Head 0.8153 | Middle 0.6468 | Tail 0.5323 | Class-9 0.3940 | best_class9 0.6440@130
2026-08-29 23:54:52,907 - hc_cifar10_class9_h8_IF100_alpha0p5_seed42.log - INFO - Round 155 selected clients: [1, 3, 5, 11, 12, 13, 14, 15] | target exposure=1 samples=24 mass=0.004836 empirical_P=1.000000 theory_P=0.996070
2026-08-29 23:55:07,521 - hc_cifar10_class9_h8_IF100_alpha0p5_seed42.log - INFO - Round 155 | Global 0.6619 | Head 0.8173 | Middle 0.6488 | Tail 0.5240 | Class-9 0.4240 | best_class9 0.6440@130
2026-08-29 23:55:07,521 - hc_cifar10_class9_h8_IF100_alpha0p5_seed42.log - INFO - Round 156 selected clients: [2, 4, 5, 10, 11, 14, 15, 19] | target exposure=1 samples=13 mass=0.002622 empirical_P=1.000000 theory_P=0.996070
2026-08-29 23:55:22,136 - hc_cifar10_class9_h8_IF100_alpha0p5_seed42.log - INFO - Round 156 | Global 0.6737 | Head 0.8110 | Middle 0.6555 | Tail 0.5607 | Class-9 0.4380 | best_class9 0.6440@130
2026-08-29 23:55:22,136 - hc_cifar10_class9_h8_IF100_alpha0p5_seed42.log - INFO - Round 157 selected clients: [3, 7, 10, 11, 13, 14, 16, 18] | target exposure=1 samples=24 mass=0.004838 empirical_P=1.000000 theory_P=0.996070
2026-08-29 23:55:36,655 - hc_cifar10_class9_h8_IF100_alpha0p5_seed42.log - INFO - Round 157 | Global 0.6589 | Head 0.8350 | Middle 0.6325 | Tail 0.5180 | Class-9 0.3860 | best_class9 0.6440@130
2026-08-29 23:55:36,655 - hc_cifar10_class9_h8_IF100_alpha0p5_seed42.log - INFO - Round 158 selected clients: [0, 1, 2, 8, 9, 10, 11, 17] | target exposure=1 samples=6 mass=0.001209 empirical_P=1.000000 theory_P=0.996070
2026-08-29 23:55:51,150 - hc_cifar10_class9_h8_IF100_alpha0p5_seed42.log - INFO - Round 158 | Global 0.6613 | Head 0.8230 | Middle 0.6528 | Tail 0.5110 | Class-9 0.3730 | best_class9 0.6440@130
2026-08-29 23:55:51,150 - hc_cifar10_class9_h8_IF100_alpha0p5_seed42.log - INFO - Round 159 selected clients: [4, 8, 10, 13, 14, 15, 18, 19] | target exposure=1 samples=19 mass=0.003835 empirical_P=1.000000 theory_P=0.996070
2026-08-29 23:56:05,737 - hc_cifar10_class9_h8_IF100_alpha0p5_seed42.log - INFO - Round 159 | Global 0.6729 | Head 0.8127 | Middle 0.6667 | Tail 0.5413 | Class-9 0.4530 | best_class9 0.6440@130
2026-08-29 23:56:05,737 - hc_cifar10_class9_h8_IF100_alpha0p5_seed42.log - INFO - Round 160 selected clients: [0, 1, 2, 5, 6, 12, 14, 19] | target exposure=1 samples=19 mass=0.003823 empirical_P=1.000000 theory_P=0.996070
2026-08-29 23:56:20,231 - hc_cifar10_class9_h8_IF100_alpha0p5_seed42.log - INFO - Round 160 | Global 0.6861 | Head 0.7950 | Middle 0.6683 | Tail 0.6010 | Class-9 0.4830 | best_class9 0.6440@130
2026-08-29 23:56:20,251 - hc_cifar10_class9_h8_IF100_alpha0p5_seed42.log - INFO - Round 161 selected clients: [3, 4, 8, 9, 11, 14, 17, 18] | target exposure=1 samples=25 mass=0.005043 empirical_P=1.000000 theory_P=0.996070
2026-08-29 23:56:34,878 - hc_cifar10_class9_h8_IF100_alpha0p5_seed42.log - INFO - Round 161 | Global 0.6574 | Head 0.8087 | Middle 0.6420 | Tail 0.5267 | Class-9 0.3650 | best_class9 0.6440@130
2026-08-29 23:56:34,878 - hc_cifar10_class9_h8_IF100_alpha0p5_seed42.log - INFO - Round 162 selected clients: [1, 2, 7, 14, 15, 16, 18, 19] | target exposure=1 samples=12 mass=0.002425 empirical_P=1.000000 theory_P=0.996070
2026-08-29 23:56:49,454 - hc_cifar10_class9_h8_IF100_alpha0p5_seed42.log - INFO - Round 162 | Global 0.6600 | Head 0.7867 | Middle 0.6095 | Tail 0.6007 | Class-9 0.4040 | best_class9 0.6440@130
2026-08-29 23:56:49,454 - hc_cifar10_class9_h8_IF100_alpha0p5_seed42.log - INFO - Round 163 selected clients: [5, 6, 7, 10, 11, 12, 13, 17] | target exposure=1 samples=25 mass=0.005017 empirical_P=1.000000 theory_P=0.996070
2026-08-29 23:57:04,029 - hc_cifar10_class9_h8_IF100_alpha0p5_seed42.log - INFO - Round 163 | Global 0.6839 | Head 0.8120 | Middle 0.6610 | Tail 0.5863 | Class-9 0.5090 | best_class9 0.6440@130
2026-08-29 23:57:04,029 - hc_cifar10_class9_h8_IF100_alpha0p5_seed42.log - INFO - Round 164 selected clients: [0, 3, 6, 10, 12, 13, 15, 16] | target exposure=1 samples=25 mass=0.005038 empirical_P=1.000000 theory_P=0.996070
2026-08-29 23:57:18,535 - hc_cifar10_class9_h8_IF100_alpha0p5_seed42.log - INFO - Round 164 | Global 0.6503 | Head 0.8020 | Middle 0.6743 | Tail 0.4667 | Class-9 0.3900 | best_class9 0.6440@130
2026-08-29 23:57:18,535 - hc_cifar10_class9_h8_IF100_alpha0p5_seed42.log - INFO - Round 165 selected clients: [3, 7, 9, 11, 13, 15, 17, 19] | target exposure=1 samples=24 mass=0.004852 empirical_P=1.000000 theory_P=0.996070
2026-08-29 23:57:33,127 - hc_cifar10_class9_h8_IF100_alpha0p5_seed42.log - INFO - Round 165 | Global 0.6556 | Head 0.7993 | Middle 0.6470 | Tail 0.5233 | Class-9 0.4600 | best_class9 0.6440@130
2026-08-29 23:57:33,127 - hc_cifar10_class9_h8_IF100_alpha0p5_seed42.log - INFO - Round 166 selected clients: [1, 10, 11, 12, 13, 14, 16, 17] | target exposure=1 samples=18 mass=0.003615 empirical_P=1.000000 theory_P=0.996070
2026-08-29 23:57:47,638 - hc_cifar10_class9_h8_IF100_alpha0p5_seed42.log - INFO - Round 166 | Global 0.6567 | Head 0.8470 | Middle 0.6375 | Tail 0.4920 | Class-9 0.3850 | best_class9 0.6440@130
2026-08-29 23:57:47,638 - hc_cifar10_class9_h8_IF100_alpha0p5_seed42.log - INFO - Round 167 selected clients: [3, 4, 7, 9, 10, 13, 14, 18] | target exposure=1 samples=37 mass=0.007446 empirical_P=1.000000 theory_P=0.996070
2026-08-29 23:58:02,176 - hc_cifar10_class9_h8_IF100_alpha0p5_seed42.log - INFO - Round 167 | Global 0.6603 | Head 0.8367 | Middle 0.6308 | Tail 0.5233 | Class-9 0.5160 | best_class9 0.6440@130
2026-08-29 23:58:02,176 - hc_cifar10_class9_h8_IF100_alpha0p5_seed42.log - INFO - Round 168 selected clients: [0, 1, 3, 4, 10, 11, 14, 15] | target exposure=1 samples=19 mass=0.003831 empirical_P=1.000000 theory_P=0.996070
2026-08-29 23:58:16,928 - hc_cifar10_class9_h8_IF100_alpha0p5_seed42.log - INFO - Round 168 | Global 0.6129 | Head 0.8103 | Middle 0.6088 | Tail 0.4210 | Class-9 0.3810 | best_class9 0.6440@130
2026-08-29 23:58:16,928 - hc_cifar10_class9_h8_IF100_alpha0p5_seed42.log - INFO - Round 169 selected clients: [0, 1, 4, 5, 7, 9, 16, 18] | target exposure=1 samples=19 mass=0.003824 empirical_P=1.000000 theory_P=0.996070
2026-08-29 23:58:33,372 - hc_cifar10_class9_h8_IF100_alpha0p5_seed42.log - INFO - Round 169 | Global 0.6354 | Head 0.8113 | Middle 0.5972 | Tail 0.5103 | Class-9 0.4370 | best_class9 0.6440@130
2026-08-29 23:58:33,372 - hc_cifar10_class9_h8_IF100_alpha0p5_seed42.log - INFO - Round 170 selected clients: [1, 5, 6, 9, 11, 14, 15, 18] | target exposure=1 samples=19 mass=0.003833 empirical_P=1.000000 theory_P=0.996070
2026-08-29 23:58:49,947 - hc_cifar10_class9_h8_IF100_alpha0p5_seed42.log - INFO - Round 170 | Global 0.6669 | Head 0.8107 | Middle 0.6600 | Tail 0.5323 | Class-9 0.4260 | best_class9 0.6440@130
2026-08-29 23:58:49,961 - hc_cifar10_class9_h8_IF100_alpha0p5_seed42.log - INFO - Round 171 selected clients: [0, 5, 6, 7, 8, 9, 12, 17] | target exposure=1 samples=25 mass=0.005022 empirical_P=1.000000 theory_P=0.996070
2026-08-29 23:59:06,409 - hc_cifar10_class9_h8_IF100_alpha0p5_seed42.log - INFO - Round 171 | Global 0.6805 | Head 0.8130 | Middle 0.6620 | Tail 0.5727 | Class-9 0.5390 | best_class9 0.6440@130
2026-08-29 23:59:06,409 - hc_cifar10_class9_h8_IF100_alpha0p5_seed42.log - INFO - Round 172 selected clients: [4, 9, 10, 11, 13, 15, 17, 18] | target exposure=1 samples=19 mass=0.003831 empirical_P=1.000000 theory_P=0.996070
2026-08-29 23:59:23,095 - hc_cifar10_class9_h8_IF100_alpha0p5_seed42.log - INFO - Round 172 | Global 0.6572 | Head 0.8320 | Middle 0.6565 | Tail 0.4833 | Class-9 0.4600 | best_class9 0.6440@130
2026-08-29 23:59:23,095 - hc_cifar10_class9_h8_IF100_alpha0p5_seed42.log - INFO - Round 173 selected clients: [0, 4, 7, 8, 9, 10, 13, 16] | target exposure=1 samples=25 mass=0.005019 empirical_P=1.000000 theory_P=0.996070
2026-08-29 23:59:40,033 - hc_cifar10_class9_h8_IF100_alpha0p5_seed42.log - INFO - Round 173 | Global 0.6382 | Head 0.8570 | Middle 0.5958 | Tail 0.4760 | Class-9 0.5060 | best_class9 0.6440@130
2026-08-29 23:59:40,033 - hc_cifar10_class9_h8_IF100_alpha0p5_seed42.log - INFO - Round 174 selected clients: [1, 3, 4, 6, 12, 13, 15, 18] | target exposure=1 samples=32 mass=0.006449 empirical_P=1.000000 theory_P=0.996070
2026-08-29 23:59:56,642 - hc_cifar10_class9_h8_IF100_alpha0p5_seed42.log - INFO - Round 174 | Global 0.6593 | Head 0.7833 | Middle 0.6252 | Tail 0.5807 | Class-9 0.5720 | best_class9 0.6440@130
2026-08-29 23:59:56,652 - hc_cifar10_class9_h8_IF100_alpha0p5_seed42.log - INFO - Round 175 selected clients: [1, 2, 4, 6, 8, 9, 11, 14] | target exposure=1 samples=26 mass=0.005220 empirical_P=1.000000 theory_P=0.996070
2026-08-30 00:00:13,041 - hc_cifar10_class9_h8_IF100_alpha0p5_seed42.log - INFO - Round 175 | Global 0.6855 | Head 0.8173 | Middle 0.6690 | Tail 0.5757 | Class-9 0.5750 | best_class9 0.6440@130
2026-08-30 00:00:13,041 - hc_cifar10_class9_h8_IF100_alpha0p5_seed42.log - INFO - Round 176 selected clients: [1, 3, 5, 11, 12, 13, 14, 19] | target exposure=1 samples=24 mass=0.004839 empirical_P=1.000000 theory_P=0.996070
2026-08-30 00:00:29,511 - hc_cifar10_class9_h8_IF100_alpha0p5_seed42.log - INFO - Round 176 | Global 0.6764 | Head 0.7757 | Middle 0.6370 | Tail 0.6297 | Class-9 0.6130 | best_class9 0.6440@130
2026-08-30 00:00:29,521 - hc_cifar10_class9_h8_IF100_alpha0p5_seed42.log - INFO - Round 177 selected clients: [1, 3, 5, 6, 8, 9, 10, 18] | target exposure=1 samples=19 mass=0.003839 empirical_P=1.000000 theory_P=0.996070
2026-08-30 00:00:46,349 - hc_cifar10_class9_h8_IF100_alpha0p5_seed42.log - INFO - Round 177 | Global 0.6785 | Head 0.8020 | Middle 0.6465 | Tail 0.5977 | Class-9 0.4870 | best_class9 0.6440@130
2026-08-30 00:00:46,349 - hc_cifar10_class9_h8_IF100_alpha0p5_seed42.log - INFO - Round 178 selected clients: [2, 4, 5, 6, 7, 8, 9, 11] | target exposure=1 samples=26 mass=0.005221 empirical_P=1.000000 theory_P=0.996070
2026-08-30 00:01:03,046 - hc_cifar10_class9_h8_IF100_alpha0p5_seed42.log - INFO - Round 178 | Global 0.6914 | Head 0.8160 | Middle 0.6677 | Tail 0.5983 | Class-9 0.5590 | best_class9 0.6440@130
2026-08-30 00:01:03,046 - hc_cifar10_class9_h8_IF100_alpha0p5_seed42.log - INFO - Round 179 selected clients: [0, 3, 4, 5, 7, 13, 15, 19] | target exposure=1 samples=25 mass=0.005045 empirical_P=1.000000 theory_P=0.996070
2026-08-30 00:01:19,911 - hc_cifar10_class9_h8_IF100_alpha0p5_seed42.log - INFO - Round 179 | Global 0.6799 | Head 0.7737 | Middle 0.6623 | Tail 0.6097 | Class-9 0.5300 | best_class9 0.6440@130
2026-08-30 00:01:19,921 - hc_cifar10_class9_h8_IF100_alpha0p5_seed42.log - INFO - Round 180 selected clients: [3, 4, 6, 9, 10, 12, 14, 17] | target exposure=1 samples=38 mass=0.007637 empirical_P=1.000000 theory_P=0.996070
2026-08-30 00:01:36,521 - hc_cifar10_class9_h8_IF100_alpha0p5_seed42.log - INFO - Round 180 | Global 0.6876 | Head 0.8197 | Middle 0.6620 | Tail 0.5897 | Class-9 0.5880 | best_class9 0.6440@130
2026-08-30 00:01:36,531 - hc_cifar10_class9_h8_IF100_alpha0p5_seed42.log - INFO - Round 181 selected clients: [0, 7, 11, 13, 14, 15, 16, 18] | target exposure=1 samples=18 mass=0.003626 empirical_P=1.000000 theory_P=0.996070
2026-08-30 00:01:52,738 - hc_cifar10_class9_h8_IF100_alpha0p5_seed42.log - INFO - Round 181 | Global 0.6630 | Head 0.8407 | Middle 0.6415 | Tail 0.5140 | Class-9 0.4630 | best_class9 0.6440@130
2026-08-30 00:01:52,738 - hc_cifar10_class9_h8_IF100_alpha0p5_seed42.log - INFO - Round 182 selected clients: [2, 5, 8, 9, 14, 16, 17, 18] | target exposure=1 samples=12 mass=0.002420 empirical_P=1.000000 theory_P=0.996070
2026-08-30 00:02:09,414 - hc_cifar10_class9_h8_IF100_alpha0p5_seed42.log - INFO - Round 182 | Global 0.6876 | Head 0.8053 | Middle 0.6697 | Tail 0.5937 | Class-9 0.4770 | best_class9 0.6440@130
2026-08-30 00:02:09,414 - hc_cifar10_class9_h8_IF100_alpha0p5_seed42.log - INFO - Round 183 selected clients: [1, 3, 6, 7, 8, 12, 18, 19] | target exposure=1 samples=25 mass=0.005049 empirical_P=1.000000 theory_P=0.996070
2026-08-30 00:02:26,313 - hc_cifar10_class9_h8_IF100_alpha0p5_seed42.log - INFO - Round 183 | Global 0.6902 | Head 0.8033 | Middle 0.6585 | Tail 0.6193 | Class-9 0.5320 | best_class9 0.6440@130
2026-08-30 00:02:26,313 - hc_cifar10_class9_h8_IF100_alpha0p5_seed42.log - INFO - Round 184 selected clients: [0, 1, 6, 8, 9, 11, 15, 18] | target exposure=1 samples=13 mass=0.002625 empirical_P=1.000000 theory_P=0.996070
2026-08-30 00:02:43,174 - hc_cifar10_class9_h8_IF100_alpha0p5_seed42.log - INFO - Round 184 | Global 0.6694 | Head 0.8037 | Middle 0.6362 | Tail 0.5793 | Class-9 0.4860 | best_class9 0.6440@130
2026-08-30 00:02:43,174 - hc_cifar10_class9_h8_IF100_alpha0p5_seed42.log - INFO - Round 185 selected clients: [0, 7, 8, 10, 12, 13, 15, 19] | target exposure=1 samples=18 mass=0.003628 empirical_P=1.000000 theory_P=0.996070
2026-08-30 00:02:58,224 - hc_cifar10_class9_h8_IF100_alpha0p5_seed42.log - INFO - Round 185 | Global 0.6711 | Head 0.8343 | Middle 0.6465 | Tail 0.5407 | Class-9 0.4640 | best_class9 0.6440@130
2026-08-30 00:02:58,224 - hc_cifar10_class9_h8_IF100_alpha0p5_seed42.log - INFO - Round 186 selected clients: [2, 6, 7, 9, 10, 11, 14, 17] | target exposure=1 samples=25 mass=0.005022 empirical_P=1.000000 theory_P=0.996070
2026-08-30 00:03:12,808 - hc_cifar10_class9_h8_IF100_alpha0p5_seed42.log - INFO - Round 186 | Global 0.6866 | Head 0.8093 | Middle 0.6660 | Tail 0.5913 | Class-9 0.5590 | best_class9 0.6440@130
2026-08-30 00:03:12,808 - hc_cifar10_class9_h8_IF100_alpha0p5_seed42.log - INFO - Round 187 selected clients: [0, 1, 5, 7, 8, 9, 17, 19] | target exposure=1 samples=12 mass=0.002420 empirical_P=1.000000 theory_P=0.996070
2026-08-30 00:03:27,500 - hc_cifar10_class9_h8_IF100_alpha0p5_seed42.log - INFO - Round 187 | Global 0.6815 | Head 0.7640 | Middle 0.6498 | Tail 0.6413 | Class-9 0.5220 | best_class9 0.6440@130
2026-08-30 00:03:27,500 - hc_cifar10_class9_h8_IF100_alpha0p5_seed42.log - INFO - Round 188 selected clients: [0, 4, 6, 12, 14, 15, 18, 19] | target exposure=1 samples=26 mass=0.005241 empirical_P=1.000000 theory_P=0.996070
2026-08-30 00:03:42,159 - hc_cifar10_class9_h8_IF100_alpha0p5_seed42.log - INFO - Round 188 | Global 0.6769 | Head 0.7850 | Middle 0.6072 | Tail 0.6617 | Class-9 0.5760 | best_class9 0.6440@130
2026-08-30 00:03:42,159 - hc_cifar10_class9_h8_IF100_alpha0p5_seed42.log - INFO - Round 189 selected clients: [0, 2, 7, 8, 9, 16, 17, 19] | target exposure=1 samples=12 mass=0.002420 empirical_P=1.000000 theory_P=0.996070
2026-08-30 00:03:56,837 - hc_cifar10_class9_h8_IF100_alpha0p5_seed42.log - INFO - Round 189 | Global 0.6836 | Head 0.8093 | Middle 0.6502 | Tail 0.6023 | Class-9 0.4350 | best_class9 0.6440@130
2026-08-30 00:03:56,837 - hc_cifar10_class9_h8_IF100_alpha0p5_seed42.log - INFO - Round 190 selected clients: [1, 2, 4, 7, 8, 10, 12, 17] | target exposure=1 samples=19 mass=0.003814 empirical_P=1.000000 theory_P=0.996070
2026-08-30 00:04:11,562 - hc_cifar10_class9_h8_IF100_alpha0p5_seed42.log - INFO - Round 190 | Global 0.6758 | Head 0.8237 | Middle 0.6630 | Tail 0.5450 | Class-9 0.4550 | best_class9 0.6440@130
2026-08-30 00:04:11,575 - hc_cifar10_class9_h8_IF100_alpha0p5_seed42.log - INFO - Round 191 selected clients: [0, 1, 4, 5, 9, 10, 11, 12] | target exposure=1 samples=19 mass=0.003818 empirical_P=1.000000 theory_P=0.996070
2026-08-30 00:04:26,276 - hc_cifar10_class9_h8_IF100_alpha0p5_seed42.log - INFO - Round 191 | Global 0.6638 | Head 0.8287 | Middle 0.6475 | Tail 0.5207 | Class-9 0.4180 | best_class9 0.6440@130
2026-08-30 00:04:26,276 - hc_cifar10_class9_h8_IF100_alpha0p5_seed42.log - INFO - Round 192 selected clients: [0, 3, 7, 8, 9, 11, 15, 17] | target exposure=1 samples=18 mass=0.003636 empirical_P=1.000000 theory_P=0.996070
2026-08-30 00:04:40,911 - hc_cifar10_class9_h8_IF100_alpha0p5_seed42.log - INFO - Round 192 | Global 0.6608 | Head 0.8373 | Middle 0.6358 | Tail 0.5177 | Class-9 0.4380 | best_class9 0.6440@130
2026-08-30 00:04:40,911 - hc_cifar10_class9_h8_IF100_alpha0p5_seed42.log - INFO - Round 193 selected clients: [1, 4, 5, 8, 10, 11, 13, 15] | target exposure=1 samples=13 mass=0.002617 empirical_P=1.000000 theory_P=0.996070
2026-08-30 00:04:55,547 - hc_cifar10_class9_h8_IF100_alpha0p5_seed42.log - INFO - Round 193 | Global 0.6394 | Head 0.8407 | Middle 0.6400 | Tail 0.4373 | Class-9 0.3750 | best_class9 0.6440@130
2026-08-30 00:04:55,547 - hc_cifar10_class9_h8_IF100_alpha0p5_seed42.log - INFO - Round 194 selected clients: [4, 9, 10, 11, 12, 13, 16, 18] | target exposure=1 samples=25 mass=0.005028 empirical_P=1.000000 theory_P=0.996070
2026-08-30 00:05:10,245 - hc_cifar10_class9_h8_IF100_alpha0p5_seed42.log - INFO - Round 194 | Global 0.6761 | Head 0.8123 | Middle 0.6458 | Tail 0.5803 | Class-9 0.5450 | best_class9 0.6440@130
2026-08-30 00:05:10,247 - hc_cifar10_class9_h8_IF100_alpha0p5_seed42.log - INFO - Round 195 selected clients: [2, 3, 4, 8, 10, 13, 14, 18] | target exposure=1 samples=25 mass=0.005036 empirical_P=1.000000 theory_P=0.996070
2026-08-30 00:05:25,245 - hc_cifar10_class9_h8_IF100_alpha0p5_seed42.log - INFO - Round 195 | Global 0.6709 | Head 0.8393 | Middle 0.6498 | Tail 0.5307 | Class-9 0.4540 | best_class9 0.6440@130
2026-08-30 00:05:25,245 - hc_cifar10_class9_h8_IF100_alpha0p5_seed42.log - INFO - Round 196 selected clients: [1, 3, 5, 9, 14, 16, 18, 19] | target exposure=1 samples=18 mass=0.003644 empirical_P=1.000000 theory_P=0.996070
2026-08-30 00:05:39,876 - hc_cifar10_class9_h8_IF100_alpha0p5_seed42.log - INFO - Round 196 | Global 0.6712 | Head 0.8063 | Middle 0.6360 | Tail 0.5830 | Class-9 0.3650 | best_class9 0.6440@130
2026-08-30 00:05:39,887 - hc_cifar10_class9_h8_IF100_alpha0p5_seed42.log - INFO - Round 197 selected clients: [0, 2, 6, 8, 10, 11, 15, 18] | target exposure=1 samples=7 mass=0.001414 empirical_P=1.000000 theory_P=0.996070
2026-08-30 00:05:54,555 - hc_cifar10_class9_h8_IF100_alpha0p5_seed42.log - INFO - Round 197 | Global 0.6788 | Head 0.8213 | Middle 0.6515 | Tail 0.5727 | Class-9 0.4180 | best_class9 0.6440@130
2026-08-30 00:05:54,555 - hc_cifar10_class9_h8_IF100_alpha0p5_seed42.log - INFO - Round 198 selected clients: [2, 3, 4, 5, 6, 9, 12, 16] | target exposure=1 samples=32 mass=0.006437 empirical_P=1.000000 theory_P=0.996070
2026-08-30 00:06:09,226 - hc_cifar10_class9_h8_IF100_alpha0p5_seed42.log - INFO - Round 198 | Global 0.6918 | Head 0.8070 | Middle 0.6633 | Tail 0.6147 | Class-9 0.5050 | best_class9 0.6440@130
2026-08-30 00:06:09,226 - hc_cifar10_class9_h8_IF100_alpha0p5_seed42.log - INFO - Round 199 selected clients: [1, 2, 3, 6, 9, 13, 14, 18] | target exposure=1 samples=31 mass=0.006247 empirical_P=1.000000 theory_P=0.996070
2026-08-30 00:06:23,838 - hc_cifar10_class9_h8_IF100_alpha0p5_seed42.log - INFO - Round 199 | Global 0.6934 | Head 0.7740 | Middle 0.6785 | Tail 0.6327 | Class-9 0.5590 | best_class9 0.6440@130
2026-08-30 00:06:23,838 - hc_cifar10_class9_h8_IF100_alpha0p5_seed42.log - INFO - Round 200 selected clients: [1, 3, 8, 10, 13, 14, 17, 19] | target exposure=1 samples=18 mass=0.003633 empirical_P=1.000000 theory_P=0.996070
2026-08-30 00:06:38,440 - hc_cifar10_class9_h8_IF100_alpha0p5_seed42.log - INFO - Round 200 | Global 0.6720 | Head 0.8277 | Middle 0.6595 | Tail 0.5330 | Class-9 0.4030 | best_class9 0.6440@130
2026-08-30 00:06:38,456 - hc_cifar10_class9_h8_IF100_alpha0p5_seed42.log - INFO - ==========================================================================================
2026-08-30 00:06:38,456 - hc_cifar10_class9_h8_IF100_alpha0p5_seed42.log - INFO - FINISHED FIXED-N / VARIED-h EXPERIMENT
2026-08-30 00:06:38,456 - hc_cifar10_class9_h8_IF100_alpha0p5_seed42.log - INFO - target_class=9 N=50 actual_h=8
2026-08-30 00:06:38,456 - hc_cifar10_class9_h8_IF100_alpha0p5_seed42.log - INFO - Theoretical exposure: 0.996070
2026-08-30 00:06:38,456 - hc_cifar10_class9_h8_IF100_alpha0p5_seed42.log - INFO - Empirical exposure over 200 rounds: 1.000000
2026-08-30 00:06:38,456 - hc_cifar10_class9_h8_IF100_alpha0p5_seed42.log - INFO - Final class-9 accuracy: 0.4030
2026-08-30 00:06:38,463 - hc_cifar10_class9_h8_IF100_alpha0p5_seed42.log - INFO - Final Tail accuracy: 0.5330
2026-08-30 00:06:38,463 - hc_cifar10_class9_h8_IF100_alpha0p5_seed42.log - INFO - Final Global accuracy: 0.6720
2026-08-30 00:06:38,463 - hc_cifar10_class9_h8_IF100_alpha0p5_seed42.log - INFO - Best class-9 accuracy (diagnostic only): 0.6440 @ round 130
2026-08-30 00:06:38,463 - hc_cifar10_class9_h8_IF100_alpha0p5_seed42.log - INFO - Best Tail accuracy (diagnostic only): 0.6617 @ round 188
2026-08-30 00:06:38,463 - hc_cifar10_class9_h8_IF100_alpha0p5_seed42.log - INFO - Metrics CSV: D:\Desktop\FedLF_project\FedLF\outputs\hc_cifar10_class9_h8_IF100_alpha0p5_seed42\metrics.csv
2026-08-30 00:06:38,463 - hc_cifar10_class9_h8_IF100_alpha0p5_seed42.log - INFO - History: D:\Desktop\FedLF_project\FedLF\outputs\hc_cifar10_class9_h8_IF100_alpha0p5_seed42\history.pkl
2026-08-30 00:06:38,463 - hc_cifar10_class9_h8_IF100_alpha0p5_seed42.log - INFO - Config: D:\Desktop\FedLF_project\FedLF\outputs\hc_cifar10_class9_h8_IF100_alpha0p5_seed42\config.json
2026-08-30 00:06:38,463 - hc_cifar10_class9_h8_IF100_alpha0p5_seed42.log - INFO - Checkpoint: D:\Desktop\FedLF_project\FedLF\outputs\hc_cifar10_class9_h8_IF100_alpha0p5_seed42\checkpoint.pth
2026-08-30 00:06:38,463 - hc_cifar10_class9_h8_IF100_alpha0p5_seed42.log - INFO - Final model: D:\Desktop\FedLF_project\FedLF\outputs\hc_cifar10_class9_h8_IF100_alpha0p5_seed42\final_model.pth
2026-08-30 00:06:38,463 - hc_cifar10_class9_h8_IF100_alpha0p5_seed42.log - INFO - ==========================================================================================
