2026-08-29 21:29:37,140 - hc_cifar10_class9_h2_IF100_alpha0p5_seed42.log - INFO - ==========================================================================================
2026-08-29 21:29:37,140 - hc_cifar10_class9_h2_IF100_alpha0p5_seed42.log - INFO - FIXED-N / VARIED-h CONTROLLED EXPERIMENT
2026-08-29 21:29:37,140 - hc_cifar10_class9_h2_IF100_alpha0p5_seed42.log - INFO - algorithm: pure FedLF | S=OFF C=OFF A=OFF
2026-08-29 21:29:37,140 - hc_cifar10_class9_h2_IF100_alpha0p5_seed42.log - INFO - dataset:CIFAR-10-LT IF=100 imb_factor=0.01 alpha=0.5
2026-08-29 21:29:37,140 - hc_cifar10_class9_h2_IF100_alpha0p5_seed42.log - INFO - K=20 m=8 participation=0.4000
2026-08-29 21:29:37,140 - hc_cifar10_class9_h2_IF100_alpha0p5_seed42.log - INFO - rounds=200 E=10 batch=32 fixed_lr=0.1 seed=42
2026-08-29 21:29:37,150 - hc_cifar10_class9_h2_IF100_alpha0p5_seed42.log - INFO - target_class=9 requested_host_count=2
2026-08-29 21:29:37,150 - hc_cifar10_class9_h2_IF100_alpha0p5_seed42.log - INFO - client_sampling=UNIFORM RANDOM WITHOUT REPLACEMENT
2026-08-29 21:29:37,150 - hc_cifar10_class9_h2_IF100_alpha0p5_seed42.log - INFO - aggregation=STANDARD SAMPLE-WEIGHTED FedAvg
2026-08-29 21:29:37,150 - hc_cifar10_class9_h2_IF100_alpha0p5_seed42.log - INFO - test rollback=False
2026-08-29 21:29:37,150 - hc_cifar10_class9_h2_IF100_alpha0p5_seed42.log - INFO - Log: D:\Desktop\FedLF_project\FedLF\Logs\hc_cifar10_class9_h2_IF100_alpha0p5_seed42.log
2026-08-29 21:29:37,150 - hc_cifar10_class9_h2_IF100_alpha0p5_seed42.log - INFO - Output: D:\Desktop\FedLF_project\FedLF\outputs\hc_cifar10_class9_h2_IF100_alpha0p5_seed42
2026-08-29 21:29:37,150 - hc_cifar10_class9_h2_IF100_alpha0p5_seed42.log - INFO - ==========================================================================================
2026-08-29 21:29:42,856 - hc_cifar10_class9_h2_IF100_alpha0p5_seed42.log - INFO - Global class counts: [5000, 2997, 1796, 1077, 645, 387, 232, 139, 83, 50]
2026-08-29 21:29:42,856 - hc_cifar10_class9_h2_IF100_alpha0p5_seed42.log - INFO - Target class 9 N=50 (FIXED)
2026-08-29 21:29:42,856 - hc_cifar10_class9_h2_IF100_alpha0p5_seed42.log - INFO - Host order (nested across h): [6, 4, 7, 12, 9, 13, 3, 14, 19, 11, 10, 17, 15, 18, 5, 0, 16, 8, 1, 2]
2026-08-29 21:29:42,856 - hc_cifar10_class9_h2_IF100_alpha0p5_seed42.log - INFO - Actual host clients: [4, 6]
2026-08-29 21:29:42,856 - hc_cifar10_class9_h2_IF100_alpha0p5_seed42.log - INFO - Target samples per active host: {6: 25, 4: 25}
2026-08-29 21:29:42,856 - hc_cifar10_class9_h2_IF100_alpha0p5_seed42.log - INFO - Actual h=2 | theoretical P_exp=0.652632
2026-08-29 21:29:42,856 - hc_cifar10_class9_h2_IF100_alpha0p5_seed42.log - INFO - Base partition SHA256: 91fc508fdd8b116a19ca7809c6dfe5d6b9f4161086b898c272ecff4fedcd1acf
2026-08-29 21:29:42,856 - hc_cifar10_class9_h2_IF100_alpha0p5_seed42.log - INFO - Controlled partition SHA256: 3239af1f32e2f8eb835b2750615bde3424bff7c575ad6f7be96c35d7d67dab7c
2026-08-29 21:29:42,856 - hc_cifar10_class9_h2_IF100_alpha0p5_seed42.log - INFO - Client sizes after target redistribution: [621, 621, 621, 605, 646, 620, 643, 620, 620, 614, 620, 620, 620, 620, 620, 613, 620, 620, 612, 610]
2026-08-29 21:29:42,856 - hc_cifar10_class9_h2_IF100_alpha0p5_seed42.log - INFO - Paper thresholds: Head > 1500, Tail < 200; Tail classes=[7, 8, 9]
2026-08-29 21:29:42,989 - hc_cifar10_class9_h2_IF100_alpha0p5_seed42.log - INFO - Round 1 selected clients: [0, 1, 3, 5, 8, 11, 15, 17] | target exposure=0 samples=0 mass=0.000000 empirical_P=0.000000 theory_P=0.652632
2026-08-29 21:29:59,802 - hc_cifar10_class9_h2_IF100_alpha0p5_seed42.log - INFO - Round 1 | Global 0.1751 | Head 0.5650 | Middle 0.0140 | Tail 0.0000 | Class-9 0.0000 | best_class9 0.0000@1
2026-08-29 21:29:59,802 - hc_cifar10_class9_h2_IF100_alpha0p5_seed42.log - INFO - Round 2 selected clients: [4, 5, 7, 12, 14, 15, 16, 19] | target exposure=1 samples=25 mass=0.005031 empirical_P=0.500000 theory_P=0.652632
2026-08-29 21:30:15,234 - hc_cifar10_class9_h2_IF100_alpha0p5_seed42.log - INFO - Round 2 | Global 0.2315 | Head 0.6900 | Middle 0.0612 | Tail 0.0000 | Class-9 0.0000 | best_class9 0.0000@1
2026-08-29 21:30:15,234 - hc_cifar10_class9_h2_IF100_alpha0p5_seed42.log - INFO - Round 3 selected clients: [0, 2, 5, 7, 10, 12, 16, 18] | target exposure=0 samples=0 mass=0.000000 empirical_P=0.333333 theory_P=0.652632
2026-08-29 21:30:31,690 - hc_cifar10_class9_h2_IF100_alpha0p5_seed42.log - INFO - Round 3 | Global 0.2658 | Head 0.7170 | Middle 0.1268 | Tail 0.0000 | Class-9 0.0000 | best_class9 0.0000@1
2026-08-29 21:30:31,690 - hc_cifar10_class9_h2_IF100_alpha0p5_seed42.log - INFO - Round 4 selected clients: [0, 4, 6, 8, 9, 11, 17, 18] | target exposure=1 samples=50 mass=0.010008 empirical_P=0.500000 theory_P=0.652632
2026-08-29 21:30:48,477 - hc_cifar10_class9_h2_IF100_alpha0p5_seed42.log - INFO - Round 4 | Global 0.2800 | Head 0.7080 | Middle 0.1690 | Tail 0.0000 | Class-9 0.0000 | best_class9 0.0000@1
2026-08-29 21:30:48,477 - hc_cifar10_class9_h2_IF100_alpha0p5_seed42.log - INFO - Round 5 selected clients: [0, 2, 5, 9, 10, 12, 16, 19] | target exposure=0 samples=0 mass=0.000000 empirical_P=0.400000 theory_P=0.652632
2026-08-29 21:31:05,155 - hc_cifar10_class9_h2_IF100_alpha0p5_seed42.log - INFO - Round 5 | Global 0.3026 | Head 0.7167 | Middle 0.2190 | Tail 0.0000 | Class-9 0.0000 | best_class9 0.0000@1
2026-08-29 21:31:05,159 - hc_cifar10_class9_h2_IF100_alpha0p5_seed42.log - INFO - Round 6 selected clients: [1, 3, 4, 5, 9, 10, 15, 16] | target exposure=1 samples=25 mass=0.005041 empirical_P=0.500000 theory_P=0.652632
2026-08-29 21:31:21,193 - hc_cifar10_class9_h2_IF100_alpha0p5_seed42.log - INFO - Round 6 | Global 0.3047 | Head 0.7963 | Middle 0.1645 | Tail 0.0000 | Class-9 0.0000 | best_class9 0.0000@1
2026-08-29 21:31:21,193 - hc_cifar10_class9_h2_IF100_alpha0p5_seed42.log - INFO - Round 7 selected clients: [2, 3, 5, 9, 10, 12, 13, 16] | target exposure=0 samples=0 mass=0.000000 empirical_P=0.428571 theory_P=0.652632
2026-08-29 21:31:36,850 - hc_cifar10_class9_h2_IF100_alpha0p5_seed42.log - INFO - Round 7 | Global 0.3173 | Head 0.8067 | Middle 0.1883 | Tail 0.0000 | Class-9 0.0000 | best_class9 0.0000@1
2026-08-29 21:31:36,851 - hc_cifar10_class9_h2_IF100_alpha0p5_seed42.log - INFO - Round 8 selected clients: [1, 3, 5, 7, 11, 15, 17, 18] | target exposure=0 samples=0 mass=0.000000 empirical_P=0.375000 theory_P=0.652632
2026-08-29 21:31:53,001 - hc_cifar10_class9_h2_IF100_alpha0p5_seed42.log - INFO - Round 8 | Global 0.3442 | Head 0.7930 | Middle 0.2657 | Tail 0.0000 | Class-9 0.0000 | best_class9 0.0000@1
2026-08-29 21:31:53,001 - hc_cifar10_class9_h2_IF100_alpha0p5_seed42.log - INFO - Round 9 selected clients: [0, 4, 7, 8, 9, 11, 13, 17] | target exposure=1 samples=25 mass=0.005019 empirical_P=0.444444 theory_P=0.652632
2026-08-29 21:32:09,203 - hc_cifar10_class9_h2_IF100_alpha0p5_seed42.log - INFO - Round 9 | Global 0.3225 | Head 0.7757 | Middle 0.2245 | Tail 0.0000 | Class-9 0.0000 | best_class9 0.0000@1
2026-08-29 21:32:09,203 - hc_cifar10_class9_h2_IF100_alpha0p5_seed42.log - INFO - Round 10 selected clients: [1, 2, 4, 5, 7, 9, 15, 16] | target exposure=1 samples=25 mass=0.005025 empirical_P=0.500000 theory_P=0.652632
2026-08-29 21:32:25,491 - hc_cifar10_class9_h2_IF100_alpha0p5_seed42.log - INFO - Round 10 | Global 0.3548 | Head 0.7930 | Middle 0.2923 | Tail 0.0000 | Class-9 0.0000 | best_class9 0.0000@1
2026-08-29 21:32:25,513 - hc_cifar10_class9_h2_IF100_alpha0p5_seed42.log - INFO - Round 11 selected clients: [1, 2, 4, 6, 12, 13, 16, 17] | target exposure=1 samples=50 mass=0.009978 empirical_P=0.545455 theory_P=0.652632
2026-08-29 21:32:41,526 - hc_cifar10_class9_h2_IF100_alpha0p5_seed42.log - INFO - Round 11 | Global 0.3577 | Head 0.7940 | Middle 0.2985 | Tail 0.0003 | Class-9 0.0000 | best_class9 0.0000@1
2026-08-29 21:32:41,526 - hc_cifar10_class9_h2_IF100_alpha0p5_seed42.log - INFO - Round 12 selected clients: [3, 6, 8, 9, 11, 14, 17, 18] | target exposure=1 samples=25 mass=0.005046 empirical_P=0.583333 theory_P=0.652632
2026-08-29 21:32:58,151 - hc_cifar10_class9_h2_IF100_alpha0p5_seed42.log - INFO - Round 12 | Global 0.3901 | Head 0.7550 | Middle 0.3770 | Tail 0.0427 | Class-9 0.0000 | best_class9 0.0000@1
2026-08-29 21:32:58,151 - hc_cifar10_class9_h2_IF100_alpha0p5_seed42.log - INFO - Round 13 selected clients: [2, 6, 8, 9, 12, 13, 14, 19] | target exposure=1 samples=25 mass=0.005032 empirical_P=0.615385 theory_P=0.652632
2026-08-29 21:33:14,912 - hc_cifar10_class9_h2_IF100_alpha0p5_seed42.log - INFO - Round 13 | Global 0.4249 | Head 0.7170 | Middle 0.4913 | Tail 0.0443 | Class-9 0.0000 | best_class9 0.0000@1
2026-08-29 21:33:14,912 - hc_cifar10_class9_h2_IF100_alpha0p5_seed42.log - INFO - Round 14 selected clients: [1, 4, 5, 9, 10, 11, 12, 19] | target exposure=1 samples=25 mass=0.005029 empirical_P=0.642857 theory_P=0.652632
2026-08-29 21:33:31,589 - hc_cifar10_class9_h2_IF100_alpha0p5_seed42.log - INFO - Round 14 | Global 0.3941 | Head 0.7357 | Middle 0.4230 | Tail 0.0140 | Class-9 0.0000 | best_class9 0.0000@1
2026-08-29 21:33:31,589 - hc_cifar10_class9_h2_IF100_alpha0p5_seed42.log - INFO - Round 15 selected clients: [4, 5, 7, 12, 13, 14, 16, 19] | target exposure=1 samples=25 mass=0.005024 empirical_P=0.666667 theory_P=0.652632
2026-08-29 21:33:48,301 - hc_cifar10_class9_h2_IF100_alpha0p5_seed42.log - INFO - Round 15 | Global 0.4086 | Head 0.7490 | Middle 0.4380 | Tail 0.0290 | Class-9 0.0000 | best_class9 0.0000@1
2026-08-29 21:33:48,301 - hc_cifar10_class9_h2_IF100_alpha0p5_seed42.log - INFO - Round 16 selected clients: [1, 4, 6, 9, 11, 13, 14, 18] | target exposure=1 samples=50 mass=0.010008 empirical_P=0.687500 theory_P=0.652632
2026-08-29 21:34:03,277 - hc_cifar10_class9_h2_IF100_alpha0p5_seed42.log - INFO - Round 16 | Global 0.3933 | Head 0.7120 | Middle 0.4358 | Tail 0.0180 | Class-9 0.0000 | best_class9 0.0000@1
2026-08-29 21:34:03,287 - hc_cifar10_class9_h2_IF100_alpha0p5_seed42.log - INFO - Round 17 selected clients: [4, 6, 7, 9, 11, 12, 14, 16] | target exposure=1 samples=50 mass=0.009994 empirical_P=0.705882 theory_P=0.652632
2026-08-29 21:34:18,116 - hc_cifar10_class9_h2_IF100_alpha0p5_seed42.log - INFO - Round 17 | Global 0.4177 | Head 0.7517 | Middle 0.4495 | Tail 0.0413 | Class-9 0.0020 | best_class9 0.0020@17
2026-08-29 21:34:18,116 - hc_cifar10_class9_h2_IF100_alpha0p5_seed42.log - INFO - Round 18 selected clients: [1, 3, 4, 7, 8, 9, 12, 18] | target exposure=1 samples=25 mass=0.005042 empirical_P=0.722222 theory_P=0.652632
2026-08-29 21:34:32,763 - hc_cifar10_class9_h2_IF100_alpha0p5_seed42.log - INFO - Round 18 | Global 0.4147 | Head 0.7783 | Middle 0.4440 | Tail 0.0120 | Class-9 0.0000 | best_class9 0.0020@17
2026-08-29 21:34:32,763 - hc_cifar10_class9_h2_IF100_alpha0p5_seed42.log - INFO - Round 19 selected clients: [1, 6, 7, 8, 9, 10, 11, 19] | target exposure=1 samples=25 mass=0.005032 empirical_P=0.736842 theory_P=0.652632
2026-08-29 21:34:47,426 - hc_cifar10_class9_h2_IF100_alpha0p5_seed42.log - INFO - Round 19 | Global 0.4162 | Head 0.7160 | Middle 0.4545 | Tail 0.0653 | Class-9 0.0000 | best_class9 0.0020@17
2026-08-29 21:34:47,426 - hc_cifar10_class9_h2_IF100_alpha0p5_seed42.log - INFO - Round 20 selected clients: [3, 4, 6, 10, 11, 13, 14, 17] | target exposure=1 samples=50 mass=0.010012 empirical_P=0.750000 theory_P=0.652632
2026-08-29 21:35:02,082 - hc_cifar10_class9_h2_IF100_alpha0p5_seed42.log - INFO - Round 20 | Global 0.4377 | Head 0.7643 | Middle 0.4670 | Tail 0.0720 | Class-9 0.0000 | best_class9 0.0020@17
2026-08-29 21:35:02,092 - hc_cifar10_class9_h2_IF100_alpha0p5_seed42.log - INFO - Round 21 selected clients: [3, 4, 13, 14, 15, 17, 18, 19] | target exposure=1 samples=25 mass=0.005055 empirical_P=0.761905 theory_P=0.652632
2026-08-29 21:35:16,749 - hc_cifar10_class9_h2_IF100_alpha0p5_seed42.log - INFO - Round 21 | Global 0.4427 | Head 0.7603 | Middle 0.4778 | Tail 0.0783 | Class-9 0.0000 | best_class9 0.0020@17
2026-08-29 21:35:16,749 - hc_cifar10_class9_h2_IF100_alpha0p5_seed42.log - INFO - Round 22 selected clients: [4, 5, 8, 10, 16, 17, 18, 19] | target exposure=1 samples=25 mass=0.005032 empirical_P=0.772727 theory_P=0.652632
2026-08-29 21:35:31,462 - hc_cifar10_class9_h2_IF100_alpha0p5_seed42.log - INFO - Round 22 | Global 0.4373 | Head 0.7550 | Middle 0.4430 | Tail 0.1120 | Class-9 0.0000 | best_class9 0.0020@17
2026-08-29 21:35:31,462 - hc_cifar10_class9_h2_IF100_alpha0p5_seed42.log - INFO - Round 23 selected clients: [1, 2, 3, 6, 8, 13, 15, 19] | target exposure=1 samples=25 mass=0.005047 empirical_P=0.782609 theory_P=0.652632
2026-08-29 21:35:46,199 - hc_cifar10_class9_h2_IF100_alpha0p5_seed42.log - INFO - Round 23 | Global 0.4873 | Head 0.7420 | Middle 0.5078 | Tail 0.2053 | Class-9 0.0000 | best_class9 0.0020@17
2026-08-29 21:35:46,199 - hc_cifar10_class9_h2_IF100_alpha0p5_seed42.log - INFO - Round 24 selected clients: [3, 4, 5, 8, 10, 13, 14, 17] | target exposure=1 samples=25 mass=0.005029 empirical_P=0.791667 theory_P=0.652632
2026-08-29 21:36:00,745 - hc_cifar10_class9_h2_IF100_alpha0p5_seed42.log - INFO - Round 24 | Global 0.4653 | Head 0.7573 | Middle 0.4700 | Tail 0.1670 | Class-9 0.0000 | best_class9 0.0020@17
2026-08-29 21:36:00,745 - hc_cifar10_class9_h2_IF100_alpha0p5_seed42.log - INFO - Round 25 selected clients: [2, 3, 6, 9, 10, 12, 15, 18] | target exposure=1 samples=25 mass=0.005053 empirical_P=0.800000 theory_P=0.652632
2026-08-29 21:36:15,330 - hc_cifar10_class9_h2_IF100_alpha0p5_seed42.log - INFO - Round 25 | Global 0.5091 | Head 0.7070 | Middle 0.5667 | Tail 0.2343 | Class-9 0.0000 | best_class9 0.0020@17
2026-08-29 21:36:15,330 - hc_cifar10_class9_h2_IF100_alpha0p5_seed42.log - INFO - Round 26 selected clients: [1, 2, 5, 6, 7, 8, 12, 16] | target exposure=1 samples=25 mass=0.005015 empirical_P=0.807692 theory_P=0.652632
2026-08-29 21:36:29,990 - hc_cifar10_class9_h2_IF100_alpha0p5_seed42.log - INFO - Round 26 | Global 0.5104 | Head 0.7863 | Middle 0.5165 | Tail 0.2263 | Class-9 0.0000 | best_class9 0.0020@17
2026-08-29 21:36:29,990 - hc_cifar10_class9_h2_IF100_alpha0p5_seed42.log - INFO - Round 27 selected clients: [5, 6, 8, 10, 12, 13, 14, 17] | target exposure=1 samples=25 mass=0.005017 empirical_P=0.814815 theory_P=0.652632
2026-08-29 21:36:44,596 - hc_cifar10_class9_h2_IF100_alpha0p5_seed42.log - INFO - Round 27 | Global 0.4985 | Head 0.7807 | Middle 0.5085 | Tail 0.2030 | Class-9 0.0000 | best_class9 0.0020@17
2026-08-29 21:36:44,596 - hc_cifar10_class9_h2_IF100_alpha0p5_seed42.log - INFO - Round 28 selected clients: [1, 3, 5, 6, 7, 8, 14, 19] | target exposure=1 samples=25 mass=0.005041 empirical_P=0.821429 theory_P=0.652632
2026-08-29 21:36:59,265 - hc_cifar10_class9_h2_IF100_alpha0p5_seed42.log - INFO - Round 28 | Global 0.5285 | Head 0.7083 | Middle 0.5403 | Tail 0.3330 | Class-9 0.0000 | best_class9 0.0020@17
2026-08-29 21:36:59,265 - hc_cifar10_class9_h2_IF100_alpha0p5_seed42.log - INFO - Round 29 selected clients: [3, 4, 5, 8, 12, 14, 15, 16] | target exposure=1 samples=25 mass=0.005036 empirical_P=0.827586 theory_P=0.652632
2026-08-29 21:37:13,834 - hc_cifar10_class9_h2_IF100_alpha0p5_seed42.log - INFO - Round 29 | Global 0.4891 | Head 0.8107 | Middle 0.5060 | Tail 0.1450 | Class-9 0.0000 | best_class9 0.0020@17
2026-08-29 21:37:13,834 - hc_cifar10_class9_h2_IF100_alpha0p5_seed42.log - INFO - Round 30 selected clients: [5, 6, 11, 13, 14, 15, 16, 19] | target exposure=1 samples=25 mass=0.005034 empirical_P=0.833333 theory_P=0.652632
2026-08-29 21:37:28,710 - hc_cifar10_class9_h2_IF100_alpha0p5_seed42.log - INFO - Round 30 | Global 0.5094 | Head 0.8063 | Middle 0.5175 | Tail 0.2017 | Class-9 0.0000 | best_class9 0.0020@17
2026-08-29 21:37:28,721 - hc_cifar10_class9_h2_IF100_alpha0p5_seed42.log - INFO - Round 31 selected clients: [1, 4, 6, 7, 9, 11, 14, 19] | target exposure=1 samples=50 mass=0.010012 empirical_P=0.838710 theory_P=0.652632
2026-08-29 21:37:43,599 - hc_cifar10_class9_h2_IF100_alpha0p5_seed42.log - INFO - Round 31 | Global 0.5054 | Head 0.7543 | Middle 0.4955 | Tail 0.2697 | Class-9 0.0270 | best_class9 0.0270@31
2026-08-29 21:37:43,599 - hc_cifar10_class9_h2_IF100_alpha0p5_seed42.log - INFO - Round 32 selected clients: [0, 1, 5, 6, 7, 9, 12, 19] | target exposure=1 samples=25 mass=0.005031 empirical_P=0.843750 theory_P=0.652632
2026-08-29 21:37:58,343 - hc_cifar10_class9_h2_IF100_alpha0p5_seed42.log - INFO - Round 32 | Global 0.4882 | Head 0.7337 | Middle 0.5055 | Tail 0.2197 | Class-9 0.0000 | best_class9 0.0270@31
2026-08-29 21:37:58,343 - hc_cifar10_class9_h2_IF100_alpha0p5_seed42.log - INFO - Round 33 selected clients: [3, 5, 7, 11, 14, 15, 16, 17] | target exposure=0 samples=0 mass=0.000000 empirical_P=0.818182 theory_P=0.652632
2026-08-29 21:38:14,818 - hc_cifar10_class9_h2_IF100_alpha0p5_seed42.log - INFO - Round 33 | Global 0.5104 | Head 0.8030 | Middle 0.5380 | Tail 0.1810 | Class-9 0.0000 | best_class9 0.0270@31
2026-08-29 21:38:14,818 - hc_cifar10_class9_h2_IF100_alpha0p5_seed42.log - INFO - Round 34 selected clients: [6, 8, 9, 10, 13, 14, 16, 18] | target exposure=1 samples=25 mass=0.005031 empirical_P=0.823529 theory_P=0.652632
2026-08-29 21:38:31,473 - hc_cifar10_class9_h2_IF100_alpha0p5_seed42.log - INFO - Round 34 | Global 0.5088 | Head 0.8187 | Middle 0.4662 | Tail 0.2557 | Class-9 0.0000 | best_class9 0.0270@31
2026-08-29 21:38:31,478 - hc_cifar10_class9_h2_IF100_alpha0p5_seed42.log - INFO - Round 35 selected clients: [0, 4, 5, 8, 10, 12, 13, 19] | target exposure=1 samples=25 mass=0.005023 empirical_P=0.828571 theory_P=0.652632
2026-08-29 21:38:48,280 - hc_cifar10_class9_h2_IF100_alpha0p5_seed42.log - INFO - Round 35 | Global 0.5030 | Head 0.8160 | Middle 0.4860 | Tail 0.2127 | Class-9 0.0030 | best_class9 0.0270@31
2026-08-29 21:38:48,280 - hc_cifar10_class9_h2_IF100_alpha0p5_seed42.log - INFO - Round 36 selected clients: [1, 2, 3, 6, 7, 8, 10, 18] | target exposure=1 samples=25 mass=0.005038 empirical_P=0.833333 theory_P=0.652632
2026-08-29 21:39:05,070 - hc_cifar10_class9_h2_IF100_alpha0p5_seed42.log - INFO - Round 36 | Global 0.5460 | Head 0.7523 | Middle 0.5500 | Tail 0.3343 | Class-9 0.0050 | best_class9 0.0270@31
2026-08-29 21:39:05,070 - hc_cifar10_class9_h2_IF100_alpha0p5_seed42.log - INFO - Round 37 selected clients: [1, 3, 7, 9, 10, 11, 15, 17] | target exposure=0 samples=0 mass=0.000000 empirical_P=0.810811 theory_P=0.652632
2026-08-29 21:39:21,843 - hc_cifar10_class9_h2_IF100_alpha0p5_seed42.log - INFO - Round 37 | Global 0.5028 | Head 0.8053 | Middle 0.5423 | Tail 0.1477 | Class-9 0.0000 | best_class9 0.0270@31
2026-08-29 21:39:21,843 - hc_cifar10_class9_h2_IF100_alpha0p5_seed42.log - INFO - Round 38 selected clients: [1, 2, 6, 9, 12, 13, 14, 18] | target exposure=1 samples=25 mass=0.005029 empirical_P=0.815789 theory_P=0.652632
2026-08-29 21:39:38,683 - hc_cifar10_class9_h2_IF100_alpha0p5_seed42.log - INFO - Round 38 | Global 0.5256 | Head 0.7977 | Middle 0.5165 | Tail 0.2657 | Class-9 0.0000 | best_class9 0.0270@31
2026-08-29 21:39:38,683 - hc_cifar10_class9_h2_IF100_alpha0p5_seed42.log - INFO - Round 39 selected clients: [0, 2, 3, 11, 12, 13, 15, 19] | target exposure=0 samples=0 mass=0.000000 empirical_P=0.794872 theory_P=0.652632
2026-08-29 21:39:55,411 - hc_cifar10_class9_h2_IF100_alpha0p5_seed42.log - INFO - Round 39 | Global 0.5318 | Head 0.8430 | Middle 0.4850 | Tail 0.2830 | Class-9 0.0000 | best_class9 0.0270@31
2026-08-29 21:39:55,411 - hc_cifar10_class9_h2_IF100_alpha0p5_seed42.log - INFO - Round 40 selected clients: [3, 7, 9, 11, 13, 14, 15, 19] | target exposure=0 samples=0 mass=0.000000 empirical_P=0.775000 theory_P=0.652632
2026-08-29 21:40:11,968 - hc_cifar10_class9_h2_IF100_alpha0p5_seed42.log - INFO - Round 40 | Global 0.5413 | Head 0.8173 | Middle 0.5587 | Tail 0.2420 | Class-9 0.0000 | best_class9 0.0270@31
2026-08-29 21:40:11,989 - hc_cifar10_class9_h2_IF100_alpha0p5_seed42.log - INFO - Round 41 selected clients: [1, 5, 6, 7, 10, 11, 14, 15] | target exposure=1 samples=25 mass=0.005023 empirical_P=0.780488 theory_P=0.652632
2026-08-29 21:40:28,689 - hc_cifar10_class9_h2_IF100_alpha0p5_seed42.log - INFO - Round 41 | Global 0.5314 | Head 0.7973 | Middle 0.5713 | Tail 0.2123 | Class-9 0.0000 | best_class9 0.0270@31
2026-08-29 21:40:28,689 - hc_cifar10_class9_h2_IF100_alpha0p5_seed42.log - INFO - Round 42 selected clients: [1, 3, 7, 9, 12, 14, 15, 19] | target exposure=0 samples=0 mass=0.000000 empirical_P=0.761905 theory_P=0.652632
2026-08-29 21:40:45,344 - hc_cifar10_class9_h2_IF100_alpha0p5_seed42.log - INFO - Round 42 | Global 0.5259 | Head 0.8067 | Middle 0.4380 | Tail 0.3623 | Class-9 0.0000 | best_class9 0.0270@31
2026-08-29 21:40:45,344 - hc_cifar10_class9_h2_IF100_alpha0p5_seed42.log - INFO - Round 43 selected clients: [0, 4, 6, 7, 9, 11, 12, 14] | target exposure=1 samples=50 mass=0.009992 empirical_P=0.767442 theory_P=0.652632
2026-08-29 21:41:02,315 - hc_cifar10_class9_h2_IF100_alpha0p5_seed42.log - INFO - Round 43 | Global 0.5390 | Head 0.7877 | Middle 0.5930 | Tail 0.2183 | Class-9 0.0070 | best_class9 0.0270@31
2026-08-29 21:41:02,315 - hc_cifar10_class9_h2_IF100_alpha0p5_seed42.log - INFO - Round 44 selected clients: [2, 6, 8, 10, 12, 13, 15, 17] | target exposure=1 samples=25 mass=0.005023 empirical_P=0.772727 theory_P=0.652632
2026-08-29 21:41:19,077 - hc_cifar10_class9_h2_IF100_alpha0p5_seed42.log - INFO - Round 44 | Global 0.5413 | Head 0.7753 | Middle 0.5935 | Tail 0.2377 | Class-9 0.0050 | best_class9 0.0270@31
2026-08-29 21:41:19,077 - hc_cifar10_class9_h2_IF100_alpha0p5_seed42.log - INFO - Round 45 selected clients: [0, 1, 4, 5, 6, 11, 12, 17] | target exposure=1 samples=50 mass=0.009978 empirical_P=0.777778 theory_P=0.652632
2026-08-29 21:41:35,961 - hc_cifar10_class9_h2_IF100_alpha0p5_seed42.log - INFO - Round 45 | Global 0.5546 | Head 0.7733 | Middle 0.5927 | Tail 0.2850 | Class-9 0.0580 | best_class9 0.0580@45
2026-08-29 21:41:35,961 - hc_cifar10_class9_h2_IF100_alpha0p5_seed42.log - INFO - Round 46 selected clients: [2, 3, 6, 7, 10, 12, 14, 16] | target exposure=1 samples=25 mass=0.005031 empirical_P=0.782609 theory_P=0.652632
2026-08-29 21:41:52,619 - hc_cifar10_class9_h2_IF100_alpha0p5_seed42.log - INFO - Round 46 | Global 0.5651 | Head 0.7967 | Middle 0.5843 | Tail 0.3080 | Class-9 0.0460 | best_class9 0.0580@45
2026-08-29 21:41:52,619 - hc_cifar10_class9_h2_IF100_alpha0p5_seed42.log - INFO - Round 47 selected clients: [1, 4, 8, 10, 11, 13, 15, 18] | target exposure=1 samples=25 mass=0.005028 empirical_P=0.787234 theory_P=0.652632
2026-08-29 21:42:09,433 - hc_cifar10_class9_h2_IF100_alpha0p5_seed42.log - INFO - Round 47 | Global 0.5440 | Head 0.8143 | Middle 0.5813 | Tail 0.2240 | Class-9 0.0290 | best_class9 0.0580@45
2026-08-29 21:42:09,433 - hc_cifar10_class9_h2_IF100_alpha0p5_seed42.log - INFO - Round 48 selected clients: [0, 3, 4, 6, 7, 8, 16, 17] | target exposure=1 samples=50 mass=0.010010 empirical_P=0.791667 theory_P=0.652632
2026-08-29 21:42:26,220 - hc_cifar10_class9_h2_IF100_alpha0p5_seed42.log - INFO - Round 48 | Global 0.5472 | Head 0.8260 | Middle 0.5535 | Tail 0.2600 | Class-9 0.0930 | best_class9 0.0930@48
2026-08-29 21:42:26,220 - hc_cifar10_class9_h2_IF100_alpha0p5_seed42.log - INFO - Round 49 selected clients: [0, 4, 5, 7, 10, 15, 17, 18] | target exposure=1 samples=25 mass=0.005028 empirical_P=0.795918 theory_P=0.652632
2026-08-29 21:42:42,084 - hc_cifar10_class9_h2_IF100_alpha0p5_seed42.log - INFO - Round 49 | Global 0.5500 | Head 0.8073 | Middle 0.5630 | Tail 0.2753 | Class-9 0.0590 | best_class9 0.0930@48
2026-08-29 21:42:42,084 - hc_cifar10_class9_h2_IF100_alpha0p5_seed42.log - INFO - Round 50 selected clients: [0, 2, 6, 11, 12, 13, 14, 17] | target exposure=1 samples=25 mass=0.005015 empirical_P=0.800000 theory_P=0.652632
2026-08-29 21:42:56,955 - hc_cifar10_class9_h2_IF100_alpha0p5_seed42.log - INFO - Round 50 | Global 0.5677 | Head 0.8090 | Middle 0.5958 | Tail 0.2890 | Class-9 0.0310 | best_class9 0.0930@48
2026-08-29 21:42:56,966 - hc_cifar10_class9_h2_IF100_alpha0p5_seed42.log - INFO - Round 51 selected clients: [0, 1, 9, 11, 13, 16, 17, 19] | target exposure=0 samples=0 mass=0.000000 empirical_P=0.784314 theory_P=0.652632
2026-08-29 21:43:11,520 - hc_cifar10_class9_h2_IF100_alpha0p5_seed42.log - INFO - Round 51 | Global 0.5637 | Head 0.8060 | Middle 0.5550 | Tail 0.3330 | Class-9 0.0190 | best_class9 0.0930@48
2026-08-29 21:43:11,520 - hc_cifar10_class9_h2_IF100_alpha0p5_seed42.log - INFO - Round 52 selected clients: [0, 3, 6, 8, 12, 15, 17, 19] | target exposure=1 samples=25 mass=0.005048 empirical_P=0.788462 theory_P=0.652632
2026-08-29 21:43:26,151 - hc_cifar10_class9_h2_IF100_alpha0p5_seed42.log - INFO - Round 52 | Global 0.5766 | Head 0.8020 | Middle 0.5705 | Tail 0.3593 | Class-9 0.0270 | best_class9 0.0930@48
2026-08-29 21:43:26,151 - hc_cifar10_class9_h2_IF100_alpha0p5_seed42.log - INFO - Round 53 selected clients: [1, 6, 7, 8, 9, 11, 12, 15] | target exposure=1 samples=25 mass=0.005029 empirical_P=0.792453 theory_P=0.652632
2026-08-29 21:43:40,757 - hc_cifar10_class9_h2_IF100_alpha0p5_seed42.log - INFO - Round 53 | Global 0.5474 | Head 0.8017 | Middle 0.5727 | Tail 0.2593 | Class-9 0.0300 | best_class9 0.0930@48
2026-08-29 21:43:40,757 - hc_cifar10_class9_h2_IF100_alpha0p5_seed42.log - INFO - Round 54 selected clients: [3, 9, 11, 12, 13, 14, 16, 18] | target exposure=0 samples=0 mass=0.000000 empirical_P=0.777778 theory_P=0.652632
2026-08-29 21:43:55,269 - hc_cifar10_class9_h2_IF100_alpha0p5_seed42.log - INFO - Round 54 | Global 0.5746 | Head 0.8017 | Middle 0.6050 | Tail 0.3070 | Class-9 0.0040 | best_class9 0.0930@48
2026-08-29 21:43:55,269 - hc_cifar10_class9_h2_IF100_alpha0p5_seed42.log - INFO - Round 55 selected clients: [3, 6, 9, 13, 14, 16, 17, 19] | target exposure=1 samples=25 mass=0.005048 empirical_P=0.781818 theory_P=0.652632
2026-08-29 21:44:09,848 - hc_cifar10_class9_h2_IF100_alpha0p5_seed42.log - INFO - Round 55 | Global 0.5834 | Head 0.7973 | Middle 0.6095 | Tail 0.3347 | Class-9 0.0030 | best_class9 0.0930@48
2026-08-29 21:44:09,848 - hc_cifar10_class9_h2_IF100_alpha0p5_seed42.log - INFO - Round 56 selected clients: [0, 4, 5, 10, 14, 15, 17, 19] | target exposure=1 samples=25 mass=0.005030 empirical_P=0.785714 theory_P=0.652632
2026-08-29 21:44:24,494 - hc_cifar10_class9_h2_IF100_alpha0p5_seed42.log - INFO - Round 56 | Global 0.5639 | Head 0.7827 | Middle 0.6042 | Tail 0.2913 | Class-9 0.0150 | best_class9 0.0930@48
2026-08-29 21:44:24,504 - hc_cifar10_class9_h2_IF100_alpha0p5_seed42.log - INFO - Round 57 selected clients: [0, 3, 4, 8, 9, 10, 15, 18] | target exposure=1 samples=25 mass=0.005049 empirical_P=0.789474 theory_P=0.652632
2026-08-29 21:44:39,359 - hc_cifar10_class9_h2_IF100_alpha0p5_seed42.log - INFO - Round 57 | Global 0.5665 | Head 0.7880 | Middle 0.5975 | Tail 0.3037 | Class-9 0.0600 | best_class9 0.0930@48
2026-08-29 21:44:39,359 - hc_cifar10_class9_h2_IF100_alpha0p5_seed42.log - INFO - Round 58 selected clients: [2, 7, 8, 11, 12, 13, 14, 15] | target exposure=0 samples=0 mass=0.000000 empirical_P=0.775862 theory_P=0.652632
2026-08-29 21:44:53,919 - hc_cifar10_class9_h2_IF100_alpha0p5_seed42.log - INFO - Round 58 | Global 0.5556 | Head 0.7883 | Middle 0.6350 | Tail 0.2170 | Class-9 0.0090 | best_class9 0.0930@48
2026-08-29 21:44:53,919 - hc_cifar10_class9_h2_IF100_alpha0p5_seed42.log - INFO - Round 59 selected clients: [0, 5, 6, 8, 13, 15, 16, 17] | target exposure=1 samples=25 mass=0.005023 empirical_P=0.779661 theory_P=0.652632
2026-08-29 21:45:08,683 - hc_cifar10_class9_h2_IF100_alpha0p5_seed42.log - INFO - Round 59 | Global 0.5715 | Head 0.8007 | Middle 0.6268 | Tail 0.2687 | Class-9 0.0030 | best_class9 0.0930@48
2026-08-29 21:45:08,683 - hc_cifar10_class9_h2_IF100_alpha0p5_seed42.log - INFO - Round 60 selected clients: [0, 2, 3, 4, 8, 11, 13, 15] | target exposure=1 samples=25 mass=0.005034 empirical_P=0.783333 theory_P=0.652632
2026-08-29 21:45:23,380 - hc_cifar10_class9_h2_IF100_alpha0p5_seed42.log - INFO - Round 60 | Global 0.5848 | Head 0.7797 | Middle 0.6260 | Tail 0.3350 | Class-9 0.1640 | best_class9 0.1640@60
2026-08-29 21:45:23,393 - hc_cifar10_class9_h2_IF100_alpha0p5_seed42.log - INFO - Round 61 selected clients: [0, 1, 3, 6, 10, 13, 15, 19] | target exposure=1 samples=25 mass=0.005047 empirical_P=0.786885 theory_P=0.652632
2026-08-29 21:45:38,079 - hc_cifar10_class9_h2_IF100_alpha0p5_seed42.log - INFO - Round 61 | Global 0.5736 | Head 0.7873 | Middle 0.5870 | Tail 0.3420 | Class-9 0.0670 | best_class9 0.1640@60
2026-08-29 21:45:38,079 - hc_cifar10_class9_h2_IF100_alpha0p5_seed42.log - INFO - Round 62 selected clients: [1, 2, 5, 6, 10, 12, 17, 18] | target exposure=1 samples=25 mass=0.005023 empirical_P=0.790323 theory_P=0.652632
2026-08-29 21:45:52,721 - hc_cifar10_class9_h2_IF100_alpha0p5_seed42.log - INFO - Round 62 | Global 0.6019 | Head 0.7790 | Middle 0.6248 | Tail 0.3943 | Class-9 0.0410 | best_class9 0.1640@60
2026-08-29 21:45:52,721 - hc_cifar10_class9_h2_IF100_alpha0p5_seed42.log - INFO - Round 63 selected clients: [3, 4, 7, 8, 9, 11, 13, 16] | target exposure=1 samples=25 mass=0.005035 empirical_P=0.793651 theory_P=0.652632
2026-08-29 21:46:07,392 - hc_cifar10_class9_h2_IF100_alpha0p5_seed42.log - INFO - Round 63 | Global 0.5714 | Head 0.8103 | Middle 0.6068 | Tail 0.2853 | Class-9 0.0580 | best_class9 0.1640@60
2026-08-29 21:46:07,392 - hc_cifar10_class9_h2_IF100_alpha0p5_seed42.log - INFO - Round 64 selected clients: [1, 2, 4, 9, 11, 12, 13, 18] | target exposure=1 samples=25 mass=0.005026 empirical_P=0.796875 theory_P=0.652632
2026-08-29 21:46:22,086 - hc_cifar10_class9_h2_IF100_alpha0p5_seed42.log - INFO - Round 64 | Global 0.6100 | Head 0.7343 | Middle 0.6485 | Tail 0.4343 | Class-9 0.1720 | best_class9 0.1720@64
2026-08-29 21:46:22,086 - hc_cifar10_class9_h2_IF100_alpha0p5_seed42.log - INFO - Round 65 selected clients: [3, 4, 6, 8, 9, 11, 17, 19] | target exposure=1 samples=50 mass=0.010044 empirical_P=0.800000 theory_P=0.652632
2026-08-29 21:46:36,787 - hc_cifar10_class9_h2_IF100_alpha0p5_seed42.log - INFO - Round 65 | Global 0.5975 | Head 0.7903 | Middle 0.6078 | Tail 0.3910 | Class-9 0.1850 | best_class9 0.1850@65
2026-08-29 21:46:36,787 - hc_cifar10_class9_h2_IF100_alpha0p5_seed42.log - INFO - Round 66 selected clients: [3, 4, 5, 7, 8, 12, 15, 16] | target exposure=1 samples=25 mass=0.005036 empirical_P=0.803030 theory_P=0.652632
2026-08-29 21:46:52,190 - hc_cifar10_class9_h2_IF100_alpha0p5_seed42.log - INFO - Round 66 | Global 0.5895 | Head 0.7927 | Middle 0.6328 | Tail 0.3287 | Class-9 0.1860 | best_class9 0.1860@66
2026-08-29 21:46:52,190 - hc_cifar10_class9_h2_IF100_alpha0p5_seed42.log - INFO - Round 67 selected clients: [3, 5, 6, 8, 10, 13, 17, 18] | target exposure=1 samples=25 mass=0.005040 empirical_P=0.805970 theory_P=0.652632
2026-08-29 21:47:08,933 - hc_cifar10_class9_h2_IF100_alpha0p5_seed42.log - INFO - Round 67 | Global 0.6110 | Head 0.7827 | Middle 0.6160 | Tail 0.4327 | Class-9 0.1940 | best_class9 0.1940@67
2026-08-29 21:47:08,933 - hc_cifar10_class9_h2_IF100_alpha0p5_seed42.log - INFO - Round 68 selected clients: [1, 5, 7, 8, 11, 12, 18, 19] | target exposure=0 samples=0 mass=0.000000 empirical_P=0.794118 theory_P=0.652632
2026-08-29 21:47:25,657 - hc_cifar10_class9_h2_IF100_alpha0p5_seed42.log - INFO - Round 68 | Global 0.6113 | Head 0.7693 | Middle 0.6168 | Tail 0.4460 | Class-9 0.0710 | best_class9 0.1940@67
2026-08-29 21:47:25,657 - hc_cifar10_class9_h2_IF100_alpha0p5_seed42.log - INFO - Round 69 selected clients: [0, 7, 8, 12, 13, 15, 16, 17] | target exposure=0 samples=0 mass=0.000000 empirical_P=0.782609 theory_P=0.652632
2026-08-29 21:47:42,295 - hc_cifar10_class9_h2_IF100_alpha0p5_seed42.log - INFO - Round 69 | Global 0.5746 | Head 0.8333 | Middle 0.5740 | Tail 0.3167 | Class-9 0.0090 | best_class9 0.1940@67
2026-08-29 21:47:42,295 - hc_cifar10_class9_h2_IF100_alpha0p5_seed42.log - INFO - Round 70 selected clients: [3, 4, 5, 10, 12, 15, 17, 19] | target exposure=1 samples=25 mass=0.005046 empirical_P=0.785714 theory_P=0.652632
2026-08-29 21:47:59,063 - hc_cifar10_class9_h2_IF100_alpha0p5_seed42.log - INFO - Round 70 | Global 0.5886 | Head 0.7987 | Middle 0.6402 | Tail 0.3097 | Class-9 0.0410 | best_class9 0.1940@67
2026-08-29 21:47:59,071 - hc_cifar10_class9_h2_IF100_alpha0p5_seed42.log - INFO - Round 71 selected clients: [0, 2, 6, 7, 11, 13, 16, 19] | target exposure=1 samples=25 mass=0.005025 empirical_P=0.788732 theory_P=0.652632
2026-08-29 21:48:15,780 - hc_cifar10_class9_h2_IF100_alpha0p5_seed42.log - INFO - Round 71 | Global 0.6123 | Head 0.8073 | Middle 0.6202 | Tail 0.4067 | Class-9 0.0580 | best_class9 0.1940@67
2026-08-29 21:48:15,780 - hc_cifar10_class9_h2_IF100_alpha0p5_seed42.log - INFO - Round 72 selected clients: [2, 3, 10, 13, 15, 16, 17, 18] | target exposure=0 samples=0 mass=0.000000 empirical_P=0.777778 theory_P=0.652632
2026-08-29 21:48:32,502 - hc_cifar10_class9_h2_IF100_alpha0p5_seed42.log - INFO - Round 72 | Global 0.6129 | Head 0.7987 | Middle 0.6495 | Tail 0.3783 | Class-9 0.0210 | best_class9 0.1940@67
2026-08-29 21:48:32,502 - hc_cifar10_class9_h2_IF100_alpha0p5_seed42.log - INFO - Round 73 selected clients: [1, 4, 5, 8, 9, 11, 12, 13] | target exposure=1 samples=25 mass=0.005019 empirical_P=0.780822 theory_P=0.652632
2026-08-29 21:48:49,117 - hc_cifar10_class9_h2_IF100_alpha0p5_seed42.log - INFO - Round 73 | Global 0.5828 | Head 0.7970 | Middle 0.6468 | Tail 0.2833 | Class-9 0.0270 | best_class9 0.1940@67
2026-08-29 21:48:49,117 - hc_cifar10_class9_h2_IF100_alpha0p5_seed42.log - INFO - Round 74 selected clients: [4, 5, 6, 7, 9, 15, 17, 19] | target exposure=1 samples=50 mass=0.010028 empirical_P=0.783784 theory_P=0.652632
2026-08-29 21:49:06,097 - hc_cifar10_class9_h2_IF100_alpha0p5_seed42.log - INFO - Round 74 | Global 0.6167 | Head 0.7663 | Middle 0.6627 | Tail 0.4057 | Class-9 0.1930 | best_class9 0.1940@67
2026-08-29 21:49:06,097 - hc_cifar10_class9_h2_IF100_alpha0p5_seed42.log - INFO - Round 75 selected clients: [0, 3, 8, 12, 16, 17, 18, 19] | target exposure=0 samples=0 mass=0.000000 empirical_P=0.773333 theory_P=0.652632
2026-08-29 21:49:22,799 - hc_cifar10_class9_h2_IF100_alpha0p5_seed42.log - INFO - Round 75 | Global 0.6209 | Head 0.8097 | Middle 0.6188 | Tail 0.4350 | Class-9 0.0890 | best_class9 0.1940@67
2026-08-29 21:49:22,799 - hc_cifar10_class9_h2_IF100_alpha0p5_seed42.log - INFO - Round 76 selected clients: [1, 3, 5, 8, 10, 12, 15, 18] | target exposure=0 samples=0 mass=0.000000 empirical_P=0.763158 theory_P=0.652632
2026-08-29 21:49:39,501 - hc_cifar10_class9_h2_IF100_alpha0p5_seed42.log - INFO - Round 76 | Global 0.5842 | Head 0.8090 | Middle 0.5992 | Tail 0.3393 | Class-9 0.0200 | best_class9 0.1940@67
2026-08-29 21:49:39,501 - hc_cifar10_class9_h2_IF100_alpha0p5_seed42.log - INFO - Round 77 selected clients: [1, 2, 3, 7, 10, 11, 17, 18] | target exposure=0 samples=0 mass=0.000000 empirical_P=0.753247 theory_P=0.652632
2026-08-29 21:49:56,031 - hc_cifar10_class9_h2_IF100_alpha0p5_seed42.log - INFO - Round 77 | Global 0.5929 | Head 0.7883 | Middle 0.6132 | Tail 0.3703 | Class-9 0.0120 | best_class9 0.1940@67
2026-08-29 21:49:56,031 - hc_cifar10_class9_h2_IF100_alpha0p5_seed42.log - INFO - Round 78 selected clients: [3, 4, 5, 8, 11, 12, 13, 14] | target exposure=1 samples=25 mass=0.005029 empirical_P=0.756410 theory_P=0.652632
2026-08-29 21:50:12,893 - hc_cifar10_class9_h2_IF100_alpha0p5_seed42.log - INFO - Round 78 | Global 0.5981 | Head 0.7963 | Middle 0.6395 | Tail 0.3447 | Class-9 0.0610 | best_class9 0.1940@67
2026-08-29 21:50:12,893 - hc_cifar10_class9_h2_IF100_alpha0p5_seed42.log - INFO - Round 79 selected clients: [2, 4, 9, 10, 13, 15, 17, 18] | target exposure=1 samples=25 mass=0.005034 empirical_P=0.759494 theory_P=0.652632
2026-08-29 21:50:29,569 - hc_cifar10_class9_h2_IF100_alpha0p5_seed42.log - INFO - Round 79 | Global 0.6061 | Head 0.7560 | Middle 0.6607 | Tail 0.3833 | Class-9 0.1220 | best_class9 0.1940@67
2026-08-29 21:50:29,569 - hc_cifar10_class9_h2_IF100_alpha0p5_seed42.log - INFO - Round 80 selected clients: [5, 7, 8, 11, 13, 14, 15, 18] | target exposure=0 samples=0 mass=0.000000 empirical_P=0.750000 theory_P=0.652632
2026-08-29 21:50:46,418 - hc_cifar10_class9_h2_IF100_alpha0p5_seed42.log - INFO - Round 80 | Global 0.6038 | Head 0.8093 | Middle 0.6445 | Tail 0.3440 | Class-9 0.0570 | best_class9 0.1940@67
2026-08-29 21:50:46,437 - hc_cifar10_class9_h2_IF100_alpha0p5_seed42.log - INFO - Round 81 selected clients: [5, 8, 9, 10, 14, 15, 17, 19] | target exposure=0 samples=0 mass=0.000000 empirical_P=0.740741 theory_P=0.652632
2026-08-29 21:51:03,091 - hc_cifar10_class9_h2_IF100_alpha0p5_seed42.log - INFO - Round 81 | Global 0.6056 | Head 0.8057 | Middle 0.6360 | Tail 0.3650 | Class-9 0.0180 | best_class9 0.1940@67
2026-08-29 21:51:03,091 - hc_cifar10_class9_h2_IF100_alpha0p5_seed42.log - INFO - Round 82 selected clients: [0, 2, 9, 12, 13, 15, 16, 19] | target exposure=0 samples=0 mass=0.000000 empirical_P=0.731707 theory_P=0.652632
2026-08-29 21:51:19,458 - hc_cifar10_class9_h2_IF100_alpha0p5_seed42.log - INFO - Round 82 | Global 0.6090 | Head 0.8127 | Middle 0.6215 | Tail 0.3887 | Class-9 0.0060 | best_class9 0.1940@67
2026-08-29 21:51:19,458 - hc_cifar10_class9_h2_IF100_alpha0p5_seed42.log - INFO - Round 83 selected clients: [3, 4, 5, 6, 7, 11, 14, 15] | target exposure=1 samples=50 mass=0.010026 empirical_P=0.734940 theory_P=0.652632
2026-08-29 21:51:34,253 - hc_cifar10_class9_h2_IF100_alpha0p5_seed42.log - INFO - Round 83 | Global 0.6181 | Head 0.7993 | Middle 0.6445 | Tail 0.4017 | Class-9 0.1250 | best_class9 0.1940@67
2026-08-29 21:51:34,254 - hc_cifar10_class9_h2_IF100_alpha0p5_seed42.log - INFO - Round 84 selected clients: [3, 4, 5, 6, 13, 14, 15, 18] | target exposure=1 samples=50 mass=0.010042 empirical_P=0.738095 theory_P=0.652632
2026-08-29 21:51:49,036 - hc_cifar10_class9_h2_IF100_alpha0p5_seed42.log - INFO - Round 84 | Global 0.6411 | Head 0.8083 | Middle 0.6250 | Tail 0.4953 | Class-9 0.3220 | best_class9 0.3220@84
2026-08-29 21:51:49,058 - hc_cifar10_class9_h2_IF100_alpha0p5_seed42.log - INFO - Round 85 selected clients: [0, 5, 6, 9, 12, 15, 16, 18] | target exposure=1 samples=25 mass=0.005037 empirical_P=0.741176 theory_P=0.652632
2026-08-29 21:52:04,196 - hc_cifar10_class9_h2_IF100_alpha0p5_seed42.log - INFO - Round 85 | Global 0.6376 | Head 0.7707 | Middle 0.6510 | Tail 0.4867 | Class-9 0.1340 | best_class9 0.3220@84
2026-08-29 21:52:04,196 - hc_cifar10_class9_h2_IF100_alpha0p5_seed42.log - INFO - Round 86 selected clients: [0, 2, 3, 6, 8, 11, 13, 16] | target exposure=1 samples=25 mass=0.005030 empirical_P=0.744186 theory_P=0.652632
2026-08-29 21:52:19,126 - hc_cifar10_class9_h2_IF100_alpha0p5_seed42.log - INFO - Round 86 | Global 0.6047 | Head 0.7747 | Middle 0.6448 | Tail 0.3813 | Class-9 0.0950 | best_class9 0.3220@84
2026-08-29 21:52:19,126 - hc_cifar10_class9_h2_IF100_alpha0p5_seed42.log - INFO - Round 87 selected clients: [3, 4, 6, 8, 9, 11, 13, 15] | target exposure=1 samples=50 mass=0.010038 empirical_P=0.747126 theory_P=0.652632
2026-08-29 21:52:33,949 - hc_cifar10_class9_h2_IF100_alpha0p5_seed42.log - INFO - Round 87 | Global 0.6188 | Head 0.7797 | Middle 0.6365 | Tail 0.4343 | Class-9 0.2100 | best_class9 0.3220@84
2026-08-29 21:52:33,949 - hc_cifar10_class9_h2_IF100_alpha0p5_seed42.log - INFO - Round 88 selected clients: [0, 1, 2, 7, 13, 15, 16, 18] | target exposure=0 samples=0 mass=0.000000 empirical_P=0.738636 theory_P=0.652632
2026-08-29 21:52:48,690 - hc_cifar10_class9_h2_IF100_alpha0p5_seed42.log - INFO - Round 88 | Global 0.5991 | Head 0.7770 | Middle 0.6252 | Tail 0.3863 | Class-9 0.1060 | best_class9 0.3220@84
2026-08-29 21:52:48,690 - hc_cifar10_class9_h2_IF100_alpha0p5_seed42.log - INFO - Round 89 selected clients: [2, 4, 5, 7, 9, 10, 15, 18] | target exposure=1 samples=25 mass=0.005034 empirical_P=0.741573 theory_P=0.652632
2026-08-29 21:53:03,560 - hc_cifar10_class9_h2_IF100_alpha0p5_seed42.log - INFO - Round 89 | Global 0.6253 | Head 0.7837 | Middle 0.6540 | Tail 0.4287 | Class-9 0.1970 | best_class9 0.3220@84
2026-08-29 21:53:03,560 - hc_cifar10_class9_h2_IF100_alpha0p5_seed42.log - INFO - Round 90 selected clients: [0, 2, 7, 10, 12, 14, 17, 19] | target exposure=0 samples=0 mass=0.000000 empirical_P=0.733333 theory_P=0.652632
2026-08-29 21:53:18,230 - hc_cifar10_class9_h2_IF100_alpha0p5_seed42.log - INFO - Round 90 | Global 0.6226 | Head 0.7883 | Middle 0.6705 | Tail 0.3930 | Class-9 0.1730 | best_class9 0.3220@84
2026-08-29 21:53:18,248 - hc_cifar10_class9_h2_IF100_alpha0p5_seed42.log - INFO - Round 91 selected clients: [1, 4, 5, 6, 7, 8, 17, 18] | target exposure=1 samples=50 mass=0.009996 empirical_P=0.736264 theory_P=0.652632
2026-08-29 21:53:33,128 - hc_cifar10_class9_h2_IF100_alpha0p5_seed42.log - INFO - Round 91 | Global 0.6461 | Head 0.7830 | Middle 0.6530 | Tail 0.5000 | Class-9 0.3520 | best_class9 0.3520@91
2026-08-29 21:53:33,128 - hc_cifar10_class9_h2_IF100_alpha0p5_seed42.log - INFO - Round 92 selected clients: [4, 5, 7, 9, 11, 15, 17, 19] | target exposure=1 samples=25 mass=0.005037 empirical_P=0.739130 theory_P=0.652632
2026-08-29 21:53:47,989 - hc_cifar10_class9_h2_IF100_alpha0p5_seed42.log - INFO - Round 92 | Global 0.6288 | Head 0.7970 | Middle 0.6617 | Tail 0.4167 | Class-9 0.1170 | best_class9 0.3520@91
2026-08-29 21:53:47,989 - hc_cifar10_class9_h2_IF100_alpha0p5_seed42.log - INFO - Round 93 selected clients: [0, 1, 6, 8, 9, 15, 17, 18] | target exposure=1 samples=25 mass=0.005036 empirical_P=0.741935 theory_P=0.652632
2026-08-29 21:54:02,885 - hc_cifar10_class9_h2_IF100_alpha0p5_seed42.log - INFO - Round 93 | Global 0.6185 | Head 0.7547 | Middle 0.6590 | Tail 0.4283 | Class-9 0.1240 | best_class9 0.3520@91
2026-08-29 21:54:02,885 - hc_cifar10_class9_h2_IF100_alpha0p5_seed42.log - INFO - Round 94 selected clients: [3, 4, 6, 9, 10, 16, 18, 19] | target exposure=1 samples=50 mass=0.010060 empirical_P=0.744681 theory_P=0.652632
2026-08-29 21:54:17,645 - hc_cifar10_class9_h2_IF100_alpha0p5_seed42.log - INFO - Round 94 | Global 0.6366 | Head 0.7973 | Middle 0.5970 | Tail 0.5287 | Class-9 0.2260 | best_class9 0.3520@91
2026-08-29 21:54:17,645 - hc_cifar10_class9_h2_IF100_alpha0p5_seed42.log - INFO - Round 95 selected clients: [1, 4, 5, 7, 9, 12, 16, 17] | target exposure=1 samples=25 mass=0.005019 empirical_P=0.747368 theory_P=0.652632
2026-08-29 21:54:32,377 - hc_cifar10_class9_h2_IF100_alpha0p5_seed42.log - INFO - Round 95 | Global 0.6287 | Head 0.8057 | Middle 0.6488 | Tail 0.4250 | Class-9 0.2210 | best_class9 0.3520@91
2026-08-29 21:54:32,377 - hc_cifar10_class9_h2_IF100_alpha0p5_seed42.log - INFO - Round 96 selected clients: [2, 3, 6, 9, 11, 14, 15, 17] | target exposure=1 samples=25 mass=0.005044 empirical_P=0.750000 theory_P=0.652632
2026-08-29 21:54:47,176 - hc_cifar10_class9_h2_IF100_alpha0p5_seed42.log - INFO - Round 96 | Global 0.6363 | Head 0.7763 | Middle 0.6647 | Tail 0.4583 | Class-9 0.1950 | best_class9 0.3520@91
2026-08-29 21:54:47,176 - hc_cifar10_class9_h2_IF100_alpha0p5_seed42.log - INFO - Round 97 selected clients: [1, 2, 4, 6, 9, 10, 12, 19] | target exposure=1 samples=50 mass=0.010010 empirical_P=0.752577 theory_P=0.652632
2026-08-29 21:55:01,992 - hc_cifar10_class9_h2_IF100_alpha0p5_seed42.log - INFO - Round 97 | Global 0.6477 | Head 0.8077 | Middle 0.6505 | Tail 0.4840 | Class-9 0.3320 | best_class9 0.3520@91
2026-08-29 21:55:01,992 - hc_cifar10_class9_h2_IF100_alpha0p5_seed42.log - INFO - Round 98 selected clients: [2, 4, 7, 10, 14, 15, 17, 19] | target exposure=1 samples=25 mass=0.005030 empirical_P=0.755102 theory_P=0.652632
2026-08-29 21:55:16,750 - hc_cifar10_class9_h2_IF100_alpha0p5_seed42.log - INFO - Round 98 | Global 0.6418 | Head 0.7790 | Middle 0.6488 | Tail 0.4953 | Class-9 0.3220 | best_class9 0.3520@91
2026-08-29 21:55:16,750 - hc_cifar10_class9_h2_IF100_alpha0p5_seed42.log - INFO - Round 99 selected clients: [0, 3, 4, 9, 13, 14, 16, 19] | target exposure=1 samples=25 mass=0.005044 empirical_P=0.757576 theory_P=0.652632
2026-08-29 21:55:31,398 - hc_cifar10_class9_h2_IF100_alpha0p5_seed42.log - INFO - Round 99 | Global 0.6389 | Head 0.8220 | Middle 0.6408 | Tail 0.4533 | Class-9 0.2740 | best_class9 0.3520@91
2026-08-29 21:55:31,398 - hc_cifar10_class9_h2_IF100_alpha0p5_seed42.log - INFO - Round 100 selected clients: [0, 4, 6, 7, 10, 11, 12, 17] | target exposure=1 samples=50 mass=0.009980 empirical_P=0.760000 theory_P=0.652632
2026-08-29 21:55:48,271 - hc_cifar10_class9_h2_IF100_alpha0p5_seed42.log - INFO - Round 100 | Global 0.6526 | Head 0.8037 | Middle 0.6615 | Tail 0.4897 | Class-9 0.4170 | best_class9 0.4170@100
2026-08-29 21:55:48,282 - hc_cifar10_class9_h2_IF100_alpha0p5_seed42.log - INFO - Round 101 selected clients: [0, 8, 9, 10, 11, 14, 15, 17] | target exposure=0 samples=0 mass=0.000000 empirical_P=0.752475 theory_P=0.652632
2026-08-29 21:56:04,662 - hc_cifar10_class9_h2_IF100_alpha0p5_seed42.log - INFO - Round 101 | Global 0.6229 | Head 0.7837 | Middle 0.6398 | Tail 0.4397 | Class-9 0.2750 | best_class9 0.4170@100
2026-08-29 21:56:04,662 - hc_cifar10_class9_h2_IF100_alpha0p5_seed42.log - INFO - Round 102 selected clients: [1, 5, 8, 10, 12, 13, 16, 17] | target exposure=0 samples=0 mass=0.000000 empirical_P=0.745098 theory_P=0.652632
2026-08-29 21:56:21,195 - hc_cifar10_class9_h2_IF100_alpha0p5_seed42.log - INFO - Round 102 | Global 0.6159 | Head 0.8300 | Middle 0.6340 | Tail 0.3777 | Class-9 0.1130 | best_class9 0.4170@100
2026-08-29 21:56:21,195 - hc_cifar10_class9_h2_IF100_alpha0p5_seed42.log - INFO - Round 103 selected clients: [0, 4, 7, 9, 10, 11, 12, 19] | target exposure=1 samples=25 mass=0.005029 empirical_P=0.747573 theory_P=0.652632
2026-08-29 21:56:38,055 - hc_cifar10_class9_h2_IF100_alpha0p5_seed42.log - INFO - Round 103 | Global 0.6226 | Head 0.8327 | Middle 0.6382 | Tail 0.3917 | Class-9 0.2320 | best_class9 0.4170@100
2026-08-29 21:56:38,055 - hc_cifar10_class9_h2_IF100_alpha0p5_seed42.log - INFO - Round 104 selected clients: [4, 5, 8, 10, 12, 13, 15, 16] | target exposure=1 samples=25 mass=0.005021 empirical_P=0.750000 theory_P=0.652632
2026-08-29 21:56:54,735 - hc_cifar10_class9_h2_IF100_alpha0p5_seed42.log - INFO - Round 104 | Global 0.6163 | Head 0.8327 | Middle 0.6550 | Tail 0.3483 | Class-9 0.2030 | best_class9 0.4170@100
2026-08-29 21:56:54,735 - hc_cifar10_class9_h2_IF100_alpha0p5_seed42.log - INFO - Round 105 selected clients: [3, 4, 7, 9, 12, 15, 18, 19] | target exposure=1 samples=25 mass=0.005061 empirical_P=0.752381 theory_P=0.652632
2026-08-29 21:57:11,513 - hc_cifar10_class9_h2_IF100_alpha0p5_seed42.log - INFO - Round 105 | Global 0.6381 | Head 0.8000 | Middle 0.6700 | Tail 0.4337 | Class-9 0.2130 | best_class9 0.4170@100
2026-08-29 21:57:11,513 - hc_cifar10_class9_h2_IF100_alpha0p5_seed42.log - INFO - Round 106 selected clients: [1, 3, 6, 7, 11, 15, 16, 18] | target exposure=1 samples=25 mass=0.005046 empirical_P=0.754717 theory_P=0.652632
2026-08-29 21:57:27,924 - hc_cifar10_class9_h2_IF100_alpha0p5_seed42.log - INFO - Round 106 | Global 0.6391 | Head 0.7917 | Middle 0.6625 | Tail 0.4553 | Class-9 0.2350 | best_class9 0.4170@100
2026-08-29 21:57:27,924 - hc_cifar10_class9_h2_IF100_alpha0p5_seed42.log - INFO - Round 107 selected clients: [1, 2, 6, 8, 9, 12, 17, 19] | target exposure=1 samples=25 mass=0.005031 empirical_P=0.757009 theory_P=0.652632
2026-08-29 21:57:44,718 - hc_cifar10_class9_h2_IF100_alpha0p5_seed42.log - INFO - Round 107 | Global 0.6553 | Head 0.7840 | Middle 0.6593 | Tail 0.5213 | Class-9 0.2750 | best_class9 0.4170@100
2026-08-29 21:57:44,719 - hc_cifar10_class9_h2_IF100_alpha0p5_seed42.log - INFO - Round 108 selected clients: [1, 6, 7, 8, 11, 13, 14, 17] | target exposure=1 samples=25 mass=0.005016 empirical_P=0.759259 theory_P=0.652632
2026-08-29 21:58:01,459 - hc_cifar10_class9_h2_IF100_alpha0p5_seed42.log - INFO - Round 108 | Global 0.6526 | Head 0.7777 | Middle 0.6508 | Tail 0.5300 | Class-9 0.3880 | best_class9 0.4170@100
2026-08-29 21:58:01,459 - hc_cifar10_class9_h2_IF100_alpha0p5_seed42.log - INFO - Round 109 selected clients: [0, 2, 4, 7, 8, 9, 12, 16] | target exposure=1 samples=25 mass=0.005018 empirical_P=0.761468 theory_P=0.652632
2026-08-29 21:58:18,312 - hc_cifar10_class9_h2_IF100_alpha0p5_seed42.log - INFO - Round 109 | Global 0.6409 | Head 0.8207 | Middle 0.6375 | Tail 0.4657 | Class-9 0.3250 | best_class9 0.4170@100
2026-08-29 21:58:18,312 - hc_cifar10_class9_h2_IF100_alpha0p5_seed42.log - INFO - Round 110 selected clients: [2, 3, 7, 8, 12, 16, 18, 19] | target exposure=0 samples=0 mass=0.000000 empirical_P=0.754545 theory_P=0.652632
2026-08-29 21:58:35,003 - hc_cifar10_class9_h2_IF100_alpha0p5_seed42.log - INFO - Round 110 | Global 0.6432 | Head 0.7927 | Middle 0.6468 | Tail 0.4890 | Class-9 0.1930 | best_class9 0.4170@100
2026-08-29 21:58:35,013 - hc_cifar10_class9_h2_IF100_alpha0p5_seed42.log - INFO - Round 111 selected clients: [5, 6, 7, 10, 11, 15, 16, 18] | target exposure=1 samples=25 mass=0.005032 empirical_P=0.756757 theory_P=0.652632
2026-08-29 21:58:51,910 - hc_cifar10_class9_h2_IF100_alpha0p5_seed42.log - INFO - Round 111 | Global 0.6495 | Head 0.7943 | Middle 0.6540 | Tail 0.4987 | Class-9 0.2240 | best_class9 0.4170@100
2026-08-29 21:58:51,910 - hc_cifar10_class9_h2_IF100_alpha0p5_seed42.log - INFO - Round 112 selected clients: [0, 4, 6, 7, 9, 13, 15, 16] | target exposure=1 samples=50 mass=0.010006 empirical_P=0.758929 theory_P=0.652632
2026-08-29 21:59:08,773 - hc_cifar10_class9_h2_IF100_alpha0p5_seed42.log - INFO - Round 112 | Global 0.6214 | Head 0.7450 | Middle 0.6465 | Tail 0.4643 | Class-9 0.3090 | best_class9 0.4170@100
2026-08-29 21:59:08,773 - hc_cifar10_class9_h2_IF100_alpha0p5_seed42.log - INFO - Round 113 selected clients: [1, 3, 5, 7, 13, 15, 18, 19] | target exposure=0 samples=0 mass=0.000000 empirical_P=0.752212 theory_P=0.652632
2026-08-29 21:59:25,282 - hc_cifar10_class9_h2_IF100_alpha0p5_seed42.log - INFO - Round 113 | Global 0.6277 | Head 0.8030 | Middle 0.6415 | Tail 0.4340 | Class-9 0.1200 | best_class9 0.4170@100
2026-08-29 21:59:25,292 - hc_cifar10_class9_h2_IF100_alpha0p5_seed42.log - INFO - Round 114 selected clients: [0, 3, 6, 12, 15, 17, 18, 19] | target exposure=1 samples=25 mass=0.005057 empirical_P=0.754386 theory_P=0.652632
2026-08-29 21:59:41,845 - hc_cifar10_class9_h2_IF100_alpha0p5_seed42.log - INFO - Round 114 | Global 0.6486 | Head 0.7773 | Middle 0.6615 | Tail 0.5027 | Class-9 0.2060 | best_class9 0.4170@100
2026-08-29 21:59:41,856 - hc_cifar10_class9_h2_IF100_alpha0p5_seed42.log - INFO - Round 115 selected clients: [0, 2, 7, 8, 9, 12, 13, 16] | target exposure=0 samples=0 mass=0.000000 empirical_P=0.747826 theory_P=0.652632
2026-08-29 21:59:58,378 - hc_cifar10_class9_h2_IF100_alpha0p5_seed42.log - INFO - Round 115 | Global 0.6358 | Head 0.8193 | Middle 0.6607 | Tail 0.4190 | Class-9 0.0940 | best_class9 0.4170@100
2026-08-29 21:59:58,378 - hc_cifar10_class9_h2_IF100_alpha0p5_seed42.log - INFO - Round 116 selected clients: [0, 6, 7, 8, 9, 11, 12, 19] | target exposure=1 samples=25 mass=0.005032 empirical_P=0.750000 theory_P=0.652632
2026-08-29 22:00:13,099 - hc_cifar10_class9_h2_IF100_alpha0p5_seed42.log - INFO - Round 116 | Global 0.6395 | Head 0.7960 | Middle 0.6720 | Tail 0.4397 | Class-9 0.1830 | best_class9 0.4170@100
2026-08-29 22:00:13,107 - hc_cifar10_class9_h2_IF100_alpha0p5_seed42.log - INFO - Round 117 selected clients: [4, 5, 6, 10, 11, 12, 18, 19] | target exposure=1 samples=50 mass=0.010018 empirical_P=0.752137 theory_P=0.652632
2026-08-29 22:00:27,961 - hc_cifar10_class9_h2_IF100_alpha0p5_seed42.log - INFO - Round 117 | Global 0.6591 | Head 0.8000 | Middle 0.6422 | Tail 0.5407 | Class-9 0.3910 | best_class9 0.4170@100
2026-08-29 22:00:27,961 - hc_cifar10_class9_h2_IF100_alpha0p5_seed42.log - INFO - Round 118 selected clients: [1, 2, 4, 8, 10, 12, 15, 18] | target exposure=1 samples=25 mass=0.005027 empirical_P=0.754237 theory_P=0.652632
2026-08-29 22:00:42,831 - hc_cifar10_class9_h2_IF100_alpha0p5_seed42.log - INFO - Round 118 | Global 0.6658 | Head 0.7850 | Middle 0.6843 | Tail 0.5220 | Class-9 0.3730 | best_class9 0.4170@100
2026-08-29 22:00:42,831 - hc_cifar10_class9_h2_IF100_alpha0p5_seed42.log - INFO - Round 119 selected clients: [1, 2, 3, 4, 5, 6, 11, 13] | target exposure=1 samples=50 mass=0.010008 empirical_P=0.756303 theory_P=0.652632
2026-08-29 22:00:57,593 - hc_cifar10_class9_h2_IF100_alpha0p5_seed42.log - INFO - Round 119 | Global 0.6755 | Head 0.7577 | Middle 0.6710 | Tail 0.5993 | Class-9 0.5110 | best_class9 0.5110@119
2026-08-29 22:00:57,593 - hc_cifar10_class9_h2_IF100_alpha0p5_seed42.log - INFO - Round 120 selected clients: [5, 7, 8, 10, 11, 13, 15, 16] | target exposure=0 samples=0 mass=0.000000 empirical_P=0.750000 theory_P=0.652632
2026-08-29 22:01:12,269 - hc_cifar10_class9_h2_IF100_alpha0p5_seed42.log - INFO - Round 120 | Global 0.6253 | Head 0.8140 | Middle 0.6560 | Tail 0.3957 | Class-9 0.1880 | best_class9 0.5110@119
2026-08-29 22:01:12,281 - hc_cifar10_class9_h2_IF100_alpha0p5_seed42.log - INFO - Round 121 selected clients: [0, 3, 4, 5, 7, 16, 17, 18] | target exposure=1 samples=25 mass=0.005036 empirical_P=0.752066 theory_P=0.652632
2026-08-29 22:01:27,038 - hc_cifar10_class9_h2_IF100_alpha0p5_seed42.log - INFO - Round 121 | Global 0.6346 | Head 0.8147 | Middle 0.6390 | Tail 0.4487 | Class-9 0.2800 | best_class9 0.5110@119
2026-08-29 22:01:27,038 - hc_cifar10_class9_h2_IF100_alpha0p5_seed42.log - INFO - Round 122 selected clients: [0, 1, 4, 12, 13, 14, 17, 18] | target exposure=1 samples=25 mass=0.005020 empirical_P=0.754098 theory_P=0.652632
2026-08-29 22:01:41,786 - hc_cifar10_class9_h2_IF100_alpha0p5_seed42.log - INFO - Round 122 | Global 0.6363 | Head 0.8323 | Middle 0.6350 | Tail 0.4420 | Class-9 0.2350 | best_class9 0.5110@119
2026-08-29 22:01:41,786 - hc_cifar10_class9_h2_IF100_alpha0p5_seed42.log - INFO - Round 123 selected clients: [2, 10, 13, 14, 15, 16, 17, 19] | target exposure=0 samples=0 mass=0.000000 empirical_P=0.747967 theory_P=0.652632
2026-08-29 22:01:56,469 - hc_cifar10_class9_h2_IF100_alpha0p5_seed42.log - INFO - Round 123 | Global 0.6304 | Head 0.8110 | Middle 0.6623 | Tail 0.4073 | Class-9 0.0630 | best_class9 0.5110@119
2026-08-29 22:01:56,479 - hc_cifar10_class9_h2_IF100_alpha0p5_seed42.log - INFO - Round 124 selected clients: [4, 8, 9, 10, 12, 13, 14, 16] | target exposure=1 samples=25 mass=0.005020 empirical_P=0.750000 theory_P=0.652632
2026-08-29 22:02:11,375 - hc_cifar10_class9_h2_IF100_alpha0p5_seed42.log - INFO - Round 124 | Global 0.6159 | Head 0.8473 | Middle 0.6308 | Tail 0.3647 | Class-9 0.1180 | best_class9 0.5110@119
2026-08-29 22:02:11,375 - hc_cifar10_class9_h2_IF100_alpha0p5_seed42.log - INFO - Round 125 selected clients: [1, 4, 5, 8, 12, 13, 17, 19] | target exposure=1 samples=25 mass=0.005023 empirical_P=0.752000 theory_P=0.652632
2026-08-29 22:02:26,137 - hc_cifar10_class9_h2_IF100_alpha0p5_seed42.log - INFO - Round 125 | Global 0.6311 | Head 0.8283 | Middle 0.6228 | Tail 0.4450 | Class-9 0.2470 | best_class9 0.5110@119
2026-08-29 22:02:26,138 - hc_cifar10_class9_h2_IF100_alpha0p5_seed42.log - INFO - Round 126 selected clients: [2, 8, 9, 12, 13, 14, 15, 16] | target exposure=0 samples=0 mass=0.000000 empirical_P=0.746032 theory_P=0.652632
2026-08-29 22:02:41,015 - hc_cifar10_class9_h2_IF100_alpha0p5_seed42.log - INFO - Round 126 | Global 0.6333 | Head 0.8113 | Middle 0.6813 | Tail 0.3913 | Class-9 0.1260 | best_class9 0.5110@119
2026-08-29 22:02:41,015 - hc_cifar10_class9_h2_IF100_alpha0p5_seed42.log - INFO - Round 127 selected clients: [4, 5, 7, 11, 15, 16, 17, 18] | target exposure=1 samples=25 mass=0.005029 empirical_P=0.748031 theory_P=0.652632
2026-08-29 22:02:55,731 - hc_cifar10_class9_h2_IF100_alpha0p5_seed42.log - INFO - Round 127 | Global 0.6445 | Head 0.8207 | Middle 0.6705 | Tail 0.4337 | Class-9 0.2070 | best_class9 0.5110@119
2026-08-29 22:02:55,731 - hc_cifar10_class9_h2_IF100_alpha0p5_seed42.log - INFO - Round 128 selected clients: [3, 6, 8, 10, 12, 15, 17, 19] | target exposure=1 samples=25 mass=0.005049 empirical_P=0.750000 theory_P=0.652632
2026-08-29 22:03:10,520 - hc_cifar10_class9_h2_IF100_alpha0p5_seed42.log - INFO - Round 128 | Global 0.6400 | Head 0.7710 | Middle 0.6673 | Tail 0.4727 | Class-9 0.2250 | best_class9 0.5110@119
2026-08-29 22:03:10,520 - hc_cifar10_class9_h2_IF100_alpha0p5_seed42.log - INFO - Round 129 selected clients: [4, 6, 7, 10, 11, 15, 16, 17] | target exposure=1 samples=50 mass=0.009996 empirical_P=0.751938 theory_P=0.652632
2026-08-29 22:03:25,375 - hc_cifar10_class9_h2_IF100_alpha0p5_seed42.log - INFO - Round 129 | Global 0.6353 | Head 0.8270 | Middle 0.6418 | Tail 0.4350 | Class-9 0.3050 | best_class9 0.5110@119
2026-08-29 22:03:25,375 - hc_cifar10_class9_h2_IF100_alpha0p5_seed42.log - INFO - Round 130 selected clients: [0, 3, 6, 9, 10, 14, 15, 17] | target exposure=1 samples=25 mass=0.005044 empirical_P=0.753846 theory_P=0.652632
2026-08-29 22:03:40,083 - hc_cifar10_class9_h2_IF100_alpha0p5_seed42.log - INFO - Round 130 | Global 0.6438 | Head 0.8020 | Middle 0.6560 | Tail 0.4693 | Class-9 0.2650 | best_class9 0.5110@119
2026-08-29 22:03:40,098 - hc_cifar10_class9_h2_IF100_alpha0p5_seed42.log - INFO - Round 131 selected clients: [0, 3, 7, 8, 9, 12, 14, 18] | target exposure=0 samples=0 mass=0.000000 empirical_P=0.748092 theory_P=0.652632
2026-08-29 22:03:54,882 - hc_cifar10_class9_h2_IF100_alpha0p5_seed42.log - INFO - Round 131 | Global 0.6353 | Head 0.8320 | Middle 0.6382 | Tail 0.4347 | Class-9 0.2140 | best_class9 0.5110@119
2026-08-29 22:03:54,882 - hc_cifar10_class9_h2_IF100_alpha0p5_seed42.log - INFO - Round 132 selected clients: [1, 5, 7, 10, 12, 13, 15, 19] | target exposure=0 samples=0 mass=0.000000 empirical_P=0.742424 theory_P=0.652632
2026-08-29 22:04:09,620 - hc_cifar10_class9_h2_IF100_alpha0p5_seed42.log - INFO - Round 132 | Global 0.6419 | Head 0.8233 | Middle 0.6585 | Tail 0.4383 | Class-9 0.1690 | best_class9 0.5110@119
2026-08-29 22:04:09,620 - hc_cifar10_class9_h2_IF100_alpha0p5_seed42.log - INFO - Round 133 selected clients: [0, 1, 7, 8, 9, 11, 15, 16] | target exposure=0 samples=0 mass=0.000000 empirical_P=0.736842 theory_P=0.652632
2026-08-29 22:04:26,313 - hc_cifar10_class9_h2_IF100_alpha0p5_seed42.log - INFO - Round 133 | Global 0.5998 | Head 0.8180 | Middle 0.5970 | Tail 0.3853 | Class-9 0.0990 | best_class9 0.5110@119
2026-08-29 22:04:26,313 - hc_cifar10_class9_h2_IF100_alpha0p5_seed42.log - INFO - Round 134 selected clients: [2, 3, 7, 8, 10, 16, 18, 19] | target exposure=0 samples=0 mass=0.000000 empirical_P=0.731343 theory_P=0.652632
2026-08-29 22:04:42,875 - hc_cifar10_class9_h2_IF100_alpha0p5_seed42.log - INFO - Round 134 | Global 0.6401 | Head 0.8207 | Middle 0.6415 | Tail 0.4577 | Class-9 0.0870 | best_class9 0.5110@119
2026-08-29 22:04:42,875 - hc_cifar10_class9_h2_IF100_alpha0p5_seed42.log - INFO - Round 135 selected clients: [0, 6, 9, 12, 13, 14, 16, 19] | target exposure=1 samples=25 mass=0.005032 empirical_P=0.733333 theory_P=0.652632
2026-08-29 22:04:59,751 - hc_cifar10_class9_h2_IF100_alpha0p5_seed42.log - INFO - Round 135 | Global 0.6516 | Head 0.8207 | Middle 0.6515 | Tail 0.4827 | Class-9 0.1370 | best_class9 0.5110@119
2026-08-29 22:04:59,751 - hc_cifar10_class9_h2_IF100_alpha0p5_seed42.log - INFO - Round 136 selected clients: [2, 3, 5, 6, 10, 13, 15, 18] | target exposure=1 samples=25 mass=0.005046 empirical_P=0.735294 theory_P=0.652632
2026-08-29 22:05:16,530 - hc_cifar10_class9_h2_IF100_alpha0p5_seed42.log - INFO - Round 136 | Global 0.6584 | Head 0.7720 | Middle 0.6733 | Tail 0.5250 | Class-9 0.2250 | best_class9 0.5110@119
2026-08-29 22:05:16,531 - hc_cifar10_class9_h2_IF100_alpha0p5_seed42.log - INFO - Round 137 selected clients: [1, 2, 3, 5, 9, 10, 13, 19] | target exposure=0 samples=0 mass=0.000000 empirical_P=0.729927 theory_P=0.652632
2026-08-29 22:05:33,076 - hc_cifar10_class9_h2_IF100_alpha0p5_seed42.log - INFO - Round 137 | Global 0.6490 | Head 0.7837 | Middle 0.6805 | Tail 0.4723 | Class-9 0.1290 | best_class9 0.5110@119
2026-08-29 22:05:33,076 - hc_cifar10_class9_h2_IF100_alpha0p5_seed42.log - INFO - Round 138 selected clients: [0, 1, 5, 7, 8, 12, 16, 18] | target exposure=0 samples=0 mass=0.000000 empirical_P=0.724638 theory_P=0.652632
2026-08-29 22:05:49,905 - hc_cifar10_class9_h2_IF100_alpha0p5_seed42.log - INFO - Round 138 | Global 0.6485 | Head 0.8247 | Middle 0.6650 | Tail 0.4503 | Class-9 0.0700 | best_class9 0.5110@119
2026-08-29 22:05:49,905 - hc_cifar10_class9_h2_IF100_alpha0p5_seed42.log - INFO - Round 139 selected clients: [4, 5, 6, 10, 11, 12, 14, 18] | target exposure=1 samples=50 mass=0.009998 empirical_P=0.726619 theory_P=0.652632
2026-08-29 22:06:06,791 - hc_cifar10_class9_h2_IF100_alpha0p5_seed42.log - INFO - Round 139 | Global 0.6520 | Head 0.8077 | Middle 0.6665 | Tail 0.4770 | Class-9 0.2310 | best_class9 0.5110@119
2026-08-29 22:06:06,791 - hc_cifar10_class9_h2_IF100_alpha0p5_seed42.log - INFO - Round 140 selected clients: [2, 6, 8, 12, 14, 15, 16, 19] | target exposure=1 samples=25 mass=0.005033 empirical_P=0.728571 theory_P=0.652632
2026-08-29 22:06:23,699 - hc_cifar10_class9_h2_IF100_alpha0p5_seed42.log - INFO - Round 140 | Global 0.6578 | Head 0.7793 | Middle 0.6480 | Tail 0.5493 | Class-9 0.3350 | best_class9 0.5110@119
2026-08-29 22:06:23,713 - hc_cifar10_class9_h2_IF100_alpha0p5_seed42.log - INFO - Round 141 selected clients: [1, 3, 5, 10, 12, 14, 15, 19] | target exposure=0 samples=0 mass=0.000000 empirical_P=0.723404 theory_P=0.652632
2026-08-29 22:06:40,156 - hc_cifar10_class9_h2_IF100_alpha0p5_seed42.log - INFO - Round 141 | Global 0.6204 | Head 0.7633 | Middle 0.6767 | Tail 0.4023 | Class-9 0.1470 | best_class9 0.5110@119
2026-08-29 22:06:40,156 - hc_cifar10_class9_h2_IF100_alpha0p5_seed42.log - INFO - Round 142 selected clients: [0, 1, 2, 3, 4, 9, 14, 17] | target exposure=1 samples=25 mass=0.005032 empirical_P=0.725352 theory_P=0.652632
2026-08-29 22:06:56,960 - hc_cifar10_class9_h2_IF100_alpha0p5_seed42.log - INFO - Round 142 | Global 0.6539 | Head 0.8133 | Middle 0.6613 | Tail 0.4847 | Class-9 0.2440 | best_class9 0.5110@119
2026-08-29 22:06:56,960 - hc_cifar10_class9_h2_IF100_alpha0p5_seed42.log - INFO - Round 143 selected clients: [1, 3, 6, 8, 9, 13, 15, 16] | target exposure=1 samples=25 mass=0.005044 empirical_P=0.727273 theory_P=0.652632
2026-08-29 22:07:13,650 - hc_cifar10_class9_h2_IF100_alpha0p5_seed42.log - INFO - Round 143 | Global 0.6566 | Head 0.8143 | Middle 0.6560 | Tail 0.4997 | Class-9 0.2770 | best_class9 0.5110@119
2026-08-29 22:07:13,650 - hc_cifar10_class9_h2_IF100_alpha0p5_seed42.log - INFO - Round 144 selected clients: [1, 5, 6, 8, 10, 12, 15, 18] | target exposure=1 samples=25 mass=0.005031 empirical_P=0.729167 theory_P=0.652632
2026-08-29 22:07:30,274 - hc_cifar10_class9_h2_IF100_alpha0p5_seed42.log - INFO - Round 144 | Global 0.6266 | Head 0.7893 | Middle 0.6410 | Tail 0.4447 | Class-9 0.1960 | best_class9 0.5110@119
2026-08-29 22:07:30,274 - hc_cifar10_class9_h2_IF100_alpha0p5_seed42.log - INFO - Round 145 selected clients: [0, 2, 4, 7, 11, 17, 18, 19] | target exposure=1 samples=25 mass=0.005030 empirical_P=0.731034 theory_P=0.652632
2026-08-29 22:07:47,368 - hc_cifar10_class9_h2_IF100_alpha0p5_seed42.log - INFO - Round 145 | Global 0.6576 | Head 0.7717 | Middle 0.6530 | Tail 0.5497 | Class-9 0.3000 | best_class9 0.5110@119
2026-08-29 22:07:47,368 - hc_cifar10_class9_h2_IF100_alpha0p5_seed42.log - INFO - Round 146 selected clients: [0, 1, 6, 8, 12, 13, 14, 16] | target exposure=1 samples=25 mass=0.005015 empirical_P=0.732877 theory_P=0.652632
2026-08-29 22:08:04,269 - hc_cifar10_class9_h2_IF100_alpha0p5_seed42.log - INFO - Round 146 | Global 0.6475 | Head 0.8247 | Middle 0.6530 | Tail 0.4630 | Class-9 0.2390 | best_class9 0.5110@119
2026-08-29 22:08:04,269 - hc_cifar10_class9_h2_IF100_alpha0p5_seed42.log - INFO - Round 147 selected clients: [1, 2, 4, 10, 12, 15, 16, 19] | target exposure=1 samples=25 mass=0.005029 empirical_P=0.734694 theory_P=0.652632
2026-08-29 22:08:20,955 - hc_cifar10_class9_h2_IF100_alpha0p5_seed42.log - INFO - Round 147 | Global 0.6638 | Head 0.8220 | Middle 0.6747 | Tail 0.4910 | Class-9 0.2620 | best_class9 0.5110@119
2026-08-29 22:08:20,955 - hc_cifar10_class9_h2_IF100_alpha0p5_seed42.log - INFO - Round 148 selected clients: [0, 6, 8, 10, 11, 15, 17, 18] | target exposure=1 samples=25 mass=0.005031 empirical_P=0.736486 theory_P=0.652632
2026-08-29 22:08:37,787 - hc_cifar10_class9_h2_IF100_alpha0p5_seed42.log - INFO - Round 148 | Global 0.6535 | Head 0.7243 | Middle 0.6913 | Tail 0.5323 | Class-9 0.3380 | best_class9 0.5110@119
2026-08-29 22:08:37,787 - hc_cifar10_class9_h2_IF100_alpha0p5_seed42.log - INFO - Round 149 selected clients: [1, 2, 3, 4, 6, 7, 12, 14] | target exposure=1 samples=50 mass=0.010008 empirical_P=0.738255 theory_P=0.652632
2026-08-29 22:08:52,773 - hc_cifar10_class9_h2_IF100_alpha0p5_seed42.log - INFO - Round 149 | Global 0.6746 | Head 0.8063 | Middle 0.6697 | Tail 0.5493 | Class-9 0.4140 | best_class9 0.5110@119
2026-08-29 22:08:52,773 - hc_cifar10_class9_h2_IF100_alpha0p5_seed42.log - INFO - Round 150 selected clients: [5, 7, 11, 12, 14, 17, 18, 19] | target exposure=0 samples=0 mass=0.000000 empirical_P=0.733333 theory_P=0.652632
2026-08-29 22:09:07,538 - hc_cifar10_class9_h2_IF100_alpha0p5_seed42.log - INFO - Round 150 | Global 0.6735 | Head 0.7880 | Middle 0.6800 | Tail 0.5503 | Class-9 0.3050 | best_class9 0.5110@119
2026-08-29 22:09:07,548 - hc_cifar10_class9_h2_IF100_alpha0p5_seed42.log - INFO - Round 151 selected clients: [1, 5, 6, 7, 8, 10, 14, 15] | target exposure=1 samples=25 mass=0.005023 empirical_P=0.735099 theory_P=0.652632
2026-08-29 22:09:22,280 - hc_cifar10_class9_h2_IF100_alpha0p5_seed42.log - INFO - Round 151 | Global 0.6457 | Head 0.7773 | Middle 0.6560 | Tail 0.5003 | Class-9 0.3310 | best_class9 0.5110@119
2026-08-29 22:09:22,280 - hc_cifar10_class9_h2_IF100_alpha0p5_seed42.log - INFO - Round 152 selected clients: [1, 4, 9, 10, 15, 16, 18, 19] | target exposure=1 samples=25 mass=0.005044 empirical_P=0.736842 theory_P=0.652632
2026-08-29 22:09:36,910 - hc_cifar10_class9_h2_IF100_alpha0p5_seed42.log - INFO - Round 152 | Global 0.6717 | Head 0.8023 | Middle 0.6693 | Tail 0.5443 | Class-9 0.3110 | best_class9 0.5110@119
2026-08-29 22:09:36,910 - hc_cifar10_class9_h2_IF100_alpha0p5_seed42.log - INFO - Round 153 selected clients: [0, 1, 4, 10, 11, 17, 18, 19] | target exposure=1 samples=25 mass=0.005030 empirical_P=0.738562 theory_P=0.652632
2026-08-29 22:09:51,682 - hc_cifar10_class9_h2_IF100_alpha0p5_seed42.log - INFO - Round 153 | Global 0.6591 | Head 0.8100 | Middle 0.6322 | Tail 0.5440 | Class-9 0.3130 | best_class9 0.5110@119
2026-08-29 22:09:51,682 - hc_cifar10_class9_h2_IF100_alpha0p5_seed42.log - INFO - Round 154 selected clients: [2, 4, 8, 9, 11, 13, 15, 18] | target exposure=1 samples=25 mass=0.005034 empirical_P=0.740260 theory_P=0.652632
2026-08-29 22:10:06,393 - hc_cifar10_class9_h2_IF100_alpha0p5_seed42.log - INFO - Round 154 | Global 0.6480 | Head 0.8237 | Middle 0.6272 | Tail 0.5000 | Class-9 0.3090 | best_class9 0.5110@119
2026-08-29 22:10:06,393 - hc_cifar10_class9_h2_IF100_alpha0p5_seed42.log - INFO - Round 155 selected clients: [1, 3, 5, 11, 12, 13, 14, 15] | target exposure=0 samples=0 mass=0.000000 empirical_P=0.735484 theory_P=0.652632
2026-08-29 22:10:20,943 - hc_cifar10_class9_h2_IF100_alpha0p5_seed42.log - INFO - Round 155 | Global 0.6506 | Head 0.8013 | Middle 0.6745 | Tail 0.4680 | Class-9 0.2120 | best_class9 0.5110@119
2026-08-29 22:10:20,943 - hc_cifar10_class9_h2_IF100_alpha0p5_seed42.log - INFO - Round 156 selected clients: [2, 4, 5, 10, 11, 14, 15, 19] | target exposure=1 samples=25 mass=0.005030 empirical_P=0.737179 theory_P=0.652632
2026-08-29 22:10:35,683 - hc_cifar10_class9_h2_IF100_alpha0p5_seed42.log - INFO - Round 156 | Global 0.6616 | Head 0.8140 | Middle 0.6707 | Tail 0.4970 | Class-9 0.2850 | best_class9 0.5110@119
2026-08-29 22:10:35,683 - hc_cifar10_class9_h2_IF100_alpha0p5_seed42.log - INFO - Round 157 selected clients: [3, 7, 10, 11, 13, 14, 16, 18] | target exposure=0 samples=0 mass=0.000000 empirical_P=0.732484 theory_P=0.652632
2026-08-29 22:10:50,181 - hc_cifar10_class9_h2_IF100_alpha0p5_seed42.log - INFO - Round 157 | Global 0.6411 | Head 0.8363 | Middle 0.6458 | Tail 0.4397 | Class-9 0.1780 | best_class9 0.5110@119
2026-08-29 22:10:50,181 - hc_cifar10_class9_h2_IF100_alpha0p5_seed42.log - INFO - Round 158 selected clients: [0, 1, 2, 8, 9, 10, 11, 17] | target exposure=0 samples=0 mass=0.000000 empirical_P=0.727848 theory_P=0.652632
2026-08-29 22:11:04,968 - hc_cifar10_class9_h2_IF100_alpha0p5_seed42.log - INFO - Round 158 | Global 0.6430 | Head 0.8343 | Middle 0.6518 | Tail 0.4400 | Class-9 0.1780 | best_class9 0.5110@119
2026-08-29 22:11:04,968 - hc_cifar10_class9_h2_IF100_alpha0p5_seed42.log - INFO - Round 159 selected clients: [4, 8, 10, 13, 14, 15, 18, 19] | target exposure=1 samples=25 mass=0.005039 empirical_P=0.729560 theory_P=0.652632
2026-08-29 22:11:19,628 - hc_cifar10_class9_h2_IF100_alpha0p5_seed42.log - INFO - Round 159 | Global 0.6481 | Head 0.8327 | Middle 0.6470 | Tail 0.4650 | Class-9 0.1910 | best_class9 0.5110@119
2026-08-29 22:11:19,628 - hc_cifar10_class9_h2_IF100_alpha0p5_seed42.log - INFO - Round 160 selected clients: [0, 1, 2, 5, 6, 12, 14, 19] | target exposure=1 samples=25 mass=0.005024 empirical_P=0.731250 theory_P=0.652632
2026-08-29 22:11:34,261 - hc_cifar10_class9_h2_IF100_alpha0p5_seed42.log - INFO - Round 160 | Global 0.6847 | Head 0.7973 | Middle 0.6820 | Tail 0.5757 | Class-9 0.3320 | best_class9 0.5110@119
2026-08-29 22:11:34,272 - hc_cifar10_class9_h2_IF100_alpha0p5_seed42.log - INFO - Round 161 selected clients: [3, 4, 8, 9, 11, 14, 17, 18] | target exposure=1 samples=25 mass=0.005043 empirical_P=0.732919 theory_P=0.652632
2026-08-29 22:11:48,998 - hc_cifar10_class9_h2_IF100_alpha0p5_seed42.log - INFO - Round 161 | Global 0.6663 | Head 0.8270 | Middle 0.6647 | Tail 0.5077 | Class-9 0.2730 | best_class9 0.5110@119
2026-08-29 22:11:48,998 - hc_cifar10_class9_h2_IF100_alpha0p5_seed42.log - INFO - Round 162 selected clients: [1, 2, 7, 14, 15, 16, 18, 19] | target exposure=0 samples=0 mass=0.000000 empirical_P=0.728395 theory_P=0.652632
2026-08-29 22:12:03,570 - hc_cifar10_class9_h2_IF100_alpha0p5_seed42.log - INFO - Round 162 | Global 0.6602 | Head 0.7987 | Middle 0.6710 | Tail 0.5073 | Class-9 0.1650 | best_class9 0.5110@119
2026-08-29 22:12:03,570 - hc_cifar10_class9_h2_IF100_alpha0p5_seed42.log - INFO - Round 163 selected clients: [5, 6, 7, 10, 11, 12, 13, 17] | target exposure=1 samples=25 mass=0.005017 empirical_P=0.730061 theory_P=0.652632
2026-08-29 22:12:18,255 - hc_cifar10_class9_h2_IF100_alpha0p5_seed42.log - INFO - Round 163 | Global 0.6655 | Head 0.8127 | Middle 0.6685 | Tail 0.5143 | Class-9 0.3080 | best_class9 0.5110@119
2026-08-29 22:12:18,255 - hc_cifar10_class9_h2_IF100_alpha0p5_seed42.log - INFO - Round 164 selected clients: [0, 3, 6, 10, 12, 13, 15, 16] | target exposure=1 samples=25 mass=0.005038 empirical_P=0.731707 theory_P=0.652632
2026-08-29 22:12:32,892 - hc_cifar10_class9_h2_IF100_alpha0p5_seed42.log - INFO - Round 164 | Global 0.6591 | Head 0.8317 | Middle 0.6600 | Tail 0.4853 | Class-9 0.2260 | best_class9 0.5110@119
2026-08-29 22:12:32,892 - hc_cifar10_class9_h2_IF100_alpha0p5_seed42.log - INFO - Round 165 selected clients: [3, 7, 9, 11, 13, 15, 17, 19] | target exposure=0 samples=0 mass=0.000000 empirical_P=0.727273 theory_P=0.652632
2026-08-29 22:12:47,365 - hc_cifar10_class9_h2_IF100_alpha0p5_seed42.log - INFO - Round 165 | Global 0.6494 | Head 0.8307 | Middle 0.6707 | Tail 0.4397 | Class-9 0.1730 | best_class9 0.5110@119
2026-08-29 22:12:47,365 - hc_cifar10_class9_h2_IF100_alpha0p5_seed42.log - INFO - Round 166 selected clients: [1, 10, 11, 12, 13, 14, 16, 17] | target exposure=0 samples=0 mass=0.000000 empirical_P=0.722892 theory_P=0.652632
2026-08-29 22:13:03,903 - hc_cifar10_class9_h2_IF100_alpha0p5_seed42.log - INFO - Round 166 | Global 0.6325 | Head 0.8513 | Middle 0.6445 | Tail 0.3977 | Class-9 0.0810 | best_class9 0.5110@119
2026-08-29 22:13:03,903 - hc_cifar10_class9_h2_IF100_alpha0p5_seed42.log - INFO - Round 167 selected clients: [3, 4, 7, 9, 10, 13, 14, 18] | target exposure=1 samples=25 mass=0.005043 empirical_P=0.724551 theory_P=0.652632
2026-08-29 22:13:20,519 - hc_cifar10_class9_h2_IF100_alpha0p5_seed42.log - INFO - Round 167 | Global 0.6458 | Head 0.8387 | Middle 0.6570 | Tail 0.4380 | Class-9 0.1840 | best_class9 0.5110@119
2026-08-29 22:13:20,519 - hc_cifar10_class9_h2_IF100_alpha0p5_seed42.log - INFO - Round 168 selected clients: [0, 1, 3, 4, 10, 11, 14, 15] | target exposure=1 samples=25 mass=0.005034 empirical_P=0.726190 theory_P=0.652632
2026-08-29 22:13:37,306 - hc_cifar10_class9_h2_IF100_alpha0p5_seed42.log - INFO - Round 168 | Global 0.6332 | Head 0.8413 | Middle 0.6455 | Tail 0.4087 | Class-9 0.2110 | best_class9 0.5110@119
2026-08-29 22:13:37,306 - hc_cifar10_class9_h2_IF100_alpha0p5_seed42.log - INFO - Round 169 selected clients: [0, 1, 4, 5, 7, 9, 16, 18] | target exposure=1 samples=25 mass=0.005026 empirical_P=0.727811 theory_P=0.652632
2026-08-29 22:13:53,931 - hc_cifar10_class9_h2_IF100_alpha0p5_seed42.log - INFO - Round 169 | Global 0.6620 | Head 0.8293 | Middle 0.6512 | Tail 0.5090 | Class-9 0.3000 | best_class9 0.5110@119
2026-08-29 22:13:53,931 - hc_cifar10_class9_h2_IF100_alpha0p5_seed42.log - INFO - Round 170 selected clients: [1, 5, 6, 9, 11, 14, 15, 18] | target exposure=1 samples=25 mass=0.005037 empirical_P=0.729412 theory_P=0.652632
2026-08-29 22:14:10,919 - hc_cifar10_class9_h2_IF100_alpha0p5_seed42.log - INFO - Round 170 | Global 0.6551 | Head 0.8000 | Middle 0.6590 | Tail 0.5050 | Class-9 0.2730 | best_class9 0.5110@119
2026-08-29 22:14:10,936 - hc_cifar10_class9_h2_IF100_alpha0p5_seed42.log - INFO - Round 171 selected clients: [0, 5, 6, 7, 8, 9, 12, 17] | target exposure=1 samples=25 mass=0.005022 empirical_P=0.730994 theory_P=0.652632
2026-08-29 22:14:27,763 - hc_cifar10_class9_h2_IF100_alpha0p5_seed42.log - INFO - Round 171 | Global 0.6627 | Head 0.8223 | Middle 0.6667 | Tail 0.4977 | Class-9 0.3060 | best_class9 0.5110@119
2026-08-29 22:14:27,763 - hc_cifar10_class9_h2_IF100_alpha0p5_seed42.log - INFO - Round 172 selected clients: [4, 9, 10, 11, 13, 15, 17, 18] | target exposure=1 samples=25 mass=0.005035 empirical_P=0.732558 theory_P=0.652632
2026-08-29 22:14:44,556 - hc_cifar10_class9_h2_IF100_alpha0p5_seed42.log - INFO - Round 172 | Global 0.6682 | Head 0.8287 | Middle 0.6565 | Tail 0.5233 | Class-9 0.3820 | best_class9 0.5110@119
2026-08-29 22:14:44,556 - hc_cifar10_class9_h2_IF100_alpha0p5_seed42.log - INFO - Round 173 selected clients: [0, 4, 7, 8, 9, 10, 13, 16] | target exposure=1 samples=25 mass=0.005019 empirical_P=0.734104 theory_P=0.652632
2026-08-29 22:15:01,227 - hc_cifar10_class9_h2_IF100_alpha0p5_seed42.log - INFO - Round 173 | Global 0.6200 | Head 0.8567 | Middle 0.5968 | Tail 0.4143 | Class-9 0.2870 | best_class9 0.5110@119
2026-08-29 22:15:01,227 - hc_cifar10_class9_h2_IF100_alpha0p5_seed42.log - INFO - Round 174 selected clients: [1, 3, 4, 6, 12, 13, 15, 18] | target exposure=1 samples=50 mass=0.010040 empirical_P=0.735632 theory_P=0.652632
2026-08-29 22:15:18,133 - hc_cifar10_class9_h2_IF100_alpha0p5_seed42.log - INFO - Round 174 | Global 0.6698 | Head 0.8237 | Middle 0.6560 | Tail 0.5343 | Class-9 0.3870 | best_class9 0.5110@119
2026-08-29 22:15:18,133 - hc_cifar10_class9_h2_IF100_alpha0p5_seed42.log - INFO - Round 175 selected clients: [1, 2, 4, 6, 8, 9, 11, 14] | target exposure=1 samples=50 mass=0.009990 empirical_P=0.737143 theory_P=0.652632
2026-08-29 22:15:35,062 - hc_cifar10_class9_h2_IF100_alpha0p5_seed42.log - INFO - Round 175 | Global 0.6862 | Head 0.7997 | Middle 0.6727 | Tail 0.5907 | Class-9 0.5050 | best_class9 0.5110@119
2026-08-29 22:15:35,072 - hc_cifar10_class9_h2_IF100_alpha0p5_seed42.log - INFO - Round 176 selected clients: [1, 3, 5, 11, 12, 13, 14, 19] | target exposure=0 samples=0 mass=0.000000 empirical_P=0.732955 theory_P=0.652632
2026-08-29 22:15:51,719 - hc_cifar10_class9_h2_IF100_alpha0p5_seed42.log - INFO - Round 176 | Global 0.6623 | Head 0.8260 | Middle 0.6562 | Tail 0.5067 | Class-9 0.2680 | best_class9 0.5110@119
2026-08-29 22:15:51,719 - hc_cifar10_class9_h2_IF100_alpha0p5_seed42.log - INFO - Round 177 selected clients: [1, 3, 5, 6, 8, 9, 10, 18] | target exposure=1 samples=25 mass=0.005045 empirical_P=0.734463 theory_P=0.652632
2026-08-29 22:16:08,394 - hc_cifar10_class9_h2_IF100_alpha0p5_seed42.log - INFO - Round 177 | Global 0.6614 | Head 0.8030 | Middle 0.6615 | Tail 0.5197 | Class-9 0.3440 | best_class9 0.5110@119
2026-08-29 22:16:08,394 - hc_cifar10_class9_h2_IF100_alpha0p5_seed42.log - INFO - Round 178 selected clients: [2, 4, 5, 6, 7, 8, 9, 11] | target exposure=1 samples=50 mass=0.009992 empirical_P=0.735955 theory_P=0.652632
2026-08-29 22:16:25,329 - hc_cifar10_class9_h2_IF100_alpha0p5_seed42.log - INFO - Round 178 | Global 0.6808 | Head 0.7927 | Middle 0.6715 | Tail 0.5813 | Class-9 0.4570 | best_class9 0.5110@119
2026-08-29 22:16:25,329 - hc_cifar10_class9_h2_IF100_alpha0p5_seed42.log - INFO - Round 179 selected clients: [0, 3, 4, 5, 7, 13, 15, 19] | target exposure=1 samples=25 mass=0.005045 empirical_P=0.737430 theory_P=0.652632
2026-08-29 22:16:41,984 - hc_cifar10_class9_h2_IF100_alpha0p5_seed42.log - INFO - Round 179 | Global 0.6764 | Head 0.8120 | Middle 0.6585 | Tail 0.5647 | Class-9 0.4330 | best_class9 0.5110@119
2026-08-29 22:16:41,984 - hc_cifar10_class9_h2_IF100_alpha0p5_seed42.log - INFO - Round 180 selected clients: [3, 4, 6, 9, 10, 12, 14, 17] | target exposure=1 samples=50 mass=0.010024 empirical_P=0.738889 theory_P=0.652632
2026-08-29 22:16:58,754 - hc_cifar10_class9_h2_IF100_alpha0p5_seed42.log - INFO - Round 180 | Global 0.6680 | Head 0.8093 | Middle 0.6907 | Tail 0.4963 | Class-9 0.3360 | best_class9 0.5110@119
2026-08-29 22:16:58,768 - hc_cifar10_class9_h2_IF100_alpha0p5_seed42.log - INFO - Round 181 selected clients: [0, 7, 11, 13, 14, 15, 16, 18] | target exposure=0 samples=0 mass=0.000000 empirical_P=0.734807 theory_P=0.652632
2026-08-29 22:17:15,420 - hc_cifar10_class9_h2_IF100_alpha0p5_seed42.log - INFO - Round 181 | Global 0.6485 | Head 0.8443 | Middle 0.6580 | Tail 0.4400 | Class-9 0.1760 | best_class9 0.5110@119
2026-08-29 22:17:15,420 - hc_cifar10_class9_h2_IF100_alpha0p5_seed42.log - INFO - Round 182 selected clients: [2, 5, 8, 9, 14, 16, 17, 18] | target exposure=0 samples=0 mass=0.000000 empirical_P=0.730769 theory_P=0.652632
2026-08-29 22:17:31,120 - hc_cifar10_class9_h2_IF100_alpha0p5_seed42.log - INFO - Round 182 | Global 0.6670 | Head 0.8240 | Middle 0.6775 | Tail 0.4960 | Class-9 0.1940 | best_class9 0.5110@119
2026-08-29 22:17:31,120 - hc_cifar10_class9_h2_IF100_alpha0p5_seed42.log - INFO - Round 183 selected clients: [1, 3, 6, 7, 8, 12, 18, 19] | target exposure=1 samples=25 mass=0.005049 empirical_P=0.732240 theory_P=0.652632
2026-08-29 22:17:45,848 - hc_cifar10_class9_h2_IF100_alpha0p5_seed42.log - INFO - Round 183 | Global 0.6903 | Head 0.7477 | Middle 0.6703 | Tail 0.6597 | Class-9 0.5170 | best_class9 0.5170@183
2026-08-29 22:17:45,858 - hc_cifar10_class9_h2_IF100_alpha0p5_seed42.log - INFO - Round 184 selected clients: [0, 1, 6, 8, 9, 11, 15, 18] | target exposure=1 samples=25 mass=0.005036 empirical_P=0.733696 theory_P=0.652632
2026-08-29 22:18:00,525 - hc_cifar10_class9_h2_IF100_alpha0p5_seed42.log - INFO - Round 184 | Global 0.6764 | Head 0.7757 | Middle 0.6783 | Tail 0.5747 | Class-9 0.3770 | best_class9 0.5170@183
2026-08-29 22:18:00,525 - hc_cifar10_class9_h2_IF100_alpha0p5_seed42.log - INFO - Round 185 selected clients: [0, 7, 8, 10, 12, 13, 15, 19] | target exposure=0 samples=0 mass=0.000000 empirical_P=0.729730 theory_P=0.652632
2026-08-29 22:18:15,343 - hc_cifar10_class9_h2_IF100_alpha0p5_seed42.log - INFO - Round 185 | Global 0.6556 | Head 0.8257 | Middle 0.6552 | Tail 0.4860 | Class-9 0.2740 | best_class9 0.5170@183
2026-08-29 22:18:15,344 - hc_cifar10_class9_h2_IF100_alpha0p5_seed42.log - INFO - Round 186 selected clients: [2, 6, 7, 9, 10, 11, 14, 17] | target exposure=1 samples=25 mass=0.005022 empirical_P=0.731183 theory_P=0.652632
2026-08-29 22:18:29,999 - hc_cifar10_class9_h2_IF100_alpha0p5_seed42.log - INFO - Round 186 | Global 0.6453 | Head 0.7980 | Middle 0.6545 | Tail 0.4803 | Class-9 0.1690 | best_class9 0.5170@183
2026-08-29 22:18:29,999 - hc_cifar10_class9_h2_IF100_alpha0p5_seed42.log - INFO - Round 187 selected clients: [0, 1, 5, 7, 8, 9, 17, 19] | target exposure=0 samples=0 mass=0.000000 empirical_P=0.727273 theory_P=0.652632
2026-08-29 22:18:44,631 - hc_cifar10_class9_h2_IF100_alpha0p5_seed42.log - INFO - Round 187 | Global 0.6622 | Head 0.8100 | Middle 0.6633 | Tail 0.5130 | Class-9 0.2330 | best_class9 0.5170@183
2026-08-29 22:18:44,641 - hc_cifar10_class9_h2_IF100_alpha0p5_seed42.log - INFO - Round 188 selected clients: [0, 4, 6, 12, 14, 15, 18, 19] | target exposure=1 samples=50 mass=0.010030 empirical_P=0.728723 theory_P=0.652632
2026-08-29 22:18:59,469 - hc_cifar10_class9_h2_IF100_alpha0p5_seed42.log - INFO - Round 188 | Global 0.6925 | Head 0.7503 | Middle 0.6823 | Tail 0.6483 | Class-9 0.4790 | best_class9 0.5170@183
2026-08-29 22:18:59,469 - hc_cifar10_class9_h2_IF100_alpha0p5_seed42.log - INFO - Round 189 selected clients: [0, 2, 7, 8, 9, 16, 17, 19] | target exposure=0 samples=0 mass=0.000000 empirical_P=0.724868 theory_P=0.652632
2026-08-29 22:19:14,043 - hc_cifar10_class9_h2_IF100_alpha0p5_seed42.log - INFO - Round 189 | Global 0.6562 | Head 0.8270 | Middle 0.6202 | Tail 0.5333 | Class-9 0.2770 | best_class9 0.5170@183
2026-08-29 22:19:14,043 - hc_cifar10_class9_h2_IF100_alpha0p5_seed42.log - INFO - Round 190 selected clients: [1, 2, 4, 7, 8, 10, 12, 17] | target exposure=1 samples=25 mass=0.005012 empirical_P=0.726316 theory_P=0.652632
2026-08-29 22:19:28,639 - hc_cifar10_class9_h2_IF100_alpha0p5_seed42.log - INFO - Round 190 | Global 0.6602 | Head 0.8290 | Middle 0.6613 | Tail 0.4900 | Class-9 0.3020 | best_class9 0.5170@183
2026-08-29 22:19:28,650 - hc_cifar10_class9_h2_IF100_alpha0p5_seed42.log - INFO - Round 191 selected clients: [0, 1, 4, 5, 9, 10, 11, 12] | target exposure=1 samples=25 mass=0.005018 empirical_P=0.727749 theory_P=0.652632
2026-08-29 22:19:43,385 - hc_cifar10_class9_h2_IF100_alpha0p5_seed42.log - INFO - Round 191 | Global 0.6575 | Head 0.8197 | Middle 0.6625 | Tail 0.4887 | Class-9 0.3040 | best_class9 0.5170@183
2026-08-29 22:19:43,386 - hc_cifar10_class9_h2_IF100_alpha0p5_seed42.log - INFO - Round 192 selected clients: [0, 3, 7, 8, 9, 11, 15, 17] | target exposure=0 samples=0 mass=0.000000 empirical_P=0.723958 theory_P=0.652632
2026-08-29 22:19:57,779 - hc_cifar10_class9_h2_IF100_alpha0p5_seed42.log - INFO - Round 192 | Global 0.6378 | Head 0.8277 | Middle 0.6570 | Tail 0.4223 | Class-9 0.1880 | best_class9 0.5170@183
2026-08-29 22:19:57,779 - hc_cifar10_class9_h2_IF100_alpha0p5_seed42.log - INFO - Round 193 selected clients: [1, 4, 5, 8, 10, 11, 13, 15] | target exposure=1 samples=25 mass=0.005020 empirical_P=0.725389 theory_P=0.652632
2026-08-29 22:20:12,441 - hc_cifar10_class9_h2_IF100_alpha0p5_seed42.log - INFO - Round 193 | Global 0.6352 | Head 0.8277 | Middle 0.6540 | Tail 0.4177 | Class-9 0.2420 | best_class9 0.5170@183
2026-08-29 22:20:12,441 - hc_cifar10_class9_h2_IF100_alpha0p5_seed42.log - INFO - Round 194 selected clients: [4, 9, 10, 11, 12, 13, 16, 18] | target exposure=1 samples=25 mass=0.005028 empirical_P=0.726804 theory_P=0.652632
2026-08-29 22:20:27,253 - hc_cifar10_class9_h2_IF100_alpha0p5_seed42.log - INFO - Round 194 | Global 0.6537 | Head 0.8510 | Middle 0.6570 | Tail 0.4520 | Class-9 0.2350 | best_class9 0.5170@183
2026-08-29 22:20:27,263 - hc_cifar10_class9_h2_IF100_alpha0p5_seed42.log - INFO - Round 195 selected clients: [2, 3, 4, 8, 10, 13, 14, 18] | target exposure=1 samples=25 mass=0.005036 empirical_P=0.728205 theory_P=0.652632
2026-08-29 22:20:41,921 - hc_cifar10_class9_h2_IF100_alpha0p5_seed42.log - INFO - Round 195 | Global 0.6806 | Head 0.7990 | Middle 0.6707 | Tail 0.5753 | Class-9 0.4920 | best_class9 0.5170@183
2026-08-29 22:20:41,921 - hc_cifar10_class9_h2_IF100_alpha0p5_seed42.log - INFO - Round 196 selected clients: [1, 3, 5, 9, 14, 16, 18, 19] | target exposure=0 samples=0 mass=0.000000 empirical_P=0.724490 theory_P=0.652632
2026-08-29 22:20:56,487 - hc_cifar10_class9_h2_IF100_alpha0p5_seed42.log - INFO - Round 196 | Global 0.6730 | Head 0.7963 | Middle 0.6593 | Tail 0.5680 | Class-9 0.3210 | best_class9 0.5170@183
2026-08-29 22:20:56,497 - hc_cifar10_class9_h2_IF100_alpha0p5_seed42.log - INFO - Round 197 selected clients: [0, 2, 6, 8, 10, 11, 15, 18] | target exposure=1 samples=25 mass=0.005030 empirical_P=0.725888 theory_P=0.652632
2026-08-29 22:21:11,199 - hc_cifar10_class9_h2_IF100_alpha0p5_seed42.log - INFO - Round 197 | Global 0.6587 | Head 0.8393 | Middle 0.6215 | Tail 0.5277 | Class-9 0.2930 | best_class9 0.5170@183
2026-08-29 22:21:11,199 - hc_cifar10_class9_h2_IF100_alpha0p5_seed42.log - INFO - Round 198 selected clients: [2, 3, 4, 5, 6, 9, 12, 16] | target exposure=1 samples=50 mass=0.010022 empirical_P=0.727273 theory_P=0.652632
2026-08-29 22:21:25,914 - hc_cifar10_class9_h2_IF100_alpha0p5_seed42.log - INFO - Round 198 | Global 0.6968 | Head 0.7987 | Middle 0.6810 | Tail 0.6160 | Class-9 0.4550 | best_class9 0.5170@183
2026-08-29 22:21:25,914 - hc_cifar10_class9_h2_IF100_alpha0p5_seed42.log - INFO - Round 199 selected clients: [1, 2, 3, 6, 9, 13, 14, 18] | target exposure=1 samples=25 mass=0.005044 empirical_P=0.728643 theory_P=0.652632
2026-08-29 22:21:41,174 - hc_cifar10_class9_h2_IF100_alpha0p5_seed42.log - INFO - Round 199 | Global 0.6939 | Head 0.7670 | Middle 0.6825 | Tail 0.6360 | Class-9 0.4540 | best_class9 0.5170@183
2026-08-29 22:21:41,174 - hc_cifar10_class9_h2_IF100_alpha0p5_seed42.log - INFO - Round 200 selected clients: [1, 3, 8, 10, 13, 14, 17, 19] | target exposure=0 samples=0 mass=0.000000 empirical_P=0.725000 theory_P=0.652632
2026-08-29 22:21:57,773 - hc_cifar10_class9_h2_IF100_alpha0p5_seed42.log - INFO - Round 200 | Global 0.6465 | Head 0.8493 | Middle 0.6428 | Tail 0.4487 | Class-9 0.1840 | best_class9 0.5170@183
2026-08-29 22:21:57,791 - hc_cifar10_class9_h2_IF100_alpha0p5_seed42.log - INFO - ==========================================================================================
2026-08-29 22:21:57,791 - hc_cifar10_class9_h2_IF100_alpha0p5_seed42.log - INFO - FINISHED FIXED-N / VARIED-h EXPERIMENT
2026-08-29 22:21:57,791 - hc_cifar10_class9_h2_IF100_alpha0p5_seed42.log - INFO - target_class=9 N=50 actual_h=2
2026-08-29 22:21:57,797 - hc_cifar10_class9_h2_IF100_alpha0p5_seed42.log - INFO - Theoretical exposure: 0.652632
2026-08-29 22:21:57,797 - hc_cifar10_class9_h2_IF100_alpha0p5_seed42.log - INFO - Empirical exposure over 200 rounds: 0.725000
2026-08-29 22:21:57,797 - hc_cifar10_class9_h2_IF100_alpha0p5_seed42.log - INFO - Final class-9 accuracy: 0.1840
2026-08-29 22:21:57,797 - hc_cifar10_class9_h2_IF100_alpha0p5_seed42.log - INFO - Final Tail accuracy: 0.4487
2026-08-29 22:21:57,797 - hc_cifar10_class9_h2_IF100_alpha0p5_seed42.log - INFO - Final Global accuracy: 0.6465
2026-08-29 22:21:57,797 - hc_cifar10_class9_h2_IF100_alpha0p5_seed42.log - INFO - Best class-9 accuracy (diagnostic only): 0.5170 @ round 183
2026-08-29 22:21:57,797 - hc_cifar10_class9_h2_IF100_alpha0p5_seed42.log - INFO - Best Tail accuracy (diagnostic only): 0.6597 @ round 183
2026-08-29 22:21:57,797 - hc_cifar10_class9_h2_IF100_alpha0p5_seed42.log - INFO - Metrics CSV: D:\Desktop\FedLF_project\FedLF\outputs\hc_cifar10_class9_h2_IF100_alpha0p5_seed42\metrics.csv
2026-08-29 22:21:57,797 - hc_cifar10_class9_h2_IF100_alpha0p5_seed42.log - INFO - History: D:\Desktop\FedLF_project\FedLF\outputs\hc_cifar10_class9_h2_IF100_alpha0p5_seed42\history.pkl
2026-08-29 22:21:57,797 - hc_cifar10_class9_h2_IF100_alpha0p5_seed42.log - INFO - Config: D:\Desktop\FedLF_project\FedLF\outputs\hc_cifar10_class9_h2_IF100_alpha0p5_seed42\config.json
2026-08-29 22:21:57,797 - hc_cifar10_class9_h2_IF100_alpha0p5_seed42.log - INFO - Checkpoint: D:\Desktop\FedLF_project\FedLF\outputs\hc_cifar10_class9_h2_IF100_alpha0p5_seed42\checkpoint.pth
2026-08-29 22:21:57,797 - hc_cifar10_class9_h2_IF100_alpha0p5_seed42.log - INFO - Final model: D:\Desktop\FedLF_project\FedLF\outputs\hc_cifar10_class9_h2_IF100_alpha0p5_seed42\final_model.pth
2026-08-29 22:21:57,797 - hc_cifar10_class9_h2_IF100_alpha0p5_seed42.log - INFO - ==========================================================================================
