2026-08-29 20:34:57,653 - hc_cifar10_class9_h1_IF100_alpha0p5_seed42.log - INFO - ==========================================================================================
2026-08-29 20:34:57,653 - hc_cifar10_class9_h1_IF100_alpha0p5_seed42.log - INFO - FIXED-N / VARIED-h CONTROLLED EXPERIMENT
2026-08-29 20:34:57,653 - hc_cifar10_class9_h1_IF100_alpha0p5_seed42.log - INFO - algorithm: pure FedLF | S=OFF C=OFF A=OFF
2026-08-29 20:34:57,653 - hc_cifar10_class9_h1_IF100_alpha0p5_seed42.log - INFO - dataset:CIFAR-10-LT IF=100 imb_factor=0.01 alpha=0.5
2026-08-29 20:34:57,654 - hc_cifar10_class9_h1_IF100_alpha0p5_seed42.log - INFO - K=20 m=8 participation=0.4000
2026-08-29 20:34:57,654 - hc_cifar10_class9_h1_IF100_alpha0p5_seed42.log - INFO - rounds=200 E=10 batch=32 fixed_lr=0.1 seed=42
2026-08-29 20:34:57,654 - hc_cifar10_class9_h1_IF100_alpha0p5_seed42.log - INFO - target_class=9 requested_host_count=1
2026-08-29 20:34:57,654 - hc_cifar10_class9_h1_IF100_alpha0p5_seed42.log - INFO - client_sampling=UNIFORM RANDOM WITHOUT REPLACEMENT
2026-08-29 20:34:57,654 - hc_cifar10_class9_h1_IF100_alpha0p5_seed42.log - INFO - aggregation=STANDARD SAMPLE-WEIGHTED FedAvg
2026-08-29 20:34:57,654 - hc_cifar10_class9_h1_IF100_alpha0p5_seed42.log - INFO - test rollback=False
2026-08-29 20:34:57,654 - hc_cifar10_class9_h1_IF100_alpha0p5_seed42.log - INFO - Log: D:\Desktop\FedLF_project\FedLF\Logs\hc_cifar10_class9_h1_IF100_alpha0p5_seed42.log
2026-08-29 20:34:57,654 - hc_cifar10_class9_h1_IF100_alpha0p5_seed42.log - INFO - Output: D:\Desktop\FedLF_project\FedLF\outputs\hc_cifar10_class9_h1_IF100_alpha0p5_seed42
2026-08-29 20:34:57,654 - hc_cifar10_class9_h1_IF100_alpha0p5_seed42.log - INFO - ==========================================================================================
2026-08-29 20:35:03,922 - hc_cifar10_class9_h1_IF100_alpha0p5_seed42.log - INFO - Global class counts: [5000, 2997, 1796, 1077, 645, 387, 232, 139, 83, 50]
2026-08-29 20:35:03,923 - hc_cifar10_class9_h1_IF100_alpha0p5_seed42.log - INFO - Target class 9 N=50 (FIXED)
2026-08-29 20:35:03,923 - hc_cifar10_class9_h1_IF100_alpha0p5_seed42.log - INFO - Host order (nested across h): [6, 4, 7, 12, 9, 13, 3, 14, 19, 11, 10, 17, 15, 18, 5, 0, 16, 8, 1, 2]
2026-08-29 20:35:03,923 - hc_cifar10_class9_h1_IF100_alpha0p5_seed42.log - INFO - Actual host clients: [6]
2026-08-29 20:35:03,923 - hc_cifar10_class9_h1_IF100_alpha0p5_seed42.log - INFO - Target samples per active host: {6: 50}
2026-08-29 20:35:03,923 - hc_cifar10_class9_h1_IF100_alpha0p5_seed42.log - INFO - Actual h=1 | theoretical P_exp=0.400000
2026-08-29 20:35:03,924 - hc_cifar10_class9_h1_IF100_alpha0p5_seed42.log - INFO - Base partition SHA256: 91fc508fdd8b116a19ca7809c6dfe5d6b9f4161086b898c272ecff4fedcd1acf
2026-08-29 20:35:03,924 - hc_cifar10_class9_h1_IF100_alpha0p5_seed42.log - INFO - Controlled partition SHA256: 045e2a2f99c8d9d7ec1dd61e9ce78372107e6c83cf92fea4ca68927d246f5fec
2026-08-29 20:35:03,924 - hc_cifar10_class9_h1_IF100_alpha0p5_seed42.log - INFO - Client sizes after target redistribution: [621, 621, 621, 605, 621, 620, 668, 620, 620, 614, 620, 620, 620, 620, 620, 613, 620, 620, 612, 610]
2026-08-29 20:35:03,924 - hc_cifar10_class9_h1_IF100_alpha0p5_seed42.log - INFO - Paper thresholds: Head > 1500, Tail < 200; Tail classes=[7, 8, 9]
2026-08-29 20:35:04,054 - hc_cifar10_class9_h1_IF100_alpha0p5_seed42.log - INFO - Round 1 selected clients: [0, 1, 3, 5, 8, 11, 15, 17] | target exposure=0 samples=0 mass=0.000000 empirical_P=0.000000 theory_P=0.400000
2026-08-29 20:35:22,919 - hc_cifar10_class9_h1_IF100_alpha0p5_seed42.log - INFO - Round 1 | Global 0.1800 | Head 0.5670 | Middle 0.0248 | Tail 0.0000 | Class-9 0.0000 | best_class9 0.0000@1
2026-08-29 20:35:22,920 - hc_cifar10_class9_h1_IF100_alpha0p5_seed42.log - INFO - Round 2 selected clients: [4, 5, 7, 12, 14, 15, 16, 19] | target exposure=0 samples=0 mass=0.000000 empirical_P=0.000000 theory_P=0.400000
2026-08-29 20:35:40,435 - hc_cifar10_class9_h1_IF100_alpha0p5_seed42.log - INFO - Round 2 | Global 0.2369 | Head 0.6807 | Middle 0.0818 | Tail 0.0000 | Class-9 0.0000 | best_class9 0.0000@1
2026-08-29 20:35:40,437 - hc_cifar10_class9_h1_IF100_alpha0p5_seed42.log - INFO - Round 3 selected clients: [0, 2, 5, 7, 10, 12, 16, 18] | target exposure=0 samples=0 mass=0.000000 empirical_P=0.000000 theory_P=0.400000
2026-08-29 20:35:56,462 - hc_cifar10_class9_h1_IF100_alpha0p5_seed42.log - INFO - Round 3 | Global 0.2657 | Head 0.7107 | Middle 0.1313 | Tail 0.0000 | Class-9 0.0000 | best_class9 0.0000@1
2026-08-29 20:35:56,463 - hc_cifar10_class9_h1_IF100_alpha0p5_seed42.log - INFO - Round 4 selected clients: [0, 4, 6, 8, 9, 11, 17, 18] | target exposure=1 samples=50 mass=0.010008 empirical_P=0.250000 theory_P=0.400000
2026-08-29 20:36:13,035 - hc_cifar10_class9_h1_IF100_alpha0p5_seed42.log - INFO - Round 4 | Global 0.2632 | Head 0.6950 | Middle 0.1368 | Tail 0.0000 | Class-9 0.0000 | best_class9 0.0000@1
2026-08-29 20:36:13,036 - hc_cifar10_class9_h1_IF100_alpha0p5_seed42.log - INFO - Round 5 selected clients: [0, 2, 5, 9, 10, 12, 16, 19] | target exposure=0 samples=0 mass=0.000000 empirical_P=0.200000 theory_P=0.400000
2026-08-29 20:36:28,823 - hc_cifar10_class9_h1_IF100_alpha0p5_seed42.log - INFO - Round 5 | Global 0.2863 | Head 0.7367 | Middle 0.1633 | Tail 0.0000 | Class-9 0.0000 | best_class9 0.0000@1
2026-08-29 20:36:28,825 - hc_cifar10_class9_h1_IF100_alpha0p5_seed42.log - INFO - Round 6 selected clients: [1, 3, 4, 5, 9, 10, 15, 16] | target exposure=0 samples=0 mass=0.000000 empirical_P=0.166667 theory_P=0.400000
2026-08-29 20:36:44,505 - hc_cifar10_class9_h1_IF100_alpha0p5_seed42.log - INFO - Round 6 | Global 0.3227 | Head 0.7513 | Middle 0.2432 | Tail 0.0000 | Class-9 0.0000 | best_class9 0.0000@1
2026-08-29 20:36:44,508 - hc_cifar10_class9_h1_IF100_alpha0p5_seed42.log - INFO - Round 7 selected clients: [2, 3, 5, 9, 10, 12, 13, 16] | target exposure=0 samples=0 mass=0.000000 empirical_P=0.142857 theory_P=0.400000
2026-08-29 20:37:00,015 - hc_cifar10_class9_h1_IF100_alpha0p5_seed42.log - INFO - Round 7 | Global 0.3395 | Head 0.7587 | Middle 0.2797 | Tail 0.0000 | Class-9 0.0000 | best_class9 0.0000@1
2026-08-29 20:37:00,016 - hc_cifar10_class9_h1_IF100_alpha0p5_seed42.log - INFO - Round 8 selected clients: [1, 3, 5, 7, 11, 15, 17, 18] | target exposure=0 samples=0 mass=0.000000 empirical_P=0.125000 theory_P=0.400000
2026-08-29 20:37:15,595 - hc_cifar10_class9_h1_IF100_alpha0p5_seed42.log - INFO - Round 8 | Global 0.3442 | Head 0.7237 | Middle 0.3177 | Tail 0.0000 | Class-9 0.0000 | best_class9 0.0000@1
2026-08-29 20:37:15,597 - hc_cifar10_class9_h1_IF100_alpha0p5_seed42.log - INFO - Round 9 selected clients: [0, 4, 7, 8, 9, 11, 13, 17] | target exposure=0 samples=0 mass=0.000000 empirical_P=0.111111 theory_P=0.400000
2026-08-29 20:37:31,159 - hc_cifar10_class9_h1_IF100_alpha0p5_seed42.log - INFO - Round 9 | Global 0.3342 | Head 0.6767 | Middle 0.3280 | Tail 0.0000 | Class-9 0.0000 | best_class9 0.0000@1
2026-08-29 20:37:31,160 - hc_cifar10_class9_h1_IF100_alpha0p5_seed42.log - INFO - Round 10 selected clients: [1, 2, 4, 5, 7, 9, 15, 16] | target exposure=0 samples=0 mass=0.000000 empirical_P=0.100000 theory_P=0.400000
2026-08-29 20:37:46,715 - hc_cifar10_class9_h1_IF100_alpha0p5_seed42.log - INFO - Round 10 | Global 0.3620 | Head 0.7850 | Middle 0.3162 | Tail 0.0000 | Class-9 0.0000 | best_class9 0.0000@1
2026-08-29 20:37:46,730 - hc_cifar10_class9_h1_IF100_alpha0p5_seed42.log - INFO - Round 11 selected clients: [1, 2, 4, 6, 12, 13, 16, 17] | target exposure=1 samples=50 mass=0.009978 empirical_P=0.181818 theory_P=0.400000
2026-08-29 20:38:02,550 - hc_cifar10_class9_h1_IF100_alpha0p5_seed42.log - INFO - Round 11 | Global 0.3650 | Head 0.8237 | Middle 0.2940 | Tail 0.0010 | Class-9 0.0000 | best_class9 0.0000@1
2026-08-29 20:38:02,551 - hc_cifar10_class9_h1_IF100_alpha0p5_seed42.log - INFO - Round 12 selected clients: [3, 6, 8, 9, 11, 14, 17, 18] | target exposure=1 samples=50 mass=0.010042 empirical_P=0.250000 theory_P=0.400000
2026-08-29 20:38:18,310 - hc_cifar10_class9_h1_IF100_alpha0p5_seed42.log - INFO - Round 12 | Global 0.3953 | Head 0.7590 | Middle 0.3960 | Tail 0.0307 | Class-9 0.0000 | best_class9 0.0000@1
2026-08-29 20:38:18,311 - hc_cifar10_class9_h1_IF100_alpha0p5_seed42.log - INFO - Round 13 selected clients: [2, 6, 8, 9, 12, 13, 14, 19] | target exposure=1 samples=50 mass=0.010014 empirical_P=0.307692 theory_P=0.400000
2026-08-29 20:38:34,076 - hc_cifar10_class9_h1_IF100_alpha0p5_seed42.log - INFO - Round 13 | Global 0.4233 | Head 0.7260 | Middle 0.4713 | Tail 0.0567 | Class-9 0.0000 | best_class9 0.0000@1
2026-08-29 20:38:34,077 - hc_cifar10_class9_h1_IF100_alpha0p5_seed42.log - INFO - Round 14 selected clients: [1, 4, 5, 9, 10, 11, 12, 19] | target exposure=0 samples=0 mass=0.000000 empirical_P=0.285714 theory_P=0.400000
2026-08-29 20:38:49,683 - hc_cifar10_class9_h1_IF100_alpha0p5_seed42.log - INFO - Round 14 | Global 0.3899 | Head 0.7210 | Middle 0.4130 | Tail 0.0280 | Class-9 0.0000 | best_class9 0.0000@1
2026-08-29 20:38:49,684 - hc_cifar10_class9_h1_IF100_alpha0p5_seed42.log - INFO - Round 15 selected clients: [4, 5, 7, 12, 13, 14, 16, 19] | target exposure=0 samples=0 mass=0.000000 empirical_P=0.266667 theory_P=0.400000
2026-08-29 20:39:05,321 - hc_cifar10_class9_h1_IF100_alpha0p5_seed42.log - INFO - Round 15 | Global 0.4255 | Head 0.7570 | Middle 0.4627 | Tail 0.0443 | Class-9 0.0000 | best_class9 0.0000@1
2026-08-29 20:39:05,322 - hc_cifar10_class9_h1_IF100_alpha0p5_seed42.log - INFO - Round 16 selected clients: [1, 4, 6, 9, 11, 13, 14, 18] | target exposure=1 samples=50 mass=0.010008 empirical_P=0.312500 theory_P=0.400000
2026-08-29 20:39:21,072 - hc_cifar10_class9_h1_IF100_alpha0p5_seed42.log - INFO - Round 16 | Global 0.3803 | Head 0.8350 | Middle 0.3145 | Tail 0.0133 | Class-9 0.0000 | best_class9 0.0000@1
2026-08-29 20:39:21,074 - hc_cifar10_class9_h1_IF100_alpha0p5_seed42.log - INFO - Round 17 selected clients: [4, 6, 7, 9, 11, 12, 14, 16] | target exposure=1 samples=50 mass=0.009994 empirical_P=0.352941 theory_P=0.400000
2026-08-29 20:39:36,815 - hc_cifar10_class9_h1_IF100_alpha0p5_seed42.log - INFO - Round 17 | Global 0.4098 | Head 0.7960 | Middle 0.4025 | Tail 0.0333 | Class-9 0.0000 | best_class9 0.0000@1
2026-08-29 20:39:36,816 - hc_cifar10_class9_h1_IF100_alpha0p5_seed42.log - INFO - Round 18 selected clients: [1, 3, 4, 7, 8, 9, 12, 18] | target exposure=0 samples=0 mass=0.000000 empirical_P=0.333333 theory_P=0.400000
2026-08-29 20:39:54,034 - hc_cifar10_class9_h1_IF100_alpha0p5_seed42.log - INFO - Round 18 | Global 0.4187 | Head 0.7700 | Middle 0.4562 | Tail 0.0173 | Class-9 0.0000 | best_class9 0.0000@1
2026-08-29 20:39:54,035 - hc_cifar10_class9_h1_IF100_alpha0p5_seed42.log - INFO - Round 19 selected clients: [1, 6, 7, 8, 9, 10, 11, 19] | target exposure=1 samples=50 mass=0.010014 empirical_P=0.368421 theory_P=0.400000
2026-08-29 20:40:12,395 - hc_cifar10_class9_h1_IF100_alpha0p5_seed42.log - INFO - Round 19 | Global 0.4339 | Head 0.7710 | Middle 0.4602 | Tail 0.0617 | Class-9 0.0000 | best_class9 0.0000@1
2026-08-29 20:40:12,395 - hc_cifar10_class9_h1_IF100_alpha0p5_seed42.log - INFO - Round 20 selected clients: [3, 4, 6, 10, 11, 13, 14, 17] | target exposure=1 samples=50 mass=0.010012 empirical_P=0.400000 theory_P=0.400000
2026-08-29 20:40:28,368 - hc_cifar10_class9_h1_IF100_alpha0p5_seed42.log - INFO - Round 20 | Global 0.4467 | Head 0.7710 | Middle 0.4645 | Tail 0.0987 | Class-9 0.0000 | best_class9 0.0000@1
2026-08-29 20:40:28,380 - hc_cifar10_class9_h1_IF100_alpha0p5_seed42.log - INFO - Round 21 selected clients: [3, 4, 13, 14, 15, 17, 18, 19] | target exposure=0 samples=0 mass=0.000000 empirical_P=0.380952 theory_P=0.400000
2026-08-29 20:40:43,801 - hc_cifar10_class9_h1_IF100_alpha0p5_seed42.log - INFO - Round 21 | Global 0.4721 | Head 0.7803 | Middle 0.5028 | Tail 0.1230 | Class-9 0.0000 | best_class9 0.0000@1
2026-08-29 20:40:43,802 - hc_cifar10_class9_h1_IF100_alpha0p5_seed42.log - INFO - Round 22 selected clients: [4, 5, 8, 10, 16, 17, 18, 19] | target exposure=0 samples=0 mass=0.000000 empirical_P=0.363636 theory_P=0.400000
2026-08-29 20:40:59,387 - hc_cifar10_class9_h1_IF100_alpha0p5_seed42.log - INFO - Round 22 | Global 0.4194 | Head 0.7430 | Middle 0.3950 | Tail 0.1283 | Class-9 0.0000 | best_class9 0.0000@1
2026-08-29 20:40:59,388 - hc_cifar10_class9_h1_IF100_alpha0p5_seed42.log - INFO - Round 23 selected clients: [1, 2, 3, 6, 8, 13, 15, 19] | target exposure=1 samples=50 mass=0.010044 empirical_P=0.391304 theory_P=0.400000
2026-08-29 20:41:15,268 - hc_cifar10_class9_h1_IF100_alpha0p5_seed42.log - INFO - Round 23 | Global 0.4743 | Head 0.8097 | Middle 0.4470 | Tail 0.1753 | Class-9 0.0000 | best_class9 0.0000@1
2026-08-29 20:41:15,269 - hc_cifar10_class9_h1_IF100_alpha0p5_seed42.log - INFO - Round 24 selected clients: [3, 4, 5, 8, 10, 13, 14, 17] | target exposure=0 samples=0 mass=0.000000 empirical_P=0.375000 theory_P=0.400000
2026-08-29 20:41:31,268 - hc_cifar10_class9_h1_IF100_alpha0p5_seed42.log - INFO - Round 24 | Global 0.4719 | Head 0.7600 | Middle 0.5055 | Tail 0.1390 | Class-9 0.0000 | best_class9 0.0000@1
2026-08-29 20:41:31,269 - hc_cifar10_class9_h1_IF100_alpha0p5_seed42.log - INFO - Round 25 selected clients: [2, 3, 6, 9, 10, 12, 15, 18] | target exposure=1 samples=50 mass=0.010054 empirical_P=0.400000 theory_P=0.400000
2026-08-29 20:41:47,429 - hc_cifar10_class9_h1_IF100_alpha0p5_seed42.log - INFO - Round 25 | Global 0.5109 | Head 0.7650 | Middle 0.5400 | Tail 0.2180 | Class-9 0.0000 | best_class9 0.0000@1
2026-08-29 20:41:47,431 - hc_cifar10_class9_h1_IF100_alpha0p5_seed42.log - INFO - Round 26 selected clients: [1, 2, 5, 6, 7, 8, 12, 16] | target exposure=1 samples=50 mass=0.009980 empirical_P=0.423077 theory_P=0.400000
2026-08-29 20:42:03,548 - hc_cifar10_class9_h1_IF100_alpha0p5_seed42.log - INFO - Round 26 | Global 0.4925 | Head 0.8117 | Middle 0.4798 | Tail 0.1903 | Class-9 0.0000 | best_class9 0.0000@1
2026-08-29 20:42:03,549 - hc_cifar10_class9_h1_IF100_alpha0p5_seed42.log - INFO - Round 27 selected clients: [5, 6, 8, 10, 12, 13, 14, 17] | target exposure=1 samples=50 mass=0.009984 empirical_P=0.444444 theory_P=0.400000
2026-08-29 20:42:19,700 - hc_cifar10_class9_h1_IF100_alpha0p5_seed42.log - INFO - Round 27 | Global 0.4939 | Head 0.7640 | Middle 0.5195 | Tail 0.1897 | Class-9 0.0000 | best_class9 0.0000@1
2026-08-29 20:42:19,701 - hc_cifar10_class9_h1_IF100_alpha0p5_seed42.log - INFO - Round 28 selected clients: [1, 3, 5, 6, 7, 8, 14, 19] | target exposure=1 samples=50 mass=0.010032 empirical_P=0.464286 theory_P=0.400000
2026-08-29 20:42:35,571 - hc_cifar10_class9_h1_IF100_alpha0p5_seed42.log - INFO - Round 28 | Global 0.5063 | Head 0.7650 | Middle 0.5415 | Tail 0.2007 | Class-9 0.0000 | best_class9 0.0000@1
2026-08-29 20:42:35,572 - hc_cifar10_class9_h1_IF100_alpha0p5_seed42.log - INFO - Round 29 selected clients: [3, 4, 5, 8, 12, 14, 15, 16] | target exposure=0 samples=0 mass=0.000000 empirical_P=0.448276 theory_P=0.400000
2026-08-29 20:42:52,580 - hc_cifar10_class9_h1_IF100_alpha0p5_seed42.log - INFO - Round 29 | Global 0.4996 | Head 0.7943 | Middle 0.5433 | Tail 0.1467 | Class-9 0.0000 | best_class9 0.0000@1
2026-08-29 20:42:52,580 - hc_cifar10_class9_h1_IF100_alpha0p5_seed42.log - INFO - Round 30 selected clients: [5, 6, 11, 13, 14, 15, 16, 19] | target exposure=1 samples=50 mass=0.010018 empirical_P=0.466667 theory_P=0.400000
2026-08-29 20:43:09,828 - hc_cifar10_class9_h1_IF100_alpha0p5_seed42.log - INFO - Round 30 | Global 0.5007 | Head 0.8110 | Middle 0.4935 | Tail 0.2000 | Class-9 0.0000 | best_class9 0.0000@1
2026-08-29 20:43:09,844 - hc_cifar10_class9_h1_IF100_alpha0p5_seed42.log - INFO - Round 31 selected clients: [1, 4, 6, 7, 9, 11, 14, 19] | target exposure=1 samples=50 mass=0.010012 empirical_P=0.483871 theory_P=0.400000
2026-08-29 20:43:26,888 - hc_cifar10_class9_h1_IF100_alpha0p5_seed42.log - INFO - Round 31 | Global 0.4839 | Head 0.7937 | Middle 0.4970 | Tail 0.1567 | Class-9 0.0000 | best_class9 0.0000@1
2026-08-29 20:43:26,889 - hc_cifar10_class9_h1_IF100_alpha0p5_seed42.log - INFO - Round 32 selected clients: [0, 1, 5, 6, 7, 9, 12, 19] | target exposure=1 samples=50 mass=0.010012 empirical_P=0.500000 theory_P=0.400000
2026-08-29 20:43:43,693 - hc_cifar10_class9_h1_IF100_alpha0p5_seed42.log - INFO - Round 32 | Global 0.4934 | Head 0.7023 | Middle 0.5090 | Tail 0.2637 | Class-9 0.0000 | best_class9 0.0000@1
2026-08-29 20:43:43,694 - hc_cifar10_class9_h1_IF100_alpha0p5_seed42.log - INFO - Round 33 selected clients: [3, 5, 7, 11, 14, 15, 16, 17] | target exposure=0 samples=0 mass=0.000000 empirical_P=0.484848 theory_P=0.400000
2026-08-29 20:44:00,859 - hc_cifar10_class9_h1_IF100_alpha0p5_seed42.log - INFO - Round 33 | Global 0.5100 | Head 0.7467 | Middle 0.5370 | Tail 0.2373 | Class-9 0.0000 | best_class9 0.0000@1
2026-08-29 20:44:00,861 - hc_cifar10_class9_h1_IF100_alpha0p5_seed42.log - INFO - Round 34 selected clients: [6, 8, 9, 10, 13, 14, 16, 18] | target exposure=1 samples=50 mass=0.010012 empirical_P=0.500000 theory_P=0.400000
2026-08-29 20:44:17,451 - hc_cifar10_class9_h1_IF100_alpha0p5_seed42.log - INFO - Round 34 | Global 0.5282 | Head 0.8093 | Middle 0.5483 | Tail 0.2203 | Class-9 0.0000 | best_class9 0.0000@1
2026-08-29 20:44:17,452 - hc_cifar10_class9_h1_IF100_alpha0p5_seed42.log - INFO - Round 35 selected clients: [0, 4, 5, 8, 10, 12, 13, 19] | target exposure=0 samples=0 mass=0.000000 empirical_P=0.485714 theory_P=0.400000
2026-08-29 20:44:33,804 - hc_cifar10_class9_h1_IF100_alpha0p5_seed42.log - INFO - Round 35 | Global 0.5143 | Head 0.7970 | Middle 0.5520 | Tail 0.1813 | Class-9 0.0000 | best_class9 0.0000@1
2026-08-29 20:44:33,805 - hc_cifar10_class9_h1_IF100_alpha0p5_seed42.log - INFO - Round 36 selected clients: [1, 2, 3, 6, 7, 8, 10, 18] | target exposure=1 samples=50 mass=0.010026 empirical_P=0.500000 theory_P=0.400000
2026-08-29 20:44:50,438 - hc_cifar10_class9_h1_IF100_alpha0p5_seed42.log - INFO - Round 36 | Global 0.5449 | Head 0.7773 | Middle 0.5590 | Tail 0.2937 | Class-9 0.0000 | best_class9 0.0000@1
2026-08-29 20:44:50,439 - hc_cifar10_class9_h1_IF100_alpha0p5_seed42.log - INFO - Round 37 selected clients: [1, 3, 7, 9, 10, 11, 15, 17] | target exposure=0 samples=0 mass=0.000000 empirical_P=0.486486 theory_P=0.400000
2026-08-29 20:45:07,204 - hc_cifar10_class9_h1_IF100_alpha0p5_seed42.log - INFO - Round 37 | Global 0.5155 | Head 0.8017 | Middle 0.5530 | Tail 0.1793 | Class-9 0.0000 | best_class9 0.0000@1
2026-08-29 20:45:07,205 - hc_cifar10_class9_h1_IF100_alpha0p5_seed42.log - INFO - Round 38 selected clients: [1, 2, 6, 9, 12, 13, 14, 18] | target exposure=1 samples=50 mass=0.010008 empirical_P=0.500000 theory_P=0.400000
2026-08-29 20:45:23,702 - hc_cifar10_class9_h1_IF100_alpha0p5_seed42.log - INFO - Round 38 | Global 0.5361 | Head 0.7940 | Middle 0.5603 | Tail 0.2460 | Class-9 0.0000 | best_class9 0.0000@1
2026-08-29 20:45:23,703 - hc_cifar10_class9_h1_IF100_alpha0p5_seed42.log - INFO - Round 39 selected clients: [0, 2, 3, 11, 12, 13, 15, 19] | target exposure=0 samples=0 mass=0.000000 empirical_P=0.487179 theory_P=0.400000
2026-08-29 20:45:40,325 - hc_cifar10_class9_h1_IF100_alpha0p5_seed42.log - INFO - Round 39 | Global 0.5463 | Head 0.7687 | Middle 0.5965 | Tail 0.2570 | Class-9 0.0000 | best_class9 0.0000@1
2026-08-29 20:45:40,326 - hc_cifar10_class9_h1_IF100_alpha0p5_seed42.log - INFO - Round 40 selected clients: [3, 7, 9, 11, 13, 14, 15, 19] | target exposure=0 samples=0 mass=0.000000 empirical_P=0.475000 theory_P=0.400000
2026-08-29 20:45:56,851 - hc_cifar10_class9_h1_IF100_alpha0p5_seed42.log - INFO - Round 40 | Global 0.5292 | Head 0.7483 | Middle 0.6025 | Tail 0.2123 | Class-9 0.0000 | best_class9 0.0000@1
2026-08-29 20:45:56,862 - hc_cifar10_class9_h1_IF100_alpha0p5_seed42.log - INFO - Round 41 selected clients: [1, 5, 6, 7, 10, 11, 14, 15] | target exposure=1 samples=50 mass=0.009996 empirical_P=0.487805 theory_P=0.400000
2026-08-29 20:46:14,068 - hc_cifar10_class9_h1_IF100_alpha0p5_seed42.log - INFO - Round 41 | Global 0.5392 | Head 0.7837 | Middle 0.5687 | Tail 0.2553 | Class-9 0.0000 | best_class9 0.0000@1
2026-08-29 20:46:14,070 - hc_cifar10_class9_h1_IF100_alpha0p5_seed42.log - INFO - Round 42 selected clients: [1, 3, 7, 9, 12, 14, 15, 19] | target exposure=0 samples=0 mass=0.000000 empirical_P=0.476190 theory_P=0.400000
2026-08-29 20:46:30,541 - hc_cifar10_class9_h1_IF100_alpha0p5_seed42.log - INFO - Round 42 | Global 0.5294 | Head 0.8053 | Middle 0.5577 | Tail 0.2157 | Class-9 0.0000 | best_class9 0.0000@1
2026-08-29 20:46:30,542 - hc_cifar10_class9_h1_IF100_alpha0p5_seed42.log - INFO - Round 43 selected clients: [0, 4, 6, 7, 9, 11, 12, 14] | target exposure=1 samples=50 mass=0.009992 empirical_P=0.488372 theory_P=0.400000
2026-08-29 20:46:47,472 - hc_cifar10_class9_h1_IF100_alpha0p5_seed42.log - INFO - Round 43 | Global 0.5228 | Head 0.7970 | Middle 0.5735 | Tail 0.1810 | Class-9 0.0000 | best_class9 0.0000@1
2026-08-29 20:46:47,473 - hc_cifar10_class9_h1_IF100_alpha0p5_seed42.log - INFO - Round 44 selected clients: [2, 6, 8, 10, 12, 13, 15, 17] | target exposure=1 samples=50 mass=0.009996 empirical_P=0.500000 theory_P=0.400000
2026-08-29 20:47:04,409 - hc_cifar10_class9_h1_IF100_alpha0p5_seed42.log - INFO - Round 44 | Global 0.5513 | Head 0.7660 | Middle 0.6070 | Tail 0.2623 | Class-9 0.0000 | best_class9 0.0000@1
2026-08-29 20:47:04,410 - hc_cifar10_class9_h1_IF100_alpha0p5_seed42.log - INFO - Round 45 selected clients: [0, 1, 4, 5, 6, 11, 12, 17] | target exposure=1 samples=50 mass=0.009978 empirical_P=0.511111 theory_P=0.400000
2026-08-29 20:47:21,209 - hc_cifar10_class9_h1_IF100_alpha0p5_seed42.log - INFO - Round 45 | Global 0.5395 | Head 0.8030 | Middle 0.5817 | Tail 0.2197 | Class-9 0.0000 | best_class9 0.0000@1
2026-08-29 20:47:21,210 - hc_cifar10_class9_h1_IF100_alpha0p5_seed42.log - INFO - Round 46 selected clients: [2, 3, 6, 7, 10, 12, 14, 16] | target exposure=1 samples=50 mass=0.010012 empirical_P=0.521739 theory_P=0.400000
2026-08-29 20:47:37,957 - hc_cifar10_class9_h1_IF100_alpha0p5_seed42.log - INFO - Round 46 | Global 0.5413 | Head 0.8013 | Middle 0.5660 | Tail 0.2483 | Class-9 0.0000 | best_class9 0.0000@1
2026-08-29 20:47:37,958 - hc_cifar10_class9_h1_IF100_alpha0p5_seed42.log - INFO - Round 47 selected clients: [1, 4, 8, 10, 11, 13, 15, 18] | target exposure=0 samples=0 mass=0.000000 empirical_P=0.510638 theory_P=0.400000
2026-08-29 20:47:54,535 - hc_cifar10_class9_h1_IF100_alpha0p5_seed42.log - INFO - Round 47 | Global 0.5326 | Head 0.8163 | Middle 0.5610 | Tail 0.2110 | Class-9 0.0000 | best_class9 0.0000@1
2026-08-29 20:47:54,536 - hc_cifar10_class9_h1_IF100_alpha0p5_seed42.log - INFO - Round 48 selected clients: [0, 3, 4, 6, 7, 8, 16, 17] | target exposure=1 samples=50 mass=0.010010 empirical_P=0.520833 theory_P=0.400000
2026-08-29 20:48:11,417 - hc_cifar10_class9_h1_IF100_alpha0p5_seed42.log - INFO - Round 48 | Global 0.5402 | Head 0.8407 | Middle 0.5467 | Tail 0.2310 | Class-9 0.0000 | best_class9 0.0000@1
2026-08-29 20:48:11,418 - hc_cifar10_class9_h1_IF100_alpha0p5_seed42.log - INFO - Round 49 selected clients: [0, 4, 5, 7, 10, 15, 17, 18] | target exposure=0 samples=0 mass=0.000000 empirical_P=0.510204 theory_P=0.400000
2026-08-29 20:48:29,298 - hc_cifar10_class9_h1_IF100_alpha0p5_seed42.log - INFO - Round 49 | Global 0.5544 | Head 0.8120 | Middle 0.5975 | Tail 0.2393 | Class-9 0.0000 | best_class9 0.0000@1
2026-08-29 20:48:29,299 - hc_cifar10_class9_h1_IF100_alpha0p5_seed42.log - INFO - Round 50 selected clients: [0, 2, 6, 11, 12, 13, 14, 17] | target exposure=1 samples=50 mass=0.009980 empirical_P=0.520000 theory_P=0.400000
2026-08-29 20:48:45,905 - hc_cifar10_class9_h1_IF100_alpha0p5_seed42.log - INFO - Round 50 | Global 0.5592 | Head 0.7900 | Middle 0.6050 | Tail 0.2673 | Class-9 0.0000 | best_class9 0.0000@1
2026-08-29 20:48:45,915 - hc_cifar10_class9_h1_IF100_alpha0p5_seed42.log - INFO - Round 51 selected clients: [0, 1, 9, 11, 13, 16, 17, 19] | target exposure=0 samples=0 mass=0.000000 empirical_P=0.509804 theory_P=0.400000
2026-08-29 20:49:01,736 - hc_cifar10_class9_h1_IF100_alpha0p5_seed42.log - INFO - Round 51 | Global 0.5537 | Head 0.8243 | Middle 0.5290 | Tail 0.3160 | Class-9 0.0000 | best_class9 0.0000@1
2026-08-29 20:49:01,736 - hc_cifar10_class9_h1_IF100_alpha0p5_seed42.log - INFO - Round 52 selected clients: [0, 3, 6, 8, 12, 15, 17, 19] | target exposure=1 samples=50 mass=0.010046 empirical_P=0.519231 theory_P=0.400000
2026-08-29 20:49:16,760 - hc_cifar10_class9_h1_IF100_alpha0p5_seed42.log - INFO - Round 52 | Global 0.5509 | Head 0.7950 | Middle 0.5507 | Tail 0.3070 | Class-9 0.0000 | best_class9 0.0000@1
2026-08-29 20:49:16,760 - hc_cifar10_class9_h1_IF100_alpha0p5_seed42.log - INFO - Round 53 selected clients: [1, 6, 7, 8, 9, 11, 12, 15] | target exposure=1 samples=50 mass=0.010008 empirical_P=0.528302 theory_P=0.400000
2026-08-29 20:49:33,162 - hc_cifar10_class9_h1_IF100_alpha0p5_seed42.log - INFO - Round 53 | Global 0.5531 | Head 0.8017 | Middle 0.5830 | Tail 0.2647 | Class-9 0.0000 | best_class9 0.0000@1
2026-08-29 20:49:33,163 - hc_cifar10_class9_h1_IF100_alpha0p5_seed42.log - INFO - Round 54 selected clients: [3, 9, 11, 12, 13, 14, 16, 18] | target exposure=0 samples=0 mass=0.000000 empirical_P=0.518519 theory_P=0.400000
2026-08-29 20:49:49,858 - hc_cifar10_class9_h1_IF100_alpha0p5_seed42.log - INFO - Round 54 | Global 0.5623 | Head 0.8243 | Middle 0.5810 | Tail 0.2753 | Class-9 0.0000 | best_class9 0.0000@1
2026-08-29 20:49:49,858 - hc_cifar10_class9_h1_IF100_alpha0p5_seed42.log - INFO - Round 55 selected clients: [3, 6, 9, 13, 14, 16, 17, 19] | target exposure=1 samples=50 mass=0.010046 empirical_P=0.527273 theory_P=0.400000
2026-08-29 20:50:07,179 - hc_cifar10_class9_h1_IF100_alpha0p5_seed42.log - INFO - Round 55 | Global 0.5838 | Head 0.7987 | Middle 0.5970 | Tail 0.3513 | Class-9 0.0000 | best_class9 0.0000@1
2026-08-29 20:50:07,179 - hc_cifar10_class9_h1_IF100_alpha0p5_seed42.log - INFO - Round 56 selected clients: [0, 4, 5, 10, 14, 15, 17, 19] | target exposure=0 samples=0 mass=0.000000 empirical_P=0.517857 theory_P=0.400000
2026-08-29 20:50:24,628 - hc_cifar10_class9_h1_IF100_alpha0p5_seed42.log - INFO - Round 56 | Global 0.5755 | Head 0.8157 | Middle 0.5948 | Tail 0.3097 | Class-9 0.0000 | best_class9 0.0000@1
2026-08-29 20:50:24,628 - hc_cifar10_class9_h1_IF100_alpha0p5_seed42.log - INFO - Round 57 selected clients: [0, 3, 4, 8, 9, 10, 15, 18] | target exposure=0 samples=0 mass=0.000000 empirical_P=0.508772 theory_P=0.400000
2026-08-29 20:50:42,074 - hc_cifar10_class9_h1_IF100_alpha0p5_seed42.log - INFO - Round 57 | Global 0.5626 | Head 0.8193 | Middle 0.5935 | Tail 0.2647 | Class-9 0.0000 | best_class9 0.0000@1
2026-08-29 20:50:42,074 - hc_cifar10_class9_h1_IF100_alpha0p5_seed42.log - INFO - Round 58 selected clients: [2, 7, 8, 11, 12, 13, 14, 15] | target exposure=0 samples=0 mass=0.000000 empirical_P=0.500000 theory_P=0.400000
2026-08-29 20:50:58,206 - hc_cifar10_class9_h1_IF100_alpha0p5_seed42.log - INFO - Round 58 | Global 0.5560 | Head 0.8207 | Middle 0.6205 | Tail 0.2053 | Class-9 0.0000 | best_class9 0.0000@1
2026-08-29 20:50:58,206 - hc_cifar10_class9_h1_IF100_alpha0p5_seed42.log - INFO - Round 59 selected clients: [0, 5, 6, 8, 13, 15, 16, 17] | target exposure=1 samples=50 mass=0.009996 empirical_P=0.508475 theory_P=0.400000
2026-08-29 20:51:13,779 - hc_cifar10_class9_h1_IF100_alpha0p5_seed42.log - INFO - Round 59 | Global 0.5856 | Head 0.8023 | Middle 0.6105 | Tail 0.3357 | Class-9 0.0000 | best_class9 0.0000@1
2026-08-29 20:51:13,779 - hc_cifar10_class9_h1_IF100_alpha0p5_seed42.log - INFO - Round 60 selected clients: [0, 2, 3, 4, 8, 11, 13, 15] | target exposure=0 samples=0 mass=0.000000 empirical_P=0.500000 theory_P=0.400000
2026-08-29 20:51:31,083 - hc_cifar10_class9_h1_IF100_alpha0p5_seed42.log - INFO - Round 60 | Global 0.5585 | Head 0.8087 | Middle 0.6118 | Tail 0.2373 | Class-9 0.0000 | best_class9 0.0000@1
2026-08-29 20:51:31,095 - hc_cifar10_class9_h1_IF100_alpha0p5_seed42.log - INFO - Round 61 selected clients: [0, 1, 3, 6, 10, 13, 15, 19] | target exposure=1 samples=50 mass=0.010044 empirical_P=0.508197 theory_P=0.400000
2026-08-29 20:51:48,023 - hc_cifar10_class9_h1_IF100_alpha0p5_seed42.log - INFO - Round 61 | Global 0.5524 | Head 0.8070 | Middle 0.5615 | Tail 0.2857 | Class-9 0.0000 | best_class9 0.0000@1
2026-08-29 20:51:48,033 - hc_cifar10_class9_h1_IF100_alpha0p5_seed42.log - INFO - Round 62 selected clients: [1, 2, 5, 6, 10, 12, 17, 18] | target exposure=1 samples=50 mass=0.009996 empirical_P=0.516129 theory_P=0.400000
2026-08-29 20:52:04,831 - hc_cifar10_class9_h1_IF100_alpha0p5_seed42.log - INFO - Round 62 | Global 0.6019 | Head 0.7760 | Middle 0.6192 | Tail 0.4047 | Class-9 0.0000 | best_class9 0.0000@1
2026-08-29 20:52:04,831 - hc_cifar10_class9_h1_IF100_alpha0p5_seed42.log - INFO - Round 63 selected clients: [3, 4, 7, 8, 9, 11, 13, 16] | target exposure=0 samples=0 mass=0.000000 empirical_P=0.507937 theory_P=0.400000
2026-08-29 20:52:21,313 - hc_cifar10_class9_h1_IF100_alpha0p5_seed42.log - INFO - Round 63 | Global 0.5757 | Head 0.8283 | Middle 0.5980 | Tail 0.2933 | Class-9 0.0000 | best_class9 0.0000@1
2026-08-29 20:52:21,324 - hc_cifar10_class9_h1_IF100_alpha0p5_seed42.log - INFO - Round 64 selected clients: [1, 2, 4, 9, 11, 12, 13, 18] | target exposure=0 samples=0 mass=0.000000 empirical_P=0.500000 theory_P=0.400000
2026-08-29 20:52:37,900 - hc_cifar10_class9_h1_IF100_alpha0p5_seed42.log - INFO - Round 64 | Global 0.5945 | Head 0.8053 | Middle 0.6462 | Tail 0.3147 | Class-9 0.0000 | best_class9 0.0000@1
2026-08-29 20:52:37,900 - hc_cifar10_class9_h1_IF100_alpha0p5_seed42.log - INFO - Round 65 selected clients: [3, 4, 6, 8, 9, 11, 17, 19] | target exposure=1 samples=50 mass=0.010044 empirical_P=0.507692 theory_P=0.400000
2026-08-29 20:52:54,267 - hc_cifar10_class9_h1_IF100_alpha0p5_seed42.log - INFO - Round 65 | Global 0.5906 | Head 0.7463 | Middle 0.6362 | Tail 0.3740 | Class-9 0.0000 | best_class9 0.0000@1
2026-08-29 20:52:54,267 - hc_cifar10_class9_h1_IF100_alpha0p5_seed42.log - INFO - Round 66 selected clients: [3, 4, 5, 7, 8, 12, 15, 16] | target exposure=0 samples=0 mass=0.000000 empirical_P=0.500000 theory_P=0.400000
2026-08-29 20:53:11,263 - hc_cifar10_class9_h1_IF100_alpha0p5_seed42.log - INFO - Round 66 | Global 0.5795 | Head 0.7943 | Middle 0.6325 | Tail 0.2940 | Class-9 0.0000 | best_class9 0.0000@1
2026-08-29 20:53:11,273 - hc_cifar10_class9_h1_IF100_alpha0p5_seed42.log - INFO - Round 67 selected clients: [3, 5, 6, 8, 10, 13, 17, 18] | target exposure=1 samples=50 mass=0.010030 empirical_P=0.507463 theory_P=0.400000
2026-08-29 20:53:28,476 - hc_cifar10_class9_h1_IF100_alpha0p5_seed42.log - INFO - Round 67 | Global 0.6003 | Head 0.7740 | Middle 0.6318 | Tail 0.3847 | Class-9 0.0000 | best_class9 0.0000@1
2026-08-29 20:53:28,476 - hc_cifar10_class9_h1_IF100_alpha0p5_seed42.log - INFO - Round 68 selected clients: [1, 5, 7, 8, 11, 12, 18, 19] | target exposure=0 samples=0 mass=0.000000 empirical_P=0.500000 theory_P=0.400000
2026-08-29 20:53:45,308 - hc_cifar10_class9_h1_IF100_alpha0p5_seed42.log - INFO - Round 68 | Global 0.5878 | Head 0.7753 | Middle 0.6132 | Tail 0.3663 | Class-9 0.0000 | best_class9 0.0000@1
2026-08-29 20:53:45,308 - hc_cifar10_class9_h1_IF100_alpha0p5_seed42.log - INFO - Round 69 selected clients: [0, 7, 8, 12, 13, 15, 16, 17] | target exposure=0 samples=0 mass=0.000000 empirical_P=0.492754 theory_P=0.400000
2026-08-29 20:54:01,920 - hc_cifar10_class9_h1_IF100_alpha0p5_seed42.log - INFO - Round 69 | Global 0.5817 | Head 0.8147 | Middle 0.6022 | Tail 0.3213 | Class-9 0.0000 | best_class9 0.0000@1
2026-08-29 20:54:01,920 - hc_cifar10_class9_h1_IF100_alpha0p5_seed42.log - INFO - Round 70 selected clients: [3, 4, 5, 10, 12, 15, 17, 19] | target exposure=0 samples=0 mass=0.000000 empirical_P=0.485714 theory_P=0.400000
2026-08-29 20:54:18,051 - hc_cifar10_class9_h1_IF100_alpha0p5_seed42.log - INFO - Round 70 | Global 0.5859 | Head 0.7953 | Middle 0.6345 | Tail 0.3117 | Class-9 0.0000 | best_class9 0.0000@1
2026-08-29 20:54:18,068 - hc_cifar10_class9_h1_IF100_alpha0p5_seed42.log - INFO - Round 71 selected clients: [0, 2, 6, 7, 11, 13, 16, 19] | target exposure=1 samples=50 mass=0.010000 empirical_P=0.492958 theory_P=0.400000
2026-08-29 20:54:34,396 - hc_cifar10_class9_h1_IF100_alpha0p5_seed42.log - INFO - Round 71 | Global 0.6086 | Head 0.7920 | Middle 0.6408 | Tail 0.3823 | Class-9 0.0000 | best_class9 0.0000@1
2026-08-29 20:54:34,396 - hc_cifar10_class9_h1_IF100_alpha0p5_seed42.log - INFO - Round 72 selected clients: [2, 3, 10, 13, 15, 16, 17, 18] | target exposure=0 samples=0 mass=0.000000 empirical_P=0.486111 theory_P=0.400000
2026-08-29 20:54:50,663 - hc_cifar10_class9_h1_IF100_alpha0p5_seed42.log - INFO - Round 72 | Global 0.6119 | Head 0.7690 | Middle 0.6510 | Tail 0.4027 | Class-9 0.0000 | best_class9 0.0000@1
2026-08-29 20:54:50,672 - hc_cifar10_class9_h1_IF100_alpha0p5_seed42.log - INFO - Round 73 selected clients: [1, 4, 5, 8, 9, 11, 12, 13] | target exposure=0 samples=0 mass=0.000000 empirical_P=0.479452 theory_P=0.400000
2026-08-29 20:55:07,086 - hc_cifar10_class9_h1_IF100_alpha0p5_seed42.log - INFO - Round 73 | Global 0.5862 | Head 0.7667 | Middle 0.6703 | Tail 0.2937 | Class-9 0.0000 | best_class9 0.0000@1
2026-08-29 20:55:07,086 - hc_cifar10_class9_h1_IF100_alpha0p5_seed42.log - INFO - Round 74 selected clients: [4, 5, 6, 7, 9, 15, 17, 19] | target exposure=1 samples=50 mass=0.010028 empirical_P=0.486486 theory_P=0.400000
2026-08-29 20:55:23,242 - hc_cifar10_class9_h1_IF100_alpha0p5_seed42.log - INFO - Round 74 | Global 0.6019 | Head 0.7837 | Middle 0.6585 | Tail 0.3447 | Class-9 0.0000 | best_class9 0.0000@1
2026-08-29 20:55:23,242 - hc_cifar10_class9_h1_IF100_alpha0p5_seed42.log - INFO - Round 75 selected clients: [0, 3, 8, 12, 16, 17, 18, 19] | target exposure=0 samples=0 mass=0.000000 empirical_P=0.480000 theory_P=0.400000
2026-08-29 20:55:39,680 - hc_cifar10_class9_h1_IF100_alpha0p5_seed42.log - INFO - Round 75 | Global 0.5894 | Head 0.8210 | Middle 0.5727 | Tail 0.3800 | Class-9 0.0000 | best_class9 0.0000@1
2026-08-29 20:55:39,680 - hc_cifar10_class9_h1_IF100_alpha0p5_seed42.log - INFO - Round 76 selected clients: [1, 3, 5, 8, 10, 12, 15, 18] | target exposure=0 samples=0 mass=0.000000 empirical_P=0.473684 theory_P=0.400000
2026-08-29 20:55:56,488 - hc_cifar10_class9_h1_IF100_alpha0p5_seed42.log - INFO - Round 76 | Global 0.5808 | Head 0.7923 | Middle 0.6018 | Tail 0.3413 | Class-9 0.0000 | best_class9 0.0000@1
2026-08-29 20:55:56,488 - hc_cifar10_class9_h1_IF100_alpha0p5_seed42.log - INFO - Round 77 selected clients: [1, 2, 3, 7, 10, 11, 17, 18] | target exposure=0 samples=0 mass=0.000000 empirical_P=0.467532 theory_P=0.400000
2026-08-29 20:56:12,866 - hc_cifar10_class9_h1_IF100_alpha0p5_seed42.log - INFO - Round 77 | Global 0.5867 | Head 0.7650 | Middle 0.6315 | Tail 0.3487 | Class-9 0.0000 | best_class9 0.0000@1
2026-08-29 20:56:12,866 - hc_cifar10_class9_h1_IF100_alpha0p5_seed42.log - INFO - Round 78 selected clients: [3, 4, 5, 8, 11, 12, 13, 14] | target exposure=0 samples=0 mass=0.000000 empirical_P=0.461538 theory_P=0.400000
2026-08-29 20:56:29,339 - hc_cifar10_class9_h1_IF100_alpha0p5_seed42.log - INFO - Round 78 | Global 0.5863 | Head 0.7993 | Middle 0.6398 | Tail 0.3020 | Class-9 0.0000 | best_class9 0.0000@1
2026-08-29 20:56:29,339 - hc_cifar10_class9_h1_IF100_alpha0p5_seed42.log - INFO - Round 79 selected clients: [2, 4, 9, 10, 13, 15, 17, 18] | target exposure=0 samples=0 mass=0.000000 empirical_P=0.455696 theory_P=0.400000
2026-08-29 20:56:45,900 - hc_cifar10_class9_h1_IF100_alpha0p5_seed42.log - INFO - Round 79 | Global 0.6020 | Head 0.7307 | Middle 0.6552 | Tail 0.4023 | Class-9 0.0000 | best_class9 0.0000@1
2026-08-29 20:56:45,900 - hc_cifar10_class9_h1_IF100_alpha0p5_seed42.log - INFO - Round 80 selected clients: [5, 7, 8, 11, 13, 14, 15, 18] | target exposure=0 samples=0 mass=0.000000 empirical_P=0.450000 theory_P=0.400000
2026-08-29 20:57:02,866 - hc_cifar10_class9_h1_IF100_alpha0p5_seed42.log - INFO - Round 80 | Global 0.5942 | Head 0.8207 | Middle 0.6315 | Tail 0.3180 | Class-9 0.0000 | best_class9 0.0000@1
2026-08-29 20:57:02,876 - hc_cifar10_class9_h1_IF100_alpha0p5_seed42.log - INFO - Round 81 selected clients: [5, 8, 9, 10, 14, 15, 17, 19] | target exposure=0 samples=0 mass=0.000000 empirical_P=0.444444 theory_P=0.400000
2026-08-29 20:57:19,151 - hc_cifar10_class9_h1_IF100_alpha0p5_seed42.log - INFO - Round 81 | Global 0.5902 | Head 0.7690 | Middle 0.6518 | Tail 0.3293 | Class-9 0.0000 | best_class9 0.0000@1
2026-08-29 20:57:19,151 - hc_cifar10_class9_h1_IF100_alpha0p5_seed42.log - INFO - Round 82 selected clients: [0, 2, 9, 12, 13, 15, 16, 19] | target exposure=0 samples=0 mass=0.000000 empirical_P=0.439024 theory_P=0.400000
2026-08-29 20:57:36,283 - hc_cifar10_class9_h1_IF100_alpha0p5_seed42.log - INFO - Round 82 | Global 0.6172 | Head 0.7723 | Middle 0.6530 | Tail 0.4143 | Class-9 0.0000 | best_class9 0.0000@1
2026-08-29 20:57:36,283 - hc_cifar10_class9_h1_IF100_alpha0p5_seed42.log - INFO - Round 83 selected clients: [3, 4, 5, 6, 7, 11, 14, 15] | target exposure=1 samples=50 mass=0.010026 empirical_P=0.445783 theory_P=0.400000
2026-08-29 20:57:52,583 - hc_cifar10_class9_h1_IF100_alpha0p5_seed42.log - INFO - Round 83 | Global 0.5957 | Head 0.8010 | Middle 0.6545 | Tail 0.3120 | Class-9 0.0000 | best_class9 0.0000@1
2026-08-29 20:57:52,583 - hc_cifar10_class9_h1_IF100_alpha0p5_seed42.log - INFO - Round 84 selected clients: [3, 4, 5, 6, 13, 14, 15, 18] | target exposure=1 samples=50 mass=0.010042 empirical_P=0.452381 theory_P=0.400000
2026-08-29 20:58:09,208 - hc_cifar10_class9_h1_IF100_alpha0p5_seed42.log - INFO - Round 84 | Global 0.6032 | Head 0.8070 | Middle 0.6088 | Tail 0.3920 | Class-9 0.0000 | best_class9 0.0000@1
2026-08-29 20:58:09,208 - hc_cifar10_class9_h1_IF100_alpha0p5_seed42.log - INFO - Round 85 selected clients: [0, 5, 6, 9, 12, 15, 16, 18] | target exposure=1 samples=50 mass=0.010024 empirical_P=0.458824 theory_P=0.400000
2026-08-29 20:58:25,615 - hc_cifar10_class9_h1_IF100_alpha0p5_seed42.log - INFO - Round 85 | Global 0.6105 | Head 0.7840 | Middle 0.6462 | Tail 0.3893 | Class-9 0.0000 | best_class9 0.0000@1
2026-08-29 20:58:25,615 - hc_cifar10_class9_h1_IF100_alpha0p5_seed42.log - INFO - Round 86 selected clients: [0, 2, 3, 6, 8, 11, 13, 16] | target exposure=1 samples=50 mass=0.010010 empirical_P=0.465116 theory_P=0.400000
2026-08-29 20:58:42,238 - hc_cifar10_class9_h1_IF100_alpha0p5_seed42.log - INFO - Round 86 | Global 0.6140 | Head 0.8230 | Middle 0.6358 | Tail 0.3760 | Class-9 0.0000 | best_class9 0.0000@1
2026-08-29 20:58:42,238 - hc_cifar10_class9_h1_IF100_alpha0p5_seed42.log - INFO - Round 87 selected clients: [3, 4, 6, 8, 9, 11, 13, 15] | target exposure=1 samples=50 mass=0.010038 empirical_P=0.471264 theory_P=0.400000
2026-08-29 20:58:59,163 - hc_cifar10_class9_h1_IF100_alpha0p5_seed42.log - INFO - Round 87 | Global 0.6076 | Head 0.8263 | Middle 0.6418 | Tail 0.3433 | Class-9 0.0000 | best_class9 0.0000@1
2026-08-29 20:58:59,163 - hc_cifar10_class9_h1_IF100_alpha0p5_seed42.log - INFO - Round 88 selected clients: [0, 1, 2, 7, 13, 15, 16, 18] | target exposure=0 samples=0 mass=0.000000 empirical_P=0.465909 theory_P=0.400000
2026-08-29 20:59:16,111 - hc_cifar10_class9_h1_IF100_alpha0p5_seed42.log - INFO - Round 88 | Global 0.6076 | Head 0.8210 | Middle 0.6362 | Tail 0.3560 | Class-9 0.0000 | best_class9 0.0000@1
2026-08-29 20:59:16,111 - hc_cifar10_class9_h1_IF100_alpha0p5_seed42.log - INFO - Round 89 selected clients: [2, 4, 5, 7, 9, 10, 15, 18] | target exposure=0 samples=0 mass=0.000000 empirical_P=0.460674 theory_P=0.400000
2026-08-29 20:59:32,430 - hc_cifar10_class9_h1_IF100_alpha0p5_seed42.log - INFO - Round 89 | Global 0.5948 | Head 0.8217 | Middle 0.6110 | Tail 0.3463 | Class-9 0.0000 | best_class9 0.0000@1
2026-08-29 20:59:32,440 - hc_cifar10_class9_h1_IF100_alpha0p5_seed42.log - INFO - Round 90 selected clients: [0, 2, 7, 10, 12, 14, 17, 19] | target exposure=0 samples=0 mass=0.000000 empirical_P=0.455556 theory_P=0.400000
2026-08-29 20:59:48,445 - hc_cifar10_class9_h1_IF100_alpha0p5_seed42.log - INFO - Round 90 | Global 0.6120 | Head 0.7843 | Middle 0.6653 | Tail 0.3687 | Class-9 0.0000 | best_class9 0.0000@1
2026-08-29 20:59:48,460 - hc_cifar10_class9_h1_IF100_alpha0p5_seed42.log - INFO - Round 91 selected clients: [1, 4, 5, 6, 7, 8, 17, 18] | target exposure=1 samples=50 mass=0.009996 empirical_P=0.461538 theory_P=0.400000
2026-08-29 21:00:04,508 - hc_cifar10_class9_h1_IF100_alpha0p5_seed42.log - INFO - Round 91 | Global 0.6206 | Head 0.7943 | Middle 0.6502 | Tail 0.4073 | Class-9 0.0000 | best_class9 0.0000@1
2026-08-29 21:00:04,508 - hc_cifar10_class9_h1_IF100_alpha0p5_seed42.log - INFO - Round 92 selected clients: [4, 5, 7, 9, 11, 15, 17, 19] | target exposure=0 samples=0 mass=0.000000 empirical_P=0.456522 theory_P=0.400000
2026-08-29 21:00:20,926 - hc_cifar10_class9_h1_IF100_alpha0p5_seed42.log - INFO - Round 92 | Global 0.6202 | Head 0.8050 | Middle 0.6620 | Tail 0.3797 | Class-9 0.0000 | best_class9 0.0000@1
2026-08-29 21:00:20,926 - hc_cifar10_class9_h1_IF100_alpha0p5_seed42.log - INFO - Round 93 selected clients: [0, 1, 6, 8, 9, 15, 17, 18] | target exposure=1 samples=50 mass=0.010022 empirical_P=0.462366 theory_P=0.400000
2026-08-29 21:00:37,093 - hc_cifar10_class9_h1_IF100_alpha0p5_seed42.log - INFO - Round 93 | Global 0.6109 | Head 0.7723 | Middle 0.6515 | Tail 0.3953 | Class-9 0.0010 | best_class9 0.0010@93
2026-08-29 21:00:37,093 - hc_cifar10_class9_h1_IF100_alpha0p5_seed42.log - INFO - Round 94 selected clients: [3, 4, 6, 9, 10, 16, 18, 19] | target exposure=1 samples=50 mass=0.010060 empirical_P=0.468085 theory_P=0.400000
2026-08-29 21:00:52,900 - hc_cifar10_class9_h1_IF100_alpha0p5_seed42.log - INFO - Round 94 | Global 0.6159 | Head 0.8023 | Middle 0.6430 | Tail 0.3933 | Class-9 0.0010 | best_class9 0.0010@93
2026-08-29 21:00:52,900 - hc_cifar10_class9_h1_IF100_alpha0p5_seed42.log - INFO - Round 95 selected clients: [1, 4, 5, 7, 9, 12, 16, 17] | target exposure=0 samples=0 mass=0.000000 empirical_P=0.463158 theory_P=0.400000
2026-08-29 21:01:08,790 - hc_cifar10_class9_h1_IF100_alpha0p5_seed42.log - INFO - Round 95 | Global 0.6042 | Head 0.7967 | Middle 0.6475 | Tail 0.3540 | Class-9 0.0010 | best_class9 0.0010@93
2026-08-29 21:01:08,790 - hc_cifar10_class9_h1_IF100_alpha0p5_seed42.log - INFO - Round 96 selected clients: [2, 3, 6, 9, 11, 14, 15, 17] | target exposure=1 samples=50 mass=0.010038 empirical_P=0.468750 theory_P=0.400000
2026-08-29 21:01:24,371 - hc_cifar10_class9_h1_IF100_alpha0p5_seed42.log - INFO - Round 96 | Global 0.6154 | Head 0.7743 | Middle 0.6760 | Tail 0.3757 | Class-9 0.0060 | best_class9 0.0060@96
2026-08-29 21:01:24,371 - hc_cifar10_class9_h1_IF100_alpha0p5_seed42.log - INFO - Round 97 selected clients: [1, 2, 4, 6, 9, 10, 12, 19] | target exposure=1 samples=50 mass=0.010010 empirical_P=0.474227 theory_P=0.400000
2026-08-29 21:01:40,119 - hc_cifar10_class9_h1_IF100_alpha0p5_seed42.log - INFO - Round 97 | Global 0.6198 | Head 0.7743 | Middle 0.6780 | Tail 0.3877 | Class-9 0.0100 | best_class9 0.0100@97
2026-08-29 21:01:40,119 - hc_cifar10_class9_h1_IF100_alpha0p5_seed42.log - INFO - Round 98 selected clients: [2, 4, 7, 10, 14, 15, 17, 19] | target exposure=0 samples=0 mass=0.000000 empirical_P=0.469388 theory_P=0.400000
2026-08-29 21:01:56,235 - hc_cifar10_class9_h1_IF100_alpha0p5_seed42.log - INFO - Round 98 | Global 0.6107 | Head 0.7867 | Middle 0.6713 | Tail 0.3540 | Class-9 0.0020 | best_class9 0.0100@97
2026-08-29 21:01:56,235 - hc_cifar10_class9_h1_IF100_alpha0p5_seed42.log - INFO - Round 99 selected clients: [0, 3, 4, 9, 13, 14, 16, 19] | target exposure=0 samples=0 mass=0.000000 empirical_P=0.464646 theory_P=0.400000
2026-08-29 21:02:13,141 - hc_cifar10_class9_h1_IF100_alpha0p5_seed42.log - INFO - Round 99 | Global 0.6122 | Head 0.8220 | Middle 0.6108 | Tail 0.4043 | Class-9 0.0000 | best_class9 0.0100@97
2026-08-29 21:02:13,141 - hc_cifar10_class9_h1_IF100_alpha0p5_seed42.log - INFO - Round 100 selected clients: [0, 4, 6, 7, 10, 11, 12, 17] | target exposure=1 samples=50 mass=0.009980 empirical_P=0.470000 theory_P=0.400000
2026-08-29 21:02:29,169 - hc_cifar10_class9_h1_IF100_alpha0p5_seed42.log - INFO - Round 100 | Global 0.6120 | Head 0.8310 | Middle 0.6430 | Tail 0.3517 | Class-9 0.0000 | best_class9 0.0100@97
2026-08-29 21:02:29,183 - hc_cifar10_class9_h1_IF100_alpha0p5_seed42.log - INFO - Round 101 selected clients: [0, 8, 9, 10, 11, 14, 15, 17] | target exposure=0 samples=0 mass=0.000000 empirical_P=0.465347 theory_P=0.400000
2026-08-29 21:02:45,588 - hc_cifar10_class9_h1_IF100_alpha0p5_seed42.log - INFO - Round 101 | Global 0.5979 | Head 0.8160 | Middle 0.6425 | Tail 0.3203 | Class-9 0.0010 | best_class9 0.0100@97
2026-08-29 21:02:45,588 - hc_cifar10_class9_h1_IF100_alpha0p5_seed42.log - INFO - Round 102 selected clients: [1, 5, 8, 10, 12, 13, 16, 17] | target exposure=0 samples=0 mass=0.000000 empirical_P=0.460784 theory_P=0.400000
2026-08-29 21:03:01,911 - hc_cifar10_class9_h1_IF100_alpha0p5_seed42.log - INFO - Round 102 | Global 0.5989 | Head 0.8510 | Middle 0.6245 | Tail 0.3127 | Class-9 0.0000 | best_class9 0.0100@97
2026-08-29 21:03:01,911 - hc_cifar10_class9_h1_IF100_alpha0p5_seed42.log - INFO - Round 103 selected clients: [0, 4, 7, 9, 10, 11, 12, 19] | target exposure=0 samples=0 mass=0.000000 empirical_P=0.456311 theory_P=0.400000
2026-08-29 21:03:18,410 - hc_cifar10_class9_h1_IF100_alpha0p5_seed42.log - INFO - Round 103 | Global 0.6016 | Head 0.8357 | Middle 0.6470 | Tail 0.3070 | Class-9 0.0000 | best_class9 0.0100@97
2026-08-29 21:03:18,410 - hc_cifar10_class9_h1_IF100_alpha0p5_seed42.log - INFO - Round 104 selected clients: [4, 5, 8, 10, 12, 13, 15, 16] | target exposure=0 samples=0 mass=0.000000 empirical_P=0.451923 theory_P=0.400000
2026-08-29 21:03:34,586 - hc_cifar10_class9_h1_IF100_alpha0p5_seed42.log - INFO - Round 104 | Global 0.5959 | Head 0.8273 | Middle 0.6498 | Tail 0.2927 | Class-9 0.0000 | best_class9 0.0100@97
2026-08-29 21:03:34,586 - hc_cifar10_class9_h1_IF100_alpha0p5_seed42.log - INFO - Round 105 selected clients: [3, 4, 7, 9, 12, 15, 18, 19] | target exposure=0 samples=0 mass=0.000000 empirical_P=0.447619 theory_P=0.400000
2026-08-29 21:03:50,322 - hc_cifar10_class9_h1_IF100_alpha0p5_seed42.log - INFO - Round 105 | Global 0.6229 | Head 0.7813 | Middle 0.6753 | Tail 0.3947 | Class-9 0.0000 | best_class9 0.0100@97
2026-08-29 21:03:50,322 - hc_cifar10_class9_h1_IF100_alpha0p5_seed42.log - INFO - Round 106 selected clients: [1, 3, 6, 7, 11, 15, 16, 18] | target exposure=1 samples=50 mass=0.010042 empirical_P=0.452830 theory_P=0.400000
2026-08-29 21:04:06,948 - hc_cifar10_class9_h1_IF100_alpha0p5_seed42.log - INFO - Round 106 | Global 0.6173 | Head 0.8037 | Middle 0.6432 | Tail 0.3963 | Class-9 0.0000 | best_class9 0.0100@97
2026-08-29 21:04:06,948 - hc_cifar10_class9_h1_IF100_alpha0p5_seed42.log - INFO - Round 107 selected clients: [1, 2, 6, 8, 9, 12, 17, 19] | target exposure=1 samples=50 mass=0.010012 empirical_P=0.457944 theory_P=0.400000
2026-08-29 21:04:23,098 - hc_cifar10_class9_h1_IF100_alpha0p5_seed42.log - INFO - Round 107 | Global 0.6361 | Head 0.7913 | Middle 0.6723 | Tail 0.4327 | Class-9 0.0110 | best_class9 0.0110@107
2026-08-29 21:04:23,098 - hc_cifar10_class9_h1_IF100_alpha0p5_seed42.log - INFO - Round 108 selected clients: [1, 6, 7, 8, 11, 13, 14, 17] | target exposure=1 samples=50 mass=0.009982 empirical_P=0.462963 theory_P=0.400000
2026-08-29 21:04:40,105 - hc_cifar10_class9_h1_IF100_alpha0p5_seed42.log - INFO - Round 108 | Global 0.6118 | Head 0.8143 | Middle 0.6370 | Tail 0.3757 | Class-9 0.0040 | best_class9 0.0110@107
2026-08-29 21:04:40,105 - hc_cifar10_class9_h1_IF100_alpha0p5_seed42.log - INFO - Round 109 selected clients: [0, 2, 4, 7, 8, 9, 12, 16] | target exposure=0 samples=0 mass=0.000000 empirical_P=0.458716 theory_P=0.400000
2026-08-29 21:04:56,559 - hc_cifar10_class9_h1_IF100_alpha0p5_seed42.log - INFO - Round 109 | Global 0.6194 | Head 0.8340 | Middle 0.6378 | Tail 0.3803 | Class-9 0.0000 | best_class9 0.0110@107
2026-08-29 21:04:56,559 - hc_cifar10_class9_h1_IF100_alpha0p5_seed42.log - INFO - Round 110 selected clients: [2, 3, 7, 8, 12, 16, 18, 19] | target exposure=0 samples=0 mass=0.000000 empirical_P=0.454545 theory_P=0.400000
2026-08-29 21:05:12,101 - hc_cifar10_class9_h1_IF100_alpha0p5_seed42.log - INFO - Round 110 | Global 0.6347 | Head 0.7910 | Middle 0.6597 | Tail 0.4450 | Class-9 0.0060 | best_class9 0.0110@107
2026-08-29 21:05:12,114 - hc_cifar10_class9_h1_IF100_alpha0p5_seed42.log - INFO - Round 111 selected clients: [5, 6, 7, 10, 11, 15, 16, 18] | target exposure=1 samples=50 mass=0.010014 empirical_P=0.459459 theory_P=0.400000
2026-08-29 21:05:28,254 - hc_cifar10_class9_h1_IF100_alpha0p5_seed42.log - INFO - Round 111 | Global 0.5986 | Head 0.7973 | Middle 0.5865 | Tail 0.4160 | Class-9 0.0050 | best_class9 0.0110@107
2026-08-29 21:05:28,254 - hc_cifar10_class9_h1_IF100_alpha0p5_seed42.log - INFO - Round 112 selected clients: [0, 4, 6, 7, 9, 13, 15, 16] | target exposure=1 samples=50 mass=0.010006 empirical_P=0.464286 theory_P=0.400000
2026-08-29 21:05:45,001 - hc_cifar10_class9_h1_IF100_alpha0p5_seed42.log - INFO - Round 112 | Global 0.6097 | Head 0.8367 | Middle 0.6075 | Tail 0.3857 | Class-9 0.0060 | best_class9 0.0110@107
2026-08-29 21:05:45,001 - hc_cifar10_class9_h1_IF100_alpha0p5_seed42.log - INFO - Round 113 selected clients: [1, 3, 5, 7, 13, 15, 18, 19] | target exposure=0 samples=0 mass=0.000000 empirical_P=0.460177 theory_P=0.400000
2026-08-29 21:06:01,010 - hc_cifar10_class9_h1_IF100_alpha0p5_seed42.log - INFO - Round 113 | Global 0.6076 | Head 0.7717 | Middle 0.6358 | Tail 0.4060 | Class-9 0.0230 | best_class9 0.0230@113
2026-08-29 21:06:01,011 - hc_cifar10_class9_h1_IF100_alpha0p5_seed42.log - INFO - Round 114 selected clients: [0, 3, 6, 12, 15, 17, 18, 19] | target exposure=1 samples=50 mass=0.010062 empirical_P=0.464912 theory_P=0.400000
2026-08-29 21:06:18,057 - hc_cifar10_class9_h1_IF100_alpha0p5_seed42.log - INFO - Round 114 | Global 0.6319 | Head 0.7560 | Middle 0.6757 | Tail 0.4493 | Class-9 0.0100 | best_class9 0.0230@113
2026-08-29 21:06:18,057 - hc_cifar10_class9_h1_IF100_alpha0p5_seed42.log - INFO - Round 115 selected clients: [0, 2, 7, 8, 9, 12, 13, 16] | target exposure=0 samples=0 mass=0.000000 empirical_P=0.460870 theory_P=0.400000
2026-08-29 21:06:35,079 - hc_cifar10_class9_h1_IF100_alpha0p5_seed42.log - INFO - Round 115 | Global 0.6276 | Head 0.8050 | Middle 0.6617 | Tail 0.4047 | Class-9 0.0010 | best_class9 0.0230@113
2026-08-29 21:06:35,079 - hc_cifar10_class9_h1_IF100_alpha0p5_seed42.log - INFO - Round 116 selected clients: [0, 6, 7, 8, 9, 11, 12, 19] | target exposure=1 samples=50 mass=0.010014 empirical_P=0.465517 theory_P=0.400000
2026-08-29 21:06:50,145 - hc_cifar10_class9_h1_IF100_alpha0p5_seed42.log - INFO - Round 116 | Global 0.6225 | Head 0.7987 | Middle 0.6485 | Tail 0.4117 | Class-9 0.0120 | best_class9 0.0230@113
2026-08-29 21:06:50,145 - hc_cifar10_class9_h1_IF100_alpha0p5_seed42.log - INFO - Round 117 selected clients: [4, 5, 6, 10, 11, 12, 18, 19] | target exposure=1 samples=50 mass=0.010018 empirical_P=0.470085 theory_P=0.400000
2026-08-29 21:07:06,461 - hc_cifar10_class9_h1_IF100_alpha0p5_seed42.log - INFO - Round 117 | Global 0.6151 | Head 0.8437 | Middle 0.6022 | Tail 0.4037 | Class-9 0.0060 | best_class9 0.0230@113
2026-08-29 21:07:06,461 - hc_cifar10_class9_h1_IF100_alpha0p5_seed42.log - INFO - Round 118 selected clients: [1, 2, 4, 8, 10, 12, 15, 18] | target exposure=0 samples=0 mass=0.000000 empirical_P=0.466102 theory_P=0.400000
2026-08-29 21:07:22,289 - hc_cifar10_class9_h1_IF100_alpha0p5_seed42.log - INFO - Round 118 | Global 0.6242 | Head 0.7997 | Middle 0.6725 | Tail 0.3843 | Class-9 0.0050 | best_class9 0.0230@113
2026-08-29 21:07:22,289 - hc_cifar10_class9_h1_IF100_alpha0p5_seed42.log - INFO - Round 119 selected clients: [1, 2, 3, 4, 5, 6, 11, 13] | target exposure=1 samples=50 mass=0.010008 empirical_P=0.470588 theory_P=0.400000
2026-08-29 21:07:38,652 - hc_cifar10_class9_h1_IF100_alpha0p5_seed42.log - INFO - Round 119 | Global 0.6335 | Head 0.7823 | Middle 0.6840 | Tail 0.4173 | Class-9 0.0060 | best_class9 0.0230@113
2026-08-29 21:07:38,652 - hc_cifar10_class9_h1_IF100_alpha0p5_seed42.log - INFO - Round 120 selected clients: [5, 7, 8, 10, 11, 13, 15, 16] | target exposure=0 samples=0 mass=0.000000 empirical_P=0.466667 theory_P=0.400000
2026-08-29 21:07:54,761 - hc_cifar10_class9_h1_IF100_alpha0p5_seed42.log - INFO - Round 120 | Global 0.6106 | Head 0.8383 | Middle 0.6380 | Tail 0.3463 | Class-9 0.0000 | best_class9 0.0230@113
2026-08-29 21:07:54,771 - hc_cifar10_class9_h1_IF100_alpha0p5_seed42.log - INFO - Round 121 selected clients: [0, 3, 4, 5, 7, 16, 17, 18] | target exposure=0 samples=0 mass=0.000000 empirical_P=0.462810 theory_P=0.400000
2026-08-29 21:08:10,410 - hc_cifar10_class9_h1_IF100_alpha0p5_seed42.log - INFO - Round 121 | Global 0.6305 | Head 0.8117 | Middle 0.6488 | Tail 0.4250 | Class-9 0.0030 | best_class9 0.0230@113
2026-08-29 21:08:10,410 - hc_cifar10_class9_h1_IF100_alpha0p5_seed42.log - INFO - Round 122 selected clients: [0, 1, 4, 12, 13, 14, 17, 18] | target exposure=0 samples=0 mass=0.000000 empirical_P=0.459016 theory_P=0.400000
2026-08-29 21:08:26,574 - hc_cifar10_class9_h1_IF100_alpha0p5_seed42.log - INFO - Round 122 | Global 0.6242 | Head 0.8220 | Middle 0.6325 | Tail 0.4153 | Class-9 0.0000 | best_class9 0.0230@113
2026-08-29 21:08:26,574 - hc_cifar10_class9_h1_IF100_alpha0p5_seed42.log - INFO - Round 123 selected clients: [2, 10, 13, 14, 15, 16, 17, 19] | target exposure=0 samples=0 mass=0.000000 empirical_P=0.455285 theory_P=0.400000
2026-08-29 21:08:42,776 - hc_cifar10_class9_h1_IF100_alpha0p5_seed42.log - INFO - Round 123 | Global 0.6309 | Head 0.8223 | Middle 0.6550 | Tail 0.4073 | Class-9 0.0000 | best_class9 0.0230@113
2026-08-29 21:08:42,776 - hc_cifar10_class9_h1_IF100_alpha0p5_seed42.log - INFO - Round 124 selected clients: [4, 8, 9, 10, 12, 13, 14, 16] | target exposure=0 samples=0 mass=0.000000 empirical_P=0.451613 theory_P=0.400000
2026-08-29 21:08:58,291 - hc_cifar10_class9_h1_IF100_alpha0p5_seed42.log - INFO - Round 124 | Global 0.6125 | Head 0.8530 | Middle 0.6342 | Tail 0.3430 | Class-9 0.0000 | best_class9 0.0230@113
2026-08-29 21:08:58,291 - hc_cifar10_class9_h1_IF100_alpha0p5_seed42.log - INFO - Round 125 selected clients: [1, 4, 5, 8, 12, 13, 17, 19] | target exposure=0 samples=0 mass=0.000000 empirical_P=0.448000 theory_P=0.400000
2026-08-29 21:09:14,310 - hc_cifar10_class9_h1_IF100_alpha0p5_seed42.log - INFO - Round 125 | Global 0.6252 | Head 0.8103 | Middle 0.6593 | Tail 0.3947 | Class-9 0.0000 | best_class9 0.0230@113
2026-08-29 21:09:14,310 - hc_cifar10_class9_h1_IF100_alpha0p5_seed42.log - INFO - Round 126 selected clients: [2, 8, 9, 12, 13, 14, 15, 16] | target exposure=0 samples=0 mass=0.000000 empirical_P=0.444444 theory_P=0.400000
2026-08-29 21:09:31,240 - hc_cifar10_class9_h1_IF100_alpha0p5_seed42.log - INFO - Round 126 | Global 0.6227 | Head 0.8197 | Middle 0.6740 | Tail 0.3573 | Class-9 0.0000 | best_class9 0.0230@113
2026-08-29 21:09:31,240 - hc_cifar10_class9_h1_IF100_alpha0p5_seed42.log - INFO - Round 127 selected clients: [4, 5, 7, 11, 15, 16, 17, 18] | target exposure=0 samples=0 mass=0.000000 empirical_P=0.440945 theory_P=0.400000
2026-08-29 21:09:46,922 - hc_cifar10_class9_h1_IF100_alpha0p5_seed42.log - INFO - Round 127 | Global 0.6277 | Head 0.8043 | Middle 0.6683 | Tail 0.3970 | Class-9 0.0000 | best_class9 0.0230@113
2026-08-29 21:09:46,922 - hc_cifar10_class9_h1_IF100_alpha0p5_seed42.log - INFO - Round 128 selected clients: [3, 6, 8, 10, 12, 15, 17, 19] | target exposure=1 samples=50 mass=0.010048 empirical_P=0.445312 theory_P=0.400000
2026-08-29 21:10:02,283 - hc_cifar10_class9_h1_IF100_alpha0p5_seed42.log - INFO - Round 128 | Global 0.6337 | Head 0.7743 | Middle 0.6775 | Tail 0.4347 | Class-9 0.0080 | best_class9 0.0230@113
2026-08-29 21:10:02,283 - hc_cifar10_class9_h1_IF100_alpha0p5_seed42.log - INFO - Round 129 selected clients: [4, 6, 7, 10, 11, 15, 16, 17] | target exposure=1 samples=50 mass=0.009996 empirical_P=0.449612 theory_P=0.400000
2026-08-29 21:10:17,991 - hc_cifar10_class9_h1_IF100_alpha0p5_seed42.log - INFO - Round 129 | Global 0.6163 | Head 0.8207 | Middle 0.6577 | Tail 0.3567 | Class-9 0.0110 | best_class9 0.0230@113
2026-08-29 21:10:18,000 - hc_cifar10_class9_h1_IF100_alpha0p5_seed42.log - INFO - Round 130 selected clients: [0, 3, 6, 9, 10, 14, 15, 17] | target exposure=1 samples=50 mass=0.010038 empirical_P=0.453846 theory_P=0.400000
2026-08-29 21:10:33,766 - hc_cifar10_class9_h1_IF100_alpha0p5_seed42.log - INFO - Round 130 | Global 0.6039 | Head 0.8567 | Middle 0.6152 | Tail 0.3360 | Class-9 0.0150 | best_class9 0.0230@113
2026-08-29 21:10:33,776 - hc_cifar10_class9_h1_IF100_alpha0p5_seed42.log - INFO - Round 131 selected clients: [0, 3, 7, 8, 9, 12, 14, 18] | target exposure=0 samples=0 mass=0.000000 empirical_P=0.450382 theory_P=0.400000
2026-08-29 21:10:49,314 - hc_cifar10_class9_h1_IF100_alpha0p5_seed42.log - INFO - Round 131 | Global 0.6221 | Head 0.8047 | Middle 0.6677 | Tail 0.3787 | Class-9 0.0090 | best_class9 0.0230@113
2026-08-29 21:10:49,324 - hc_cifar10_class9_h1_IF100_alpha0p5_seed42.log - INFO - Round 132 selected clients: [1, 5, 7, 10, 12, 13, 15, 19] | target exposure=0 samples=0 mass=0.000000 empirical_P=0.446970 theory_P=0.400000
2026-08-29 21:11:05,631 - hc_cifar10_class9_h1_IF100_alpha0p5_seed42.log - INFO - Round 132 | Global 0.6140 | Head 0.8230 | Middle 0.6305 | Tail 0.3830 | Class-9 0.0000 | best_class9 0.0230@113
2026-08-29 21:11:05,631 - hc_cifar10_class9_h1_IF100_alpha0p5_seed42.log - INFO - Round 133 selected clients: [0, 1, 7, 8, 9, 11, 15, 16] | target exposure=0 samples=0 mass=0.000000 empirical_P=0.443609 theory_P=0.400000
2026-08-29 21:11:22,455 - hc_cifar10_class9_h1_IF100_alpha0p5_seed42.log - INFO - Round 133 | Global 0.6048 | Head 0.8403 | Middle 0.6175 | Tail 0.3523 | Class-9 0.0000 | best_class9 0.0230@113
2026-08-29 21:11:22,455 - hc_cifar10_class9_h1_IF100_alpha0p5_seed42.log - INFO - Round 134 selected clients: [2, 3, 7, 8, 10, 16, 18, 19] | target exposure=0 samples=0 mass=0.000000 empirical_P=0.440299 theory_P=0.400000
2026-08-29 21:11:38,404 - hc_cifar10_class9_h1_IF100_alpha0p5_seed42.log - INFO - Round 134 | Global 0.6156 | Head 0.8097 | Middle 0.6288 | Tail 0.4040 | Class-9 0.0000 | best_class9 0.0230@113
2026-08-29 21:11:38,404 - hc_cifar10_class9_h1_IF100_alpha0p5_seed42.log - INFO - Round 135 selected clients: [0, 6, 9, 12, 13, 14, 16, 19] | target exposure=1 samples=50 mass=0.010014 empirical_P=0.444444 theory_P=0.400000
2026-08-29 21:11:54,370 - hc_cifar10_class9_h1_IF100_alpha0p5_seed42.log - INFO - Round 135 | Global 0.6382 | Head 0.8023 | Middle 0.6603 | Tail 0.4447 | Class-9 0.0000 | best_class9 0.0230@113
2026-08-29 21:11:54,370 - hc_cifar10_class9_h1_IF100_alpha0p5_seed42.log - INFO - Round 136 selected clients: [2, 3, 5, 6, 10, 13, 15, 18] | target exposure=1 samples=50 mass=0.010042 empirical_P=0.448529 theory_P=0.400000
2026-08-29 21:12:10,727 - hc_cifar10_class9_h1_IF100_alpha0p5_seed42.log - INFO - Round 136 | Global 0.6366 | Head 0.7467 | Middle 0.6777 | Tail 0.4717 | Class-9 0.0240 | best_class9 0.0240@136
2026-08-29 21:12:10,727 - hc_cifar10_class9_h1_IF100_alpha0p5_seed42.log - INFO - Round 137 selected clients: [1, 2, 3, 5, 9, 10, 13, 19] | target exposure=0 samples=0 mass=0.000000 empirical_P=0.445255 theory_P=0.400000
2026-08-29 21:12:25,851 - hc_cifar10_class9_h1_IF100_alpha0p5_seed42.log - INFO - Round 137 | Global 0.6369 | Head 0.7870 | Middle 0.6723 | Tail 0.4397 | Class-9 0.0050 | best_class9 0.0240@136
2026-08-29 21:12:25,851 - hc_cifar10_class9_h1_IF100_alpha0p5_seed42.log - INFO - Round 138 selected clients: [0, 1, 5, 7, 8, 12, 16, 18] | target exposure=0 samples=0 mass=0.000000 empirical_P=0.442029 theory_P=0.400000
2026-08-29 21:12:42,453 - hc_cifar10_class9_h1_IF100_alpha0p5_seed42.log - INFO - Round 138 | Global 0.6332 | Head 0.7930 | Middle 0.6733 | Tail 0.4200 | Class-9 0.0040 | best_class9 0.0240@136
2026-08-29 21:12:42,453 - hc_cifar10_class9_h1_IF100_alpha0p5_seed42.log - INFO - Round 139 selected clients: [4, 5, 6, 10, 11, 12, 14, 18] | target exposure=1 samples=50 mass=0.009998 empirical_P=0.446043 theory_P=0.400000
2026-08-29 21:12:58,767 - hc_cifar10_class9_h1_IF100_alpha0p5_seed42.log - INFO - Round 139 | Global 0.6386 | Head 0.7867 | Middle 0.6847 | Tail 0.4290 | Class-9 0.0100 | best_class9 0.0240@136
2026-08-29 21:12:58,767 - hc_cifar10_class9_h1_IF100_alpha0p5_seed42.log - INFO - Round 140 selected clients: [2, 6, 8, 12, 14, 15, 16, 19] | target exposure=1 samples=50 mass=0.010016 empirical_P=0.450000 theory_P=0.400000
2026-08-29 21:13:14,749 - hc_cifar10_class9_h1_IF100_alpha0p5_seed42.log - INFO - Round 140 | Global 0.6278 | Head 0.7273 | Middle 0.6730 | Tail 0.4680 | Class-9 0.0290 | best_class9 0.0290@140
2026-08-29 21:13:14,772 - hc_cifar10_class9_h1_IF100_alpha0p5_seed42.log - INFO - Round 141 selected clients: [1, 3, 5, 10, 12, 14, 15, 19] | target exposure=0 samples=0 mass=0.000000 empirical_P=0.446809 theory_P=0.400000
2026-08-29 21:13:30,942 - hc_cifar10_class9_h1_IF100_alpha0p5_seed42.log - INFO - Round 141 | Global 0.6418 | Head 0.7893 | Middle 0.6790 | Tail 0.4447 | Class-9 0.0090 | best_class9 0.0290@140
2026-08-29 21:13:30,952 - hc_cifar10_class9_h1_IF100_alpha0p5_seed42.log - INFO - Round 142 selected clients: [0, 1, 2, 3, 4, 9, 14, 17] | target exposure=0 samples=0 mass=0.000000 empirical_P=0.443662 theory_P=0.400000
2026-08-29 21:13:46,815 - hc_cifar10_class9_h1_IF100_alpha0p5_seed42.log - INFO - Round 142 | Global 0.6351 | Head 0.7977 | Middle 0.6765 | Tail 0.4173 | Class-9 0.0040 | best_class9 0.0290@140
2026-08-29 21:13:46,815 - hc_cifar10_class9_h1_IF100_alpha0p5_seed42.log - INFO - Round 143 selected clients: [1, 3, 6, 8, 9, 13, 15, 16] | target exposure=1 samples=50 mass=0.010038 empirical_P=0.447552 theory_P=0.400000
2026-08-29 21:14:03,194 - hc_cifar10_class9_h1_IF100_alpha0p5_seed42.log - INFO - Round 143 | Global 0.6319 | Head 0.7983 | Middle 0.6655 | Tail 0.4207 | Class-9 0.0150 | best_class9 0.0290@140
2026-08-29 21:14:03,194 - hc_cifar10_class9_h1_IF100_alpha0p5_seed42.log - INFO - Round 144 selected clients: [1, 5, 6, 8, 10, 12, 15, 18] | target exposure=1 samples=50 mass=0.010012 empirical_P=0.451389 theory_P=0.400000
2026-08-29 21:14:19,835 - hc_cifar10_class9_h1_IF100_alpha0p5_seed42.log - INFO - Round 144 | Global 0.6267 | Head 0.7673 | Middle 0.6743 | Tail 0.4227 | Class-9 0.0710 | best_class9 0.0710@144
2026-08-29 21:14:19,835 - hc_cifar10_class9_h1_IF100_alpha0p5_seed42.log - INFO - Round 145 selected clients: [0, 2, 4, 7, 11, 17, 18, 19] | target exposure=0 samples=0 mass=0.000000 empirical_P=0.448276 theory_P=0.400000
2026-08-29 21:14:35,437 - hc_cifar10_class9_h1_IF100_alpha0p5_seed42.log - INFO - Round 145 | Global 0.6420 | Head 0.7977 | Middle 0.6760 | Tail 0.4410 | Class-9 0.0050 | best_class9 0.0710@144
2026-08-29 21:14:35,437 - hc_cifar10_class9_h1_IF100_alpha0p5_seed42.log - INFO - Round 146 selected clients: [0, 1, 6, 8, 12, 13, 14, 16] | target exposure=1 samples=50 mass=0.009980 empirical_P=0.452055 theory_P=0.400000
2026-08-29 21:14:50,908 - hc_cifar10_class9_h1_IF100_alpha0p5_seed42.log - INFO - Round 146 | Global 0.6395 | Head 0.8337 | Middle 0.6617 | Tail 0.4157 | Class-9 0.0110 | best_class9 0.0710@144
2026-08-29 21:14:50,908 - hc_cifar10_class9_h1_IF100_alpha0p5_seed42.log - INFO - Round 147 selected clients: [1, 2, 4, 10, 12, 15, 16, 19] | target exposure=0 samples=0 mass=0.000000 empirical_P=0.448980 theory_P=0.400000
2026-08-29 21:15:07,441 - hc_cifar10_class9_h1_IF100_alpha0p5_seed42.log - INFO - Round 147 | Global 0.6250 | Head 0.8110 | Middle 0.6660 | Tail 0.3843 | Class-9 0.0110 | best_class9 0.0710@144
2026-08-29 21:15:07,451 - hc_cifar10_class9_h1_IF100_alpha0p5_seed42.log - INFO - Round 148 selected clients: [0, 6, 8, 10, 11, 15, 17, 18] | target exposure=1 samples=50 mass=0.010012 empirical_P=0.452703 theory_P=0.400000
2026-08-29 21:15:23,574 - hc_cifar10_class9_h1_IF100_alpha0p5_seed42.log - INFO - Round 148 | Global 0.6322 | Head 0.7560 | Middle 0.6803 | Tail 0.4443 | Class-9 0.0110 | best_class9 0.0710@144
2026-08-29 21:15:23,574 - hc_cifar10_class9_h1_IF100_alpha0p5_seed42.log - INFO - Round 149 selected clients: [1, 2, 3, 4, 6, 7, 12, 14] | target exposure=1 samples=50 mass=0.010008 empirical_P=0.456376 theory_P=0.400000
2026-08-29 21:15:39,465 - hc_cifar10_class9_h1_IF100_alpha0p5_seed42.log - INFO - Round 149 | Global 0.6424 | Head 0.8017 | Middle 0.6740 | Tail 0.4410 | Class-9 0.0590 | best_class9 0.0710@144
2026-08-29 21:15:39,475 - hc_cifar10_class9_h1_IF100_alpha0p5_seed42.log - INFO - Round 150 selected clients: [5, 7, 11, 12, 14, 17, 18, 19] | target exposure=0 samples=0 mass=0.000000 empirical_P=0.453333 theory_P=0.400000
2026-08-29 21:15:55,486 - hc_cifar10_class9_h1_IF100_alpha0p5_seed42.log - INFO - Round 150 | Global 0.6312 | Head 0.7987 | Middle 0.6790 | Tail 0.4000 | Class-9 0.0210 | best_class9 0.0710@144
2026-08-29 21:15:55,509 - hc_cifar10_class9_h1_IF100_alpha0p5_seed42.log - INFO - Round 151 selected clients: [1, 5, 6, 7, 8, 10, 14, 15] | target exposure=1 samples=50 mass=0.009996 empirical_P=0.456954 theory_P=0.400000
2026-08-29 21:16:11,064 - hc_cifar10_class9_h1_IF100_alpha0p5_seed42.log - INFO - Round 151 | Global 0.6365 | Head 0.8127 | Middle 0.6663 | Tail 0.4207 | Class-9 0.0550 | best_class9 0.0710@144
2026-08-29 21:16:11,064 - hc_cifar10_class9_h1_IF100_alpha0p5_seed42.log - INFO - Round 152 selected clients: [1, 4, 9, 10, 15, 16, 18, 19] | target exposure=0 samples=0 mass=0.000000 empirical_P=0.453947 theory_P=0.400000
2026-08-29 21:16:27,518 - hc_cifar10_class9_h1_IF100_alpha0p5_seed42.log - INFO - Round 152 | Global 0.6306 | Head 0.8010 | Middle 0.6735 | Tail 0.4030 | Class-9 0.0120 | best_class9 0.0710@144
2026-08-29 21:16:27,518 - hc_cifar10_class9_h1_IF100_alpha0p5_seed42.log - INFO - Round 153 selected clients: [0, 1, 4, 10, 11, 17, 18, 19] | target exposure=0 samples=0 mass=0.000000 empirical_P=0.450980 theory_P=0.400000
2026-08-29 21:16:43,586 - hc_cifar10_class9_h1_IF100_alpha0p5_seed42.log - INFO - Round 153 | Global 0.6301 | Head 0.8140 | Middle 0.6555 | Tail 0.4123 | Class-9 0.0020 | best_class9 0.0710@144
2026-08-29 21:16:43,586 - hc_cifar10_class9_h1_IF100_alpha0p5_seed42.log - INFO - Round 154 selected clients: [2, 4, 8, 9, 11, 13, 15, 18] | target exposure=0 samples=0 mass=0.000000 empirical_P=0.448052 theory_P=0.400000
2026-08-29 21:16:59,435 - hc_cifar10_class9_h1_IF100_alpha0p5_seed42.log - INFO - Round 154 | Global 0.6242 | Head 0.7907 | Middle 0.6420 | Tail 0.4340 | Class-9 0.0000 | best_class9 0.0710@144
2026-08-29 21:16:59,435 - hc_cifar10_class9_h1_IF100_alpha0p5_seed42.log - INFO - Round 155 selected clients: [1, 3, 5, 11, 12, 13, 14, 15] | target exposure=0 samples=0 mass=0.000000 empirical_P=0.445161 theory_P=0.400000
2026-08-29 21:17:16,344 - hc_cifar10_class9_h1_IF100_alpha0p5_seed42.log - INFO - Round 155 | Global 0.6341 | Head 0.8133 | Middle 0.6785 | Tail 0.3957 | Class-9 0.0010 | best_class9 0.0710@144
2026-08-29 21:17:16,344 - hc_cifar10_class9_h1_IF100_alpha0p5_seed42.log - INFO - Round 156 selected clients: [2, 4, 5, 10, 11, 14, 15, 19] | target exposure=0 samples=0 mass=0.000000 empirical_P=0.442308 theory_P=0.400000
2026-08-29 21:17:33,297 - hc_cifar10_class9_h1_IF100_alpha0p5_seed42.log - INFO - Round 156 | Global 0.6376 | Head 0.8360 | Middle 0.6345 | Tail 0.4433 | Class-9 0.0040 | best_class9 0.0710@144
2026-08-29 21:17:33,308 - hc_cifar10_class9_h1_IF100_alpha0p5_seed42.log - INFO - Round 157 selected clients: [3, 7, 10, 11, 13, 14, 16, 18] | target exposure=0 samples=0 mass=0.000000 empirical_P=0.439490 theory_P=0.400000
2026-08-29 21:17:49,833 - hc_cifar10_class9_h1_IF100_alpha0p5_seed42.log - INFO - Round 157 | Global 0.6292 | Head 0.8353 | Middle 0.6495 | Tail 0.3960 | Class-9 0.0000 | best_class9 0.0710@144
2026-08-29 21:17:49,833 - hc_cifar10_class9_h1_IF100_alpha0p5_seed42.log - INFO - Round 158 selected clients: [0, 1, 2, 8, 9, 10, 11, 17] | target exposure=0 samples=0 mass=0.000000 empirical_P=0.436709 theory_P=0.400000
2026-08-29 21:18:06,012 - hc_cifar10_class9_h1_IF100_alpha0p5_seed42.log - INFO - Round 158 | Global 0.6254 | Head 0.8267 | Middle 0.6518 | Tail 0.3890 | Class-9 0.0010 | best_class9 0.0710@144
2026-08-29 21:18:06,012 - hc_cifar10_class9_h1_IF100_alpha0p5_seed42.log - INFO - Round 159 selected clients: [4, 8, 10, 13, 14, 15, 18, 19] | target exposure=0 samples=0 mass=0.000000 empirical_P=0.433962 theory_P=0.400000
2026-08-29 21:18:21,918 - hc_cifar10_class9_h1_IF100_alpha0p5_seed42.log - INFO - Round 159 | Global 0.6190 | Head 0.8273 | Middle 0.6683 | Tail 0.3450 | Class-9 0.0000 | best_class9 0.0710@144
2026-08-29 21:18:21,918 - hc_cifar10_class9_h1_IF100_alpha0p5_seed42.log - INFO - Round 160 selected clients: [0, 1, 2, 5, 6, 12, 14, 19] | target exposure=1 samples=50 mass=0.009998 empirical_P=0.437500 theory_P=0.400000
2026-08-29 21:18:38,653 - hc_cifar10_class9_h1_IF100_alpha0p5_seed42.log - INFO - Round 160 | Global 0.6355 | Head 0.7043 | Middle 0.6750 | Tail 0.5140 | Class-9 0.0230 | best_class9 0.0710@144
2026-08-29 21:18:38,673 - hc_cifar10_class9_h1_IF100_alpha0p5_seed42.log - INFO - Round 161 selected clients: [3, 4, 8, 9, 11, 14, 17, 18] | target exposure=0 samples=0 mass=0.000000 empirical_P=0.434783 theory_P=0.400000
2026-08-29 21:18:54,946 - hc_cifar10_class9_h1_IF100_alpha0p5_seed42.log - INFO - Round 161 | Global 0.6388 | Head 0.8117 | Middle 0.6542 | Tail 0.4453 | Class-9 0.0050 | best_class9 0.0710@144
2026-08-29 21:18:54,946 - hc_cifar10_class9_h1_IF100_alpha0p5_seed42.log - INFO - Round 162 selected clients: [1, 2, 7, 14, 15, 16, 18, 19] | target exposure=0 samples=0 mass=0.000000 empirical_P=0.432099 theory_P=0.400000
2026-08-29 21:19:11,289 - hc_cifar10_class9_h1_IF100_alpha0p5_seed42.log - INFO - Round 162 | Global 0.6386 | Head 0.7683 | Middle 0.6125 | Tail 0.5437 | Class-9 0.0240 | best_class9 0.0710@144
2026-08-29 21:19:11,300 - hc_cifar10_class9_h1_IF100_alpha0p5_seed42.log - INFO - Round 163 selected clients: [5, 6, 7, 10, 11, 12, 13, 17] | target exposure=1 samples=50 mass=0.009984 empirical_P=0.435583 theory_P=0.400000
2026-08-29 21:19:28,447 - hc_cifar10_class9_h1_IF100_alpha0p5_seed42.log - INFO - Round 163 | Global 0.6441 | Head 0.8220 | Middle 0.6625 | Tail 0.4417 | Class-9 0.0110 | best_class9 0.0710@144
2026-08-29 21:19:28,457 - hc_cifar10_class9_h1_IF100_alpha0p5_seed42.log - INFO - Round 164 selected clients: [0, 3, 6, 10, 12, 13, 15, 16] | target exposure=1 samples=50 mass=0.010026 empirical_P=0.439024 theory_P=0.400000
2026-08-29 21:19:43,820 - hc_cifar10_class9_h1_IF100_alpha0p5_seed42.log - INFO - Round 164 | Global 0.6423 | Head 0.8170 | Middle 0.6740 | Tail 0.4253 | Class-9 0.0110 | best_class9 0.0710@144
2026-08-29 21:19:43,820 - hc_cifar10_class9_h1_IF100_alpha0p5_seed42.log - INFO - Round 165 selected clients: [3, 7, 9, 11, 13, 15, 17, 19] | target exposure=0 samples=0 mass=0.000000 empirical_P=0.436364 theory_P=0.400000
2026-08-29 21:20:00,326 - hc_cifar10_class9_h1_IF100_alpha0p5_seed42.log - INFO - Round 165 | Global 0.6229 | Head 0.8483 | Middle 0.6342 | Tail 0.3823 | Class-9 0.0040 | best_class9 0.0710@144
2026-08-29 21:20:00,327 - hc_cifar10_class9_h1_IF100_alpha0p5_seed42.log - INFO - Round 166 selected clients: [1, 10, 11, 12, 13, 14, 16, 17] | target exposure=0 samples=0 mass=0.000000 empirical_P=0.433735 theory_P=0.400000
2026-08-29 21:20:16,523 - hc_cifar10_class9_h1_IF100_alpha0p5_seed42.log - INFO - Round 166 | Global 0.6235 | Head 0.8527 | Middle 0.6385 | Tail 0.3743 | Class-9 0.0010 | best_class9 0.0710@144
2026-08-29 21:20:16,523 - hc_cifar10_class9_h1_IF100_alpha0p5_seed42.log - INFO - Round 167 selected clients: [3, 4, 7, 9, 10, 13, 14, 18] | target exposure=0 samples=0 mass=0.000000 empirical_P=0.431138 theory_P=0.400000
2026-08-29 21:20:32,674 - hc_cifar10_class9_h1_IF100_alpha0p5_seed42.log - INFO - Round 167 | Global 0.6087 | Head 0.8577 | Middle 0.6145 | Tail 0.3520 | Class-9 0.0000 | best_class9 0.0710@144
2026-08-29 21:20:32,674 - hc_cifar10_class9_h1_IF100_alpha0p5_seed42.log - INFO - Round 168 selected clients: [0, 1, 3, 4, 10, 11, 14, 15] | target exposure=0 samples=0 mass=0.000000 empirical_P=0.428571 theory_P=0.400000
2026-08-29 21:20:49,042 - hc_cifar10_class9_h1_IF100_alpha0p5_seed42.log - INFO - Round 168 | Global 0.6055 | Head 0.8460 | Middle 0.6280 | Tail 0.3350 | Class-9 0.0000 | best_class9 0.0710@144
2026-08-29 21:20:49,042 - hc_cifar10_class9_h1_IF100_alpha0p5_seed42.log - INFO - Round 169 selected clients: [0, 1, 4, 5, 7, 9, 16, 18] | target exposure=0 samples=0 mass=0.000000 empirical_P=0.426036 theory_P=0.400000
2026-08-29 21:21:05,516 - hc_cifar10_class9_h1_IF100_alpha0p5_seed42.log - INFO - Round 169 | Global 0.6186 | Head 0.8287 | Middle 0.6218 | Tail 0.4043 | Class-9 0.0000 | best_class9 0.0710@144
2026-08-29 21:21:05,516 - hc_cifar10_class9_h1_IF100_alpha0p5_seed42.log - INFO - Round 170 selected clients: [1, 5, 6, 9, 11, 14, 15, 18] | target exposure=1 samples=50 mass=0.010024 empirical_P=0.429412 theory_P=0.400000
2026-08-29 21:21:22,113 - hc_cifar10_class9_h1_IF100_alpha0p5_seed42.log - INFO - Round 170 | Global 0.6292 | Head 0.8037 | Middle 0.6545 | Tail 0.4210 | Class-9 0.0060 | best_class9 0.0710@144
2026-08-29 21:21:22,124 - hc_cifar10_class9_h1_IF100_alpha0p5_seed42.log - INFO - Round 171 selected clients: [0, 5, 6, 7, 8, 9, 12, 17] | target exposure=1 samples=50 mass=0.009994 empirical_P=0.432749 theory_P=0.400000
2026-08-29 21:21:38,350 - hc_cifar10_class9_h1_IF100_alpha0p5_seed42.log - INFO - Round 171 | Global 0.6437 | Head 0.8103 | Middle 0.6815 | Tail 0.4267 | Class-9 0.0390 | best_class9 0.0710@144
2026-08-29 21:21:38,350 - hc_cifar10_class9_h1_IF100_alpha0p5_seed42.log - INFO - Round 172 selected clients: [4, 9, 10, 11, 13, 15, 17, 18] | target exposure=0 samples=0 mass=0.000000 empirical_P=0.430233 theory_P=0.400000
2026-08-29 21:21:54,851 - hc_cifar10_class9_h1_IF100_alpha0p5_seed42.log - INFO - Round 172 | Global 0.6317 | Head 0.8127 | Middle 0.6730 | Tail 0.3957 | Class-9 0.0070 | best_class9 0.0710@144
2026-08-29 21:21:54,851 - hc_cifar10_class9_h1_IF100_alpha0p5_seed42.log - INFO - Round 173 selected clients: [0, 4, 7, 8, 9, 10, 13, 16] | target exposure=0 samples=0 mass=0.000000 empirical_P=0.427746 theory_P=0.400000
2026-08-29 21:22:10,807 - hc_cifar10_class9_h1_IF100_alpha0p5_seed42.log - INFO - Round 173 | Global 0.6004 | Head 0.8570 | Middle 0.6135 | Tail 0.3263 | Class-9 0.0010 | best_class9 0.0710@144
2026-08-29 21:22:10,807 - hc_cifar10_class9_h1_IF100_alpha0p5_seed42.log - INFO - Round 174 selected clients: [1, 3, 4, 6, 12, 13, 15, 18] | target exposure=1 samples=50 mass=0.010040 empirical_P=0.431034 theory_P=0.400000
2026-08-29 21:22:27,319 - hc_cifar10_class9_h1_IF100_alpha0p5_seed42.log - INFO - Round 174 | Global 0.6235 | Head 0.8023 | Middle 0.6663 | Tail 0.3877 | Class-9 0.0130 | best_class9 0.0710@144
2026-08-29 21:22:27,319 - hc_cifar10_class9_h1_IF100_alpha0p5_seed42.log - INFO - Round 175 selected clients: [1, 2, 4, 6, 8, 9, 11, 14] | target exposure=1 samples=50 mass=0.009990 empirical_P=0.434286 theory_P=0.400000
2026-08-29 21:22:43,779 - hc_cifar10_class9_h1_IF100_alpha0p5_seed42.log - INFO - Round 175 | Global 0.6294 | Head 0.8217 | Middle 0.6747 | Tail 0.3767 | Class-9 0.0130 | best_class9 0.0710@144
2026-08-29 21:22:43,779 - hc_cifar10_class9_h1_IF100_alpha0p5_seed42.log - INFO - Round 176 selected clients: [1, 3, 5, 11, 12, 13, 14, 19] | target exposure=0 samples=0 mass=0.000000 empirical_P=0.431818 theory_P=0.400000
2026-08-29 21:23:00,733 - hc_cifar10_class9_h1_IF100_alpha0p5_seed42.log - INFO - Round 176 | Global 0.6348 | Head 0.8033 | Middle 0.6923 | Tail 0.3897 | Class-9 0.0030 | best_class9 0.0710@144
2026-08-29 21:23:00,733 - hc_cifar10_class9_h1_IF100_alpha0p5_seed42.log - INFO - Round 177 selected clients: [1, 3, 5, 6, 8, 9, 10, 18] | target exposure=1 samples=50 mass=0.010040 empirical_P=0.435028 theory_P=0.400000
2026-08-29 21:23:17,313 - hc_cifar10_class9_h1_IF100_alpha0p5_seed42.log - INFO - Round 177 | Global 0.6446 | Head 0.8123 | Middle 0.6532 | Tail 0.4653 | Class-9 0.0610 | best_class9 0.0710@144
2026-08-29 21:23:17,313 - hc_cifar10_class9_h1_IF100_alpha0p5_seed42.log - INFO - Round 178 selected clients: [2, 4, 5, 6, 7, 8, 9, 11] | target exposure=1 samples=50 mass=0.009992 empirical_P=0.438202 theory_P=0.400000
2026-08-29 21:23:33,178 - hc_cifar10_class9_h1_IF100_alpha0p5_seed42.log - INFO - Round 178 | Global 0.6440 | Head 0.8090 | Middle 0.6797 | Tail 0.4313 | Class-9 0.0700 | best_class9 0.0710@144
2026-08-29 21:23:33,178 - hc_cifar10_class9_h1_IF100_alpha0p5_seed42.log - INFO - Round 179 selected clients: [0, 3, 4, 5, 7, 13, 15, 19] | target exposure=0 samples=0 mass=0.000000 empirical_P=0.435754 theory_P=0.400000
2026-08-29 21:23:49,447 - hc_cifar10_class9_h1_IF100_alpha0p5_seed42.log - INFO - Round 179 | Global 0.6351 | Head 0.8090 | Middle 0.6683 | Tail 0.4170 | Class-9 0.0220 | best_class9 0.0710@144
2026-08-29 21:23:49,456 - hc_cifar10_class9_h1_IF100_alpha0p5_seed42.log - INFO - Round 180 selected clients: [3, 4, 6, 9, 10, 12, 14, 17] | target exposure=1 samples=50 mass=0.010024 empirical_P=0.438889 theory_P=0.400000
2026-08-29 21:24:06,538 - hc_cifar10_class9_h1_IF100_alpha0p5_seed42.log - INFO - Round 180 | Global 0.6391 | Head 0.8020 | Middle 0.6975 | Tail 0.3983 | Class-9 0.0350 | best_class9 0.0710@144
2026-08-29 21:24:06,562 - hc_cifar10_class9_h1_IF100_alpha0p5_seed42.log - INFO - Round 181 selected clients: [0, 7, 11, 13, 14, 15, 16, 18] | target exposure=0 samples=0 mass=0.000000 empirical_P=0.436464 theory_P=0.400000
2026-08-29 21:24:22,816 - hc_cifar10_class9_h1_IF100_alpha0p5_seed42.log - INFO - Round 181 | Global 0.6258 | Head 0.8523 | Middle 0.6310 | Tail 0.3923 | Class-9 0.0060 | best_class9 0.0710@144
2026-08-29 21:24:22,826 - hc_cifar10_class9_h1_IF100_alpha0p5_seed42.log - INFO - Round 182 selected clients: [2, 5, 8, 9, 14, 16, 17, 18] | target exposure=0 samples=0 mass=0.000000 empirical_P=0.434066 theory_P=0.400000
2026-08-29 21:24:39,213 - hc_cifar10_class9_h1_IF100_alpha0p5_seed42.log - INFO - Round 182 | Global 0.6490 | Head 0.8253 | Middle 0.6705 | Tail 0.4440 | Class-9 0.0120 | best_class9 0.0710@144
2026-08-29 21:24:39,213 - hc_cifar10_class9_h1_IF100_alpha0p5_seed42.log - INFO - Round 183 selected clients: [1, 3, 6, 7, 8, 12, 18, 19] | target exposure=1 samples=50 mass=0.010048 empirical_P=0.437158 theory_P=0.400000
2026-08-29 21:24:56,194 - hc_cifar10_class9_h1_IF100_alpha0p5_seed42.log - INFO - Round 183 | Global 0.6479 | Head 0.7970 | Middle 0.6705 | Tail 0.4687 | Class-9 0.0480 | best_class9 0.0710@144
2026-08-29 21:24:56,196 - hc_cifar10_class9_h1_IF100_alpha0p5_seed42.log - INFO - Round 184 selected clients: [0, 1, 6, 8, 9, 11, 15, 18] | target exposure=1 samples=50 mass=0.010022 empirical_P=0.440217 theory_P=0.400000
2026-08-29 21:25:12,921 - hc_cifar10_class9_h1_IF100_alpha0p5_seed42.log - INFO - Round 184 | Global 0.6445 | Head 0.8210 | Middle 0.6643 | Tail 0.4417 | Class-9 0.0530 | best_class9 0.0710@144
2026-08-29 21:25:12,921 - hc_cifar10_class9_h1_IF100_alpha0p5_seed42.log - INFO - Round 185 selected clients: [0, 7, 8, 10, 12, 13, 15, 19] | target exposure=0 samples=0 mass=0.000000 empirical_P=0.437838 theory_P=0.400000
2026-08-29 21:25:30,035 - hc_cifar10_class9_h1_IF100_alpha0p5_seed42.log - INFO - Round 185 | Global 0.6286 | Head 0.8223 | Middle 0.6515 | Tail 0.4043 | Class-9 0.0300 | best_class9 0.0710@144
2026-08-29 21:25:30,035 - hc_cifar10_class9_h1_IF100_alpha0p5_seed42.log - INFO - Round 186 selected clients: [2, 6, 7, 9, 10, 11, 14, 17] | target exposure=1 samples=50 mass=0.009994 empirical_P=0.440860 theory_P=0.400000
2026-08-29 21:25:46,520 - hc_cifar10_class9_h1_IF100_alpha0p5_seed42.log - INFO - Round 186 | Global 0.6405 | Head 0.8117 | Middle 0.6833 | Tail 0.4123 | Class-9 0.0490 | best_class9 0.0710@144
2026-08-29 21:25:46,520 - hc_cifar10_class9_h1_IF100_alpha0p5_seed42.log - INFO - Round 187 selected clients: [0, 1, 5, 7, 8, 9, 17, 19] | target exposure=0 samples=0 mass=0.000000 empirical_P=0.438503 theory_P=0.400000
2026-08-29 21:26:02,000 - hc_cifar10_class9_h1_IF100_alpha0p5_seed42.log - INFO - Round 187 | Global 0.6385 | Head 0.8263 | Middle 0.6538 | Tail 0.4303 | Class-9 0.0320 | best_class9 0.0710@144
2026-08-29 21:26:02,000 - hc_cifar10_class9_h1_IF100_alpha0p5_seed42.log - INFO - Round 188 selected clients: [0, 4, 6, 12, 14, 15, 18, 19] | target exposure=1 samples=50 mass=0.010030 empirical_P=0.441489 theory_P=0.400000
2026-08-29 21:26:18,748 - hc_cifar10_class9_h1_IF100_alpha0p5_seed42.log - INFO - Round 188 | Global 0.6434 | Head 0.7910 | Middle 0.6857 | Tail 0.4393 | Class-9 0.0440 | best_class9 0.0710@144
2026-08-29 21:26:18,757 - hc_cifar10_class9_h1_IF100_alpha0p5_seed42.log - INFO - Round 189 selected clients: [0, 2, 7, 8, 9, 16, 17, 19] | target exposure=0 samples=0 mass=0.000000 empirical_P=0.439153 theory_P=0.400000
2026-08-29 21:26:35,727 - hc_cifar10_class9_h1_IF100_alpha0p5_seed42.log - INFO - Round 189 | Global 0.6448 | Head 0.8027 | Middle 0.6647 | Tail 0.4603 | Class-9 0.0440 | best_class9 0.0710@144
2026-08-29 21:26:35,727 - hc_cifar10_class9_h1_IF100_alpha0p5_seed42.log - INFO - Round 190 selected clients: [1, 2, 4, 7, 8, 10, 12, 17] | target exposure=0 samples=0 mass=0.000000 empirical_P=0.436842 theory_P=0.400000
2026-08-29 21:26:52,128 - hc_cifar10_class9_h1_IF100_alpha0p5_seed42.log - INFO - Round 190 | Global 0.6215 | Head 0.8213 | Middle 0.6380 | Tail 0.3997 | Class-9 0.0210 | best_class9 0.0710@144
2026-08-29 21:26:52,150 - hc_cifar10_class9_h1_IF100_alpha0p5_seed42.log - INFO - Round 191 selected clients: [0, 1, 4, 5, 9, 10, 11, 12] | target exposure=0 samples=0 mass=0.000000 empirical_P=0.434555 theory_P=0.400000
2026-08-29 21:27:07,993 - hc_cifar10_class9_h1_IF100_alpha0p5_seed42.log - INFO - Round 191 | Global 0.6308 | Head 0.8273 | Middle 0.6707 | Tail 0.3810 | Class-9 0.0090 | best_class9 0.0710@144
2026-08-29 21:27:07,993 - hc_cifar10_class9_h1_IF100_alpha0p5_seed42.log - INFO - Round 192 selected clients: [0, 3, 7, 8, 9, 11, 15, 17] | target exposure=0 samples=0 mass=0.000000 empirical_P=0.432292 theory_P=0.400000
2026-08-29 21:27:24,076 - hc_cifar10_class9_h1_IF100_alpha0p5_seed42.log - INFO - Round 192 | Global 0.6163 | Head 0.8153 | Middle 0.6670 | Tail 0.3497 | Class-9 0.0080 | best_class9 0.0710@144
2026-08-29 21:27:24,076 - hc_cifar10_class9_h1_IF100_alpha0p5_seed42.log - INFO - Round 193 selected clients: [1, 4, 5, 8, 10, 11, 13, 15] | target exposure=0 samples=0 mass=0.000000 empirical_P=0.430052 theory_P=0.400000
2026-08-29 21:27:40,526 - hc_cifar10_class9_h1_IF100_alpha0p5_seed42.log - INFO - Round 193 | Global 0.6017 | Head 0.8270 | Middle 0.6485 | Tail 0.3140 | Class-9 0.0000 | best_class9 0.0710@144
2026-08-29 21:27:40,536 - hc_cifar10_class9_h1_IF100_alpha0p5_seed42.log - INFO - Round 194 selected clients: [4, 9, 10, 11, 12, 13, 16, 18] | target exposure=0 samples=0 mass=0.000000 empirical_P=0.427835 theory_P=0.400000
2026-08-29 21:27:56,743 - hc_cifar10_class9_h1_IF100_alpha0p5_seed42.log - INFO - Round 194 | Global 0.6312 | Head 0.8460 | Middle 0.6657 | Tail 0.3703 | Class-9 0.0010 | best_class9 0.0710@144
2026-08-29 21:27:56,743 - hc_cifar10_class9_h1_IF100_alpha0p5_seed42.log - INFO - Round 195 selected clients: [2, 3, 4, 8, 10, 13, 14, 18] | target exposure=0 samples=0 mass=0.000000 empirical_P=0.425641 theory_P=0.400000
2026-08-29 21:28:12,382 - hc_cifar10_class9_h1_IF100_alpha0p5_seed42.log - INFO - Round 195 | Global 0.6215 | Head 0.8143 | Middle 0.6713 | Tail 0.3623 | Class-9 0.0010 | best_class9 0.0710@144
2026-08-29 21:28:12,382 - hc_cifar10_class9_h1_IF100_alpha0p5_seed42.log - INFO - Round 196 selected clients: [1, 3, 5, 9, 14, 16, 18, 19] | target exposure=0 samples=0 mass=0.000000 empirical_P=0.423469 theory_P=0.400000
2026-08-29 21:28:29,104 - hc_cifar10_class9_h1_IF100_alpha0p5_seed42.log - INFO - Round 196 | Global 0.6406 | Head 0.7980 | Middle 0.6645 | Tail 0.4513 | Class-9 0.0000 | best_class9 0.0710@144
2026-08-29 21:28:29,104 - hc_cifar10_class9_h1_IF100_alpha0p5_seed42.log - INFO - Round 197 selected clients: [0, 2, 6, 8, 10, 11, 15, 18] | target exposure=1 samples=50 mass=0.010010 empirical_P=0.426396 theory_P=0.400000
2026-08-29 21:28:44,846 - hc_cifar10_class9_h1_IF100_alpha0p5_seed42.log - INFO - Round 197 | Global 0.6359 | Head 0.8060 | Middle 0.6685 | Tail 0.4223 | Class-9 0.0120 | best_class9 0.0710@144
2026-08-29 21:28:44,846 - hc_cifar10_class9_h1_IF100_alpha0p5_seed42.log - INFO - Round 198 selected clients: [2, 3, 4, 5, 6, 9, 12, 16] | target exposure=1 samples=50 mass=0.010022 empirical_P=0.429293 theory_P=0.400000
2026-08-29 21:29:01,244 - hc_cifar10_class9_h1_IF100_alpha0p5_seed42.log - INFO - Round 198 | Global 0.6476 | Head 0.7850 | Middle 0.6847 | Tail 0.4607 | Class-9 0.0550 | best_class9 0.0710@144
2026-08-29 21:29:01,244 - hc_cifar10_class9_h1_IF100_alpha0p5_seed42.log - INFO - Round 199 selected clients: [1, 2, 3, 6, 9, 13, 14, 18] | target exposure=1 samples=50 mass=0.010038 empirical_P=0.432161 theory_P=0.400000
2026-08-29 21:29:17,163 - hc_cifar10_class9_h1_IF100_alpha0p5_seed42.log - INFO - Round 199 | Global 0.6518 | Head 0.7930 | Middle 0.6900 | Tail 0.4597 | Class-9 0.0530 | best_class9 0.0710@144
2026-08-29 21:29:17,163 - hc_cifar10_class9_h1_IF100_alpha0p5_seed42.log - INFO - Round 200 selected clients: [1, 3, 8, 10, 13, 14, 17, 19] | target exposure=0 samples=0 mass=0.000000 empirical_P=0.430000 theory_P=0.400000
2026-08-29 21:29:32,614 - hc_cifar10_class9_h1_IF100_alpha0p5_seed42.log - INFO - Round 200 | Global 0.6350 | Head 0.8280 | Middle 0.6605 | Tail 0.4080 | Class-9 0.0180 | best_class9 0.0710@144
2026-08-29 21:29:32,639 - hc_cifar10_class9_h1_IF100_alpha0p5_seed42.log - INFO - ==========================================================================================
2026-08-29 21:29:32,639 - hc_cifar10_class9_h1_IF100_alpha0p5_seed42.log - INFO - FINISHED FIXED-N / VARIED-h EXPERIMENT
2026-08-29 21:29:32,639 - hc_cifar10_class9_h1_IF100_alpha0p5_seed42.log - INFO - target_class=9 N=50 actual_h=1
2026-08-29 21:29:32,639 - hc_cifar10_class9_h1_IF100_alpha0p5_seed42.log - INFO - Theoretical exposure: 0.400000
2026-08-29 21:29:32,639 - hc_cifar10_class9_h1_IF100_alpha0p5_seed42.log - INFO - Empirical exposure over 200 rounds: 0.430000
2026-08-29 21:29:32,639 - hc_cifar10_class9_h1_IF100_alpha0p5_seed42.log - INFO - Final class-9 accuracy: 0.0180
2026-08-29 21:29:32,639 - hc_cifar10_class9_h1_IF100_alpha0p5_seed42.log - INFO - Final Tail accuracy: 0.4080
2026-08-29 21:29:32,639 - hc_cifar10_class9_h1_IF100_alpha0p5_seed42.log - INFO - Final Global accuracy: 0.6350
2026-08-29 21:29:32,639 - hc_cifar10_class9_h1_IF100_alpha0p5_seed42.log - INFO - Best class-9 accuracy (diagnostic only): 0.0710 @ round 144
2026-08-29 21:29:32,639 - hc_cifar10_class9_h1_IF100_alpha0p5_seed42.log - INFO - Best Tail accuracy (diagnostic only): 0.5437 @ round 162
2026-08-29 21:29:32,639 - hc_cifar10_class9_h1_IF100_alpha0p5_seed42.log - INFO - Metrics CSV: D:\Desktop\FedLF_project\FedLF\outputs\hc_cifar10_class9_h1_IF100_alpha0p5_seed42\metrics.csv
2026-08-29 21:29:32,639 - hc_cifar10_class9_h1_IF100_alpha0p5_seed42.log - INFO - History: D:\Desktop\FedLF_project\FedLF\outputs\hc_cifar10_class9_h1_IF100_alpha0p5_seed42\history.pkl
2026-08-29 21:29:32,639 - hc_cifar10_class9_h1_IF100_alpha0p5_seed42.log - INFO - Config: D:\Desktop\FedLF_project\FedLF\outputs\hc_cifar10_class9_h1_IF100_alpha0p5_seed42\config.json
2026-08-29 21:29:32,639 - hc_cifar10_class9_h1_IF100_alpha0p5_seed42.log - INFO - Checkpoint: D:\Desktop\FedLF_project\FedLF\outputs\hc_cifar10_class9_h1_IF100_alpha0p5_seed42\checkpoint.pth
2026-08-29 21:29:32,639 - hc_cifar10_class9_h1_IF100_alpha0p5_seed42.log - INFO - Final model: D:\Desktop\FedLF_project\FedLF\outputs\hc_cifar10_class9_h1_IF100_alpha0p5_seed42\final_model.pth
2026-08-29 21:29:32,639 - hc_cifar10_class9_h1_IF100_alpha0p5_seed42.log - INFO - ==========================================================================================
