2026-08-30 00:06:45,953 - hc_cifar10_class9_h16_IF100_alpha0p5_seed42.log - INFO - ==========================================================================================
2026-08-30 00:06:45,953 - hc_cifar10_class9_h16_IF100_alpha0p5_seed42.log - INFO - FIXED-N / VARIED-h CONTROLLED EXPERIMENT
2026-08-30 00:06:45,953 - hc_cifar10_class9_h16_IF100_alpha0p5_seed42.log - INFO - algorithm: pure FedLF | S=OFF C=OFF A=OFF
2026-08-30 00:06:45,953 - hc_cifar10_class9_h16_IF100_alpha0p5_seed42.log - INFO - dataset:CIFAR-10-LT IF=100 imb_factor=0.01 alpha=0.5
2026-08-30 00:06:45,953 - hc_cifar10_class9_h16_IF100_alpha0p5_seed42.log - INFO - K=20 m=8 participation=0.4000
2026-08-30 00:06:45,958 - hc_cifar10_class9_h16_IF100_alpha0p5_seed42.log - INFO - rounds=200 E=10 batch=32 fixed_lr=0.1 seed=42
2026-08-30 00:06:45,958 - hc_cifar10_class9_h16_IF100_alpha0p5_seed42.log - INFO - target_class=9 requested_host_count=16
2026-08-30 00:06:45,958 - hc_cifar10_class9_h16_IF100_alpha0p5_seed42.log - INFO - client_sampling=UNIFORM RANDOM WITHOUT REPLACEMENT
2026-08-30 00:06:45,958 - hc_cifar10_class9_h16_IF100_alpha0p5_seed42.log - INFO - aggregation=STANDARD SAMPLE-WEIGHTED FedAvg
2026-08-30 00:06:45,958 - hc_cifar10_class9_h16_IF100_alpha0p5_seed42.log - INFO - test rollback=False
2026-08-30 00:06:45,958 - hc_cifar10_class9_h16_IF100_alpha0p5_seed42.log - INFO - Log: D:\Desktop\FedLF_project\FedLF\Logs\hc_cifar10_class9_h16_IF100_alpha0p5_seed42.log
2026-08-30 00:06:45,958 - hc_cifar10_class9_h16_IF100_alpha0p5_seed42.log - INFO - Output: D:\Desktop\FedLF_project\FedLF\outputs\hc_cifar10_class9_h16_IF100_alpha0p5_seed42
2026-08-30 00:06:45,958 - hc_cifar10_class9_h16_IF100_alpha0p5_seed42.log - INFO - ==========================================================================================
2026-08-30 00:06:51,629 - hc_cifar10_class9_h16_IF100_alpha0p5_seed42.log - INFO - Global class counts: [5000, 2997, 1796, 1077, 645, 387, 232, 139, 83, 50]
2026-08-30 00:06:51,629 - hc_cifar10_class9_h16_IF100_alpha0p5_seed42.log - INFO - Target class 9 N=50 (FIXED)
2026-08-30 00:06:51,629 - hc_cifar10_class9_h16_IF100_alpha0p5_seed42.log - INFO - Host order (nested across h): [6, 4, 7, 12, 9, 13, 3, 14, 19, 11, 10, 17, 15, 18, 5, 0, 16, 8, 1, 2]
2026-08-30 00:06:51,629 - hc_cifar10_class9_h16_IF100_alpha0p5_seed42.log - INFO - Actual host clients: [0, 3, 4, 5, 6, 7, 9, 10, 11, 12, 13, 14, 15, 17, 18, 19]
2026-08-30 00:06:51,629 - hc_cifar10_class9_h16_IF100_alpha0p5_seed42.log - INFO - Target samples per active host: {6: 4, 4: 4, 7: 3, 12: 3, 9: 3, 13: 3, 3: 3, 14: 3, 19: 3, 11: 3, 10: 3, 17: 3, 15: 3, 18: 3, 5: 3, 0: 3}
2026-08-30 00:06:51,629 - hc_cifar10_class9_h16_IF100_alpha0p5_seed42.log - INFO - Actual h=16 | theoretical P_exp=1.000000
2026-08-30 00:06:51,629 - hc_cifar10_class9_h16_IF100_alpha0p5_seed42.log - INFO - Base partition SHA256: 91fc508fdd8b116a19ca7809c6dfe5d6b9f4161086b898c272ecff4fedcd1acf
2026-08-30 00:06:51,629 - hc_cifar10_class9_h16_IF100_alpha0p5_seed42.log - INFO - Controlled partition SHA256: 1636087494fa5f9db67d150bef2d8069de523adb81a5a51daeeda7f33c0e96a0
2026-08-30 00:06:51,629 - hc_cifar10_class9_h16_IF100_alpha0p5_seed42.log - INFO - Client sizes after target redistribution: [624, 621, 621, 608, 625, 623, 622, 623, 620, 617, 623, 623, 623, 623, 623, 616, 620, 623, 615, 613]
2026-08-30 00:06:51,629 - hc_cifar10_class9_h16_IF100_alpha0p5_seed42.log - INFO - Paper thresholds: Head > 1500, Tail < 200; Tail classes=[7, 8, 9]
2026-08-30 00:06:51,753 - hc_cifar10_class9_h16_IF100_alpha0p5_seed42.log - INFO - Round 1 selected clients: [0, 1, 3, 5, 8, 11, 15, 17] | target exposure=1 samples=18 mass=0.003630 empirical_P=1.000000 theory_P=1.000000
2026-08-30 00:07:06,873 - hc_cifar10_class9_h16_IF100_alpha0p5_seed42.log - INFO - Round 1 | Global 0.2025 | Head 0.5867 | Middle 0.0663 | Tail 0.0000 | Class-9 0.0000 | best_class9 0.0000@1
2026-08-30 00:07:06,873 - hc_cifar10_class9_h16_IF100_alpha0p5_seed42.log - INFO - Round 2 selected clients: [4, 5, 7, 12, 14, 15, 16, 19] | target exposure=1 samples=22 mass=0.004430 empirical_P=1.000000 theory_P=1.000000
2026-08-30 00:07:22,837 - hc_cifar10_class9_h16_IF100_alpha0p5_seed42.log - INFO - Round 2 | Global 0.2226 | Head 0.6763 | Middle 0.0493 | Tail 0.0000 | Class-9 0.0000 | best_class9 0.0000@1
2026-08-30 00:07:22,837 - hc_cifar10_class9_h16_IF100_alpha0p5_seed42.log - INFO - Round 3 selected clients: [0, 2, 5, 7, 10, 12, 16, 18] | target exposure=1 samples=18 mass=0.003620 empirical_P=1.000000 theory_P=1.000000
2026-08-30 00:07:39,671 - hc_cifar10_class9_h16_IF100_alpha0p5_seed42.log - INFO - Round 3 | Global 0.2538 | Head 0.7107 | Middle 0.1015 | Tail 0.0000 | Class-9 0.0000 | best_class9 0.0000@1
2026-08-30 00:07:39,672 - hc_cifar10_class9_h16_IF100_alpha0p5_seed42.log - INFO - Round 4 selected clients: [0, 4, 6, 8, 9, 11, 17, 18] | target exposure=1 samples=23 mass=0.004629 empirical_P=1.000000 theory_P=1.000000
2026-08-30 00:07:56,539 - hc_cifar10_class9_h16_IF100_alpha0p5_seed42.log - INFO - Round 4 | Global 0.2683 | Head 0.7143 | Middle 0.1350 | Tail 0.0000 | Class-9 0.0000 | best_class9 0.0000@1
2026-08-30 00:07:56,539 - hc_cifar10_class9_h16_IF100_alpha0p5_seed42.log - INFO - Round 5 selected clients: [0, 2, 5, 9, 10, 12, 16, 19] | target exposure=1 samples=18 mass=0.003626 empirical_P=1.000000 theory_P=1.000000
2026-08-30 00:08:13,464 - hc_cifar10_class9_h16_IF100_alpha0p5_seed42.log - INFO - Round 5 | Global 0.2934 | Head 0.7337 | Middle 0.1832 | Tail 0.0000 | Class-9 0.0000 | best_class9 0.0000@1
2026-08-30 00:08:13,468 - hc_cifar10_class9_h16_IF100_alpha0p5_seed42.log - INFO - Round 6 selected clients: [1, 3, 4, 5, 9, 10, 15, 16] | target exposure=1 samples=19 mass=0.003836 empirical_P=1.000000 theory_P=1.000000
2026-08-30 00:08:30,115 - hc_cifar10_class9_h16_IF100_alpha0p5_seed42.log - INFO - Round 6 | Global 0.3082 | Head 0.7840 | Middle 0.1825 | Tail 0.0000 | Class-9 0.0000 | best_class9 0.0000@1
2026-08-30 00:08:30,115 - hc_cifar10_class9_h16_IF100_alpha0p5_seed42.log - INFO - Round 7 selected clients: [2, 3, 5, 9, 10, 12, 13, 16] | target exposure=1 samples=18 mass=0.003630 empirical_P=1.000000 theory_P=1.000000
2026-08-30 00:08:46,737 - hc_cifar10_class9_h16_IF100_alpha0p5_seed42.log - INFO - Round 7 | Global 0.3243 | Head 0.7860 | Middle 0.2213 | Tail 0.0000 | Class-9 0.0000 | best_class9 0.0000@1
2026-08-30 00:08:46,737 - hc_cifar10_class9_h16_IF100_alpha0p5_seed42.log - INFO - Round 8 selected clients: [1, 3, 5, 7, 11, 15, 17, 18] | target exposure=1 samples=21 mass=0.004241 empirical_P=1.000000 theory_P=1.000000
2026-08-30 00:09:03,330 - hc_cifar10_class9_h16_IF100_alpha0p5_seed42.log - INFO - Round 8 | Global 0.3594 | Head 0.7600 | Middle 0.3285 | Tail 0.0000 | Class-9 0.0000 | best_class9 0.0000@1
2026-08-30 00:09:03,330 - hc_cifar10_class9_h16_IF100_alpha0p5_seed42.log - INFO - Round 9 selected clients: [0, 4, 7, 8, 9, 11, 13, 17] | target exposure=1 samples=22 mass=0.004419 empirical_P=1.000000 theory_P=1.000000
2026-08-30 00:09:20,113 - hc_cifar10_class9_h16_IF100_alpha0p5_seed42.log - INFO - Round 9 | Global 0.3133 | Head 0.6917 | Middle 0.2645 | Tail 0.0000 | Class-9 0.0000 | best_class9 0.0000@1
2026-08-30 00:09:20,113 - hc_cifar10_class9_h16_IF100_alpha0p5_seed42.log - INFO - Round 10 selected clients: [1, 2, 4, 5, 7, 9, 15, 16] | target exposure=1 samples=16 mass=0.003222 empirical_P=1.000000 theory_P=1.000000
2026-08-30 00:09:36,854 - hc_cifar10_class9_h16_IF100_alpha0p5_seed42.log - INFO - Round 10 | Global 0.3511 | Head 0.7843 | Middle 0.2893 | Tail 0.0003 | Class-9 0.0000 | best_class9 0.0000@1
2026-08-30 00:09:36,894 - hc_cifar10_class9_h16_IF100_alpha0p5_seed42.log - INFO - Round 11 selected clients: [1, 2, 4, 6, 12, 13, 16, 17] | target exposure=1 samples=17 mass=0.003415 empirical_P=1.000000 theory_P=1.000000
2026-08-30 00:09:53,542 - hc_cifar10_class9_h16_IF100_alpha0p5_seed42.log - INFO - Round 11 | Global 0.3686 | Head 0.8097 | Middle 0.3135 | Tail 0.0010 | Class-9 0.0000 | best_class9 0.0000@1
2026-08-30 00:09:53,542 - hc_cifar10_class9_h16_IF100_alpha0p5_seed42.log - INFO - Round 12 selected clients: [3, 6, 8, 9, 11, 14, 17, 18] | target exposure=1 samples=22 mass=0.004444 empirical_P=1.000000 theory_P=1.000000
2026-08-30 00:10:10,171 - hc_cifar10_class9_h16_IF100_alpha0p5_seed42.log - INFO - Round 12 | Global 0.3828 | Head 0.7630 | Middle 0.3585 | Tail 0.0350 | Class-9 0.0000 | best_class9 0.0000@1
2026-08-30 00:10:10,171 - hc_cifar10_class9_h16_IF100_alpha0p5_seed42.log - INFO - Round 13 selected clients: [2, 6, 8, 9, 12, 13, 14, 19] | target exposure=1 samples=19 mass=0.003829 empirical_P=1.000000 theory_P=1.000000
2026-08-30 00:10:27,010 - hc_cifar10_class9_h16_IF100_alpha0p5_seed42.log - INFO - Round 13 | Global 0.4269 | Head 0.7320 | Middle 0.4690 | Tail 0.0657 | Class-9 0.0000 | best_class9 0.0000@1
2026-08-30 00:10:27,010 - hc_cifar10_class9_h16_IF100_alpha0p5_seed42.log - INFO - Round 14 selected clients: [1, 4, 5, 9, 10, 11, 12, 19] | target exposure=1 samples=22 mass=0.004428 empirical_P=1.000000 theory_P=1.000000
2026-08-30 00:10:43,782 - hc_cifar10_class9_h16_IF100_alpha0p5_seed42.log - INFO - Round 14 | Global 0.3933 | Head 0.7333 | Middle 0.4190 | Tail 0.0190 | Class-9 0.0000 | best_class9 0.0000@1
2026-08-30 00:10:43,784 - hc_cifar10_class9_h16_IF100_alpha0p5_seed42.log - INFO - Round 15 selected clients: [4, 5, 7, 12, 13, 14, 16, 19] | target exposure=1 samples=22 mass=0.004424 empirical_P=1.000000 theory_P=1.000000
2026-08-30 00:11:00,511 - hc_cifar10_class9_h16_IF100_alpha0p5_seed42.log - INFO - Round 15 | Global 0.3917 | Head 0.7447 | Middle 0.4002 | Tail 0.0273 | Class-9 0.0030 | best_class9 0.0030@15
2026-08-30 00:11:00,511 - hc_cifar10_class9_h16_IF100_alpha0p5_seed42.log - INFO - Round 16 selected clients: [1, 4, 6, 9, 11, 13, 14, 18] | target exposure=1 samples=23 mass=0.004629 empirical_P=1.000000 theory_P=1.000000
2026-08-30 00:11:17,269 - hc_cifar10_class9_h16_IF100_alpha0p5_seed42.log - INFO - Round 16 | Global 0.4008 | Head 0.7943 | Middle 0.3792 | Tail 0.0360 | Class-9 0.0090 | best_class9 0.0090@16
2026-08-30 00:11:17,269 - hc_cifar10_class9_h16_IF100_alpha0p5_seed42.log - INFO - Round 17 selected clients: [4, 6, 7, 9, 11, 12, 14, 16] | target exposure=1 samples=23 mass=0.004622 empirical_P=1.000000 theory_P=1.000000
2026-08-30 00:11:34,043 - hc_cifar10_class9_h16_IF100_alpha0p5_seed42.log - INFO - Round 17 | Global 0.3989 | Head 0.7997 | Middle 0.3738 | Tail 0.0317 | Class-9 0.0260 | best_class9 0.0260@17
2026-08-30 00:11:34,043 - hc_cifar10_class9_h16_IF100_alpha0p5_seed42.log - INFO - Round 18 selected clients: [1, 3, 4, 7, 8, 9, 12, 18] | target exposure=1 samples=19 mass=0.003837 empirical_P=1.000000 theory_P=1.000000
2026-08-30 00:11:49,736 - hc_cifar10_class9_h16_IF100_alpha0p5_seed42.log - INFO - Round 18 | Global 0.4008 | Head 0.7760 | Middle 0.4060 | Tail 0.0187 | Class-9 0.0120 | best_class9 0.0260@17
2026-08-30 00:11:49,736 - hc_cifar10_class9_h16_IF100_alpha0p5_seed42.log - INFO - Round 19 selected clients: [1, 6, 7, 8, 9, 10, 11, 19] | target exposure=1 samples=19 mass=0.003829 empirical_P=1.000000 theory_P=1.000000
2026-08-30 00:12:04,255 - hc_cifar10_class9_h16_IF100_alpha0p5_seed42.log - INFO - Round 19 | Global 0.4243 | Head 0.7403 | Middle 0.4470 | Tail 0.0780 | Class-9 0.0830 | best_class9 0.0830@19
2026-08-30 00:12:04,265 - hc_cifar10_class9_h16_IF100_alpha0p5_seed42.log - INFO - Round 20 selected clients: [3, 4, 6, 10, 11, 13, 14, 17] | target exposure=1 samples=26 mass=0.005231 empirical_P=1.000000 theory_P=1.000000
2026-08-30 00:12:18,836 - hc_cifar10_class9_h16_IF100_alpha0p5_seed42.log - INFO - Round 20 | Global 0.4477 | Head 0.7333 | Middle 0.4708 | Tail 0.1313 | Class-9 0.1560 | best_class9 0.1560@20
2026-08-30 00:12:18,856 - hc_cifar10_class9_h16_IF100_alpha0p5_seed42.log - INFO - Round 21 selected clients: [3, 4, 13, 14, 15, 17, 18, 19] | target exposure=1 samples=25 mass=0.005055 empirical_P=1.000000 theory_P=1.000000
2026-08-30 00:12:33,655 - hc_cifar10_class9_h16_IF100_alpha0p5_seed42.log - INFO - Round 21 | Global 0.4530 | Head 0.7590 | Middle 0.5218 | Tail 0.0553 | Class-9 0.0190 | best_class9 0.1560@20
2026-08-30 00:12:33,655 - hc_cifar10_class9_h16_IF100_alpha0p5_seed42.log - INFO - Round 22 selected clients: [4, 5, 8, 10, 16, 17, 18, 19] | target exposure=1 samples=19 mass=0.003829 empirical_P=1.000000 theory_P=1.000000
2026-08-30 00:12:48,436 - hc_cifar10_class9_h16_IF100_alpha0p5_seed42.log - INFO - Round 22 | Global 0.4724 | Head 0.7480 | Middle 0.4783 | Tail 0.1890 | Class-9 0.1020 | best_class9 0.1560@20
2026-08-30 00:12:48,436 - hc_cifar10_class9_h16_IF100_alpha0p5_seed42.log - INFO - Round 23 selected clients: [1, 2, 3, 6, 8, 13, 15, 19] | target exposure=1 samples=16 mass=0.003236 empirical_P=1.000000 theory_P=1.000000
2026-08-30 00:13:03,236 - hc_cifar10_class9_h16_IF100_alpha0p5_seed42.log - INFO - Round 23 | Global 0.5044 | Head 0.7730 | Middle 0.4993 | Tail 0.2427 | Class-9 0.0620 | best_class9 0.1560@20
2026-08-30 00:13:03,236 - hc_cifar10_class9_h16_IF100_alpha0p5_seed42.log - INFO - Round 24 selected clients: [3, 4, 5, 8, 10, 13, 14, 17] | target exposure=1 samples=22 mass=0.004428 empirical_P=1.000000 theory_P=1.000000
2026-08-30 00:13:17,888 - hc_cifar10_class9_h16_IF100_alpha0p5_seed42.log - INFO - Round 24 | Global 0.4829 | Head 0.7413 | Middle 0.4950 | Tail 0.2083 | Class-9 0.1440 | best_class9 0.1560@20
2026-08-30 00:13:17,888 - hc_cifar10_class9_h16_IF100_alpha0p5_seed42.log - INFO - Round 25 selected clients: [2, 3, 6, 9, 10, 12, 15, 18] | target exposure=1 samples=22 mass=0.004449 empirical_P=1.000000 theory_P=1.000000
2026-08-30 00:13:32,543 - hc_cifar10_class9_h16_IF100_alpha0p5_seed42.log - INFO - Round 25 | Global 0.5284 | Head 0.7313 | Middle 0.5270 | Tail 0.3273 | Class-9 0.2040 | best_class9 0.2040@25
2026-08-30 00:13:32,543 - hc_cifar10_class9_h16_IF100_alpha0p5_seed42.log - INFO - Round 26 selected clients: [1, 2, 5, 6, 7, 8, 12, 16] | target exposure=1 samples=13 mass=0.002614 empirical_P=1.000000 theory_P=1.000000
2026-08-30 00:13:47,435 - hc_cifar10_class9_h16_IF100_alpha0p5_seed42.log - INFO - Round 26 | Global 0.5072 | Head 0.7687 | Middle 0.5060 | Tail 0.2473 | Class-9 0.0700 | best_class9 0.2040@25
2026-08-30 00:13:47,435 - hc_cifar10_class9_h16_IF100_alpha0p5_seed42.log - INFO - Round 27 selected clients: [5, 6, 8, 10, 12, 13, 14, 17] | target exposure=1 samples=22 mass=0.004418 empirical_P=1.000000 theory_P=1.000000
2026-08-30 00:14:02,114 - hc_cifar10_class9_h16_IF100_alpha0p5_seed42.log - INFO - Round 27 | Global 0.5001 | Head 0.7737 | Middle 0.4845 | Tail 0.2473 | Class-9 0.1640 | best_class9 0.2040@25
2026-08-30 00:14:02,124 - hc_cifar10_class9_h16_IF100_alpha0p5_seed42.log - INFO - Round 28 selected clients: [1, 3, 5, 6, 7, 8, 14, 19] | target exposure=1 samples=19 mass=0.003836 empirical_P=1.000000 theory_P=1.000000
2026-08-30 00:14:16,904 - hc_cifar10_class9_h16_IF100_alpha0p5_seed42.log - INFO - Round 28 | Global 0.5056 | Head 0.7613 | Middle 0.4808 | Tail 0.2830 | Class-9 0.1920 | best_class9 0.2040@25
2026-08-30 00:14:16,904 - hc_cifar10_class9_h16_IF100_alpha0p5_seed42.log - INFO - Round 29 selected clients: [3, 4, 5, 8, 12, 14, 15, 16] | target exposure=1 samples=19 mass=0.003832 empirical_P=1.000000 theory_P=1.000000
2026-08-30 00:14:31,546 - hc_cifar10_class9_h16_IF100_alpha0p5_seed42.log - INFO - Round 29 | Global 0.5254 | Head 0.7887 | Middle 0.5460 | Tail 0.2347 | Class-9 0.1210 | best_class9 0.2040@25
2026-08-30 00:14:31,546 - hc_cifar10_class9_h16_IF100_alpha0p5_seed42.log - INFO - Round 30 selected clients: [5, 6, 11, 13, 14, 15, 16, 19] | target exposure=1 samples=22 mass=0.004433 empirical_P=1.000000 theory_P=1.000000
2026-08-30 00:14:46,224 - hc_cifar10_class9_h16_IF100_alpha0p5_seed42.log - INFO - Round 30 | Global 0.5010 | Head 0.7967 | Middle 0.5248 | Tail 0.1737 | Class-9 0.0970 | best_class9 0.2040@25
2026-08-30 00:14:46,233 - hc_cifar10_class9_h16_IF100_alpha0p5_seed42.log - INFO - Round 31 selected clients: [1, 4, 6, 7, 9, 11, 14, 19] | target exposure=1 samples=23 mass=0.004631 empirical_P=1.000000 theory_P=1.000000
2026-08-30 00:15:01,084 - hc_cifar10_class9_h16_IF100_alpha0p5_seed42.log - INFO - Round 31 | Global 0.5139 | Head 0.7290 | Middle 0.5230 | Tail 0.2867 | Class-9 0.3440 | best_class9 0.3440@31
2026-08-30 00:15:01,084 - hc_cifar10_class9_h16_IF100_alpha0p5_seed42.log - INFO - Round 32 selected clients: [0, 1, 5, 6, 7, 9, 12, 19] | target exposure=1 samples=22 mass=0.004430 empirical_P=1.000000 theory_P=1.000000
2026-08-30 00:15:15,876 - hc_cifar10_class9_h16_IF100_alpha0p5_seed42.log - INFO - Round 32 | Global 0.5587 | Head 0.7160 | Middle 0.5162 | Tail 0.4580 | Class-9 0.4040 | best_class9 0.4040@32
2026-08-30 00:15:15,876 - hc_cifar10_class9_h16_IF100_alpha0p5_seed42.log - INFO - Round 33 selected clients: [3, 5, 7, 11, 14, 15, 16, 17] | target exposure=1 samples=21 mass=0.004235 empirical_P=1.000000 theory_P=1.000000
2026-08-30 00:15:30,536 - hc_cifar10_class9_h16_IF100_alpha0p5_seed42.log - INFO - Round 33 | Global 0.5274 | Head 0.8003 | Middle 0.5365 | Tail 0.2423 | Class-9 0.1870 | best_class9 0.4040@32
2026-08-30 00:15:30,536 - hc_cifar10_class9_h16_IF100_alpha0p5_seed42.log - INFO - Round 34 selected clients: [6, 8, 9, 10, 13, 14, 16, 18] | target exposure=1 samples=19 mass=0.003828 empirical_P=1.000000 theory_P=1.000000
2026-08-30 00:15:45,346 - hc_cifar10_class9_h16_IF100_alpha0p5_seed42.log - INFO - Round 34 | Global 0.5540 | Head 0.7987 | Middle 0.5393 | Tail 0.3290 | Class-9 0.2820 | best_class9 0.4040@32
2026-08-30 00:15:45,346 - hc_cifar10_class9_h16_IF100_alpha0p5_seed42.log - INFO - Round 35 selected clients: [0, 4, 5, 8, 10, 12, 13, 19] | target exposure=1 samples=22 mass=0.004423 empirical_P=1.000000 theory_P=1.000000
2026-08-30 00:16:00,269 - hc_cifar10_class9_h16_IF100_alpha0p5_seed42.log - INFO - Round 35 | Global 0.5443 | Head 0.7957 | Middle 0.5327 | Tail 0.3083 | Class-9 0.3560 | best_class9 0.4040@32
2026-08-30 00:16:00,269 - hc_cifar10_class9_h16_IF100_alpha0p5_seed42.log - INFO - Round 36 selected clients: [1, 2, 3, 6, 7, 8, 10, 18] | target exposure=1 samples=16 mass=0.003230 empirical_P=1.000000 theory_P=1.000000
2026-08-30 00:16:17,204 - hc_cifar10_class9_h16_IF100_alpha0p5_seed42.log - INFO - Round 36 | Global 0.5847 | Head 0.7463 | Middle 0.5655 | Tail 0.4487 | Class-9 0.3990 | best_class9 0.4040@32
2026-08-30 00:16:17,204 - hc_cifar10_class9_h16_IF100_alpha0p5_seed42.log - INFO - Round 37 selected clients: [1, 3, 7, 9, 10, 11, 15, 17] | target exposure=1 samples=21 mass=0.004239 empirical_P=1.000000 theory_P=1.000000
2026-08-30 00:16:33,877 - hc_cifar10_class9_h16_IF100_alpha0p5_seed42.log - INFO - Round 37 | Global 0.5542 | Head 0.7903 | Middle 0.5315 | Tail 0.3483 | Class-9 0.3500 | best_class9 0.4040@32
2026-08-30 00:16:33,877 - hc_cifar10_class9_h16_IF100_alpha0p5_seed42.log - INFO - Round 38 selected clients: [1, 2, 6, 9, 12, 13, 14, 18] | target exposure=1 samples=19 mass=0.003827 empirical_P=1.000000 theory_P=1.000000
2026-08-30 00:16:50,741 - hc_cifar10_class9_h16_IF100_alpha0p5_seed42.log - INFO - Round 38 | Global 0.5639 | Head 0.7633 | Middle 0.5460 | Tail 0.3883 | Class-9 0.2850 | best_class9 0.4040@32
2026-08-30 00:16:50,741 - hc_cifar10_class9_h16_IF100_alpha0p5_seed42.log - INFO - Round 39 selected clients: [0, 2, 3, 11, 12, 13, 15, 19] | target exposure=1 samples=21 mass=0.004242 empirical_P=1.000000 theory_P=1.000000
2026-08-30 00:17:07,285 - hc_cifar10_class9_h16_IF100_alpha0p5_seed42.log - INFO - Round 39 | Global 0.5850 | Head 0.7400 | Middle 0.5952 | Tail 0.4163 | Class-9 0.4400 | best_class9 0.4400@39
2026-08-30 00:17:07,285 - hc_cifar10_class9_h16_IF100_alpha0p5_seed42.log - INFO - Round 40 selected clients: [3, 7, 9, 11, 13, 14, 15, 19] | target exposure=1 samples=24 mass=0.004852 empirical_P=1.000000 theory_P=1.000000
2026-08-30 00:17:24,054 - hc_cifar10_class9_h16_IF100_alpha0p5_seed42.log - INFO - Round 40 | Global 0.5658 | Head 0.8027 | Middle 0.5465 | Tail 0.3547 | Class-9 0.3310 | best_class9 0.4400@39
2026-08-30 00:17:24,066 - hc_cifar10_class9_h16_IF100_alpha0p5_seed42.log - INFO - Round 41 selected clients: [1, 5, 6, 7, 10, 11, 14, 15] | target exposure=1 samples=22 mass=0.004423 empirical_P=1.000000 theory_P=1.000000
2026-08-30 00:17:40,896 - hc_cifar10_class9_h16_IF100_alpha0p5_seed42.log - INFO - Round 41 | Global 0.5867 | Head 0.7530 | Middle 0.5897 | Tail 0.4163 | Class-9 0.5320 | best_class9 0.5320@41
2026-08-30 00:17:40,896 - hc_cifar10_class9_h16_IF100_alpha0p5_seed42.log - INFO - Round 42 selected clients: [1, 3, 7, 9, 12, 14, 15, 19] | target exposure=1 samples=21 mass=0.004248 empirical_P=1.000000 theory_P=1.000000
2026-08-30 00:17:57,624 - hc_cifar10_class9_h16_IF100_alpha0p5_seed42.log - INFO - Round 42 | Global 0.5485 | Head 0.8040 | Middle 0.5485 | Tail 0.2930 | Class-9 0.2660 | best_class9 0.5320@41
2026-08-30 00:17:57,624 - hc_cifar10_class9_h16_IF100_alpha0p5_seed42.log - INFO - Round 43 selected clients: [0, 4, 6, 7, 9, 11, 12, 14] | target exposure=1 samples=26 mass=0.005221 empirical_P=1.000000 theory_P=1.000000
2026-08-30 00:18:14,537 - hc_cifar10_class9_h16_IF100_alpha0p5_seed42.log - INFO - Round 43 | Global 0.5742 | Head 0.7873 | Middle 0.5687 | Tail 0.3683 | Class-9 0.5210 | best_class9 0.5320@41
2026-08-30 00:18:14,545 - hc_cifar10_class9_h16_IF100_alpha0p5_seed42.log - INFO - Round 44 selected clients: [2, 6, 8, 10, 12, 13, 15, 17] | target exposure=1 samples=19 mass=0.003822 empirical_P=1.000000 theory_P=1.000000
2026-08-30 00:18:31,334 - hc_cifar10_class9_h16_IF100_alpha0p5_seed42.log - INFO - Round 44 | Global 0.5728 | Head 0.7237 | Middle 0.5867 | Tail 0.4033 | Class-9 0.4940 | best_class9 0.5320@41
2026-08-30 00:18:31,334 - hc_cifar10_class9_h16_IF100_alpha0p5_seed42.log - INFO - Round 45 selected clients: [0, 1, 4, 5, 6, 11, 12, 17] | target exposure=1 samples=23 mass=0.004615 empirical_P=1.000000 theory_P=1.000000
2026-08-30 00:18:48,163 - hc_cifar10_class9_h16_IF100_alpha0p5_seed42.log - INFO - Round 45 | Global 0.5918 | Head 0.7727 | Middle 0.5570 | Tail 0.4573 | Class-9 0.5450 | best_class9 0.5450@45
2026-08-30 00:18:48,173 - hc_cifar10_class9_h16_IF100_alpha0p5_seed42.log - INFO - Round 46 selected clients: [2, 3, 6, 7, 10, 12, 14, 16] | target exposure=1 samples=19 mass=0.003828 empirical_P=1.000000 theory_P=1.000000
2026-08-30 00:19:04,905 - hc_cifar10_class9_h16_IF100_alpha0p5_seed42.log - INFO - Round 46 | Global 0.5960 | Head 0.7787 | Middle 0.5697 | Tail 0.4483 | Class-9 0.4920 | best_class9 0.5450@45
2026-08-30 00:19:04,905 - hc_cifar10_class9_h16_IF100_alpha0p5_seed42.log - INFO - Round 47 selected clients: [1, 4, 8, 10, 11, 13, 15, 18] | target exposure=1 samples=19 mass=0.003826 empirical_P=1.000000 theory_P=1.000000
2026-08-30 00:19:21,586 - hc_cifar10_class9_h16_IF100_alpha0p5_seed42.log - INFO - Round 47 | Global 0.5752 | Head 0.8190 | Middle 0.5350 | Tail 0.3850 | Class-9 0.4990 | best_class9 0.5450@45
2026-08-30 00:19:21,586 - hc_cifar10_class9_h16_IF100_alpha0p5_seed42.log - INFO - Round 48 selected clients: [0, 3, 4, 6, 7, 8, 16, 17] | target exposure=1 samples=20 mass=0.004028 empirical_P=1.000000 theory_P=1.000000
2026-08-30 00:19:38,274 - hc_cifar10_class9_h16_IF100_alpha0p5_seed42.log - INFO - Round 48 | Global 0.5643 | Head 0.8307 | Middle 0.5192 | Tail 0.3580 | Class-9 0.3820 | best_class9 0.5450@45
2026-08-30 00:19:38,274 - hc_cifar10_class9_h16_IF100_alpha0p5_seed42.log - INFO - Round 49 selected clients: [0, 4, 5, 7, 10, 15, 17, 18] | target exposure=1 samples=25 mass=0.005028 empirical_P=1.000000 theory_P=1.000000
2026-08-30 00:19:55,055 - hc_cifar10_class9_h16_IF100_alpha0p5_seed42.log - INFO - Round 49 | Global 0.5957 | Head 0.7770 | Middle 0.5683 | Tail 0.4510 | Class-9 0.5450 | best_class9 0.5450@45
2026-08-30 00:19:55,055 - hc_cifar10_class9_h16_IF100_alpha0p5_seed42.log - INFO - Round 50 selected clients: [0, 2, 6, 11, 12, 13, 14, 17] | target exposure=1 samples=22 mass=0.004416 empirical_P=1.000000 theory_P=1.000000
2026-08-30 00:20:11,662 - hc_cifar10_class9_h16_IF100_alpha0p5_seed42.log - INFO - Round 50 | Global 0.5990 | Head 0.7900 | Middle 0.5710 | Tail 0.4453 | Class-9 0.4760 | best_class9 0.5450@45
2026-08-30 00:20:11,672 - hc_cifar10_class9_h16_IF100_alpha0p5_seed42.log - INFO - Round 51 selected clients: [0, 1, 9, 11, 13, 16, 17, 19] | target exposure=1 samples=18 mass=0.003626 empirical_P=1.000000 theory_P=1.000000
2026-08-30 00:20:28,399 - hc_cifar10_class9_h16_IF100_alpha0p5_seed42.log - INFO - Round 51 | Global 0.5871 | Head 0.7943 | Middle 0.5350 | Tail 0.4493 | Class-9 0.4710 | best_class9 0.5450@45
2026-08-30 00:20:28,399 - hc_cifar10_class9_h16_IF100_alpha0p5_seed42.log - INFO - Round 52 selected clients: [0, 3, 6, 8, 12, 15, 17, 19] | target exposure=1 samples=22 mass=0.004445 empirical_P=1.000000 theory_P=1.000000
2026-08-30 00:20:43,366 - hc_cifar10_class9_h16_IF100_alpha0p5_seed42.log - INFO - Round 52 | Global 0.6177 | Head 0.7503 | Middle 0.6022 | Tail 0.5057 | Class-9 0.5270 | best_class9 0.5450@45
2026-08-30 00:20:43,366 - hc_cifar10_class9_h16_IF100_alpha0p5_seed42.log - INFO - Round 53 selected clients: [1, 6, 7, 8, 9, 11, 12, 15] | target exposure=1 samples=19 mass=0.003827 empirical_P=1.000000 theory_P=1.000000
2026-08-30 00:20:58,094 - hc_cifar10_class9_h16_IF100_alpha0p5_seed42.log - INFO - Round 53 | Global 0.6005 | Head 0.7820 | Middle 0.5985 | Tail 0.4217 | Class-9 0.5210 | best_class9 0.5450@45
2026-08-30 00:20:58,094 - hc_cifar10_class9_h16_IF100_alpha0p5_seed42.log - INFO - Round 54 selected clients: [3, 9, 11, 12, 13, 14, 16, 18] | target exposure=1 samples=21 mass=0.004241 empirical_P=1.000000 theory_P=1.000000
2026-08-30 00:21:12,834 - hc_cifar10_class9_h16_IF100_alpha0p5_seed42.log - INFO - Round 54 | Global 0.6118 | Head 0.7620 | Middle 0.5790 | Tail 0.5053 | Class-9 0.4750 | best_class9 0.5450@45
2026-08-30 00:21:12,834 - hc_cifar10_class9_h16_IF100_alpha0p5_seed42.log - INFO - Round 55 selected clients: [3, 6, 9, 13, 14, 16, 17, 19] | target exposure=1 samples=22 mass=0.004445 empirical_P=1.000000 theory_P=1.000000
2026-08-30 00:21:27,337 - hc_cifar10_class9_h16_IF100_alpha0p5_seed42.log - INFO - Round 55 | Global 0.5999 | Head 0.8220 | Middle 0.5583 | Tail 0.4333 | Class-9 0.3460 | best_class9 0.5450@45
2026-08-30 00:21:27,347 - hc_cifar10_class9_h16_IF100_alpha0p5_seed42.log - INFO - Round 56 selected clients: [0, 4, 5, 10, 14, 15, 17, 19] | target exposure=1 samples=25 mass=0.005030 empirical_P=1.000000 theory_P=1.000000
2026-08-30 00:21:42,082 - hc_cifar10_class9_h16_IF100_alpha0p5_seed42.log - INFO - Round 56 | Global 0.6134 | Head 0.7673 | Middle 0.6095 | Tail 0.4647 | Class-9 0.5690 | best_class9 0.5690@56
2026-08-30 00:21:42,082 - hc_cifar10_class9_h16_IF100_alpha0p5_seed42.log - INFO - Round 57 selected clients: [0, 3, 4, 8, 9, 10, 15, 18] | target exposure=1 samples=22 mass=0.004446 empirical_P=1.000000 theory_P=1.000000
2026-08-30 00:21:56,628 - hc_cifar10_class9_h16_IF100_alpha0p5_seed42.log - INFO - Round 57 | Global 0.6041 | Head 0.7760 | Middle 0.5867 | Tail 0.4553 | Class-9 0.4900 | best_class9 0.5690@56
2026-08-30 00:21:56,628 - hc_cifar10_class9_h16_IF100_alpha0p5_seed42.log - INFO - Round 58 selected clients: [2, 7, 8, 11, 12, 13, 14, 15] | target exposure=1 samples=18 mass=0.003620 empirical_P=1.000000 theory_P=1.000000
2026-08-30 00:22:11,325 - hc_cifar10_class9_h16_IF100_alpha0p5_seed42.log - INFO - Round 58 | Global 0.6046 | Head 0.7700 | Middle 0.6232 | Tail 0.4143 | Class-9 0.5580 | best_class9 0.5690@56
2026-08-30 00:22:11,325 - hc_cifar10_class9_h16_IF100_alpha0p5_seed42.log - INFO - Round 59 selected clients: [0, 5, 6, 8, 13, 15, 16, 17] | target exposure=1 samples=19 mass=0.003822 empirical_P=1.000000 theory_P=1.000000
2026-08-30 00:22:26,145 - hc_cifar10_class9_h16_IF100_alpha0p5_seed42.log - INFO - Round 59 | Global 0.6228 | Head 0.8180 | Middle 0.5780 | Tail 0.4873 | Class-9 0.5470 | best_class9 0.5690@56
2026-08-30 00:22:26,145 - hc_cifar10_class9_h16_IF100_alpha0p5_seed42.log - INFO - Round 60 selected clients: [0, 2, 3, 4, 8, 11, 13, 15] | target exposure=1 samples=19 mass=0.003831 empirical_P=1.000000 theory_P=1.000000
2026-08-30 00:22:40,726 - hc_cifar10_class9_h16_IF100_alpha0p5_seed42.log - INFO - Round 60 | Global 0.5898 | Head 0.7993 | Middle 0.6012 | Tail 0.3650 | Class-9 0.4740 | best_class9 0.5690@56
2026-08-30 00:22:40,739 - hc_cifar10_class9_h16_IF100_alpha0p5_seed42.log - INFO - Round 61 selected clients: [0, 1, 3, 6, 10, 13, 15, 19] | target exposure=1 samples=22 mass=0.004444 empirical_P=1.000000 theory_P=1.000000
2026-08-30 00:22:55,338 - hc_cifar10_class9_h16_IF100_alpha0p5_seed42.log - INFO - Round 61 | Global 0.6318 | Head 0.7737 | Middle 0.5952 | Tail 0.5387 | Class-9 0.5960 | best_class9 0.5960@61
2026-08-30 00:22:55,348 - hc_cifar10_class9_h16_IF100_alpha0p5_seed42.log - INFO - Round 62 selected clients: [1, 2, 5, 6, 10, 12, 17, 18] | target exposure=1 samples=19 mass=0.003822 empirical_P=1.000000 theory_P=1.000000
2026-08-30 00:23:09,965 - hc_cifar10_class9_h16_IF100_alpha0p5_seed42.log - INFO - Round 62 | Global 0.6516 | Head 0.7477 | Middle 0.6300 | Tail 0.5843 | Class-9 0.5340 | best_class9 0.5960@61
2026-08-30 00:23:09,965 - hc_cifar10_class9_h16_IF100_alpha0p5_seed42.log - INFO - Round 63 selected clients: [3, 4, 7, 8, 9, 11, 13, 16] | target exposure=1 samples=19 mass=0.003831 empirical_P=1.000000 theory_P=1.000000
2026-08-30 00:23:24,484 - hc_cifar10_class9_h16_IF100_alpha0p5_seed42.log - INFO - Round 63 | Global 0.6238 | Head 0.8207 | Middle 0.5938 | Tail 0.4670 | Class-9 0.4770 | best_class9 0.5960@61
2026-08-30 00:23:24,484 - hc_cifar10_class9_h16_IF100_alpha0p5_seed42.log - INFO - Round 64 selected clients: [1, 2, 4, 9, 11, 12, 13, 18] | target exposure=1 samples=19 mass=0.003824 empirical_P=1.000000 theory_P=1.000000
2026-08-30 00:23:39,264 - hc_cifar10_class9_h16_IF100_alpha0p5_seed42.log - INFO - Round 64 | Global 0.6379 | Head 0.7920 | Middle 0.6305 | Tail 0.4937 | Class-9 0.4730 | best_class9 0.5960@61
2026-08-30 00:23:39,264 - hc_cifar10_class9_h16_IF100_alpha0p5_seed42.log - INFO - Round 65 selected clients: [3, 4, 6, 8, 9, 11, 17, 19] | target exposure=1 samples=23 mass=0.004646 empirical_P=1.000000 theory_P=1.000000
2026-08-30 00:23:53,823 - hc_cifar10_class9_h16_IF100_alpha0p5_seed42.log - INFO - Round 65 | Global 0.6390 | Head 0.7923 | Middle 0.6018 | Tail 0.5353 | Class-9 0.5360 | best_class9 0.5960@61
2026-08-30 00:23:53,823 - hc_cifar10_class9_h16_IF100_alpha0p5_seed42.log - INFO - Round 66 selected clients: [3, 4, 5, 7, 8, 12, 15, 16] | target exposure=1 samples=19 mass=0.003832 empirical_P=1.000000 theory_P=1.000000
2026-08-30 00:24:08,466 - hc_cifar10_class9_h16_IF100_alpha0p5_seed42.log - INFO - Round 66 | Global 0.6087 | Head 0.7313 | Middle 0.6010 | Tail 0.4963 | Class-9 0.6210 | best_class9 0.6210@66
2026-08-30 00:24:08,466 - hc_cifar10_class9_h16_IF100_alpha0p5_seed42.log - INFO - Round 67 selected clients: [3, 5, 6, 8, 10, 13, 17, 18] | target exposure=1 samples=22 mass=0.004438 empirical_P=1.000000 theory_P=1.000000
2026-08-30 00:24:23,092 - hc_cifar10_class9_h16_IF100_alpha0p5_seed42.log - INFO - Round 67 | Global 0.6417 | Head 0.7463 | Middle 0.6208 | Tail 0.5650 | Class-9 0.6010 | best_class9 0.6210@66
2026-08-30 00:24:23,092 - hc_cifar10_class9_h16_IF100_alpha0p5_seed42.log - INFO - Round 68 selected clients: [1, 5, 7, 8, 11, 12, 18, 19] | target exposure=1 samples=18 mass=0.003628 empirical_P=1.000000 theory_P=1.000000
2026-08-30 00:24:37,878 - hc_cifar10_class9_h16_IF100_alpha0p5_seed42.log - INFO - Round 68 | Global 0.6467 | Head 0.7680 | Middle 0.6030 | Tail 0.5837 | Class-9 0.6090 | best_class9 0.6210@66
2026-08-30 00:24:37,878 - hc_cifar10_class9_h16_IF100_alpha0p5_seed42.log - INFO - Round 69 selected clients: [0, 7, 8, 12, 13, 15, 16, 17] | target exposure=1 samples=18 mass=0.003620 empirical_P=1.000000 theory_P=1.000000
2026-08-30 00:24:53,621 - hc_cifar10_class9_h16_IF100_alpha0p5_seed42.log - INFO - Round 69 | Global 0.6297 | Head 0.7947 | Middle 0.5923 | Tail 0.5147 | Class-9 0.5990 | best_class9 0.6210@66
2026-08-30 00:24:53,621 - hc_cifar10_class9_h16_IF100_alpha0p5_seed42.log - INFO - Round 70 selected clients: [3, 4, 5, 10, 12, 15, 17, 19] | target exposure=1 samples=25 mass=0.005046 empirical_P=1.000000 theory_P=1.000000
2026-08-30 00:25:10,164 - hc_cifar10_class9_h16_IF100_alpha0p5_seed42.log - INFO - Round 70 | Global 0.6369 | Head 0.7927 | Middle 0.6198 | Tail 0.5040 | Class-9 0.5520 | best_class9 0.6210@66
2026-08-30 00:25:10,172 - hc_cifar10_class9_h16_IF100_alpha0p5_seed42.log - INFO - Round 71 selected clients: [0, 2, 6, 7, 11, 13, 16, 19] | target exposure=1 samples=19 mass=0.003824 empirical_P=1.000000 theory_P=1.000000
2026-08-30 00:25:27,079 - hc_cifar10_class9_h16_IF100_alpha0p5_seed42.log - INFO - Round 71 | Global 0.6455 | Head 0.8050 | Middle 0.6102 | Tail 0.5330 | Class-9 0.4660 | best_class9 0.6210@66
2026-08-30 00:25:27,081 - hc_cifar10_class9_h16_IF100_alpha0p5_seed42.log - INFO - Round 72 selected clients: [2, 3, 10, 13, 15, 16, 17, 18] | target exposure=1 samples=18 mass=0.003637 empirical_P=1.000000 theory_P=1.000000
2026-08-30 00:25:43,773 - hc_cifar10_class9_h16_IF100_alpha0p5_seed42.log - INFO - Round 72 | Global 0.6351 | Head 0.7793 | Middle 0.6178 | Tail 0.5140 | Class-9 0.4230 | best_class9 0.6210@66
2026-08-30 00:25:43,773 - hc_cifar10_class9_h16_IF100_alpha0p5_seed42.log - INFO - Round 73 selected clients: [1, 4, 5, 8, 9, 11, 12, 13] | target exposure=1 samples=19 mass=0.003819 empirical_P=1.000000 theory_P=1.000000
2026-08-30 00:26:00,722 - hc_cifar10_class9_h16_IF100_alpha0p5_seed42.log - INFO - Round 73 | Global 0.6327 | Head 0.8057 | Middle 0.6288 | Tail 0.4650 | Class-9 0.4840 | best_class9 0.6210@66
2026-08-30 00:26:00,722 - hc_cifar10_class9_h16_IF100_alpha0p5_seed42.log - INFO - Round 74 selected clients: [4, 5, 6, 7, 9, 15, 17, 19] | target exposure=1 samples=26 mass=0.005240 empirical_P=1.000000 theory_P=1.000000
2026-08-30 00:26:17,475 - hc_cifar10_class9_h16_IF100_alpha0p5_seed42.log - INFO - Round 74 | Global 0.6501 | Head 0.7480 | Middle 0.6435 | Tail 0.5610 | Class-9 0.5850 | best_class9 0.6210@66
2026-08-30 00:26:17,475 - hc_cifar10_class9_h16_IF100_alpha0p5_seed42.log - INFO - Round 75 selected clients: [0, 3, 8, 12, 16, 17, 18, 19] | target exposure=1 samples=18 mass=0.003639 empirical_P=1.000000 theory_P=1.000000
2026-08-30 00:26:34,306 - hc_cifar10_class9_h16_IF100_alpha0p5_seed42.log - INFO - Round 75 | Global 0.6617 | Head 0.7860 | Middle 0.6165 | Tail 0.5977 | Class-9 0.5530 | best_class9 0.6210@66
2026-08-30 00:26:34,306 - hc_cifar10_class9_h16_IF100_alpha0p5_seed42.log - INFO - Round 76 selected clients: [1, 3, 5, 8, 10, 12, 15, 18] | target exposure=1 samples=18 mass=0.003637 empirical_P=1.000000 theory_P=1.000000
2026-08-30 00:26:50,855 - hc_cifar10_class9_h16_IF100_alpha0p5_seed42.log - INFO - Round 76 | Global 0.6430 | Head 0.7943 | Middle 0.6070 | Tail 0.5397 | Class-9 0.4880 | best_class9 0.6210@66
2026-08-30 00:26:50,865 - hc_cifar10_class9_h16_IF100_alpha0p5_seed42.log - INFO - Round 77 selected clients: [1, 2, 3, 7, 10, 11, 17, 18] | target exposure=1 samples=18 mass=0.003631 empirical_P=1.000000 theory_P=1.000000
2026-08-30 00:27:07,626 - hc_cifar10_class9_h16_IF100_alpha0p5_seed42.log - INFO - Round 77 | Global 0.6537 | Head 0.7650 | Middle 0.6290 | Tail 0.5753 | Class-9 0.5750 | best_class9 0.6210@66
2026-08-30 00:27:07,626 - hc_cifar10_class9_h16_IF100_alpha0p5_seed42.log - INFO - Round 78 selected clients: [3, 4, 5, 8, 11, 12, 13, 14] | target exposure=1 samples=22 mass=0.004428 empirical_P=1.000000 theory_P=1.000000
2026-08-30 00:27:24,360 - hc_cifar10_class9_h16_IF100_alpha0p5_seed42.log - INFO - Round 78 | Global 0.6390 | Head 0.7920 | Middle 0.6275 | Tail 0.5013 | Class-9 0.4990 | best_class9 0.6210@66
2026-08-30 00:27:24,360 - hc_cifar10_class9_h16_IF100_alpha0p5_seed42.log - INFO - Round 79 selected clients: [2, 4, 9, 10, 13, 15, 17, 18] | target exposure=1 samples=22 mass=0.004433 empirical_P=1.000000 theory_P=1.000000
2026-08-30 00:27:41,151 - hc_cifar10_class9_h16_IF100_alpha0p5_seed42.log - INFO - Round 79 | Global 0.6532 | Head 0.7763 | Middle 0.6512 | Tail 0.5327 | Class-9 0.5500 | best_class9 0.6210@66
2026-08-30 00:27:41,151 - hc_cifar10_class9_h16_IF100_alpha0p5_seed42.log - INFO - Round 80 selected clients: [5, 7, 8, 11, 13, 14, 15, 18] | target exposure=1 samples=21 mass=0.004229 empirical_P=1.000000 theory_P=1.000000
2026-08-30 00:27:58,016 - hc_cifar10_class9_h16_IF100_alpha0p5_seed42.log - INFO - Round 80 | Global 0.6444 | Head 0.8017 | Middle 0.6302 | Tail 0.5060 | Class-9 0.5130 | best_class9 0.6210@66
2026-08-30 00:27:58,028 - hc_cifar10_class9_h16_IF100_alpha0p5_seed42.log - INFO - Round 81 selected clients: [5, 8, 9, 10, 14, 15, 17, 19] | target exposure=1 samples=21 mass=0.004236 empirical_P=1.000000 theory_P=1.000000
2026-08-30 00:28:14,743 - hc_cifar10_class9_h16_IF100_alpha0p5_seed42.log - INFO - Round 81 | Global 0.6416 | Head 0.7647 | Middle 0.6335 | Tail 0.5293 | Class-9 0.5270 | best_class9 0.6210@66
2026-08-30 00:28:14,743 - hc_cifar10_class9_h16_IF100_alpha0p5_seed42.log - INFO - Round 82 selected clients: [0, 2, 9, 12, 13, 15, 16, 19] | target exposure=1 samples=18 mass=0.003631 empirical_P=1.000000 theory_P=1.000000
2026-08-30 00:28:31,605 - hc_cifar10_class9_h16_IF100_alpha0p5_seed42.log - INFO - Round 82 | Global 0.6440 | Head 0.7887 | Middle 0.6368 | Tail 0.5090 | Class-9 0.4010 | best_class9 0.6210@66
2026-08-30 00:28:31,606 - hc_cifar10_class9_h16_IF100_alpha0p5_seed42.log - INFO - Round 83 selected clients: [3, 4, 5, 6, 7, 11, 14, 15] | target exposure=1 samples=26 mass=0.005239 empirical_P=1.000000 theory_P=1.000000
2026-08-30 00:28:48,294 - hc_cifar10_class9_h16_IF100_alpha0p5_seed42.log - INFO - Round 83 | Global 0.6272 | Head 0.8110 | Middle 0.6228 | Tail 0.4493 | Class-9 0.4430 | best_class9 0.6210@66
2026-08-30 00:28:48,294 - hc_cifar10_class9_h16_IF100_alpha0p5_seed42.log - INFO - Round 84 selected clients: [3, 4, 5, 6, 13, 14, 15, 18] | target exposure=1 samples=26 mass=0.005247 empirical_P=1.000000 theory_P=1.000000
2026-08-30 00:29:04,789 - hc_cifar10_class9_h16_IF100_alpha0p5_seed42.log - INFO - Round 84 | Global 0.6589 | Head 0.7820 | Middle 0.6458 | Tail 0.5533 | Class-9 0.5120 | best_class9 0.6210@66
2026-08-30 00:29:04,789 - hc_cifar10_class9_h16_IF100_alpha0p5_seed42.log - INFO - Round 85 selected clients: [0, 5, 6, 9, 12, 15, 16, 18] | target exposure=1 samples=22 mass=0.004435 empirical_P=1.000000 theory_P=1.000000
2026-08-30 00:29:21,611 - hc_cifar10_class9_h16_IF100_alpha0p5_seed42.log - INFO - Round 85 | Global 0.6596 | Head 0.7860 | Middle 0.6345 | Tail 0.5667 | Class-9 0.4800 | best_class9 0.6210@66
2026-08-30 00:29:21,611 - hc_cifar10_class9_h16_IF100_alpha0p5_seed42.log - INFO - Round 86 selected clients: [0, 2, 3, 6, 8, 11, 13, 16] | target exposure=1 samples=16 mass=0.003225 empirical_P=1.000000 theory_P=1.000000
2026-08-30 00:29:36,503 - hc_cifar10_class9_h16_IF100_alpha0p5_seed42.log - INFO - Round 86 | Global 0.6527 | Head 0.8037 | Middle 0.6318 | Tail 0.5297 | Class-9 0.4450 | best_class9 0.6210@66
2026-08-30 00:29:36,503 - hc_cifar10_class9_h16_IF100_alpha0p5_seed42.log - INFO - Round 87 selected clients: [3, 4, 6, 8, 9, 11, 13, 15] | target exposure=1 samples=23 mass=0.004643 empirical_P=1.000000 theory_P=1.000000
2026-08-30 00:29:51,141 - hc_cifar10_class9_h16_IF100_alpha0p5_seed42.log - INFO - Round 87 | Global 0.6571 | Head 0.7690 | Middle 0.6345 | Tail 0.5753 | Class-9 0.6000 | best_class9 0.6210@66
2026-08-30 00:29:51,141 - hc_cifar10_class9_h16_IF100_alpha0p5_seed42.log - INFO - Round 88 selected clients: [0, 1, 2, 7, 13, 15, 16, 18] | target exposure=1 samples=15 mass=0.003022 empirical_P=1.000000 theory_P=1.000000
2026-08-30 00:30:05,992 - hc_cifar10_class9_h16_IF100_alpha0p5_seed42.log - INFO - Round 88 | Global 0.6447 | Head 0.8017 | Middle 0.6028 | Tail 0.5437 | Class-9 0.4880 | best_class9 0.6210@66
2026-08-30 00:30:05,992 - hc_cifar10_class9_h16_IF100_alpha0p5_seed42.log - INFO - Round 89 selected clients: [2, 4, 5, 7, 9, 10, 15, 18] | target exposure=1 samples=22 mass=0.004433 empirical_P=1.000000 theory_P=1.000000
2026-08-30 00:30:20,690 - hc_cifar10_class9_h16_IF100_alpha0p5_seed42.log - INFO - Round 89 | Global 0.6619 | Head 0.7290 | Middle 0.6522 | Tail 0.6077 | Class-9 0.6250 | best_class9 0.6250@89
2026-08-30 00:30:20,690 - hc_cifar10_class9_h16_IF100_alpha0p5_seed42.log - INFO - Round 90 selected clients: [0, 2, 7, 10, 12, 14, 17, 19] | target exposure=1 samples=21 mass=0.004223 empirical_P=1.000000 theory_P=1.000000
2026-08-30 00:30:35,423 - hc_cifar10_class9_h16_IF100_alpha0p5_seed42.log - INFO - Round 90 | Global 0.6732 | Head 0.7667 | Middle 0.6422 | Tail 0.6210 | Class-9 0.6490 | best_class9 0.6490@90
2026-08-30 00:30:35,423 - hc_cifar10_class9_h16_IF100_alpha0p5_seed42.log - INFO - Round 91 selected clients: [1, 4, 5, 6, 7, 8, 17, 18] | target exposure=1 samples=20 mass=0.004023 empirical_P=1.000000 theory_P=1.000000
2026-08-30 00:30:50,182 - hc_cifar10_class9_h16_IF100_alpha0p5_seed42.log - INFO - Round 91 | Global 0.6696 | Head 0.7647 | Middle 0.6352 | Tail 0.6203 | Class-9 0.5880 | best_class9 0.6490@90
2026-08-30 00:30:50,182 - hc_cifar10_class9_h16_IF100_alpha0p5_seed42.log - INFO - Round 92 selected clients: [4, 5, 7, 9, 11, 15, 17, 19] | target exposure=1 samples=25 mass=0.005037 empirical_P=1.000000 theory_P=1.000000
2026-08-30 00:31:04,849 - hc_cifar10_class9_h16_IF100_alpha0p5_seed42.log - INFO - Round 92 | Global 0.6485 | Head 0.7473 | Middle 0.6362 | Tail 0.5660 | Class-9 0.5490 | best_class9 0.6490@90
2026-08-30 00:31:04,849 - hc_cifar10_class9_h16_IF100_alpha0p5_seed42.log - INFO - Round 93 selected clients: [0, 1, 6, 8, 9, 15, 17, 18] | target exposure=1 samples=19 mass=0.003832 empirical_P=1.000000 theory_P=1.000000
2026-08-30 00:31:19,540 - hc_cifar10_class9_h16_IF100_alpha0p5_seed42.log - INFO - Round 93 | Global 0.6659 | Head 0.7753 | Middle 0.6352 | Tail 0.5973 | Class-9 0.5640 | best_class9 0.6490@90
2026-08-30 00:31:19,540 - hc_cifar10_class9_h16_IF100_alpha0p5_seed42.log - INFO - Round 94 selected clients: [3, 4, 6, 9, 10, 16, 18, 19] | target exposure=1 samples=23 mass=0.004653 empirical_P=1.000000 theory_P=1.000000
2026-08-30 00:31:34,171 - hc_cifar10_class9_h16_IF100_alpha0p5_seed42.log - INFO - Round 94 | Global 0.6702 | Head 0.7823 | Middle 0.6212 | Tail 0.6233 | Class-9 0.5560 | best_class9 0.6490@90
2026-08-30 00:31:34,171 - hc_cifar10_class9_h16_IF100_alpha0p5_seed42.log - INFO - Round 95 selected clients: [1, 4, 5, 7, 9, 12, 16, 17] | target exposure=1 samples=19 mass=0.003819 empirical_P=1.000000 theory_P=1.000000
2026-08-30 00:31:48,822 - hc_cifar10_class9_h16_IF100_alpha0p5_seed42.log - INFO - Round 95 | Global 0.6664 | Head 0.8077 | Middle 0.6182 | Tail 0.5893 | Class-9 0.6050 | best_class9 0.6490@90
2026-08-30 00:31:48,822 - hc_cifar10_class9_h16_IF100_alpha0p5_seed42.log - INFO - Round 96 selected clients: [2, 3, 6, 9, 11, 14, 15, 17] | target exposure=1 samples=22 mass=0.004442 empirical_P=1.000000 theory_P=1.000000
2026-08-30 00:32:03,562 - hc_cifar10_class9_h16_IF100_alpha0p5_seed42.log - INFO - Round 96 | Global 0.6608 | Head 0.7887 | Middle 0.6565 | Tail 0.5387 | Class-9 0.4780 | best_class9 0.6490@90
2026-08-30 00:32:03,562 - hc_cifar10_class9_h16_IF100_alpha0p5_seed42.log - INFO - Round 97 selected clients: [1, 2, 4, 6, 9, 10, 12, 19] | target exposure=1 samples=20 mass=0.004028 empirical_P=1.000000 theory_P=1.000000
2026-08-30 00:32:18,263 - hc_cifar10_class9_h16_IF100_alpha0p5_seed42.log - INFO - Round 97 | Global 0.6756 | Head 0.7790 | Middle 0.6590 | Tail 0.5943 | Class-9 0.5430 | best_class9 0.6490@90
2026-08-30 00:32:18,263 - hc_cifar10_class9_h16_IF100_alpha0p5_seed42.log - INFO - Round 98 selected clients: [2, 4, 7, 10, 14, 15, 17, 19] | target exposure=1 samples=22 mass=0.004429 empirical_P=1.000000 theory_P=1.000000
2026-08-30 00:32:32,961 - hc_cifar10_class9_h16_IF100_alpha0p5_seed42.log - INFO - Round 98 | Global 0.6623 | Head 0.8083 | Middle 0.6522 | Tail 0.5297 | Class-9 0.5180 | best_class9 0.6490@90
2026-08-30 00:32:32,961 - hc_cifar10_class9_h16_IF100_alpha0p5_seed42.log - INFO - Round 99 selected clients: [0, 3, 4, 9, 13, 14, 16, 19] | target exposure=1 samples=22 mass=0.004442 empirical_P=1.000000 theory_P=1.000000
2026-08-30 00:32:47,634 - hc_cifar10_class9_h16_IF100_alpha0p5_seed42.log - INFO - Round 99 | Global 0.6482 | Head 0.8137 | Middle 0.6215 | Tail 0.5183 | Class-9 0.5050 | best_class9 0.6490@90
2026-08-30 00:32:47,634 - hc_cifar10_class9_h16_IF100_alpha0p5_seed42.log - INFO - Round 100 selected clients: [0, 4, 6, 7, 10, 11, 12, 17] | target exposure=1 samples=26 mass=0.005215 empirical_P=1.000000 theory_P=1.000000
2026-08-30 00:33:02,429 - hc_cifar10_class9_h16_IF100_alpha0p5_seed42.log - INFO - Round 100 | Global 0.6613 | Head 0.8137 | Middle 0.6420 | Tail 0.5347 | Class-9 0.6010 | best_class9 0.6490@90
2026-08-30 00:33:02,441 - hc_cifar10_class9_h16_IF100_alpha0p5_seed42.log - INFO - Round 101 selected clients: [0, 8, 9, 10, 11, 14, 15, 17] | target exposure=1 samples=21 mass=0.004226 empirical_P=1.000000 theory_P=1.000000
2026-08-30 00:33:17,152 - hc_cifar10_class9_h16_IF100_alpha0p5_seed42.log - INFO - Round 101 | Global 0.6555 | Head 0.8170 | Middle 0.6145 | Tail 0.5487 | Class-9 0.6250 | best_class9 0.6490@90
2026-08-30 00:33:17,152 - hc_cifar10_class9_h16_IF100_alpha0p5_seed42.log - INFO - Round 102 selected clients: [1, 5, 8, 10, 12, 13, 16, 17] | target exposure=1 samples=15 mass=0.003014 empirical_P=1.000000 theory_P=1.000000
2026-08-30 00:33:31,852 - hc_cifar10_class9_h16_IF100_alpha0p5_seed42.log - INFO - Round 102 | Global 0.6470 | Head 0.8240 | Middle 0.6275 | Tail 0.4960 | Class-9 0.4980 | best_class9 0.6490@90
2026-08-30 00:33:31,852 - hc_cifar10_class9_h16_IF100_alpha0p5_seed42.log - INFO - Round 103 selected clients: [0, 4, 7, 9, 10, 11, 12, 19] | target exposure=1 samples=25 mass=0.005029 empirical_P=1.000000 theory_P=1.000000
2026-08-30 00:33:47,926 - hc_cifar10_class9_h16_IF100_alpha0p5_seed42.log - INFO - Round 103 | Global 0.6564 | Head 0.8257 | Middle 0.6272 | Tail 0.5260 | Class-9 0.6030 | best_class9 0.6490@90
2026-08-30 00:33:47,926 - hc_cifar10_class9_h16_IF100_alpha0p5_seed42.log - INFO - Round 104 selected clients: [4, 5, 8, 10, 12, 13, 15, 16] | target exposure=1 samples=19 mass=0.003821 empirical_P=1.000000 theory_P=1.000000
2026-08-30 00:34:04,675 - hc_cifar10_class9_h16_IF100_alpha0p5_seed42.log - INFO - Round 104 | Global 0.6453 | Head 0.8257 | Middle 0.6440 | Tail 0.4667 | Class-9 0.5320 | best_class9 0.6490@90
2026-08-30 00:34:04,675 - hc_cifar10_class9_h16_IF100_alpha0p5_seed42.log - INFO - Round 105 selected clients: [3, 4, 7, 9, 12, 15, 18, 19] | target exposure=1 samples=25 mass=0.005061 empirical_P=1.000000 theory_P=1.000000
2026-08-30 00:34:21,320 - hc_cifar10_class9_h16_IF100_alpha0p5_seed42.log - INFO - Round 105 | Global 0.6728 | Head 0.7917 | Middle 0.6617 | Tail 0.5687 | Class-9 0.6140 | best_class9 0.6490@90
2026-08-30 00:34:21,320 - hc_cifar10_class9_h16_IF100_alpha0p5_seed42.log - INFO - Round 106 selected clients: [1, 3, 6, 7, 11, 15, 16, 18] | target exposure=1 samples=19 mass=0.003840 empirical_P=1.000000 theory_P=1.000000
2026-08-30 00:34:37,988 - hc_cifar10_class9_h16_IF100_alpha0p5_seed42.log - INFO - Round 106 | Global 0.6650 | Head 0.8010 | Middle 0.6178 | Tail 0.5920 | Class-9 0.5580 | best_class9 0.6490@90
2026-08-30 00:34:37,988 - hc_cifar10_class9_h16_IF100_alpha0p5_seed42.log - INFO - Round 107 selected clients: [1, 2, 6, 8, 9, 12, 17, 19] | target exposure=1 samples=16 mass=0.003226 empirical_P=1.000000 theory_P=1.000000
2026-08-30 00:34:54,880 - hc_cifar10_class9_h16_IF100_alpha0p5_seed42.log - INFO - Round 107 | Global 0.6841 | Head 0.7920 | Middle 0.6512 | Tail 0.6200 | Class-9 0.5460 | best_class9 0.6490@90
2026-08-30 00:34:54,880 - hc_cifar10_class9_h16_IF100_alpha0p5_seed42.log - INFO - Round 108 selected clients: [1, 6, 7, 8, 11, 13, 14, 17] | target exposure=1 samples=19 mass=0.003817 empirical_P=1.000000 theory_P=1.000000
2026-08-30 00:35:11,430 - hc_cifar10_class9_h16_IF100_alpha0p5_seed42.log - INFO - Round 108 | Global 0.6614 | Head 0.8177 | Middle 0.6242 | Tail 0.5547 | Class-9 0.5310 | best_class9 0.6490@90
2026-08-30 00:35:11,430 - hc_cifar10_class9_h16_IF100_alpha0p5_seed42.log - INFO - Round 109 selected clients: [0, 2, 4, 7, 8, 9, 12, 16] | target exposure=1 samples=16 mass=0.003217 empirical_P=1.000000 theory_P=1.000000
2026-08-30 00:35:28,109 - hc_cifar10_class9_h16_IF100_alpha0p5_seed42.log - INFO - Round 109 | Global 0.6657 | Head 0.8347 | Middle 0.6385 | Tail 0.5330 | Class-9 0.5050 | best_class9 0.6490@90
2026-08-30 00:35:28,109 - hc_cifar10_class9_h16_IF100_alpha0p5_seed42.log - INFO - Round 110 selected clients: [2, 3, 7, 8, 12, 16, 18, 19] | target exposure=1 samples=15 mass=0.003035 empirical_P=1.000000 theory_P=1.000000
2026-08-30 00:35:44,608 - hc_cifar10_class9_h16_IF100_alpha0p5_seed42.log - INFO - Round 110 | Global 0.6737 | Head 0.7853 | Middle 0.6545 | Tail 0.5877 | Class-9 0.5010 | best_class9 0.6490@90
2026-08-30 00:35:44,618 - hc_cifar10_class9_h16_IF100_alpha0p5_seed42.log - INFO - Round 111 selected clients: [5, 6, 7, 10, 11, 15, 16, 18] | target exposure=1 samples=22 mass=0.004431 empirical_P=1.000000 theory_P=1.000000
2026-08-30 00:36:01,223 - hc_cifar10_class9_h16_IF100_alpha0p5_seed42.log - INFO - Round 111 | Global 0.6740 | Head 0.7880 | Middle 0.6392 | Tail 0.6063 | Class-9 0.6280 | best_class9 0.6490@90
2026-08-30 00:36:01,223 - hc_cifar10_class9_h16_IF100_alpha0p5_seed42.log - INFO - Round 112 selected clients: [0, 4, 6, 7, 9, 13, 15, 16] | target exposure=1 samples=23 mass=0.004628 empirical_P=1.000000 theory_P=1.000000
2026-08-30 00:36:17,910 - hc_cifar10_class9_h16_IF100_alpha0p5_seed42.log - INFO - Round 112 | Global 0.6651 | Head 0.8193 | Middle 0.6308 | Tail 0.5567 | Class-9 0.5480 | best_class9 0.6490@90
2026-08-30 00:36:17,910 - hc_cifar10_class9_h16_IF100_alpha0p5_seed42.log - INFO - Round 113 selected clients: [1, 3, 5, 7, 13, 15, 18, 19] | target exposure=1 samples=21 mass=0.004249 empirical_P=1.000000 theory_P=1.000000
2026-08-30 00:36:34,489 - hc_cifar10_class9_h16_IF100_alpha0p5_seed42.log - INFO - Round 113 | Global 0.6480 | Head 0.7720 | Middle 0.6577 | Tail 0.5110 | Class-9 0.4170 | best_class9 0.6490@90
2026-08-30 00:36:34,498 - hc_cifar10_class9_h16_IF100_alpha0p5_seed42.log - INFO - Round 114 selected clients: [0, 3, 6, 12, 15, 17, 18, 19] | target exposure=1 samples=25 mass=0.005057 empirical_P=1.000000 theory_P=1.000000
2026-08-30 00:36:51,079 - hc_cifar10_class9_h16_IF100_alpha0p5_seed42.log - INFO - Round 114 | Global 0.6889 | Head 0.7580 | Middle 0.6512 | Tail 0.6700 | Class-9 0.6100 | best_class9 0.6490@90
2026-08-30 00:36:51,090 - hc_cifar10_class9_h16_IF100_alpha0p5_seed42.log - INFO - Round 115 selected clients: [0, 2, 7, 8, 9, 12, 13, 16] | target exposure=1 samples=15 mass=0.003018 empirical_P=1.000000 theory_P=1.000000
2026-08-30 00:37:08,077 - hc_cifar10_class9_h16_IF100_alpha0p5_seed42.log - INFO - Round 115 | Global 0.6769 | Head 0.8177 | Middle 0.6452 | Tail 0.5783 | Class-9 0.5290 | best_class9 0.6490@90
2026-08-30 00:37:08,077 - hc_cifar10_class9_h16_IF100_alpha0p5_seed42.log - INFO - Round 116 selected clients: [0, 6, 7, 8, 9, 11, 12, 19] | target exposure=1 samples=22 mass=0.004431 empirical_P=1.000000 theory_P=1.000000
2026-08-30 00:37:24,711 - hc_cifar10_class9_h16_IF100_alpha0p5_seed42.log - INFO - Round 116 | Global 0.6749 | Head 0.8040 | Middle 0.6502 | Tail 0.5787 | Class-9 0.5610 | best_class9 0.6490@90
2026-08-30 00:37:24,711 - hc_cifar10_class9_h16_IF100_alpha0p5_seed42.log - INFO - Round 117 selected clients: [4, 5, 6, 10, 11, 12, 18, 19] | target exposure=1 samples=26 mass=0.005235 empirical_P=1.000000 theory_P=1.000000
2026-08-30 00:37:41,395 - hc_cifar10_class9_h16_IF100_alpha0p5_seed42.log - INFO - Round 117 | Global 0.6775 | Head 0.7933 | Middle 0.6520 | Tail 0.5957 | Class-9 0.5380 | best_class9 0.6490@90
2026-08-30 00:37:41,395 - hc_cifar10_class9_h16_IF100_alpha0p5_seed42.log - INFO - Round 118 selected clients: [1, 2, 4, 8, 10, 12, 15, 18] | target exposure=1 samples=16 mass=0.003223 empirical_P=1.000000 theory_P=1.000000
2026-08-30 00:37:58,161 - hc_cifar10_class9_h16_IF100_alpha0p5_seed42.log - INFO - Round 118 | Global 0.6812 | Head 0.7650 | Middle 0.6717 | Tail 0.6100 | Class-9 0.5890 | best_class9 0.6490@90
2026-08-30 00:37:58,172 - hc_cifar10_class9_h16_IF100_alpha0p5_seed42.log - INFO - Round 119 selected clients: [1, 2, 3, 4, 5, 6, 11, 13] | target exposure=1 samples=20 mass=0.004027 empirical_P=1.000000 theory_P=1.000000
2026-08-30 00:38:14,195 - hc_cifar10_class9_h16_IF100_alpha0p5_seed42.log - INFO - Round 119 | Global 0.6772 | Head 0.7600 | Middle 0.6727 | Tail 0.6003 | Class-9 0.5390 | best_class9 0.6490@90
2026-08-30 00:38:14,195 - hc_cifar10_class9_h16_IF100_alpha0p5_seed42.log - INFO - Round 120 selected clients: [5, 7, 8, 10, 11, 13, 15, 16] | target exposure=1 samples=18 mass=0.003621 empirical_P=1.000000 theory_P=1.000000
2026-08-30 00:38:28,974 - hc_cifar10_class9_h16_IF100_alpha0p5_seed42.log - INFO - Round 120 | Global 0.6597 | Head 0.8243 | Middle 0.6255 | Tail 0.5407 | Class-9 0.5430 | best_class9 0.6490@90
2026-08-30 00:38:28,994 - hc_cifar10_class9_h16_IF100_alpha0p5_seed42.log - INFO - Round 121 selected clients: [0, 3, 4, 5, 7, 16, 17, 18] | target exposure=1 samples=22 mass=0.004435 empirical_P=1.000000 theory_P=1.000000
2026-08-30 00:38:43,791 - hc_cifar10_class9_h16_IF100_alpha0p5_seed42.log - INFO - Round 121 | Global 0.6719 | Head 0.8070 | Middle 0.6330 | Tail 0.5887 | Class-9 0.5190 | best_class9 0.6490@90
2026-08-30 00:38:43,791 - hc_cifar10_class9_h16_IF100_alpha0p5_seed42.log - INFO - Round 122 selected clients: [0, 1, 4, 12, 13, 14, 17, 18] | target exposure=1 samples=22 mass=0.004420 empirical_P=1.000000 theory_P=1.000000
2026-08-30 00:38:58,522 - hc_cifar10_class9_h16_IF100_alpha0p5_seed42.log - INFO - Round 122 | Global 0.6659 | Head 0.8080 | Middle 0.6240 | Tail 0.5797 | Class-9 0.5490 | best_class9 0.6490@90
2026-08-30 00:38:58,522 - hc_cifar10_class9_h16_IF100_alpha0p5_seed42.log - INFO - Round 123 selected clients: [2, 10, 13, 14, 15, 16, 17, 19] | target exposure=1 samples=18 mass=0.003628 empirical_P=1.000000 theory_P=1.000000
2026-08-30 00:39:13,195 - hc_cifar10_class9_h16_IF100_alpha0p5_seed42.log - INFO - Round 123 | Global 0.6802 | Head 0.7583 | Middle 0.6673 | Tail 0.6193 | Class-9 0.6060 | best_class9 0.6490@90
2026-08-30 00:39:13,195 - hc_cifar10_class9_h16_IF100_alpha0p5_seed42.log - INFO - Round 124 selected clients: [4, 8, 9, 10, 12, 13, 14, 16] | target exposure=1 samples=19 mass=0.003820 empirical_P=1.000000 theory_P=1.000000
2026-08-30 00:39:27,909 - hc_cifar10_class9_h16_IF100_alpha0p5_seed42.log - INFO - Round 124 | Global 0.6614 | Head 0.8467 | Middle 0.6248 | Tail 0.5250 | Class-9 0.5120 | best_class9 0.6490@90
2026-08-30 00:39:27,909 - hc_cifar10_class9_h16_IF100_alpha0p5_seed42.log - INFO - Round 125 selected clients: [1, 4, 5, 8, 12, 13, 17, 19] | target exposure=1 samples=19 mass=0.003822 empirical_P=1.000000 theory_P=1.000000
2026-08-30 00:39:42,596 - hc_cifar10_class9_h16_IF100_alpha0p5_seed42.log - INFO - Round 125 | Global 0.6682 | Head 0.8077 | Middle 0.6490 | Tail 0.5543 | Class-9 0.5300 | best_class9 0.6490@90
2026-08-30 00:39:42,596 - hc_cifar10_class9_h16_IF100_alpha0p5_seed42.log - INFO - Round 126 selected clients: [2, 8, 9, 12, 13, 14, 15, 16] | target exposure=1 samples=15 mass=0.003022 empirical_P=1.000000 theory_P=1.000000
2026-08-30 00:39:57,284 - hc_cifar10_class9_h16_IF100_alpha0p5_seed42.log - INFO - Round 126 | Global 0.6735 | Head 0.8143 | Middle 0.6690 | Tail 0.5387 | Class-9 0.4780 | best_class9 0.6490@90
2026-08-30 00:39:57,284 - hc_cifar10_class9_h16_IF100_alpha0p5_seed42.log - INFO - Round 127 selected clients: [4, 5, 7, 11, 15, 16, 17, 18] | target exposure=1 samples=22 mass=0.004428 empirical_P=1.000000 theory_P=1.000000
2026-08-30 00:40:11,979 - hc_cifar10_class9_h16_IF100_alpha0p5_seed42.log - INFO - Round 127 | Global 0.6756 | Head 0.8187 | Middle 0.6562 | Tail 0.5583 | Class-9 0.5070 | best_class9 0.6490@90
2026-08-30 00:40:11,979 - hc_cifar10_class9_h16_IF100_alpha0p5_seed42.log - INFO - Round 128 selected clients: [3, 6, 8, 10, 12, 15, 17, 19] | target exposure=1 samples=22 mass=0.004446 empirical_P=1.000000 theory_P=1.000000
2026-08-30 00:40:26,556 - hc_cifar10_class9_h16_IF100_alpha0p5_seed42.log - INFO - Round 128 | Global 0.6906 | Head 0.7840 | Middle 0.6665 | Tail 0.6293 | Class-9 0.6330 | best_class9 0.6490@90
2026-08-30 00:40:26,556 - hc_cifar10_class9_h16_IF100_alpha0p5_seed42.log - INFO - Round 129 selected clients: [4, 6, 7, 10, 11, 15, 16, 17] | target exposure=1 samples=23 mass=0.004623 empirical_P=1.000000 theory_P=1.000000
2026-08-30 00:40:41,319 - hc_cifar10_class9_h16_IF100_alpha0p5_seed42.log - INFO - Round 129 | Global 0.6826 | Head 0.8170 | Middle 0.6410 | Tail 0.6037 | Class-9 0.6430 | best_class9 0.6490@90
2026-08-30 00:40:41,319 - hc_cifar10_class9_h16_IF100_alpha0p5_seed42.log - INFO - Round 130 selected clients: [0, 3, 6, 9, 10, 14, 15, 17] | target exposure=1 samples=25 mass=0.005044 empirical_P=1.000000 theory_P=1.000000
2026-08-30 00:40:55,888 - hc_cifar10_class9_h16_IF100_alpha0p5_seed42.log - INFO - Round 130 | Global 0.6780 | Head 0.8097 | Middle 0.6603 | Tail 0.5700 | Class-9 0.5840 | best_class9 0.6490@90
2026-08-30 00:40:55,902 - hc_cifar10_class9_h16_IF100_alpha0p5_seed42.log - INFO - Round 131 selected clients: [0, 3, 7, 8, 9, 12, 14, 18] | target exposure=1 samples=21 mass=0.004240 empirical_P=1.000000 theory_P=1.000000
2026-08-30 00:41:10,510 - hc_cifar10_class9_h16_IF100_alpha0p5_seed42.log - INFO - Round 131 | Global 0.6776 | Head 0.7860 | Middle 0.6520 | Tail 0.6033 | Class-9 0.5820 | best_class9 0.6490@90
2026-08-30 00:41:10,510 - hc_cifar10_class9_h16_IF100_alpha0p5_seed42.log - INFO - Round 132 selected clients: [1, 5, 7, 10, 12, 13, 15, 19] | target exposure=1 samples=21 mass=0.004230 empirical_P=1.000000 theory_P=1.000000
2026-08-30 00:41:25,305 - hc_cifar10_class9_h16_IF100_alpha0p5_seed42.log - INFO - Round 132 | Global 0.6706 | Head 0.7873 | Middle 0.6452 | Tail 0.5877 | Class-9 0.5840 | best_class9 0.6490@90
2026-08-30 00:41:25,305 - hc_cifar10_class9_h16_IF100_alpha0p5_seed42.log - INFO - Round 133 selected clients: [0, 1, 7, 8, 9, 11, 15, 16] | target exposure=1 samples=15 mass=0.003022 empirical_P=1.000000 theory_P=1.000000
2026-08-30 00:41:40,038 - hc_cifar10_class9_h16_IF100_alpha0p5_seed42.log - INFO - Round 133 | Global 0.6431 | Head 0.8120 | Middle 0.6285 | Tail 0.4937 | Class-9 0.4570 | best_class9 0.6490@90
2026-08-30 00:41:40,038 - hc_cifar10_class9_h16_IF100_alpha0p5_seed42.log - INFO - Round 134 selected clients: [2, 3, 7, 8, 10, 16, 18, 19] | target exposure=1 samples=15 mass=0.003035 empirical_P=1.000000 theory_P=1.000000
2026-08-30 00:41:54,812 - hc_cifar10_class9_h16_IF100_alpha0p5_seed42.log - INFO - Round 134 | Global 0.6747 | Head 0.7907 | Middle 0.6462 | Tail 0.5967 | Class-9 0.5130 | best_class9 0.6490@90
2026-08-30 00:41:54,812 - hc_cifar10_class9_h16_IF100_alpha0p5_seed42.log - INFO - Round 135 selected clients: [0, 6, 9, 12, 13, 14, 16, 19] | target exposure=1 samples=22 mass=0.004431 empirical_P=1.000000 theory_P=1.000000
2026-08-30 00:42:09,553 - hc_cifar10_class9_h16_IF100_alpha0p5_seed42.log - INFO - Round 135 | Global 0.6773 | Head 0.7953 | Middle 0.6643 | Tail 0.5767 | Class-9 0.4750 | best_class9 0.6490@90
2026-08-30 00:42:09,553 - hc_cifar10_class9_h16_IF100_alpha0p5_seed42.log - INFO - Round 136 selected clients: [2, 3, 5, 6, 10, 13, 15, 18] | target exposure=1 samples=22 mass=0.004444 empirical_P=1.000000 theory_P=1.000000
2026-08-30 00:42:24,244 - hc_cifar10_class9_h16_IF100_alpha0p5_seed42.log - INFO - Round 136 | Global 0.6874 | Head 0.7747 | Middle 0.6677 | Tail 0.6263 | Class-9 0.5100 | best_class9 0.6490@90
2026-08-30 00:42:24,244 - hc_cifar10_class9_h16_IF100_alpha0p5_seed42.log - INFO - Round 137 selected clients: [1, 2, 3, 5, 9, 10, 13, 19] | target exposure=1 samples=18 mass=0.003637 empirical_P=1.000000 theory_P=1.000000
2026-08-30 00:42:40,780 - hc_cifar10_class9_h16_IF100_alpha0p5_seed42.log - INFO - Round 137 | Global 0.6835 | Head 0.7783 | Middle 0.6558 | Tail 0.6257 | Class-9 0.5060 | best_class9 0.6490@90
2026-08-30 00:42:40,780 - hc_cifar10_class9_h16_IF100_alpha0p5_seed42.log - INFO - Round 138 selected clients: [0, 1, 5, 7, 8, 12, 16, 18] | target exposure=1 samples=15 mass=0.003019 empirical_P=1.000000 theory_P=1.000000
2026-08-30 00:42:57,542 - hc_cifar10_class9_h16_IF100_alpha0p5_seed42.log - INFO - Round 138 | Global 0.6735 | Head 0.8147 | Middle 0.6210 | Tail 0.6023 | Class-9 0.5720 | best_class9 0.6490@90
2026-08-30 00:42:57,542 - hc_cifar10_class9_h16_IF100_alpha0p5_seed42.log - INFO - Round 139 selected clients: [4, 5, 6, 10, 11, 12, 14, 18] | target exposure=1 samples=26 mass=0.005224 empirical_P=1.000000 theory_P=1.000000
2026-08-30 00:43:14,436 - hc_cifar10_class9_h16_IF100_alpha0p5_seed42.log - INFO - Round 139 | Global 0.6858 | Head 0.8043 | Middle 0.6577 | Tail 0.6047 | Class-9 0.5810 | best_class9 0.6490@90
2026-08-30 00:43:14,436 - hc_cifar10_class9_h16_IF100_alpha0p5_seed42.log - INFO - Round 140 selected clients: [2, 6, 8, 12, 14, 15, 16, 19] | target exposure=1 samples=16 mass=0.003227 empirical_P=1.000000 theory_P=1.000000
2026-08-30 00:43:31,150 - hc_cifar10_class9_h16_IF100_alpha0p5_seed42.log - INFO - Round 140 | Global 0.6908 | Head 0.7950 | Middle 0.6725 | Tail 0.6110 | Class-9 0.5550 | best_class9 0.6490@90
2026-08-30 00:43:31,170 - hc_cifar10_class9_h16_IF100_alpha0p5_seed42.log - INFO - Round 141 selected clients: [1, 3, 5, 10, 12, 14, 15, 19] | target exposure=1 samples=21 mass=0.004242 empirical_P=1.000000 theory_P=1.000000
2026-08-30 00:43:47,895 - hc_cifar10_class9_h16_IF100_alpha0p5_seed42.log - INFO - Round 141 | Global 0.6865 | Head 0.8010 | Middle 0.6620 | Tail 0.6047 | Class-9 0.5600 | best_class9 0.6490@90
2026-08-30 00:43:47,905 - hc_cifar10_class9_h16_IF100_alpha0p5_seed42.log - INFO - Round 142 selected clients: [0, 1, 2, 3, 4, 9, 14, 17] | target exposure=1 samples=19 mass=0.003829 empirical_P=1.000000 theory_P=1.000000
2026-08-30 00:44:04,457 - hc_cifar10_class9_h16_IF100_alpha0p5_seed42.log - INFO - Round 142 | Global 0.6773 | Head 0.8037 | Middle 0.6515 | Tail 0.5853 | Class-9 0.5070 | best_class9 0.6490@90
2026-08-30 00:44:04,457 - hc_cifar10_class9_h16_IF100_alpha0p5_seed42.log - INFO - Round 143 selected clients: [1, 3, 6, 8, 9, 13, 15, 16] | target exposure=1 samples=16 mass=0.003234 empirical_P=1.000000 theory_P=1.000000
2026-08-30 00:44:21,348 - hc_cifar10_class9_h16_IF100_alpha0p5_seed42.log - INFO - Round 143 | Global 0.6747 | Head 0.8017 | Middle 0.6613 | Tail 0.5657 | Class-9 0.5070 | best_class9 0.6490@90
2026-08-30 00:44:21,348 - hc_cifar10_class9_h16_IF100_alpha0p5_seed42.log - INFO - Round 144 selected clients: [1, 5, 6, 8, 10, 12, 15, 18] | target exposure=1 samples=19 mass=0.003828 empirical_P=1.000000 theory_P=1.000000
2026-08-30 00:44:38,016 - hc_cifar10_class9_h16_IF100_alpha0p5_seed42.log - INFO - Round 144 | Global 0.6833 | Head 0.8100 | Middle 0.6465 | Tail 0.6057 | Class-9 0.5780 | best_class9 0.6490@90
2026-08-30 00:44:38,016 - hc_cifar10_class9_h16_IF100_alpha0p5_seed42.log - INFO - Round 145 selected clients: [0, 2, 4, 7, 11, 17, 18, 19] | target exposure=1 samples=22 mass=0.004429 empirical_P=1.000000 theory_P=1.000000
2026-08-30 00:44:54,688 - hc_cifar10_class9_h16_IF100_alpha0p5_seed42.log - INFO - Round 145 | Global 0.6912 | Head 0.7953 | Middle 0.6713 | Tail 0.6137 | Class-9 0.5250 | best_class9 0.6490@90
2026-08-30 00:44:54,697 - hc_cifar10_class9_h16_IF100_alpha0p5_seed42.log - INFO - Round 146 selected clients: [0, 1, 6, 8, 12, 13, 14, 16] | target exposure=1 samples=16 mass=0.003215 empirical_P=1.000000 theory_P=1.000000
2026-08-30 00:45:11,368 - hc_cifar10_class9_h16_IF100_alpha0p5_seed42.log - INFO - Round 146 | Global 0.6780 | Head 0.8250 | Middle 0.6405 | Tail 0.5810 | Class-9 0.4820 | best_class9 0.6490@90
2026-08-30 00:45:11,368 - hc_cifar10_class9_h16_IF100_alpha0p5_seed42.log - INFO - Round 147 selected clients: [1, 2, 4, 10, 12, 15, 16, 19] | target exposure=1 samples=16 mass=0.003225 empirical_P=1.000000 theory_P=1.000000
2026-08-30 00:45:28,090 - hc_cifar10_class9_h16_IF100_alpha0p5_seed42.log - INFO - Round 147 | Global 0.6783 | Head 0.7947 | Middle 0.6580 | Tail 0.5890 | Class-9 0.4690 | best_class9 0.6490@90
2026-08-30 00:45:28,090 - hc_cifar10_class9_h16_IF100_alpha0p5_seed42.log - INFO - Round 148 selected clients: [0, 6, 8, 10, 11, 15, 17, 18] | target exposure=1 samples=22 mass=0.004430 empirical_P=1.000000 theory_P=1.000000
2026-08-30 00:45:44,630 - hc_cifar10_class9_h16_IF100_alpha0p5_seed42.log - INFO - Round 148 | Global 0.6788 | Head 0.7967 | Middle 0.6472 | Tail 0.6030 | Class-9 0.5760 | best_class9 0.6490@90
2026-08-30 00:45:44,630 - hc_cifar10_class9_h16_IF100_alpha0p5_seed42.log - INFO - Round 149 selected clients: [1, 2, 3, 4, 6, 7, 12, 14] | target exposure=1 samples=20 mass=0.004027 empirical_P=1.000000 theory_P=1.000000
2026-08-30 00:46:01,366 - hc_cifar10_class9_h16_IF100_alpha0p5_seed42.log - INFO - Round 149 | Global 0.6930 | Head 0.7997 | Middle 0.6673 | Tail 0.6207 | Class-9 0.5790 | best_class9 0.6490@90
2026-08-30 00:46:01,366 - hc_cifar10_class9_h16_IF100_alpha0p5_seed42.log - INFO - Round 150 selected clients: [5, 7, 11, 12, 14, 17, 18, 19] | target exposure=1 samples=24 mass=0.004833 empirical_P=1.000000 theory_P=1.000000
2026-08-30 00:46:18,038 - hc_cifar10_class9_h16_IF100_alpha0p5_seed42.log - INFO - Round 150 | Global 0.6926 | Head 0.7840 | Middle 0.6773 | Tail 0.6217 | Class-9 0.5540 | best_class9 0.6490@90
2026-08-30 00:46:18,062 - hc_cifar10_class9_h16_IF100_alpha0p5_seed42.log - INFO - Round 151 selected clients: [1, 5, 6, 7, 8, 10, 14, 15] | target exposure=1 samples=19 mass=0.003822 empirical_P=1.000000 theory_P=1.000000
2026-08-30 00:46:34,668 - hc_cifar10_class9_h16_IF100_alpha0p5_seed42.log - INFO - Round 151 | Global 0.6870 | Head 0.8013 | Middle 0.6615 | Tail 0.6067 | Class-9 0.5930 | best_class9 0.6490@90
2026-08-30 00:46:34,668 - hc_cifar10_class9_h16_IF100_alpha0p5_seed42.log - INFO - Round 152 selected clients: [1, 4, 9, 10, 15, 16, 18, 19] | target exposure=1 samples=19 mass=0.003838 empirical_P=1.000000 theory_P=1.000000
2026-08-30 00:46:51,292 - hc_cifar10_class9_h16_IF100_alpha0p5_seed42.log - INFO - Round 152 | Global 0.6848 | Head 0.8233 | Middle 0.6402 | Tail 0.6057 | Class-9 0.5720 | best_class9 0.6490@90
2026-08-30 00:46:51,292 - hc_cifar10_class9_h16_IF100_alpha0p5_seed42.log - INFO - Round 153 selected clients: [0, 1, 4, 10, 11, 17, 18, 19] | target exposure=1 samples=22 mass=0.004429 empirical_P=1.000000 theory_P=1.000000
2026-08-30 00:47:06,276 - hc_cifar10_class9_h16_IF100_alpha0p5_seed42.log - INFO - Round 153 | Global 0.6586 | Head 0.8540 | Middle 0.5907 | Tail 0.5537 | Class-9 0.4670 | best_class9 0.6490@90
2026-08-30 00:47:06,276 - hc_cifar10_class9_h16_IF100_alpha0p5_seed42.log - INFO - Round 154 selected clients: [2, 4, 8, 9, 11, 13, 15, 18] | target exposure=1 samples=19 mass=0.003831 empirical_P=1.000000 theory_P=1.000000
2026-08-30 00:47:20,891 - hc_cifar10_class9_h16_IF100_alpha0p5_seed42.log - INFO - Round 154 | Global 0.6800 | Head 0.7990 | Middle 0.6617 | Tail 0.5853 | Class-9 0.5050 | best_class9 0.6490@90
2026-08-30 00:47:20,891 - hc_cifar10_class9_h16_IF100_alpha0p5_seed42.log - INFO - Round 155 selected clients: [1, 3, 5, 11, 12, 13, 14, 15] | target exposure=1 samples=21 mass=0.004234 empirical_P=1.000000 theory_P=1.000000
2026-08-30 00:47:35,486 - hc_cifar10_class9_h16_IF100_alpha0p5_seed42.log - INFO - Round 155 | Global 0.6841 | Head 0.8123 | Middle 0.6777 | Tail 0.5643 | Class-9 0.5240 | best_class9 0.6490@90
2026-08-30 00:47:35,496 - hc_cifar10_class9_h16_IF100_alpha0p5_seed42.log - INFO - Round 156 selected clients: [2, 4, 5, 10, 11, 14, 15, 19] | target exposure=1 samples=22 mass=0.004429 empirical_P=1.000000 theory_P=1.000000
2026-08-30 00:47:50,079 - hc_cifar10_class9_h16_IF100_alpha0p5_seed42.log - INFO - Round 156 | Global 0.6765 | Head 0.7993 | Middle 0.6597 | Tail 0.5760 | Class-9 0.5640 | best_class9 0.6490@90
2026-08-30 00:47:50,079 - hc_cifar10_class9_h16_IF100_alpha0p5_seed42.log - INFO - Round 157 selected clients: [3, 7, 10, 11, 13, 14, 16, 18] | target exposure=1 samples=21 mass=0.004236 empirical_P=1.000000 theory_P=1.000000
2026-08-30 00:48:04,696 - hc_cifar10_class9_h16_IF100_alpha0p5_seed42.log - INFO - Round 157 | Global 0.6803 | Head 0.8280 | Middle 0.6405 | Tail 0.5857 | Class-9 0.5740 | best_class9 0.6490@90
2026-08-30 00:48:04,696 - hc_cifar10_class9_h16_IF100_alpha0p5_seed42.log - INFO - Round 158 selected clients: [0, 1, 2, 8, 9, 10, 11, 17] | target exposure=1 samples=15 mass=0.003017 empirical_P=1.000000 theory_P=1.000000
2026-08-30 00:48:19,425 - hc_cifar10_class9_h16_IF100_alpha0p5_seed42.log - INFO - Round 158 | Global 0.6776 | Head 0.8217 | Middle 0.6600 | Tail 0.5570 | Class-9 0.4840 | best_class9 0.6490@90
2026-08-30 00:48:19,425 - hc_cifar10_class9_h16_IF100_alpha0p5_seed42.log - INFO - Round 159 selected clients: [4, 8, 10, 13, 14, 15, 18, 19] | target exposure=1 samples=22 mass=0.004437 empirical_P=1.000000 theory_P=1.000000
2026-08-30 00:48:34,128 - hc_cifar10_class9_h16_IF100_alpha0p5_seed42.log - INFO - Round 159 | Global 0.6875 | Head 0.8150 | Middle 0.6597 | Tail 0.5970 | Class-9 0.6190 | best_class9 0.6490@90
2026-08-30 00:48:34,128 - hc_cifar10_class9_h16_IF100_alpha0p5_seed42.log - INFO - Round 160 selected clients: [0, 1, 2, 5, 6, 12, 14, 19] | target exposure=1 samples=19 mass=0.003823 empirical_P=1.000000 theory_P=1.000000
2026-08-30 00:48:48,803 - hc_cifar10_class9_h16_IF100_alpha0p5_seed42.log - INFO - Round 160 | Global 0.7074 | Head 0.7933 | Middle 0.6737 | Tail 0.6663 | Class-9 0.6110 | best_class9 0.6490@90
2026-08-30 00:48:48,823 - hc_cifar10_class9_h16_IF100_alpha0p5_seed42.log - INFO - Round 161 selected clients: [3, 4, 8, 9, 11, 14, 17, 18] | target exposure=1 samples=22 mass=0.004441 empirical_P=1.000000 theory_P=1.000000
2026-08-30 00:49:03,409 - hc_cifar10_class9_h16_IF100_alpha0p5_seed42.log - INFO - Round 161 | Global 0.6886 | Head 0.8057 | Middle 0.6747 | Tail 0.5900 | Class-9 0.5510 | best_class9 0.6490@90
2026-08-30 00:49:03,409 - hc_cifar10_class9_h16_IF100_alpha0p5_seed42.log - INFO - Round 162 selected clients: [1, 2, 7, 14, 15, 16, 18, 19] | target exposure=1 samples=15 mass=0.003029 empirical_P=1.000000 theory_P=1.000000
2026-08-30 00:49:18,202 - hc_cifar10_class9_h16_IF100_alpha0p5_seed42.log - INFO - Round 162 | Global 0.6920 | Head 0.8027 | Middle 0.6650 | Tail 0.6173 | Class-9 0.5050 | best_class9 0.6490@90
2026-08-30 00:49:18,212 - hc_cifar10_class9_h16_IF100_alpha0p5_seed42.log - INFO - Round 163 selected clients: [5, 6, 7, 10, 11, 12, 13, 17] | target exposure=1 samples=25 mass=0.005017 empirical_P=1.000000 theory_P=1.000000
2026-08-30 00:49:32,891 - hc_cifar10_class9_h16_IF100_alpha0p5_seed42.log - INFO - Round 163 | Global 0.6955 | Head 0.8143 | Middle 0.6605 | Tail 0.6233 | Class-9 0.6140 | best_class9 0.6490@90
2026-08-30 00:49:32,900 - hc_cifar10_class9_h16_IF100_alpha0p5_seed42.log - INFO - Round 164 selected clients: [0, 3, 6, 10, 12, 13, 15, 16] | target exposure=1 samples=22 mass=0.004436 empirical_P=1.000000 theory_P=1.000000
2026-08-30 00:49:47,485 - hc_cifar10_class9_h16_IF100_alpha0p5_seed42.log - INFO - Round 164 | Global 0.6863 | Head 0.8197 | Middle 0.6538 | Tail 0.5963 | Class-9 0.5580 | best_class9 0.6490@90
2026-08-30 00:49:47,485 - hc_cifar10_class9_h16_IF100_alpha0p5_seed42.log - INFO - Round 165 selected clients: [3, 7, 9, 11, 13, 15, 17, 19] | target exposure=1 samples=24 mass=0.004852 empirical_P=1.000000 theory_P=1.000000
2026-08-30 00:50:02,096 - hc_cifar10_class9_h16_IF100_alpha0p5_seed42.log - INFO - Round 165 | Global 0.6858 | Head 0.8133 | Middle 0.6597 | Tail 0.5930 | Class-9 0.5680 | best_class9 0.6490@90
2026-08-30 00:50:02,096 - hc_cifar10_class9_h16_IF100_alpha0p5_seed42.log - INFO - Round 166 selected clients: [1, 10, 11, 12, 13, 14, 16, 17] | target exposure=1 samples=18 mass=0.003615 empirical_P=1.000000 theory_P=1.000000
2026-08-30 00:50:16,968 - hc_cifar10_class9_h16_IF100_alpha0p5_seed42.log - INFO - Round 166 | Global 0.6680 | Head 0.8370 | Middle 0.6390 | Tail 0.5377 | Class-9 0.5010 | best_class9 0.6490@90
2026-08-30 00:50:16,968 - hc_cifar10_class9_h16_IF100_alpha0p5_seed42.log - INFO - Round 167 selected clients: [3, 4, 7, 9, 10, 13, 14, 18] | target exposure=1 samples=25 mass=0.005043 empirical_P=1.000000 theory_P=1.000000
2026-08-30 00:50:31,859 - hc_cifar10_class9_h16_IF100_alpha0p5_seed42.log - INFO - Round 167 | Global 0.6756 | Head 0.8277 | Middle 0.6368 | Tail 0.5753 | Class-9 0.6160 | best_class9 0.6490@90
2026-08-30 00:50:31,859 - hc_cifar10_class9_h16_IF100_alpha0p5_seed42.log - INFO - Round 168 selected clients: [0, 1, 3, 4, 10, 11, 14, 15] | target exposure=1 samples=22 mass=0.004433 empirical_P=1.000000 theory_P=1.000000
2026-08-30 00:50:46,538 - hc_cifar10_class9_h16_IF100_alpha0p5_seed42.log - INFO - Round 168 | Global 0.6559 | Head 0.8297 | Middle 0.6318 | Tail 0.5143 | Class-9 0.5270 | best_class9 0.6490@90
2026-08-30 00:50:46,538 - hc_cifar10_class9_h16_IF100_alpha0p5_seed42.log - INFO - Round 169 selected clients: [0, 1, 4, 5, 7, 9, 16, 18] | target exposure=1 samples=19 mass=0.003824 empirical_P=1.000000 theory_P=1.000000
2026-08-30 00:51:01,313 - hc_cifar10_class9_h16_IF100_alpha0p5_seed42.log - INFO - Round 169 | Global 0.6683 | Head 0.8197 | Middle 0.6260 | Tail 0.5733 | Class-9 0.5320 | best_class9 0.6490@90
2026-08-30 00:51:01,323 - hc_cifar10_class9_h16_IF100_alpha0p5_seed42.log - INFO - Round 170 selected clients: [1, 5, 6, 9, 11, 14, 15, 18] | target exposure=1 samples=22 mass=0.004435 empirical_P=1.000000 theory_P=1.000000
2026-08-30 00:51:17,010 - hc_cifar10_class9_h16_IF100_alpha0p5_seed42.log - INFO - Round 170 | Global 0.6830 | Head 0.7847 | Middle 0.6627 | Tail 0.6083 | Class-9 0.5650 | best_class9 0.6490@90
2026-08-30 00:51:17,033 - hc_cifar10_class9_h16_IF100_alpha0p5_seed42.log - INFO - Round 171 selected clients: [0, 5, 6, 7, 8, 9, 12, 17] | target exposure=1 samples=22 mass=0.004422 empirical_P=1.000000 theory_P=1.000000
2026-08-30 00:51:33,686 - hc_cifar10_class9_h16_IF100_alpha0p5_seed42.log - INFO - Round 171 | Global 0.6958 | Head 0.8033 | Middle 0.6727 | Tail 0.6190 | Class-9 0.5990 | best_class9 0.6490@90
2026-08-30 00:51:33,686 - hc_cifar10_class9_h16_IF100_alpha0p5_seed42.log - INFO - Round 172 selected clients: [4, 9, 10, 11, 13, 15, 17, 18] | target exposure=1 samples=25 mass=0.005035 empirical_P=1.000000 theory_P=1.000000
2026-08-30 00:51:50,479 - hc_cifar10_class9_h16_IF100_alpha0p5_seed42.log - INFO - Round 172 | Global 0.6858 | Head 0.8190 | Middle 0.6650 | Tail 0.5803 | Class-9 0.5790 | best_class9 0.6490@90
2026-08-30 00:51:50,479 - hc_cifar10_class9_h16_IF100_alpha0p5_seed42.log - INFO - Round 173 selected clients: [0, 4, 7, 8, 9, 10, 13, 16] | target exposure=1 samples=19 mass=0.003819 empirical_P=1.000000 theory_P=1.000000
2026-08-30 00:52:07,052 - hc_cifar10_class9_h16_IF100_alpha0p5_seed42.log - INFO - Round 173 | Global 0.6441 | Head 0.8473 | Middle 0.5917 | Tail 0.5107 | Class-9 0.5080 | best_class9 0.6490@90
2026-08-30 00:52:07,055 - hc_cifar10_class9_h16_IF100_alpha0p5_seed42.log - INFO - Round 174 selected clients: [1, 3, 4, 6, 12, 13, 15, 18] | target exposure=1 samples=23 mass=0.004644 empirical_P=1.000000 theory_P=1.000000
2026-08-30 00:52:23,913 - hc_cifar10_class9_h16_IF100_alpha0p5_seed42.log - INFO - Round 174 | Global 0.6926 | Head 0.8020 | Middle 0.6690 | Tail 0.6147 | Class-9 0.5900 | best_class9 0.6490@90
2026-08-30 00:52:23,913 - hc_cifar10_class9_h16_IF100_alpha0p5_seed42.log - INFO - Round 175 selected clients: [1, 2, 4, 6, 8, 9, 11, 14] | target exposure=1 samples=17 mass=0.003419 empirical_P=1.000000 theory_P=1.000000
2026-08-30 00:52:40,620 - hc_cifar10_class9_h16_IF100_alpha0p5_seed42.log - INFO - Round 175 | Global 0.6795 | Head 0.8247 | Middle 0.6693 | Tail 0.5480 | Class-9 0.5050 | best_class9 0.6490@90
2026-08-30 00:52:40,630 - hc_cifar10_class9_h16_IF100_alpha0p5_seed42.log - INFO - Round 176 selected clients: [1, 3, 5, 11, 12, 13, 14, 19] | target exposure=1 samples=21 mass=0.004236 empirical_P=1.000000 theory_P=1.000000
2026-08-30 00:52:57,522 - hc_cifar10_class9_h16_IF100_alpha0p5_seed42.log - INFO - Round 176 | Global 0.6827 | Head 0.8193 | Middle 0.6613 | Tail 0.5747 | Class-9 0.4940 | best_class9 0.6490@90
2026-08-30 00:52:57,522 - hc_cifar10_class9_h16_IF100_alpha0p5_seed42.log - INFO - Round 177 selected clients: [1, 3, 5, 6, 8, 9, 10, 18] | target exposure=1 samples=19 mass=0.003839 empirical_P=1.000000 theory_P=1.000000
2026-08-30 00:53:14,055 - hc_cifar10_class9_h16_IF100_alpha0p5_seed42.log - INFO - Round 177 | Global 0.6905 | Head 0.8010 | Middle 0.6550 | Tail 0.6273 | Class-9 0.5690 | best_class9 0.6490@90
2026-08-30 00:53:14,055 - hc_cifar10_class9_h16_IF100_alpha0p5_seed42.log - INFO - Round 178 selected clients: [2, 4, 5, 6, 7, 8, 9, 11] | target exposure=1 samples=20 mass=0.004021 empirical_P=1.000000 theory_P=1.000000
2026-08-30 00:53:30,853 - hc_cifar10_class9_h16_IF100_alpha0p5_seed42.log - INFO - Round 178 | Global 0.6853 | Head 0.8010 | Middle 0.6747 | Tail 0.5837 | Class-9 0.4900 | best_class9 0.6490@90
2026-08-30 00:53:30,853 - hc_cifar10_class9_h16_IF100_alpha0p5_seed42.log - INFO - Round 179 selected clients: [0, 3, 4, 5, 7, 13, 15, 19] | target exposure=1 samples=25 mass=0.005045 empirical_P=1.000000 theory_P=1.000000
2026-08-30 00:53:47,607 - hc_cifar10_class9_h16_IF100_alpha0p5_seed42.log - INFO - Round 179 | Global 0.6661 | Head 0.7797 | Middle 0.6505 | Tail 0.5733 | Class-9 0.5560 | best_class9 0.6490@90
2026-08-30 00:53:47,607 - hc_cifar10_class9_h16_IF100_alpha0p5_seed42.log - INFO - Round 180 selected clients: [3, 4, 6, 9, 10, 12, 14, 17] | target exposure=1 samples=26 mass=0.005238 empirical_P=1.000000 theory_P=1.000000
2026-08-30 00:54:04,380 - hc_cifar10_class9_h16_IF100_alpha0p5_seed42.log - INFO - Round 180 | Global 0.6899 | Head 0.8163 | Middle 0.6680 | Tail 0.5927 | Class-9 0.5730 | best_class9 0.6490@90
2026-08-30 00:54:04,397 - hc_cifar10_class9_h16_IF100_alpha0p5_seed42.log - INFO - Round 181 selected clients: [0, 7, 11, 13, 14, 15, 16, 18] | target exposure=1 samples=21 mass=0.004228 empirical_P=1.000000 theory_P=1.000000
2026-08-30 00:54:21,108 - hc_cifar10_class9_h16_IF100_alpha0p5_seed42.log - INFO - Round 181 | Global 0.6754 | Head 0.8477 | Middle 0.6292 | Tail 0.5647 | Class-9 0.5180 | best_class9 0.6490@90
2026-08-30 00:54:21,108 - hc_cifar10_class9_h16_IF100_alpha0p5_seed42.log - INFO - Round 182 selected clients: [2, 5, 8, 9, 14, 16, 17, 18] | target exposure=1 samples=15 mass=0.003023 empirical_P=1.000000 theory_P=1.000000
2026-08-30 00:54:37,801 - hc_cifar10_class9_h16_IF100_alpha0p5_seed42.log - INFO - Round 182 | Global 0.6957 | Head 0.8100 | Middle 0.6663 | Tail 0.6207 | Class-9 0.5170 | best_class9 0.6490@90
2026-08-30 00:54:37,801 - hc_cifar10_class9_h16_IF100_alpha0p5_seed42.log - INFO - Round 183 selected clients: [1, 3, 6, 7, 8, 12, 18, 19] | target exposure=1 samples=19 mass=0.003842 empirical_P=1.000000 theory_P=1.000000
2026-08-30 00:54:54,321 - hc_cifar10_class9_h16_IF100_alpha0p5_seed42.log - INFO - Round 183 | Global 0.7001 | Head 0.8037 | Middle 0.6657 | Tail 0.6423 | Class-9 0.5940 | best_class9 0.6490@90
2026-08-30 00:54:54,331 - hc_cifar10_class9_h16_IF100_alpha0p5_seed42.log - INFO - Round 184 selected clients: [0, 1, 6, 8, 9, 11, 15, 18] | target exposure=1 samples=19 mass=0.003832 empirical_P=1.000000 theory_P=1.000000
2026-08-30 00:55:11,150 - hc_cifar10_class9_h16_IF100_alpha0p5_seed42.log - INFO - Round 184 | Global 0.6911 | Head 0.7913 | Middle 0.6595 | Tail 0.6330 | Class-9 0.5770 | best_class9 0.6490@90
2026-08-30 00:55:11,150 - hc_cifar10_class9_h16_IF100_alpha0p5_seed42.log - INFO - Round 185 selected clients: [0, 7, 8, 10, 12, 13, 15, 19] | target exposure=1 samples=21 mass=0.004230 empirical_P=1.000000 theory_P=1.000000
2026-08-30 00:55:28,112 - hc_cifar10_class9_h16_IF100_alpha0p5_seed42.log - INFO - Round 185 | Global 0.6808 | Head 0.8110 | Middle 0.6545 | Tail 0.5857 | Class-9 0.6030 | best_class9 0.6490@90
2026-08-30 00:55:28,112 - hc_cifar10_class9_h16_IF100_alpha0p5_seed42.log - INFO - Round 186 selected clients: [2, 6, 7, 9, 10, 11, 14, 17] | target exposure=1 samples=22 mass=0.004422 empirical_P=1.000000 theory_P=1.000000
2026-08-30 00:55:44,691 - hc_cifar10_class9_h16_IF100_alpha0p5_seed42.log - INFO - Round 186 | Global 0.6989 | Head 0.8073 | Middle 0.6760 | Tail 0.6210 | Class-9 0.6040 | best_class9 0.6490@90
2026-08-30 00:55:44,691 - hc_cifar10_class9_h16_IF100_alpha0p5_seed42.log - INFO - Round 187 selected clients: [0, 1, 5, 7, 8, 9, 17, 19] | target exposure=1 samples=18 mass=0.003626 empirical_P=1.000000 theory_P=1.000000
2026-08-30 00:55:59,360 - hc_cifar10_class9_h16_IF100_alpha0p5_seed42.log - INFO - Round 187 | Global 0.6835 | Head 0.8243 | Middle 0.6485 | Tail 0.5893 | Class-9 0.5190 | best_class9 0.6490@90
2026-08-30 00:55:59,360 - hc_cifar10_class9_h16_IF100_alpha0p5_seed42.log - INFO - Round 188 selected clients: [0, 4, 6, 12, 14, 15, 18, 19] | target exposure=1 samples=26 mass=0.005241 empirical_P=1.000000 theory_P=1.000000
2026-08-30 00:56:14,046 - hc_cifar10_class9_h16_IF100_alpha0p5_seed42.log - INFO - Round 188 | Global 0.7029 | Head 0.7840 | Middle 0.6795 | Tail 0.6530 | Class-9 0.5850 | best_class9 0.6490@90
2026-08-30 00:56:14,046 - hc_cifar10_class9_h16_IF100_alpha0p5_seed42.log - INFO - Round 189 selected clients: [0, 2, 7, 8, 9, 16, 17, 19] | target exposure=1 samples=15 mass=0.003024 empirical_P=1.000000 theory_P=1.000000
2026-08-30 00:56:28,682 - hc_cifar10_class9_h16_IF100_alpha0p5_seed42.log - INFO - Round 189 | Global 0.6963 | Head 0.8093 | Middle 0.6627 | Tail 0.6280 | Class-9 0.5610 | best_class9 0.6490@90
2026-08-30 00:56:28,682 - hc_cifar10_class9_h16_IF100_alpha0p5_seed42.log - INFO - Round 190 selected clients: [1, 2, 4, 7, 8, 10, 12, 17] | target exposure=1 samples=16 mass=0.003213 empirical_P=1.000000 theory_P=1.000000
2026-08-30 00:56:43,361 - hc_cifar10_class9_h16_IF100_alpha0p5_seed42.log - INFO - Round 190 | Global 0.6875 | Head 0.8137 | Middle 0.6650 | Tail 0.5913 | Class-9 0.5560 | best_class9 0.6490@90
2026-08-30 00:56:43,371 - hc_cifar10_class9_h16_IF100_alpha0p5_seed42.log - INFO - Round 191 selected clients: [0, 1, 4, 5, 9, 10, 11, 12] | target exposure=1 samples=22 mass=0.004419 empirical_P=1.000000 theory_P=1.000000
2026-08-30 00:56:58,031 - hc_cifar10_class9_h16_IF100_alpha0p5_seed42.log - INFO - Round 191 | Global 0.6697 | Head 0.8230 | Middle 0.6425 | Tail 0.5527 | Class-9 0.5410 | best_class9 0.6490@90
2026-08-30 00:56:58,032 - hc_cifar10_class9_h16_IF100_alpha0p5_seed42.log - INFO - Round 192 selected clients: [0, 3, 7, 8, 9, 11, 15, 17] | target exposure=1 samples=21 mass=0.004239 empirical_P=1.000000 theory_P=1.000000
2026-08-30 00:57:12,686 - hc_cifar10_class9_h16_IF100_alpha0p5_seed42.log - INFO - Round 192 | Global 0.6695 | Head 0.8233 | Middle 0.6485 | Tail 0.5437 | Class-9 0.5480 | best_class9 0.6490@90
2026-08-30 00:57:12,686 - hc_cifar10_class9_h16_IF100_alpha0p5_seed42.log - INFO - Round 193 selected clients: [1, 4, 5, 8, 10, 11, 13, 15] | target exposure=1 samples=19 mass=0.003820 empirical_P=1.000000 theory_P=1.000000
2026-08-30 00:57:27,234 - hc_cifar10_class9_h16_IF100_alpha0p5_seed42.log - INFO - Round 193 | Global 0.6623 | Head 0.8370 | Middle 0.6410 | Tail 0.5160 | Class-9 0.5260 | best_class9 0.6490@90
2026-08-30 00:57:27,234 - hc_cifar10_class9_h16_IF100_alpha0p5_seed42.log - INFO - Round 194 selected clients: [4, 9, 10, 11, 12, 13, 16, 18] | target exposure=1 samples=22 mass=0.004427 empirical_P=1.000000 theory_P=1.000000
2026-08-30 00:57:41,908 - hc_cifar10_class9_h16_IF100_alpha0p5_seed42.log - INFO - Round 194 | Global 0.6643 | Head 0.8467 | Middle 0.6245 | Tail 0.5350 | Class-9 0.4870 | best_class9 0.6490@90
2026-08-30 00:57:41,908 - hc_cifar10_class9_h16_IF100_alpha0p5_seed42.log - INFO - Round 195 selected clients: [2, 3, 4, 8, 10, 13, 14, 18] | target exposure=1 samples=19 mass=0.003832 empirical_P=1.000000 theory_P=1.000000
2026-08-30 00:57:56,512 - hc_cifar10_class9_h16_IF100_alpha0p5_seed42.log - INFO - Round 195 | Global 0.6812 | Head 0.8263 | Middle 0.6555 | Tail 0.5703 | Class-9 0.5410 | best_class9 0.6490@90
2026-08-30 00:57:56,512 - hc_cifar10_class9_h16_IF100_alpha0p5_seed42.log - INFO - Round 196 selected clients: [1, 3, 5, 9, 14, 16, 18, 19] | target exposure=1 samples=18 mass=0.003644 empirical_P=1.000000 theory_P=1.000000
2026-08-30 00:58:11,130 - hc_cifar10_class9_h16_IF100_alpha0p5_seed42.log - INFO - Round 196 | Global 0.6888 | Head 0.8103 | Middle 0.6625 | Tail 0.6023 | Class-9 0.4700 | best_class9 0.6490@90
2026-08-30 00:58:11,130 - hc_cifar10_class9_h16_IF100_alpha0p5_seed42.log - INFO - Round 197 selected clients: [0, 2, 6, 8, 10, 11, 15, 18] | target exposure=1 samples=19 mass=0.003828 empirical_P=1.000000 theory_P=1.000000
2026-08-30 00:58:25,869 - hc_cifar10_class9_h16_IF100_alpha0p5_seed42.log - INFO - Round 197 | Global 0.6991 | Head 0.7897 | Middle 0.6813 | Tail 0.6323 | Class-9 0.5730 | best_class9 0.6490@90
2026-08-30 00:58:25,869 - hc_cifar10_class9_h16_IF100_alpha0p5_seed42.log - INFO - Round 198 selected clients: [2, 3, 4, 5, 6, 9, 12, 16] | target exposure=1 samples=20 mass=0.004033 empirical_P=1.000000 theory_P=1.000000
2026-08-30 00:58:40,508 - hc_cifar10_class9_h16_IF100_alpha0p5_seed42.log - INFO - Round 198 | Global 0.7006 | Head 0.8063 | Middle 0.6720 | Tail 0.6330 | Class-9 0.5130 | best_class9 0.6490@90
2026-08-30 00:58:40,508 - hc_cifar10_class9_h16_IF100_alpha0p5_seed42.log - INFO - Round 199 selected clients: [1, 2, 3, 6, 9, 13, 14, 18] | target exposure=1 samples=19 mass=0.003838 empirical_P=1.000000 theory_P=1.000000
2026-08-30 00:58:55,115 - hc_cifar10_class9_h16_IF100_alpha0p5_seed42.log - INFO - Round 199 | Global 0.7014 | Head 0.7863 | Middle 0.6765 | Tail 0.6497 | Class-9 0.5640 | best_class9 0.6490@90
2026-08-30 00:58:55,115 - hc_cifar10_class9_h16_IF100_alpha0p5_seed42.log - INFO - Round 200 selected clients: [1, 3, 8, 10, 13, 14, 17, 19] | target exposure=1 samples=18 mass=0.003633 empirical_P=1.000000 theory_P=1.000000
2026-08-30 00:59:09,806 - hc_cifar10_class9_h16_IF100_alpha0p5_seed42.log - INFO - Round 200 | Global 0.6817 | Head 0.8173 | Middle 0.6515 | Tail 0.5863 | Class-9 0.4670 | best_class9 0.6490@90
2026-08-30 00:59:09,833 - hc_cifar10_class9_h16_IF100_alpha0p5_seed42.log - INFO - ==========================================================================================
2026-08-30 00:59:09,833 - hc_cifar10_class9_h16_IF100_alpha0p5_seed42.log - INFO - FINISHED FIXED-N / VARIED-h EXPERIMENT
2026-08-30 00:59:09,833 - hc_cifar10_class9_h16_IF100_alpha0p5_seed42.log - INFO - target_class=9 N=50 actual_h=16
2026-08-30 00:59:09,833 - hc_cifar10_class9_h16_IF100_alpha0p5_seed42.log - INFO - Theoretical exposure: 1.000000
2026-08-30 00:59:09,837 - hc_cifar10_class9_h16_IF100_alpha0p5_seed42.log - INFO - Empirical exposure over 200 rounds: 1.000000
2026-08-30 00:59:09,837 - hc_cifar10_class9_h16_IF100_alpha0p5_seed42.log - INFO - Final class-9 accuracy: 0.4670
2026-08-30 00:59:09,837 - hc_cifar10_class9_h16_IF100_alpha0p5_seed42.log - INFO - Final Tail accuracy: 0.5863
2026-08-30 00:59:09,837 - hc_cifar10_class9_h16_IF100_alpha0p5_seed42.log - INFO - Final Global accuracy: 0.6817
2026-08-30 00:59:09,837 - hc_cifar10_class9_h16_IF100_alpha0p5_seed42.log - INFO - Best class-9 accuracy (diagnostic only): 0.6490 @ round 90
2026-08-30 00:59:09,837 - hc_cifar10_class9_h16_IF100_alpha0p5_seed42.log - INFO - Best Tail accuracy (diagnostic only): 0.6700 @ round 114
2026-08-30 00:59:09,837 - hc_cifar10_class9_h16_IF100_alpha0p5_seed42.log - INFO - Metrics CSV: D:\Desktop\FedLF_project\FedLF\outputs\hc_cifar10_class9_h16_IF100_alpha0p5_seed42\metrics.csv
2026-08-30 00:59:09,837 - hc_cifar10_class9_h16_IF100_alpha0p5_seed42.log - INFO - History: D:\Desktop\FedLF_project\FedLF\outputs\hc_cifar10_class9_h16_IF100_alpha0p5_seed42\history.pkl
2026-08-30 00:59:09,838 - hc_cifar10_class9_h16_IF100_alpha0p5_seed42.log - INFO - Config: D:\Desktop\FedLF_project\FedLF\outputs\hc_cifar10_class9_h16_IF100_alpha0p5_seed42\config.json
2026-08-30 00:59:09,838 - hc_cifar10_class9_h16_IF100_alpha0p5_seed42.log - INFO - Checkpoint: D:\Desktop\FedLF_project\FedLF\outputs\hc_cifar10_class9_h16_IF100_alpha0p5_seed42\checkpoint.pth
2026-08-30 00:59:09,838 - hc_cifar10_class9_h16_IF100_alpha0p5_seed42.log - INFO - Final model: D:\Desktop\FedLF_project\FedLF\outputs\hc_cifar10_class9_h16_IF100_alpha0p5_seed42\final_model.pth
2026-08-30 00:59:09,838 - hc_cifar10_class9_h16_IF100_alpha0p5_seed42.log - INFO - ==========================================================================================
