2026-08-29 22:22:02,228 - hc_cifar10_class9_h4_IF100_alpha0p5_seed42.log - INFO - ==========================================================================================
2026-08-29 22:22:02,228 - hc_cifar10_class9_h4_IF100_alpha0p5_seed42.log - INFO - FIXED-N / VARIED-h CONTROLLED EXPERIMENT
2026-08-29 22:22:02,228 - hc_cifar10_class9_h4_IF100_alpha0p5_seed42.log - INFO - algorithm: pure FedLF | S=OFF C=OFF A=OFF
2026-08-29 22:22:02,228 - hc_cifar10_class9_h4_IF100_alpha0p5_seed42.log - INFO - dataset:CIFAR-10-LT IF=100 imb_factor=0.01 alpha=0.5
2026-08-29 22:22:02,228 - hc_cifar10_class9_h4_IF100_alpha0p5_seed42.log - INFO - K=20 m=8 participation=0.4000
2026-08-29 22:22:02,232 - hc_cifar10_class9_h4_IF100_alpha0p5_seed42.log - INFO - rounds=200 E=10 batch=32 fixed_lr=0.1 seed=42
2026-08-29 22:22:02,232 - hc_cifar10_class9_h4_IF100_alpha0p5_seed42.log - INFO - target_class=9 requested_host_count=4
2026-08-29 22:22:02,232 - hc_cifar10_class9_h4_IF100_alpha0p5_seed42.log - INFO - client_sampling=UNIFORM RANDOM WITHOUT REPLACEMENT
2026-08-29 22:22:02,232 - hc_cifar10_class9_h4_IF100_alpha0p5_seed42.log - INFO - aggregation=STANDARD SAMPLE-WEIGHTED FedAvg
2026-08-29 22:22:02,232 - hc_cifar10_class9_h4_IF100_alpha0p5_seed42.log - INFO - test rollback=False
2026-08-29 22:22:02,232 - hc_cifar10_class9_h4_IF100_alpha0p5_seed42.log - INFO - Log: D:\Desktop\FedLF_project\FedLF\Logs\hc_cifar10_class9_h4_IF100_alpha0p5_seed42.log
2026-08-29 22:22:02,232 - hc_cifar10_class9_h4_IF100_alpha0p5_seed42.log - INFO - Output: D:\Desktop\FedLF_project\FedLF\outputs\hc_cifar10_class9_h4_IF100_alpha0p5_seed42
2026-08-29 22:22:02,232 - hc_cifar10_class9_h4_IF100_alpha0p5_seed42.log - INFO - ==========================================================================================
2026-08-29 22:22:07,915 - hc_cifar10_class9_h4_IF100_alpha0p5_seed42.log - INFO - Global class counts: [5000, 2997, 1796, 1077, 645, 387, 232, 139, 83, 50]
2026-08-29 22:22:07,915 - hc_cifar10_class9_h4_IF100_alpha0p5_seed42.log - INFO - Target class 9 N=50 (FIXED)
2026-08-29 22:22:07,915 - hc_cifar10_class9_h4_IF100_alpha0p5_seed42.log - INFO - Host order (nested across h): [6, 4, 7, 12, 9, 13, 3, 14, 19, 11, 10, 17, 15, 18, 5, 0, 16, 8, 1, 2]
2026-08-29 22:22:07,915 - hc_cifar10_class9_h4_IF100_alpha0p5_seed42.log - INFO - Actual host clients: [4, 6, 7, 12]
2026-08-29 22:22:07,915 - hc_cifar10_class9_h4_IF100_alpha0p5_seed42.log - INFO - Target samples per active host: {6: 13, 4: 13, 7: 12, 12: 12}
2026-08-29 22:22:07,915 - hc_cifar10_class9_h4_IF100_alpha0p5_seed42.log - INFO - Actual h=4 | theoretical P_exp=0.897833
2026-08-29 22:22:07,915 - hc_cifar10_class9_h4_IF100_alpha0p5_seed42.log - INFO - Base partition SHA256: 91fc508fdd8b116a19ca7809c6dfe5d6b9f4161086b898c272ecff4fedcd1acf
2026-08-29 22:22:07,915 - hc_cifar10_class9_h4_IF100_alpha0p5_seed42.log - INFO - Controlled partition SHA256: eb6c31a76fe8a79f894966e4b7f53f5a8f7f20976baa7f6bbaef9481c85641f0
2026-08-29 22:22:07,915 - hc_cifar10_class9_h4_IF100_alpha0p5_seed42.log - INFO - Client sizes after target redistribution: [621, 621, 621, 605, 634, 620, 631, 632, 620, 614, 620, 620, 632, 620, 620, 613, 620, 620, 612, 610]
2026-08-29 22:22:07,915 - hc_cifar10_class9_h4_IF100_alpha0p5_seed42.log - INFO - Paper thresholds: Head > 1500, Tail < 200; Tail classes=[7, 8, 9]
2026-08-29 22:22:08,036 - hc_cifar10_class9_h4_IF100_alpha0p5_seed42.log - INFO - Round 1 selected clients: [0, 1, 3, 5, 8, 11, 15, 17] | target exposure=0 samples=0 mass=0.000000 empirical_P=0.000000 theory_P=0.897833
2026-08-29 22:22:24,902 - hc_cifar10_class9_h4_IF100_alpha0p5_seed42.log - INFO - Round 1 | Global 0.1758 | Head 0.5630 | Middle 0.0173 | Tail 0.0000 | Class-9 0.0000 | best_class9 0.0000@1
2026-08-29 22:22:24,903 - hc_cifar10_class9_h4_IF100_alpha0p5_seed42.log - INFO - Round 2 selected clients: [4, 5, 7, 12, 14, 15, 16, 19] | target exposure=1 samples=37 mass=0.007428 empirical_P=0.500000 theory_P=0.897833
2026-08-29 22:22:41,868 - hc_cifar10_class9_h4_IF100_alpha0p5_seed42.log - INFO - Round 2 | Global 0.2426 | Head 0.6917 | Middle 0.0877 | Tail 0.0000 | Class-9 0.0000 | best_class9 0.0000@1
2026-08-29 22:22:41,878 - hc_cifar10_class9_h4_IF100_alpha0p5_seed42.log - INFO - Round 3 selected clients: [0, 2, 5, 7, 10, 12, 16, 18] | target exposure=1 samples=24 mass=0.004821 empirical_P=0.666667 theory_P=0.897833
2026-08-29 22:22:58,723 - hc_cifar10_class9_h4_IF100_alpha0p5_seed42.log - INFO - Round 3 | Global 0.2610 | Head 0.7103 | Middle 0.1197 | Tail 0.0000 | Class-9 0.0000 | best_class9 0.0000@1
2026-08-29 22:22:58,723 - hc_cifar10_class9_h4_IF100_alpha0p5_seed42.log - INFO - Round 4 selected clients: [0, 4, 6, 8, 9, 11, 17, 18] | target exposure=1 samples=26 mass=0.005229 empirical_P=0.750000 theory_P=0.897833
2026-08-29 22:23:15,702 - hc_cifar10_class9_h4_IF100_alpha0p5_seed42.log - INFO - Round 4 | Global 0.2587 | Head 0.7243 | Middle 0.1035 | Tail 0.0000 | Class-9 0.0000 | best_class9 0.0000@1
2026-08-29 22:23:15,702 - hc_cifar10_class9_h4_IF100_alpha0p5_seed42.log - INFO - Round 5 selected clients: [0, 2, 5, 9, 10, 12, 16, 19] | target exposure=1 samples=12 mass=0.002420 empirical_P=0.800000 theory_P=0.897833
2026-08-29 22:23:32,665 - hc_cifar10_class9_h4_IF100_alpha0p5_seed42.log - INFO - Round 5 | Global 0.2969 | Head 0.7333 | Middle 0.1923 | Tail 0.0000 | Class-9 0.0000 | best_class9 0.0000@1
2026-08-29 22:23:32,665 - hc_cifar10_class9_h4_IF100_alpha0p5_seed42.log - INFO - Round 6 selected clients: [1, 3, 4, 5, 9, 10, 15, 16] | target exposure=1 samples=13 mass=0.002628 empirical_P=0.833333 theory_P=0.897833
2026-08-29 22:23:49,091 - hc_cifar10_class9_h4_IF100_alpha0p5_seed42.log - INFO - Round 6 | Global 0.2999 | Head 0.7693 | Middle 0.1727 | Tail 0.0000 | Class-9 0.0000 | best_class9 0.0000@1
2026-08-29 22:23:49,091 - hc_cifar10_class9_h4_IF100_alpha0p5_seed42.log - INFO - Round 7 selected clients: [2, 3, 5, 9, 10, 12, 13, 16] | target exposure=1 samples=12 mass=0.002423 empirical_P=0.857143 theory_P=0.897833
2026-08-29 22:24:05,755 - hc_cifar10_class9_h4_IF100_alpha0p5_seed42.log - INFO - Round 7 | Global 0.3142 | Head 0.7720 | Middle 0.2065 | Tail 0.0000 | Class-9 0.0000 | best_class9 0.0000@1
2026-08-29 22:24:05,755 - hc_cifar10_class9_h4_IF100_alpha0p5_seed42.log - INFO - Round 8 selected clients: [1, 3, 5, 7, 11, 15, 17, 18] | target exposure=1 samples=12 mass=0.002428 empirical_P=0.875000 theory_P=0.897833
2026-08-29 22:24:22,177 - hc_cifar10_class9_h4_IF100_alpha0p5_seed42.log - INFO - Round 8 | Global 0.3322 | Head 0.7377 | Middle 0.2772 | Tail 0.0000 | Class-9 0.0000 | best_class9 0.0000@1
2026-08-29 22:24:22,177 - hc_cifar10_class9_h4_IF100_alpha0p5_seed42.log - INFO - Round 9 selected clients: [0, 4, 7, 8, 9, 11, 13, 17] | target exposure=1 samples=25 mass=0.005019 empirical_P=0.888889 theory_P=0.897833
2026-08-29 22:24:38,910 - hc_cifar10_class9_h4_IF100_alpha0p5_seed42.log - INFO - Round 9 | Global 0.3137 | Head 0.7160 | Middle 0.2472 | Tail 0.0000 | Class-9 0.0000 | best_class9 0.0000@1
2026-08-29 22:24:38,910 - hc_cifar10_class9_h4_IF100_alpha0p5_seed42.log - INFO - Round 10 selected clients: [1, 2, 4, 5, 7, 9, 15, 16] | target exposure=1 samples=25 mass=0.005025 empirical_P=0.900000 theory_P=0.897833
2026-08-29 22:24:55,661 - hc_cifar10_class9_h4_IF100_alpha0p5_seed42.log - INFO - Round 10 | Global 0.3597 | Head 0.7977 | Middle 0.3010 | Tail 0.0000 | Class-9 0.0000 | best_class9 0.0000@1
2026-08-29 22:24:55,677 - hc_cifar10_class9_h4_IF100_alpha0p5_seed42.log - INFO - Round 11 selected clients: [1, 2, 4, 6, 12, 13, 16, 17] | target exposure=1 samples=38 mass=0.007602 empirical_P=0.909091 theory_P=0.897833
2026-08-29 22:25:12,587 - hc_cifar10_class9_h4_IF100_alpha0p5_seed42.log - INFO - Round 11 | Global 0.3641 | Head 0.8113 | Middle 0.3003 | Tail 0.0020 | Class-9 0.0000 | best_class9 0.0000@1
2026-08-29 22:25:12,587 - hc_cifar10_class9_h4_IF100_alpha0p5_seed42.log - INFO - Round 12 selected clients: [3, 6, 8, 9, 11, 14, 17, 18] | target exposure=1 samples=13 mass=0.002631 empirical_P=0.916667 theory_P=0.897833
2026-08-29 22:25:29,196 - hc_cifar10_class9_h4_IF100_alpha0p5_seed42.log - INFO - Round 12 | Global 0.3711 | Head 0.7667 | Middle 0.3425 | Tail 0.0137 | Class-9 0.0000 | best_class9 0.0000@1
2026-08-29 22:25:29,196 - hc_cifar10_class9_h4_IF100_alpha0p5_seed42.log - INFO - Round 13 selected clients: [2, 6, 8, 9, 12, 13, 14, 19] | target exposure=1 samples=25 mass=0.005032 empirical_P=0.923077 theory_P=0.897833
2026-08-29 22:25:45,912 - hc_cifar10_class9_h4_IF100_alpha0p5_seed42.log - INFO - Round 13 | Global 0.3639 | Head 0.6010 | Middle 0.4303 | Tail 0.0383 | Class-9 0.0000 | best_class9 0.0000@1
2026-08-29 22:25:45,912 - hc_cifar10_class9_h4_IF100_alpha0p5_seed42.log - INFO - Round 14 selected clients: [1, 4, 5, 9, 10, 11, 12, 19] | target exposure=1 samples=25 mass=0.005029 empirical_P=0.928571 theory_P=0.897833
2026-08-29 22:26:02,517 - hc_cifar10_class9_h4_IF100_alpha0p5_seed42.log - INFO - Round 14 | Global 0.3912 | Head 0.7133 | Middle 0.4335 | Tail 0.0127 | Class-9 0.0000 | best_class9 0.0000@1
2026-08-29 22:26:02,517 - hc_cifar10_class9_h4_IF100_alpha0p5_seed42.log - INFO - Round 15 selected clients: [4, 5, 7, 12, 13, 14, 16, 19] | target exposure=1 samples=37 mass=0.007418 empirical_P=0.933333 theory_P=0.897833
2026-08-29 22:26:19,013 - hc_cifar10_class9_h4_IF100_alpha0p5_seed42.log - INFO - Round 15 | Global 0.4038 | Head 0.7540 | Middle 0.4215 | Tail 0.0300 | Class-9 0.0000 | best_class9 0.0000@1
2026-08-29 22:26:19,013 - hc_cifar10_class9_h4_IF100_alpha0p5_seed42.log - INFO - Round 16 selected clients: [1, 4, 6, 9, 11, 13, 14, 18] | target exposure=1 samples=26 mass=0.005229 empirical_P=0.937500 theory_P=0.897833
2026-08-29 22:26:33,657 - hc_cifar10_class9_h4_IF100_alpha0p5_seed42.log - INFO - Round 16 | Global 0.3916 | Head 0.7723 | Middle 0.3885 | Tail 0.0150 | Class-9 0.0000 | best_class9 0.0000@1
2026-08-29 22:26:33,657 - hc_cifar10_class9_h4_IF100_alpha0p5_seed42.log - INFO - Round 17 selected clients: [4, 6, 7, 9, 11, 12, 14, 16] | target exposure=1 samples=50 mass=0.009994 empirical_P=0.941176 theory_P=0.897833
2026-08-29 22:26:48,395 - hc_cifar10_class9_h4_IF100_alpha0p5_seed42.log - INFO - Round 17 | Global 0.4164 | Head 0.7650 | Middle 0.4318 | Tail 0.0473 | Class-9 0.0300 | best_class9 0.0300@17
2026-08-29 22:26:48,395 - hc_cifar10_class9_h4_IF100_alpha0p5_seed42.log - INFO - Round 18 selected clients: [1, 3, 4, 7, 8, 9, 12, 18] | target exposure=1 samples=37 mass=0.007445 empirical_P=0.944444 theory_P=0.897833
2026-08-29 22:27:03,058 - hc_cifar10_class9_h4_IF100_alpha0p5_seed42.log - INFO - Round 18 | Global 0.4255 | Head 0.7357 | Middle 0.4865 | Tail 0.0340 | Class-9 0.0530 | best_class9 0.0530@18
2026-08-29 22:27:03,068 - hc_cifar10_class9_h4_IF100_alpha0p5_seed42.log - INFO - Round 19 selected clients: [1, 6, 7, 8, 9, 10, 11, 19] | target exposure=1 samples=25 mass=0.005032 empirical_P=0.947368 theory_P=0.897833
2026-08-29 22:27:17,831 - hc_cifar10_class9_h4_IF100_alpha0p5_seed42.log - INFO - Round 19 | Global 0.4017 | Head 0.7150 | Middle 0.4343 | Tail 0.0450 | Class-9 0.0120 | best_class9 0.0530@18
2026-08-29 22:27:17,831 - hc_cifar10_class9_h4_IF100_alpha0p5_seed42.log - INFO - Round 20 selected clients: [3, 4, 6, 10, 11, 13, 14, 17] | target exposure=1 samples=26 mass=0.005231 empirical_P=0.950000 theory_P=0.897833
2026-08-29 22:27:32,512 - hc_cifar10_class9_h4_IF100_alpha0p5_seed42.log - INFO - Round 20 | Global 0.4307 | Head 0.7573 | Middle 0.4502 | Tail 0.0780 | Class-9 0.0010 | best_class9 0.0530@18
2026-08-29 22:27:32,534 - hc_cifar10_class9_h4_IF100_alpha0p5_seed42.log - INFO - Round 21 selected clients: [3, 4, 13, 14, 15, 17, 18, 19] | target exposure=1 samples=13 mass=0.002635 empirical_P=0.952381 theory_P=0.897833
2026-08-29 22:27:47,277 - hc_cifar10_class9_h4_IF100_alpha0p5_seed42.log - INFO - Round 21 | Global 0.4644 | Head 0.7747 | Middle 0.5030 | Tail 0.1027 | Class-9 0.0000 | best_class9 0.0530@18
2026-08-29 22:27:47,287 - hc_cifar10_class9_h4_IF100_alpha0p5_seed42.log - INFO - Round 22 selected clients: [4, 5, 8, 10, 16, 17, 18, 19] | target exposure=1 samples=13 mass=0.002623 empirical_P=0.954545 theory_P=0.897833
2026-08-29 22:28:02,007 - hc_cifar10_class9_h4_IF100_alpha0p5_seed42.log - INFO - Round 22 | Global 0.4772 | Head 0.7603 | Middle 0.5062 | Tail 0.1553 | Class-9 0.0000 | best_class9 0.0530@18
2026-08-29 22:28:02,007 - hc_cifar10_class9_h4_IF100_alpha0p5_seed42.log - INFO - Round 23 selected clients: [1, 2, 3, 6, 8, 13, 15, 19] | target exposure=1 samples=13 mass=0.002631 empirical_P=0.956522 theory_P=0.897833
2026-08-29 22:28:16,757 - hc_cifar10_class9_h4_IF100_alpha0p5_seed42.log - INFO - Round 23 | Global 0.4993 | Head 0.7090 | Middle 0.5238 | Tail 0.2570 | Class-9 0.0000 | best_class9 0.0530@18
2026-08-29 22:28:16,757 - hc_cifar10_class9_h4_IF100_alpha0p5_seed42.log - INFO - Round 24 selected clients: [3, 4, 5, 8, 10, 13, 14, 17] | target exposure=1 samples=13 mass=0.002621 empirical_P=0.958333 theory_P=0.897833
2026-08-29 22:28:31,326 - hc_cifar10_class9_h4_IF100_alpha0p5_seed42.log - INFO - Round 24 | Global 0.4795 | Head 0.7627 | Middle 0.5235 | Tail 0.1377 | Class-9 0.0000 | best_class9 0.0530@18
2026-08-29 22:28:31,326 - hc_cifar10_class9_h4_IF100_alpha0p5_seed42.log - INFO - Round 25 selected clients: [2, 3, 6, 9, 10, 12, 15, 18] | target exposure=1 samples=25 mass=0.005053 empirical_P=0.960000 theory_P=0.897833
2026-08-29 22:28:45,992 - hc_cifar10_class9_h4_IF100_alpha0p5_seed42.log - INFO - Round 25 | Global 0.5132 | Head 0.7410 | Middle 0.5613 | Tail 0.2213 | Class-9 0.0070 | best_class9 0.0530@18
2026-08-29 22:28:45,992 - hc_cifar10_class9_h4_IF100_alpha0p5_seed42.log - INFO - Round 26 selected clients: [1, 2, 5, 6, 7, 8, 12, 16] | target exposure=1 samples=37 mass=0.007404 empirical_P=0.961538 theory_P=0.897833
2026-08-29 22:29:00,878 - hc_cifar10_class9_h4_IF100_alpha0p5_seed42.log - INFO - Round 26 | Global 0.5128 | Head 0.7653 | Middle 0.5400 | Tail 0.2240 | Class-9 0.0440 | best_class9 0.0530@18
2026-08-29 22:29:00,878 - hc_cifar10_class9_h4_IF100_alpha0p5_seed42.log - INFO - Round 27 selected clients: [5, 6, 8, 10, 12, 13, 14, 17] | target exposure=1 samples=25 mass=0.005017 empirical_P=0.962963 theory_P=0.897833
2026-08-29 22:29:15,450 - hc_cifar10_class9_h4_IF100_alpha0p5_seed42.log - INFO - Round 27 | Global 0.5037 | Head 0.7663 | Middle 0.5337 | Tail 0.2010 | Class-9 0.0290 | best_class9 0.0530@18
2026-08-29 22:29:15,450 - hc_cifar10_class9_h4_IF100_alpha0p5_seed42.log - INFO - Round 28 selected clients: [1, 3, 5, 6, 7, 8, 14, 19] | target exposure=1 samples=25 mass=0.005041 empirical_P=0.964286 theory_P=0.897833
2026-08-29 22:29:30,143 - hc_cifar10_class9_h4_IF100_alpha0p5_seed42.log - INFO - Round 28 | Global 0.5135 | Head 0.7420 | Middle 0.5410 | Tail 0.2483 | Class-9 0.0360 | best_class9 0.0530@18
2026-08-29 22:29:30,143 - hc_cifar10_class9_h4_IF100_alpha0p5_seed42.log - INFO - Round 29 selected clients: [3, 4, 5, 8, 12, 14, 15, 16] | target exposure=1 samples=25 mass=0.005036 empirical_P=0.965517 theory_P=0.897833
2026-08-29 22:29:44,773 - hc_cifar10_class9_h4_IF100_alpha0p5_seed42.log - INFO - Round 29 | Global 0.4960 | Head 0.7897 | Middle 0.5380 | Tail 0.1463 | Class-9 0.0080 | best_class9 0.0530@18
2026-08-29 22:29:44,773 - hc_cifar10_class9_h4_IF100_alpha0p5_seed42.log - INFO - Round 30 selected clients: [5, 6, 11, 13, 14, 15, 16, 19] | target exposure=1 samples=13 mass=0.002624 empirical_P=0.966667 theory_P=0.897833
2026-08-29 22:29:59,471 - hc_cifar10_class9_h4_IF100_alpha0p5_seed42.log - INFO - Round 30 | Global 0.5100 | Head 0.7743 | Middle 0.5265 | Tail 0.2237 | Class-9 0.0160 | best_class9 0.0530@18
2026-08-29 22:29:59,486 - hc_cifar10_class9_h4_IF100_alpha0p5_seed42.log - INFO - Round 31 selected clients: [1, 4, 6, 7, 9, 11, 14, 19] | target exposure=1 samples=38 mass=0.007627 empirical_P=0.967742 theory_P=0.897833
2026-08-29 22:30:14,221 - hc_cifar10_class9_h4_IF100_alpha0p5_seed42.log - INFO - Round 31 | Global 0.4848 | Head 0.7893 | Middle 0.4813 | Tail 0.1850 | Class-9 0.1140 | best_class9 0.1140@31
2026-08-29 22:30:14,221 - hc_cifar10_class9_h4_IF100_alpha0p5_seed42.log - INFO - Round 32 selected clients: [0, 1, 5, 6, 7, 9, 12, 19] | target exposure=1 samples=37 mass=0.007428 empirical_P=0.968750 theory_P=0.897833
2026-08-29 22:30:28,964 - hc_cifar10_class9_h4_IF100_alpha0p5_seed42.log - INFO - Round 32 | Global 0.5224 | Head 0.8070 | Middle 0.5045 | Tail 0.2617 | Class-9 0.0800 | best_class9 0.1140@31
2026-08-29 22:30:28,964 - hc_cifar10_class9_h4_IF100_alpha0p5_seed42.log - INFO - Round 33 selected clients: [3, 5, 7, 11, 14, 15, 16, 17] | target exposure=1 samples=12 mass=0.002424 empirical_P=0.969697 theory_P=0.897833
2026-08-29 22:30:44,780 - hc_cifar10_class9_h4_IF100_alpha0p5_seed42.log - INFO - Round 33 | Global 0.5100 | Head 0.7957 | Middle 0.5440 | Tail 0.1790 | Class-9 0.0160 | best_class9 0.1140@31
2026-08-29 22:30:44,780 - hc_cifar10_class9_h4_IF100_alpha0p5_seed42.log - INFO - Round 34 selected clients: [6, 8, 9, 10, 13, 14, 16, 18] | target exposure=1 samples=13 mass=0.002623 empirical_P=0.970588 theory_P=0.897833
2026-08-29 22:31:01,418 - hc_cifar10_class9_h4_IF100_alpha0p5_seed42.log - INFO - Round 34 | Global 0.5322 | Head 0.8070 | Middle 0.5228 | Tail 0.2700 | Class-9 0.0180 | best_class9 0.1140@31
2026-08-29 22:31:01,428 - hc_cifar10_class9_h4_IF100_alpha0p5_seed42.log - INFO - Round 35 selected clients: [0, 4, 5, 8, 10, 12, 13, 19] | target exposure=1 samples=25 mass=0.005023 empirical_P=0.971429 theory_P=0.897833
2026-08-29 22:31:18,377 - hc_cifar10_class9_h4_IF100_alpha0p5_seed42.log - INFO - Round 35 | Global 0.5160 | Head 0.8297 | Middle 0.5162 | Tail 0.2020 | Class-9 0.0300 | best_class9 0.1140@31
2026-08-29 22:31:18,377 - hc_cifar10_class9_h4_IF100_alpha0p5_seed42.log - INFO - Round 36 selected clients: [1, 2, 3, 6, 7, 8, 10, 18] | target exposure=1 samples=25 mass=0.005038 empirical_P=0.972222 theory_P=0.897833
2026-08-29 22:31:35,046 - hc_cifar10_class9_h4_IF100_alpha0p5_seed42.log - INFO - Round 36 | Global 0.5473 | Head 0.7607 | Middle 0.5390 | Tail 0.3450 | Class-9 0.1640 | best_class9 0.1640@36
2026-08-29 22:31:35,046 - hc_cifar10_class9_h4_IF100_alpha0p5_seed42.log - INFO - Round 37 selected clients: [1, 3, 7, 9, 10, 11, 15, 17] | target exposure=1 samples=12 mass=0.002427 empirical_P=0.972973 theory_P=0.897833
2026-08-29 22:31:51,700 - hc_cifar10_class9_h4_IF100_alpha0p5_seed42.log - INFO - Round 37 | Global 0.5261 | Head 0.7937 | Middle 0.5655 | Tail 0.2060 | Class-9 0.0240 | best_class9 0.1640@36
2026-08-29 22:31:51,700 - hc_cifar10_class9_h4_IF100_alpha0p5_seed42.log - INFO - Round 38 selected clients: [1, 2, 6, 9, 12, 13, 14, 18] | target exposure=1 samples=25 mass=0.005029 empirical_P=0.973684 theory_P=0.897833
2026-08-29 22:32:08,416 - hc_cifar10_class9_h4_IF100_alpha0p5_seed42.log - INFO - Round 38 | Global 0.5474 | Head 0.7743 | Middle 0.5637 | Tail 0.2987 | Class-9 0.0220 | best_class9 0.1640@36
2026-08-29 22:32:08,416 - hc_cifar10_class9_h4_IF100_alpha0p5_seed42.log - INFO - Round 39 selected clients: [0, 2, 3, 11, 12, 13, 15, 19] | target exposure=1 samples=12 mass=0.002428 empirical_P=0.974359 theory_P=0.897833
2026-08-29 22:32:25,055 - hc_cifar10_class9_h4_IF100_alpha0p5_seed42.log - INFO - Round 39 | Global 0.5558 | Head 0.7603 | Middle 0.5893 | Tail 0.3067 | Class-9 0.0220 | best_class9 0.1640@36
2026-08-29 22:32:25,055 - hc_cifar10_class9_h4_IF100_alpha0p5_seed42.log - INFO - Round 40 selected clients: [3, 7, 9, 11, 13, 14, 15, 19] | target exposure=1 samples=12 mass=0.002432 empirical_P=0.975000 theory_P=0.897833
2026-08-29 22:32:41,828 - hc_cifar10_class9_h4_IF100_alpha0p5_seed42.log - INFO - Round 40 | Global 0.5442 | Head 0.7863 | Middle 0.5757 | Tail 0.2600 | Class-9 0.0110 | best_class9 0.1640@36
2026-08-29 22:32:41,839 - hc_cifar10_class9_h4_IF100_alpha0p5_seed42.log - INFO - Round 41 selected clients: [1, 5, 6, 7, 10, 11, 14, 15] | target exposure=1 samples=25 mass=0.005023 empirical_P=0.975610 theory_P=0.897833
2026-08-29 22:32:58,549 - hc_cifar10_class9_h4_IF100_alpha0p5_seed42.log - INFO - Round 41 | Global 0.5291 | Head 0.7693 | Middle 0.5757 | Tail 0.2267 | Class-9 0.0700 | best_class9 0.1640@36
2026-08-29 22:32:58,549 - hc_cifar10_class9_h4_IF100_alpha0p5_seed42.log - INFO - Round 42 selected clients: [1, 3, 7, 9, 12, 14, 15, 19] | target exposure=1 samples=24 mass=0.004851 empirical_P=0.976190 theory_P=0.897833
2026-08-29 22:33:15,211 - hc_cifar10_class9_h4_IF100_alpha0p5_seed42.log - INFO - Round 42 | Global 0.5153 | Head 0.7900 | Middle 0.5393 | Tail 0.2087 | Class-9 0.0330 | best_class9 0.1640@36
2026-08-29 22:33:15,211 - hc_cifar10_class9_h4_IF100_alpha0p5_seed42.log - INFO - Round 43 selected clients: [0, 4, 6, 7, 9, 11, 12, 14] | target exposure=1 samples=50 mass=0.009992 empirical_P=0.976744 theory_P=0.897833
2026-08-29 22:33:32,060 - hc_cifar10_class9_h4_IF100_alpha0p5_seed42.log - INFO - Round 43 | Global 0.5604 | Head 0.7873 | Middle 0.5753 | Tail 0.3137 | Class-9 0.3510 | best_class9 0.3510@43
2026-08-29 22:33:32,060 - hc_cifar10_class9_h4_IF100_alpha0p5_seed42.log - INFO - Round 44 selected clients: [2, 6, 8, 10, 12, 13, 15, 17] | target exposure=1 samples=25 mass=0.005023 empirical_P=0.977273 theory_P=0.897833
2026-08-29 22:33:49,005 - hc_cifar10_class9_h4_IF100_alpha0p5_seed42.log - INFO - Round 44 | Global 0.5730 | Head 0.7740 | Middle 0.6082 | Tail 0.3250 | Class-9 0.2420 | best_class9 0.3510@43
2026-08-29 22:33:49,005 - hc_cifar10_class9_h4_IF100_alpha0p5_seed42.log - INFO - Round 45 selected clients: [0, 1, 4, 5, 6, 11, 12, 17] | target exposure=1 samples=38 mass=0.007602 empirical_P=0.977778 theory_P=0.897833
2026-08-29 22:34:05,693 - hc_cifar10_class9_h4_IF100_alpha0p5_seed42.log - INFO - Round 45 | Global 0.5611 | Head 0.7943 | Middle 0.5760 | Tail 0.3080 | Class-9 0.2010 | best_class9 0.3510@43
2026-08-29 22:34:05,693 - hc_cifar10_class9_h4_IF100_alpha0p5_seed42.log - INFO - Round 46 selected clients: [2, 3, 6, 7, 10, 12, 14, 16] | target exposure=1 samples=37 mass=0.007428 empirical_P=0.978261 theory_P=0.897833
2026-08-29 22:34:22,506 - hc_cifar10_class9_h4_IF100_alpha0p5_seed42.log - INFO - Round 46 | Global 0.5764 | Head 0.8017 | Middle 0.5797 | Tail 0.3467 | Class-9 0.2790 | best_class9 0.3510@43
2026-08-29 22:34:22,506 - hc_cifar10_class9_h4_IF100_alpha0p5_seed42.log - INFO - Round 47 selected clients: [1, 4, 8, 10, 11, 13, 15, 18] | target exposure=1 samples=13 mass=0.002621 empirical_P=0.978723 theory_P=0.897833
2026-08-29 22:34:39,302 - hc_cifar10_class9_h4_IF100_alpha0p5_seed42.log - INFO - Round 47 | Global 0.5329 | Head 0.7570 | Middle 0.5853 | Tail 0.2390 | Class-9 0.1080 | best_class9 0.3510@43
2026-08-29 22:34:39,302 - hc_cifar10_class9_h4_IF100_alpha0p5_seed42.log - INFO - Round 48 selected clients: [0, 3, 4, 6, 7, 8, 16, 17] | target exposure=1 samples=38 mass=0.007626 empirical_P=0.979167 theory_P=0.897833
2026-08-29 22:34:55,999 - hc_cifar10_class9_h4_IF100_alpha0p5_seed42.log - INFO - Round 48 | Global 0.5695 | Head 0.8203 | Middle 0.5390 | Tail 0.3593 | Class-9 0.3280 | best_class9 0.3510@43
2026-08-29 22:34:55,999 - hc_cifar10_class9_h4_IF100_alpha0p5_seed42.log - INFO - Round 49 selected clients: [0, 4, 5, 7, 10, 15, 17, 18] | target exposure=1 samples=25 mass=0.005028 empirical_P=0.979592 theory_P=0.897833
2026-08-29 22:35:11,759 - hc_cifar10_class9_h4_IF100_alpha0p5_seed42.log - INFO - Round 49 | Global 0.5665 | Head 0.7753 | Middle 0.6135 | Tail 0.2950 | Class-9 0.2360 | best_class9 0.3510@43
2026-08-29 22:35:11,759 - hc_cifar10_class9_h4_IF100_alpha0p5_seed42.log - INFO - Round 50 selected clients: [0, 2, 6, 11, 12, 13, 14, 17] | target exposure=1 samples=25 mass=0.005015 empirical_P=0.980000 theory_P=0.897833
2026-08-29 22:35:26,653 - hc_cifar10_class9_h4_IF100_alpha0p5_seed42.log - INFO - Round 50 | Global 0.5848 | Head 0.8093 | Middle 0.5907 | Tail 0.3523 | Class-9 0.1700 | best_class9 0.3510@43
2026-08-29 22:35:26,667 - hc_cifar10_class9_h4_IF100_alpha0p5_seed42.log - INFO - Round 51 selected clients: [0, 1, 9, 11, 13, 16, 17, 19] | target exposure=0 samples=0 mass=0.000000 empirical_P=0.960784 theory_P=0.897833
2026-08-29 22:35:41,526 - hc_cifar10_class9_h4_IF100_alpha0p5_seed42.log - INFO - Round 51 | Global 0.5533 | Head 0.7887 | Middle 0.5717 | Tail 0.2933 | Class-9 0.0040 | best_class9 0.3510@43
2026-08-29 22:35:41,528 - hc_cifar10_class9_h4_IF100_alpha0p5_seed42.log - INFO - Round 52 selected clients: [0, 3, 6, 8, 12, 15, 17, 19] | target exposure=1 samples=25 mass=0.005048 empirical_P=0.961538 theory_P=0.897833
2026-08-29 22:35:56,155 - hc_cifar10_class9_h4_IF100_alpha0p5_seed42.log - INFO - Round 52 | Global 0.5848 | Head 0.7550 | Middle 0.6140 | Tail 0.3757 | Class-9 0.1760 | best_class9 0.3510@43
2026-08-29 22:35:56,155 - hc_cifar10_class9_h4_IF100_alpha0p5_seed42.log - INFO - Round 53 selected clients: [1, 6, 7, 8, 9, 11, 12, 15] | target exposure=1 samples=37 mass=0.007425 empirical_P=0.962264 theory_P=0.897833
2026-08-29 22:36:10,875 - hc_cifar10_class9_h4_IF100_alpha0p5_seed42.log - INFO - Round 53 | Global 0.5766 | Head 0.7683 | Middle 0.5990 | Tail 0.3550 | Class-9 0.2800 | best_class9 0.3510@43
2026-08-29 22:36:10,875 - hc_cifar10_class9_h4_IF100_alpha0p5_seed42.log - INFO - Round 54 selected clients: [3, 9, 11, 12, 13, 14, 16, 18] | target exposure=1 samples=12 mass=0.002428 empirical_P=0.962963 theory_P=0.897833
2026-08-29 22:36:25,548 - hc_cifar10_class9_h4_IF100_alpha0p5_seed42.log - INFO - Round 54 | Global 0.5681 | Head 0.8023 | Middle 0.6008 | Tail 0.2903 | Class-9 0.0370 | best_class9 0.3510@43
2026-08-29 22:36:25,548 - hc_cifar10_class9_h4_IF100_alpha0p5_seed42.log - INFO - Round 55 selected clients: [3, 6, 9, 13, 14, 16, 17, 19] | target exposure=1 samples=13 mass=0.002632 empirical_P=0.963636 theory_P=0.897833
2026-08-29 22:36:40,271 - hc_cifar10_class9_h4_IF100_alpha0p5_seed42.log - INFO - Round 55 | Global 0.5909 | Head 0.8123 | Middle 0.5793 | Tail 0.3850 | Class-9 0.0750 | best_class9 0.3510@43
2026-08-29 22:36:40,271 - hc_cifar10_class9_h4_IF100_alpha0p5_seed42.log - INFO - Round 56 selected clients: [0, 4, 5, 10, 14, 15, 17, 19] | target exposure=1 samples=13 mass=0.002622 empirical_P=0.964286 theory_P=0.897833
2026-08-29 22:36:55,091 - hc_cifar10_class9_h4_IF100_alpha0p5_seed42.log - INFO - Round 56 | Global 0.5698 | Head 0.7807 | Middle 0.6178 | Tail 0.2950 | Class-9 0.0850 | best_class9 0.3510@43
2026-08-29 22:36:55,091 - hc_cifar10_class9_h4_IF100_alpha0p5_seed42.log - INFO - Round 57 selected clients: [0, 3, 4, 8, 9, 10, 15, 18] | target exposure=1 samples=13 mass=0.002632 empirical_P=0.964912 theory_P=0.897833
2026-08-29 22:37:09,629 - hc_cifar10_class9_h4_IF100_alpha0p5_seed42.log - INFO - Round 57 | Global 0.5695 | Head 0.7957 | Middle 0.6105 | Tail 0.2887 | Class-9 0.0860 | best_class9 0.3510@43
2026-08-29 22:37:09,629 - hc_cifar10_class9_h4_IF100_alpha0p5_seed42.log - INFO - Round 58 selected clients: [2, 7, 8, 11, 12, 13, 14, 15] | target exposure=1 samples=24 mass=0.004821 empirical_P=0.965517 theory_P=0.897833
2026-08-29 22:37:24,411 - hc_cifar10_class9_h4_IF100_alpha0p5_seed42.log - INFO - Round 58 | Global 0.5707 | Head 0.7877 | Middle 0.6302 | Tail 0.2743 | Class-9 0.1380 | best_class9 0.3510@43
2026-08-29 22:37:24,411 - hc_cifar10_class9_h4_IF100_alpha0p5_seed42.log - INFO - Round 59 selected clients: [0, 5, 6, 8, 13, 15, 16, 17] | target exposure=1 samples=13 mass=0.002618 empirical_P=0.966102 theory_P=0.897833
2026-08-29 22:37:39,192 - hc_cifar10_class9_h4_IF100_alpha0p5_seed42.log - INFO - Round 59 | Global 0.5796 | Head 0.8143 | Middle 0.6052 | Tail 0.3107 | Class-9 0.0920 | best_class9 0.3510@43
2026-08-29 22:37:39,192 - hc_cifar10_class9_h4_IF100_alpha0p5_seed42.log - INFO - Round 60 selected clients: [0, 2, 3, 4, 8, 11, 13, 15] | target exposure=1 samples=13 mass=0.002624 empirical_P=0.966667 theory_P=0.897833
2026-08-29 22:37:53,808 - hc_cifar10_class9_h4_IF100_alpha0p5_seed42.log - INFO - Round 60 | Global 0.5708 | Head 0.7890 | Middle 0.6300 | Tail 0.2737 | Class-9 0.1050 | best_class9 0.3510@43
2026-08-29 22:37:53,819 - hc_cifar10_class9_h4_IF100_alpha0p5_seed42.log - INFO - Round 61 selected clients: [0, 1, 3, 6, 10, 13, 15, 19] | target exposure=1 samples=13 mass=0.002631 empirical_P=0.967213 theory_P=0.897833
2026-08-29 22:38:08,571 - hc_cifar10_class9_h4_IF100_alpha0p5_seed42.log - INFO - Round 61 | Global 0.5623 | Head 0.8267 | Middle 0.5690 | Tail 0.2890 | Class-9 0.0570 | best_class9 0.3510@43
2026-08-29 22:38:08,571 - hc_cifar10_class9_h4_IF100_alpha0p5_seed42.log - INFO - Round 62 selected clients: [1, 2, 5, 6, 10, 12, 17, 18] | target exposure=1 samples=25 mass=0.005023 empirical_P=0.967742 theory_P=0.897833
2026-08-29 22:38:23,337 - hc_cifar10_class9_h4_IF100_alpha0p5_seed42.log - INFO - Round 62 | Global 0.6136 | Head 0.7490 | Middle 0.6365 | Tail 0.4477 | Class-9 0.1740 | best_class9 0.3510@43
2026-08-29 22:38:23,339 - hc_cifar10_class9_h4_IF100_alpha0p5_seed42.log - INFO - Round 63 selected clients: [3, 4, 7, 8, 9, 11, 13, 16] | target exposure=1 samples=25 mass=0.005035 empirical_P=0.968254 theory_P=0.897833
2026-08-29 22:38:37,893 - hc_cifar10_class9_h4_IF100_alpha0p5_seed42.log - INFO - Round 63 | Global 0.5913 | Head 0.8040 | Middle 0.6218 | Tail 0.3380 | Class-9 0.1730 | best_class9 0.3510@43
2026-08-29 22:38:37,904 - hc_cifar10_class9_h4_IF100_alpha0p5_seed42.log - INFO - Round 64 selected clients: [1, 2, 4, 9, 11, 12, 13, 18] | target exposure=1 samples=25 mass=0.005026 empirical_P=0.968750 theory_P=0.897833
2026-08-29 22:38:52,654 - hc_cifar10_class9_h4_IF100_alpha0p5_seed42.log - INFO - Round 64 | Global 0.5856 | Head 0.7930 | Middle 0.6188 | Tail 0.3340 | Class-9 0.1650 | best_class9 0.3510@43
2026-08-29 22:38:52,654 - hc_cifar10_class9_h4_IF100_alpha0p5_seed42.log - INFO - Round 65 selected clients: [3, 4, 6, 8, 9, 11, 17, 19] | target exposure=1 samples=26 mass=0.005248 empirical_P=0.969231 theory_P=0.897833
2026-08-29 22:39:07,412 - hc_cifar10_class9_h4_IF100_alpha0p5_seed42.log - INFO - Round 65 | Global 0.6082 | Head 0.7693 | Middle 0.6380 | Tail 0.4073 | Class-9 0.2320 | best_class9 0.3510@43
2026-08-29 22:39:07,412 - hc_cifar10_class9_h4_IF100_alpha0p5_seed42.log - INFO - Round 66 selected clients: [3, 4, 5, 7, 8, 12, 15, 16] | target exposure=1 samples=37 mass=0.007436 empirical_P=0.969697 theory_P=0.897833
2026-08-29 22:39:22,469 - hc_cifar10_class9_h4_IF100_alpha0p5_seed42.log - INFO - Round 66 | Global 0.6088 | Head 0.8057 | Middle 0.6250 | Tail 0.3903 | Class-9 0.3340 | best_class9 0.3510@43
2026-08-29 22:39:22,479 - hc_cifar10_class9_h4_IF100_alpha0p5_seed42.log - INFO - Round 67 selected clients: [3, 5, 6, 8, 10, 13, 17, 18] | target exposure=1 samples=13 mass=0.002627 empirical_P=0.970149 theory_P=0.897833
2026-08-29 22:39:39,006 - hc_cifar10_class9_h4_IF100_alpha0p5_seed42.log - INFO - Round 67 | Global 0.6176 | Head 0.7530 | Middle 0.6458 | Tail 0.4447 | Class-9 0.2310 | best_class9 0.3510@43
2026-08-29 22:39:39,006 - hc_cifar10_class9_h4_IF100_alpha0p5_seed42.log - INFO - Round 68 selected clients: [1, 5, 7, 8, 11, 12, 18, 19] | target exposure=1 samples=24 mass=0.004832 empirical_P=0.970588 theory_P=0.897833
2026-08-29 22:39:56,012 - hc_cifar10_class9_h4_IF100_alpha0p5_seed42.log - INFO - Round 68 | Global 0.5884 | Head 0.7467 | Middle 0.5935 | Tail 0.4233 | Class-9 0.2000 | best_class9 0.3510@43
2026-08-29 22:39:56,012 - hc_cifar10_class9_h4_IF100_alpha0p5_seed42.log - INFO - Round 69 selected clients: [0, 7, 8, 12, 13, 15, 16, 17] | target exposure=1 samples=24 mass=0.004821 empirical_P=0.971014 theory_P=0.897833
2026-08-29 22:40:12,986 - hc_cifar10_class9_h4_IF100_alpha0p5_seed42.log - INFO - Round 69 | Global 0.5958 | Head 0.8243 | Middle 0.5927 | Tail 0.3713 | Class-9 0.1840 | best_class9 0.3510@43
2026-08-29 22:40:12,986 - hc_cifar10_class9_h4_IF100_alpha0p5_seed42.log - INFO - Round 70 selected clients: [3, 4, 5, 10, 12, 15, 17, 19] | target exposure=1 samples=25 mass=0.005046 empirical_P=0.971429 theory_P=0.897833
2026-08-29 22:40:29,881 - hc_cifar10_class9_h4_IF100_alpha0p5_seed42.log - INFO - Round 70 | Global 0.6045 | Head 0.7610 | Middle 0.6402 | Tail 0.4003 | Class-9 0.3100 | best_class9 0.3510@43
2026-08-29 22:40:29,903 - hc_cifar10_class9_h4_IF100_alpha0p5_seed42.log - INFO - Round 71 selected clients: [0, 2, 6, 7, 11, 13, 16, 19] | target exposure=1 samples=25 mass=0.005025 empirical_P=0.971831 theory_P=0.897833
2026-08-29 22:40:46,680 - hc_cifar10_class9_h4_IF100_alpha0p5_seed42.log - INFO - Round 71 | Global 0.6324 | Head 0.7720 | Middle 0.6412 | Tail 0.4810 | Class-9 0.3790 | best_class9 0.3790@71
2026-08-29 22:40:46,680 - hc_cifar10_class9_h4_IF100_alpha0p5_seed42.log - INFO - Round 72 selected clients: [2, 3, 10, 13, 15, 16, 17, 18] | target exposure=0 samples=0 mass=0.000000 empirical_P=0.958333 theory_P=0.897833
2026-08-29 22:41:03,499 - hc_cifar10_class9_h4_IF100_alpha0p5_seed42.log - INFO - Round 72 | Global 0.6191 | Head 0.7887 | Middle 0.6318 | Tail 0.4327 | Class-9 0.1310 | best_class9 0.3790@71
2026-08-29 22:41:03,499 - hc_cifar10_class9_h4_IF100_alpha0p5_seed42.log - INFO - Round 73 selected clients: [1, 4, 5, 8, 9, 11, 12, 13] | target exposure=1 samples=25 mass=0.005019 empirical_P=0.958904 theory_P=0.897833
2026-08-29 22:41:20,287 - hc_cifar10_class9_h4_IF100_alpha0p5_seed42.log - INFO - Round 73 | Global 0.6028 | Head 0.8090 | Middle 0.6265 | Tail 0.3650 | Class-9 0.2450 | best_class9 0.3790@71
2026-08-29 22:41:20,287 - hc_cifar10_class9_h4_IF100_alpha0p5_seed42.log - INFO - Round 74 selected clients: [4, 5, 6, 7, 9, 15, 17, 19] | target exposure=1 samples=38 mass=0.007640 empirical_P=0.959459 theory_P=0.897833
2026-08-29 22:41:36,875 - hc_cifar10_class9_h4_IF100_alpha0p5_seed42.log - INFO - Round 74 | Global 0.6449 | Head 0.7810 | Middle 0.6335 | Tail 0.5240 | Class-9 0.4270 | best_class9 0.4270@74
2026-08-29 22:41:36,886 - hc_cifar10_class9_h4_IF100_alpha0p5_seed42.log - INFO - Round 75 selected clients: [0, 3, 8, 12, 16, 17, 18, 19] | target exposure=1 samples=12 mass=0.002429 empirical_P=0.960000 theory_P=0.897833
2026-08-29 22:41:53,481 - hc_cifar10_class9_h4_IF100_alpha0p5_seed42.log - INFO - Round 75 | Global 0.6168 | Head 0.8197 | Middle 0.5962 | Tail 0.4413 | Class-9 0.1670 | best_class9 0.4270@74
2026-08-29 22:41:53,481 - hc_cifar10_class9_h4_IF100_alpha0p5_seed42.log - INFO - Round 76 selected clients: [1, 3, 5, 8, 10, 12, 15, 18] | target exposure=1 samples=12 mass=0.002428 empirical_P=0.960526 theory_P=0.897833
2026-08-29 22:42:10,106 - hc_cifar10_class9_h4_IF100_alpha0p5_seed42.log - INFO - Round 76 | Global 0.6220 | Head 0.7940 | Middle 0.6368 | Tail 0.4303 | Class-9 0.2100 | best_class9 0.4270@74
2026-08-29 22:42:10,106 - hc_cifar10_class9_h4_IF100_alpha0p5_seed42.log - INFO - Round 77 selected clients: [1, 2, 3, 7, 10, 11, 17, 18] | target exposure=1 samples=12 mass=0.002424 empirical_P=0.961039 theory_P=0.897833
2026-08-29 22:42:27,007 - hc_cifar10_class9_h4_IF100_alpha0p5_seed42.log - INFO - Round 77 | Global 0.6028 | Head 0.7680 | Middle 0.6258 | Tail 0.4070 | Class-9 0.1580 | best_class9 0.4270@74
2026-08-29 22:42:27,007 - hc_cifar10_class9_h4_IF100_alpha0p5_seed42.log - INFO - Round 78 selected clients: [3, 4, 5, 8, 11, 12, 13, 14] | target exposure=1 samples=25 mass=0.005029 empirical_P=0.961538 theory_P=0.897833
2026-08-29 22:42:43,697 - hc_cifar10_class9_h4_IF100_alpha0p5_seed42.log - INFO - Round 78 | Global 0.6039 | Head 0.8040 | Middle 0.6342 | Tail 0.3633 | Class-9 0.2160 | best_class9 0.4270@74
2026-08-29 22:42:43,697 - hc_cifar10_class9_h4_IF100_alpha0p5_seed42.log - INFO - Round 79 selected clients: [2, 4, 9, 10, 13, 15, 17, 18] | target exposure=1 samples=13 mass=0.002624 empirical_P=0.962025 theory_P=0.897833
2026-08-29 22:43:00,673 - hc_cifar10_class9_h4_IF100_alpha0p5_seed42.log - INFO - Round 79 | Global 0.6127 | Head 0.8223 | Middle 0.6260 | Tail 0.3853 | Class-9 0.1450 | best_class9 0.4270@74
2026-08-29 22:43:00,673 - hc_cifar10_class9_h4_IF100_alpha0p5_seed42.log - INFO - Round 80 selected clients: [5, 7, 8, 11, 13, 14, 15, 18] | target exposure=1 samples=12 mass=0.002421 empirical_P=0.962500 theory_P=0.897833
2026-08-29 22:43:17,445 - hc_cifar10_class9_h4_IF100_alpha0p5_seed42.log - INFO - Round 80 | Global 0.6005 | Head 0.7863 | Middle 0.6405 | Tail 0.3613 | Class-9 0.1500 | best_class9 0.4270@74
2026-08-29 22:43:17,455 - hc_cifar10_class9_h4_IF100_alpha0p5_seed42.log - INFO - Round 81 selected clients: [5, 8, 9, 10, 14, 15, 17, 19] | target exposure=0 samples=0 mass=0.000000 empirical_P=0.950617 theory_P=0.897833
2026-08-29 22:43:34,259 - hc_cifar10_class9_h4_IF100_alpha0p5_seed42.log - INFO - Round 81 | Global 0.5988 | Head 0.7393 | Middle 0.6355 | Tail 0.4093 | Class-9 0.1790 | best_class9 0.4270@74
2026-08-29 22:43:34,259 - hc_cifar10_class9_h4_IF100_alpha0p5_seed42.log - INFO - Round 82 selected clients: [0, 2, 9, 12, 13, 15, 16, 19] | target exposure=1 samples=12 mass=0.002424 empirical_P=0.951220 theory_P=0.897833
2026-08-29 22:43:51,058 - hc_cifar10_class9_h4_IF100_alpha0p5_seed42.log - INFO - Round 82 | Global 0.6154 | Head 0.7597 | Middle 0.6508 | Tail 0.4240 | Class-9 0.1510 | best_class9 0.4270@74
2026-08-29 22:43:51,068 - hc_cifar10_class9_h4_IF100_alpha0p5_seed42.log - INFO - Round 83 selected clients: [3, 4, 5, 6, 7, 11, 14, 15] | target exposure=1 samples=38 mass=0.007638 empirical_P=0.951807 theory_P=0.897833
2026-08-29 22:44:06,067 - hc_cifar10_class9_h4_IF100_alpha0p5_seed42.log - INFO - Round 83 | Global 0.6352 | Head 0.8020 | Middle 0.6420 | Tail 0.4593 | Class-9 0.3600 | best_class9 0.4270@74
2026-08-29 22:44:06,067 - hc_cifar10_class9_h4_IF100_alpha0p5_seed42.log - INFO - Round 84 selected clients: [3, 4, 5, 6, 13, 14, 15, 18] | target exposure=1 samples=26 mass=0.005247 empirical_P=0.952381 theory_P=0.897833
2026-08-29 22:44:20,624 - hc_cifar10_class9_h4_IF100_alpha0p5_seed42.log - INFO - Round 84 | Global 0.6282 | Head 0.7797 | Middle 0.6422 | Tail 0.4580 | Class-9 0.2500 | best_class9 0.4270@74
2026-08-29 22:44:20,624 - hc_cifar10_class9_h4_IF100_alpha0p5_seed42.log - INFO - Round 85 selected clients: [0, 5, 6, 9, 12, 15, 16, 18] | target exposure=1 samples=25 mass=0.005037 empirical_P=0.952941 theory_P=0.897833
2026-08-29 22:44:35,260 - hc_cifar10_class9_h4_IF100_alpha0p5_seed42.log - INFO - Round 85 | Global 0.6418 | Head 0.7893 | Middle 0.6418 | Tail 0.4943 | Class-9 0.2360 | best_class9 0.4270@74
2026-08-29 22:44:35,270 - hc_cifar10_class9_h4_IF100_alpha0p5_seed42.log - INFO - Round 86 selected clients: [0, 2, 3, 6, 8, 11, 13, 16] | target exposure=1 samples=13 mass=0.002622 empirical_P=0.953488 theory_P=0.897833
2026-08-29 22:44:49,866 - hc_cifar10_class9_h4_IF100_alpha0p5_seed42.log - INFO - Round 86 | Global 0.6324 | Head 0.8040 | Middle 0.6452 | Tail 0.4437 | Class-9 0.2050 | best_class9 0.4270@74
2026-08-29 22:44:49,876 - hc_cifar10_class9_h4_IF100_alpha0p5_seed42.log - INFO - Round 87 selected clients: [3, 4, 6, 8, 9, 11, 13, 15] | target exposure=1 samples=26 mass=0.005245 empirical_P=0.954023 theory_P=0.897833
2026-08-29 22:45:04,395 - hc_cifar10_class9_h4_IF100_alpha0p5_seed42.log - INFO - Round 87 | Global 0.6308 | Head 0.8060 | Middle 0.6538 | Tail 0.4250 | Class-9 0.3160 | best_class9 0.4270@74
2026-08-29 22:45:04,395 - hc_cifar10_class9_h4_IF100_alpha0p5_seed42.log - INFO - Round 88 selected clients: [0, 1, 2, 7, 13, 15, 16, 18] | target exposure=1 samples=12 mass=0.002419 empirical_P=0.954545 theory_P=0.897833
2026-08-29 22:45:18,969 - hc_cifar10_class9_h4_IF100_alpha0p5_seed42.log - INFO - Round 88 | Global 0.6121 | Head 0.8043 | Middle 0.6162 | Tail 0.4143 | Class-9 0.1860 | best_class9 0.4270@74
2026-08-29 22:45:18,969 - hc_cifar10_class9_h4_IF100_alpha0p5_seed42.log - INFO - Round 89 selected clients: [2, 4, 5, 7, 9, 10, 15, 18] | target exposure=1 samples=25 mass=0.005034 empirical_P=0.955056 theory_P=0.897833
2026-08-29 22:45:33,667 - hc_cifar10_class9_h4_IF100_alpha0p5_seed42.log - INFO - Round 89 | Global 0.6336 | Head 0.7543 | Middle 0.6398 | Tail 0.5047 | Class-9 0.3810 | best_class9 0.4270@74
2026-08-29 22:45:33,667 - hc_cifar10_class9_h4_IF100_alpha0p5_seed42.log - INFO - Round 90 selected clients: [0, 2, 7, 10, 12, 14, 17, 19] | target exposure=1 samples=24 mass=0.004823 empirical_P=0.955556 theory_P=0.897833
2026-08-29 22:45:48,321 - hc_cifar10_class9_h4_IF100_alpha0p5_seed42.log - INFO - Round 90 | Global 0.6534 | Head 0.7950 | Middle 0.6420 | Tail 0.5270 | Class-9 0.4030 | best_class9 0.4270@74
2026-08-29 22:45:48,331 - hc_cifar10_class9_h4_IF100_alpha0p5_seed42.log - INFO - Round 91 selected clients: [1, 4, 5, 6, 7, 8, 17, 18] | target exposure=1 samples=38 mass=0.007615 empirical_P=0.956044 theory_P=0.897833
2026-08-29 22:46:03,200 - hc_cifar10_class9_h4_IF100_alpha0p5_seed42.log - INFO - Round 91 | Global 0.6524 | Head 0.7800 | Middle 0.6412 | Tail 0.5397 | Class-9 0.4260 | best_class9 0.4270@74
2026-08-29 22:46:03,200 - hc_cifar10_class9_h4_IF100_alpha0p5_seed42.log - INFO - Round 92 selected clients: [4, 5, 7, 9, 11, 15, 17, 19] | target exposure=1 samples=25 mass=0.005037 empirical_P=0.956522 theory_P=0.897833
2026-08-29 22:46:17,919 - hc_cifar10_class9_h4_IF100_alpha0p5_seed42.log - INFO - Round 92 | Global 0.6484 | Head 0.8003 | Middle 0.6450 | Tail 0.5010 | Class-9 0.3760 | best_class9 0.4270@74
2026-08-29 22:46:17,919 - hc_cifar10_class9_h4_IF100_alpha0p5_seed42.log - INFO - Round 93 selected clients: [0, 1, 6, 8, 9, 15, 17, 18] | target exposure=1 samples=13 mass=0.002625 empirical_P=0.956989 theory_P=0.897833
2026-08-29 22:46:32,644 - hc_cifar10_class9_h4_IF100_alpha0p5_seed42.log - INFO - Round 93 | Global 0.6240 | Head 0.7377 | Middle 0.6378 | Tail 0.4920 | Class-9 0.1880 | best_class9 0.4270@74
2026-08-29 22:46:32,644 - hc_cifar10_class9_h4_IF100_alpha0p5_seed42.log - INFO - Round 94 selected clients: [3, 4, 6, 9, 10, 16, 18, 19] | target exposure=1 samples=26 mass=0.005257 empirical_P=0.957447 theory_P=0.897833
2026-08-29 22:46:47,164 - hc_cifar10_class9_h4_IF100_alpha0p5_seed42.log - INFO - Round 94 | Global 0.6341 | Head 0.7773 | Middle 0.6518 | Tail 0.4673 | Class-9 0.1980 | best_class9 0.4270@74
2026-08-29 22:46:47,164 - hc_cifar10_class9_h4_IF100_alpha0p5_seed42.log - INFO - Round 95 selected clients: [1, 4, 5, 7, 9, 12, 16, 17] | target exposure=1 samples=37 mass=0.007410 empirical_P=0.957895 theory_P=0.897833
2026-08-29 22:47:01,780 - hc_cifar10_class9_h4_IF100_alpha0p5_seed42.log - INFO - Round 95 | Global 0.6616 | Head 0.8057 | Middle 0.6398 | Tail 0.5467 | Class-9 0.4650 | best_class9 0.4650@95
2026-08-29 22:47:01,780 - hc_cifar10_class9_h4_IF100_alpha0p5_seed42.log - INFO - Round 96 selected clients: [2, 3, 6, 9, 11, 14, 15, 17] | target exposure=1 samples=13 mass=0.002629 empirical_P=0.958333 theory_P=0.897833
2026-08-29 22:47:16,454 - hc_cifar10_class9_h4_IF100_alpha0p5_seed42.log - INFO - Round 96 | Global 0.6391 | Head 0.7900 | Middle 0.6603 | Tail 0.4600 | Class-9 0.2340 | best_class9 0.4650@95
2026-08-29 22:47:16,454 - hc_cifar10_class9_h4_IF100_alpha0p5_seed42.log - INFO - Round 97 selected clients: [1, 2, 4, 6, 9, 10, 12, 19] | target exposure=1 samples=38 mass=0.007626 empirical_P=0.958763 theory_P=0.897833
2026-08-29 22:47:31,108 - hc_cifar10_class9_h4_IF100_alpha0p5_seed42.log - INFO - Round 97 | Global 0.6627 | Head 0.7930 | Middle 0.6518 | Tail 0.5470 | Class-9 0.4060 | best_class9 0.4650@95
2026-08-29 22:47:31,108 - hc_cifar10_class9_h4_IF100_alpha0p5_seed42.log - INFO - Round 98 selected clients: [2, 4, 7, 10, 14, 15, 17, 19] | target exposure=1 samples=25 mass=0.005030 empirical_P=0.959184 theory_P=0.897833
2026-08-29 22:47:45,796 - hc_cifar10_class9_h4_IF100_alpha0p5_seed42.log - INFO - Round 98 | Global 0.6472 | Head 0.8047 | Middle 0.6362 | Tail 0.5043 | Class-9 0.3700 | best_class9 0.4650@95
2026-08-29 22:47:45,796 - hc_cifar10_class9_h4_IF100_alpha0p5_seed42.log - INFO - Round 99 selected clients: [0, 3, 4, 9, 13, 14, 16, 19] | target exposure=1 samples=13 mass=0.002629 empirical_P=0.959596 theory_P=0.897833
2026-08-29 22:48:00,398 - hc_cifar10_class9_h4_IF100_alpha0p5_seed42.log - INFO - Round 99 | Global 0.6138 | Head 0.8447 | Middle 0.5670 | Tail 0.4453 | Class-9 0.2210 | best_class9 0.4650@95
2026-08-29 22:48:00,398 - hc_cifar10_class9_h4_IF100_alpha0p5_seed42.log - INFO - Round 100 selected clients: [0, 4, 6, 7, 10, 11, 12, 17] | target exposure=1 samples=50 mass=0.009980 empirical_P=0.960000 theory_P=0.897833
2026-08-29 22:48:16,263 - hc_cifar10_class9_h4_IF100_alpha0p5_seed42.log - INFO - Round 100 | Global 0.6555 | Head 0.8123 | Middle 0.6282 | Tail 0.5350 | Class-9 0.5560 | best_class9 0.5560@100
2026-08-29 22:48:16,280 - hc_cifar10_class9_h4_IF100_alpha0p5_seed42.log - INFO - Round 101 selected clients: [0, 8, 9, 10, 11, 14, 15, 17] | target exposure=0 samples=0 mass=0.000000 empirical_P=0.950495 theory_P=0.897833
2026-08-29 22:48:33,057 - hc_cifar10_class9_h4_IF100_alpha0p5_seed42.log - INFO - Round 101 | Global 0.6074 | Head 0.8110 | Middle 0.6150 | Tail 0.3937 | Class-9 0.2100 | best_class9 0.5560@100
2026-08-29 22:48:33,057 - hc_cifar10_class9_h4_IF100_alpha0p5_seed42.log - INFO - Round 102 selected clients: [1, 5, 8, 10, 12, 13, 16, 17] | target exposure=1 samples=12 mass=0.002413 empirical_P=0.950980 theory_P=0.897833
2026-08-29 22:48:49,702 - hc_cifar10_class9_h4_IF100_alpha0p5_seed42.log - INFO - Round 102 | Global 0.6288 | Head 0.8367 | Middle 0.6322 | Tail 0.4163 | Class-9 0.2640 | best_class9 0.5560@100
2026-08-29 22:48:49,702 - hc_cifar10_class9_h4_IF100_alpha0p5_seed42.log - INFO - Round 103 selected clients: [0, 4, 7, 9, 10, 11, 12, 19] | target exposure=1 samples=37 mass=0.007425 empirical_P=0.951456 theory_P=0.897833
2026-08-29 22:49:06,725 - hc_cifar10_class9_h4_IF100_alpha0p5_seed42.log - INFO - Round 103 | Global 0.6343 | Head 0.8240 | Middle 0.6288 | Tail 0.4520 | Class-9 0.4400 | best_class9 0.5560@100
2026-08-29 22:49:06,725 - hc_cifar10_class9_h4_IF100_alpha0p5_seed42.log - INFO - Round 104 selected clients: [4, 5, 8, 10, 12, 13, 15, 16] | target exposure=1 samples=25 mass=0.005021 empirical_P=0.951923 theory_P=0.897833
2026-08-29 22:49:23,579 - hc_cifar10_class9_h4_IF100_alpha0p5_seed42.log - INFO - Round 104 | Global 0.6210 | Head 0.8340 | Middle 0.6338 | Tail 0.3910 | Class-9 0.3450 | best_class9 0.5560@100
2026-08-29 22:49:23,579 - hc_cifar10_class9_h4_IF100_alpha0p5_seed42.log - INFO - Round 105 selected clients: [3, 4, 7, 9, 12, 15, 18, 19] | target exposure=1 samples=37 mass=0.007472 empirical_P=0.952381 theory_P=0.897833
2026-08-29 22:49:40,775 - hc_cifar10_class9_h4_IF100_alpha0p5_seed42.log - INFO - Round 105 | Global 0.6373 | Head 0.7720 | Middle 0.6470 | Tail 0.4897 | Class-9 0.3230 | best_class9 0.5560@100
2026-08-29 22:49:40,775 - hc_cifar10_class9_h4_IF100_alpha0p5_seed42.log - INFO - Round 106 selected clients: [1, 3, 6, 7, 11, 15, 16, 18] | target exposure=1 samples=25 mass=0.005046 empirical_P=0.952830 theory_P=0.897833
2026-08-29 22:49:57,418 - hc_cifar10_class9_h4_IF100_alpha0p5_seed42.log - INFO - Round 106 | Global 0.6602 | Head 0.7997 | Middle 0.6495 | Tail 0.5350 | Class-9 0.3730 | best_class9 0.5560@100
2026-08-29 22:49:57,418 - hc_cifar10_class9_h4_IF100_alpha0p5_seed42.log - INFO - Round 107 selected clients: [1, 2, 6, 8, 9, 12, 17, 19] | target exposure=1 samples=25 mass=0.005031 empirical_P=0.953271 theory_P=0.897833
2026-08-29 22:50:14,286 - hc_cifar10_class9_h4_IF100_alpha0p5_seed42.log - INFO - Round 107 | Global 0.6591 | Head 0.7987 | Middle 0.6607 | Tail 0.5173 | Class-9 0.3080 | best_class9 0.5560@100
2026-08-29 22:50:14,286 - hc_cifar10_class9_h4_IF100_alpha0p5_seed42.log - INFO - Round 108 selected clients: [1, 6, 7, 8, 11, 13, 14, 17] | target exposure=1 samples=25 mass=0.005016 empirical_P=0.953704 theory_P=0.897833
2026-08-29 22:50:31,196 - hc_cifar10_class9_h4_IF100_alpha0p5_seed42.log - INFO - Round 108 | Global 0.6428 | Head 0.8183 | Middle 0.6328 | Tail 0.4807 | Class-9 0.3410 | best_class9 0.5560@100
2026-08-29 22:50:31,196 - hc_cifar10_class9_h4_IF100_alpha0p5_seed42.log - INFO - Round 109 selected clients: [0, 2, 4, 7, 8, 9, 12, 16] | target exposure=1 samples=37 mass=0.007409 empirical_P=0.954128 theory_P=0.897833
2026-08-29 22:50:48,112 - hc_cifar10_class9_h4_IF100_alpha0p5_seed42.log - INFO - Round 109 | Global 0.6638 | Head 0.7887 | Middle 0.6567 | Tail 0.5483 | Class-9 0.5170 | best_class9 0.5560@100
2026-08-29 22:50:48,112 - hc_cifar10_class9_h4_IF100_alpha0p5_seed42.log - INFO - Round 110 selected clients: [2, 3, 7, 8, 12, 16, 18, 19] | target exposure=1 samples=24 mass=0.004847 empirical_P=0.954545 theory_P=0.897833
2026-08-29 22:51:05,002 - hc_cifar10_class9_h4_IF100_alpha0p5_seed42.log - INFO - Round 110 | Global 0.6574 | Head 0.7810 | Middle 0.6663 | Tail 0.5220 | Class-9 0.3150 | best_class9 0.5560@100
2026-08-29 22:51:05,014 - hc_cifar10_class9_h4_IF100_alpha0p5_seed42.log - INFO - Round 111 selected clients: [5, 6, 7, 10, 11, 15, 16, 18] | target exposure=1 samples=25 mass=0.005032 empirical_P=0.954955 theory_P=0.897833
2026-08-29 22:51:21,734 - hc_cifar10_class9_h4_IF100_alpha0p5_seed42.log - INFO - Round 111 | Global 0.6678 | Head 0.7687 | Middle 0.6730 | Tail 0.5600 | Class-9 0.4650 | best_class9 0.5560@100
2026-08-29 22:51:21,734 - hc_cifar10_class9_h4_IF100_alpha0p5_seed42.log - INFO - Round 112 selected clients: [0, 4, 6, 7, 9, 13, 15, 16] | target exposure=1 samples=38 mass=0.007623 empirical_P=0.955357 theory_P=0.897833
2026-08-29 22:51:38,622 - hc_cifar10_class9_h4_IF100_alpha0p5_seed42.log - INFO - Round 112 | Global 0.6505 | Head 0.8233 | Middle 0.6332 | Tail 0.5007 | Class-9 0.3990 | best_class9 0.5560@100
2026-08-29 22:51:38,622 - hc_cifar10_class9_h4_IF100_alpha0p5_seed42.log - INFO - Round 113 selected clients: [1, 3, 5, 7, 13, 15, 18, 19] | target exposure=1 samples=12 mass=0.002433 empirical_P=0.955752 theory_P=0.897833
2026-08-29 22:51:55,259 - hc_cifar10_class9_h4_IF100_alpha0p5_seed42.log - INFO - Round 113 | Global 0.6530 | Head 0.8100 | Middle 0.6325 | Tail 0.5233 | Class-9 0.3400 | best_class9 0.5560@100
2026-08-29 22:51:55,259 - hc_cifar10_class9_h4_IF100_alpha0p5_seed42.log - INFO - Round 114 selected clients: [0, 3, 6, 12, 15, 17, 18, 19] | target exposure=1 samples=25 mass=0.005057 empirical_P=0.956140 theory_P=0.897833
2026-08-29 22:52:11,885 - hc_cifar10_class9_h4_IF100_alpha0p5_seed42.log - INFO - Round 114 | Global 0.6569 | Head 0.7507 | Middle 0.6790 | Tail 0.5337 | Class-9 0.3310 | best_class9 0.5560@100
2026-08-29 22:52:11,885 - hc_cifar10_class9_h4_IF100_alpha0p5_seed42.log - INFO - Round 115 selected clients: [0, 2, 7, 8, 9, 12, 13, 16] | target exposure=1 samples=24 mass=0.004819 empirical_P=0.956522 theory_P=0.897833
2026-08-29 22:52:28,705 - hc_cifar10_class9_h4_IF100_alpha0p5_seed42.log - INFO - Round 115 | Global 0.6573 | Head 0.8223 | Middle 0.6492 | Tail 0.5030 | Class-9 0.3330 | best_class9 0.5560@100
2026-08-29 22:52:28,705 - hc_cifar10_class9_h4_IF100_alpha0p5_seed42.log - INFO - Round 116 selected clients: [0, 6, 7, 8, 9, 11, 12, 19] | target exposure=1 samples=37 mass=0.007430 empirical_P=0.956897 theory_P=0.897833
2026-08-29 22:52:44,722 - hc_cifar10_class9_h4_IF100_alpha0p5_seed42.log - INFO - Round 116 | Global 0.6625 | Head 0.7853 | Middle 0.6663 | Tail 0.5347 | Class-9 0.4390 | best_class9 0.5560@100
2026-08-29 22:52:44,722 - hc_cifar10_class9_h4_IF100_alpha0p5_seed42.log - INFO - Round 117 selected clients: [4, 5, 6, 10, 11, 12, 18, 19] | target exposure=1 samples=38 mass=0.007632 empirical_P=0.957265 theory_P=0.897833
2026-08-29 22:52:59,371 - hc_cifar10_class9_h4_IF100_alpha0p5_seed42.log - INFO - Round 117 | Global 0.6614 | Head 0.7783 | Middle 0.6525 | Tail 0.5563 | Class-9 0.3880 | best_class9 0.5560@100
2026-08-29 22:52:59,371 - hc_cifar10_class9_h4_IF100_alpha0p5_seed42.log - INFO - Round 118 selected clients: [1, 2, 4, 8, 10, 12, 15, 18] | target exposure=1 samples=25 mass=0.005027 empirical_P=0.957627 theory_P=0.897833
2026-08-29 22:53:14,240 - hc_cifar10_class9_h4_IF100_alpha0p5_seed42.log - INFO - Round 118 | Global 0.6599 | Head 0.7950 | Middle 0.6687 | Tail 0.5130 | Class-9 0.3710 | best_class9 0.5560@100
2026-08-29 22:53:14,240 - hc_cifar10_class9_h4_IF100_alpha0p5_seed42.log - INFO - Round 119 selected clients: [1, 2, 3, 4, 5, 6, 11, 13] | target exposure=1 samples=26 mass=0.005229 empirical_P=0.957983 theory_P=0.897833
2026-08-29 22:53:28,974 - hc_cifar10_class9_h4_IF100_alpha0p5_seed42.log - INFO - Round 119 | Global 0.6665 | Head 0.7903 | Middle 0.6740 | Tail 0.5327 | Class-9 0.3790 | best_class9 0.5560@100
2026-08-29 22:53:28,983 - hc_cifar10_class9_h4_IF100_alpha0p5_seed42.log - INFO - Round 120 selected clients: [5, 7, 8, 10, 11, 13, 15, 16] | target exposure=1 samples=12 mass=0.002417 empirical_P=0.958333 theory_P=0.897833
2026-08-29 22:53:43,648 - hc_cifar10_class9_h4_IF100_alpha0p5_seed42.log - INFO - Round 120 | Global 0.6405 | Head 0.8253 | Middle 0.6425 | Tail 0.4530 | Class-9 0.2860 | best_class9 0.5560@100
2026-08-29 22:53:43,669 - hc_cifar10_class9_h4_IF100_alpha0p5_seed42.log - INFO - Round 121 selected clients: [0, 3, 4, 5, 7, 16, 17, 18] | target exposure=1 samples=25 mass=0.005036 empirical_P=0.958678 theory_P=0.897833
2026-08-29 22:53:58,412 - hc_cifar10_class9_h4_IF100_alpha0p5_seed42.log - INFO - Round 121 | Global 0.6520 | Head 0.8317 | Middle 0.6355 | Tail 0.4943 | Class-9 0.3050 | best_class9 0.5560@100
2026-08-29 22:53:58,412 - hc_cifar10_class9_h4_IF100_alpha0p5_seed42.log - INFO - Round 122 selected clients: [0, 1, 4, 12, 13, 14, 17, 18] | target exposure=1 samples=25 mass=0.005020 empirical_P=0.959016 theory_P=0.897833
2026-08-29 22:54:13,186 - hc_cifar10_class9_h4_IF100_alpha0p5_seed42.log - INFO - Round 122 | Global 0.6408 | Head 0.7753 | Middle 0.6282 | Tail 0.5230 | Class-9 0.3650 | best_class9 0.5560@100
2026-08-29 22:54:13,186 - hc_cifar10_class9_h4_IF100_alpha0p5_seed42.log - INFO - Round 123 selected clients: [2, 10, 13, 14, 15, 16, 17, 19] | target exposure=0 samples=0 mass=0.000000 empirical_P=0.951220 theory_P=0.897833
2026-08-29 22:54:28,010 - hc_cifar10_class9_h4_IF100_alpha0p5_seed42.log - INFO - Round 123 | Global 0.6381 | Head 0.8067 | Middle 0.6757 | Tail 0.4193 | Class-9 0.1810 | best_class9 0.5560@100
2026-08-29 22:54:28,020 - hc_cifar10_class9_h4_IF100_alpha0p5_seed42.log - INFO - Round 124 selected clients: [4, 8, 9, 10, 12, 13, 14, 16] | target exposure=1 samples=25 mass=0.005020 empirical_P=0.951613 theory_P=0.897833
2026-08-29 22:54:42,886 - hc_cifar10_class9_h4_IF100_alpha0p5_seed42.log - INFO - Round 124 | Global 0.6391 | Head 0.8397 | Middle 0.6395 | Tail 0.4380 | Class-9 0.2890 | best_class9 0.5560@100
2026-08-29 22:54:42,886 - hc_cifar10_class9_h4_IF100_alpha0p5_seed42.log - INFO - Round 125 selected clients: [1, 4, 5, 8, 12, 13, 17, 19] | target exposure=1 samples=25 mass=0.005023 empirical_P=0.952000 theory_P=0.897833
2026-08-29 22:54:57,532 - hc_cifar10_class9_h4_IF100_alpha0p5_seed42.log - INFO - Round 125 | Global 0.6419 | Head 0.8480 | Middle 0.6105 | Tail 0.4777 | Class-9 0.3140 | best_class9 0.5560@100
2026-08-29 22:54:57,532 - hc_cifar10_class9_h4_IF100_alpha0p5_seed42.log - INFO - Round 126 selected clients: [2, 8, 9, 12, 13, 14, 15, 16] | target exposure=1 samples=12 mass=0.002419 empirical_P=0.952381 theory_P=0.897833
2026-08-29 22:55:12,329 - hc_cifar10_class9_h4_IF100_alpha0p5_seed42.log - INFO - Round 126 | Global 0.6501 | Head 0.8127 | Middle 0.6653 | Tail 0.4673 | Class-9 0.2640 | best_class9 0.5560@100
2026-08-29 22:55:12,329 - hc_cifar10_class9_h4_IF100_alpha0p5_seed42.log - INFO - Round 127 selected clients: [4, 5, 7, 11, 15, 16, 17, 18] | target exposure=1 samples=25 mass=0.005029 empirical_P=0.952756 theory_P=0.897833
2026-08-29 22:55:26,962 - hc_cifar10_class9_h4_IF100_alpha0p5_seed42.log - INFO - Round 127 | Global 0.6431 | Head 0.7913 | Middle 0.6583 | Tail 0.4747 | Class-9 0.3270 | best_class9 0.5560@100
2026-08-29 22:55:26,962 - hc_cifar10_class9_h4_IF100_alpha0p5_seed42.log - INFO - Round 128 selected clients: [3, 6, 8, 10, 12, 15, 17, 19] | target exposure=1 samples=25 mass=0.005049 empirical_P=0.953125 theory_P=0.897833
2026-08-29 22:55:41,525 - hc_cifar10_class9_h4_IF100_alpha0p5_seed42.log - INFO - Round 128 | Global 0.6664 | Head 0.7783 | Middle 0.6587 | Tail 0.5647 | Class-9 0.4700 | best_class9 0.5560@100
2026-08-29 22:55:41,525 - hc_cifar10_class9_h4_IF100_alpha0p5_seed42.log - INFO - Round 129 selected clients: [4, 6, 7, 10, 11, 15, 16, 17] | target exposure=1 samples=38 mass=0.007615 empirical_P=0.953488 theory_P=0.897833
2026-08-29 22:55:56,179 - hc_cifar10_class9_h4_IF100_alpha0p5_seed42.log - INFO - Round 129 | Global 0.6626 | Head 0.8197 | Middle 0.6552 | Tail 0.5153 | Class-9 0.4780 | best_class9 0.5560@100
2026-08-29 22:55:56,189 - hc_cifar10_class9_h4_IF100_alpha0p5_seed42.log - INFO - Round 130 selected clients: [0, 3, 6, 9, 10, 14, 15, 17] | target exposure=1 samples=13 mass=0.002629 empirical_P=0.953846 theory_P=0.897833
2026-08-29 22:56:10,811 - hc_cifar10_class9_h4_IF100_alpha0p5_seed42.log - INFO - Round 130 | Global 0.6411 | Head 0.7847 | Middle 0.6753 | Tail 0.4520 | Class-9 0.2010 | best_class9 0.5560@100
2026-08-29 22:56:10,824 - hc_cifar10_class9_h4_IF100_alpha0p5_seed42.log - INFO - Round 131 selected clients: [0, 3, 7, 8, 9, 12, 14, 18] | target exposure=1 samples=24 mass=0.004843 empirical_P=0.954198 theory_P=0.897833
2026-08-29 22:56:25,492 - hc_cifar10_class9_h4_IF100_alpha0p5_seed42.log - INFO - Round 131 | Global 0.6439 | Head 0.7917 | Middle 0.6605 | Tail 0.4740 | Class-9 0.2970 | best_class9 0.5560@100
2026-08-29 22:56:25,492 - hc_cifar10_class9_h4_IF100_alpha0p5_seed42.log - INFO - Round 132 selected clients: [1, 5, 7, 10, 12, 13, 15, 19] | target exposure=1 samples=24 mass=0.004831 empirical_P=0.954545 theory_P=0.897833
2026-08-29 22:56:40,180 - hc_cifar10_class9_h4_IF100_alpha0p5_seed42.log - INFO - Round 132 | Global 0.6655 | Head 0.8180 | Middle 0.6605 | Tail 0.5197 | Class-9 0.4430 | best_class9 0.5560@100
2026-08-29 22:56:40,180 - hc_cifar10_class9_h4_IF100_alpha0p5_seed42.log - INFO - Round 133 selected clients: [0, 1, 7, 8, 9, 11, 15, 16] | target exposure=1 samples=12 mass=0.002419 empirical_P=0.954887 theory_P=0.897833
2026-08-29 22:56:55,209 - hc_cifar10_class9_h4_IF100_alpha0p5_seed42.log - INFO - Round 133 | Global 0.6293 | Head 0.8363 | Middle 0.6440 | Tail 0.4027 | Class-9 0.2330 | best_class9 0.5560@100
2026-08-29 22:56:55,209 - hc_cifar10_class9_h4_IF100_alpha0p5_seed42.log - INFO - Round 134 selected clients: [2, 3, 7, 8, 10, 16, 18, 19] | target exposure=1 samples=12 mass=0.002429 empirical_P=0.955224 theory_P=0.897833
2026-08-29 22:57:11,941 - hc_cifar10_class9_h4_IF100_alpha0p5_seed42.log - INFO - Round 134 | Global 0.6510 | Head 0.8080 | Middle 0.6478 | Tail 0.4983 | Class-9 0.2720 | best_class9 0.5560@100
2026-08-29 22:57:11,941 - hc_cifar10_class9_h4_IF100_alpha0p5_seed42.log - INFO - Round 135 selected clients: [0, 6, 9, 12, 13, 14, 16, 19] | target exposure=1 samples=25 mass=0.005032 empirical_P=0.955556 theory_P=0.897833
2026-08-29 22:57:28,643 - hc_cifar10_class9_h4_IF100_alpha0p5_seed42.log - INFO - Round 135 | Global 0.6511 | Head 0.8517 | Middle 0.6195 | Tail 0.4927 | Class-9 0.2630 | best_class9 0.5560@100
2026-08-29 22:57:28,643 - hc_cifar10_class9_h4_IF100_alpha0p5_seed42.log - INFO - Round 136 selected clients: [2, 3, 5, 6, 10, 13, 15, 18] | target exposure=1 samples=13 mass=0.002631 empirical_P=0.955882 theory_P=0.897833
2026-08-29 22:57:45,419 - hc_cifar10_class9_h4_IF100_alpha0p5_seed42.log - INFO - Round 136 | Global 0.6630 | Head 0.7697 | Middle 0.6850 | Tail 0.5270 | Class-9 0.2790 | best_class9 0.5560@100
2026-08-29 22:57:45,419 - hc_cifar10_class9_h4_IF100_alpha0p5_seed42.log - INFO - Round 137 selected clients: [1, 2, 3, 5, 9, 10, 13, 19] | target exposure=0 samples=0 mass=0.000000 empirical_P=0.948905 theory_P=0.897833
2026-08-29 22:58:02,015 - hc_cifar10_class9_h4_IF100_alpha0p5_seed42.log - INFO - Round 137 | Global 0.6534 | Head 0.7713 | Middle 0.6743 | Tail 0.5077 | Class-9 0.2150 | best_class9 0.5560@100
2026-08-29 22:58:02,015 - hc_cifar10_class9_h4_IF100_alpha0p5_seed42.log - INFO - Round 138 selected clients: [0, 1, 5, 7, 8, 12, 16, 18] | target exposure=1 samples=24 mass=0.004821 empirical_P=0.949275 theory_P=0.897833
2026-08-29 22:58:18,849 - hc_cifar10_class9_h4_IF100_alpha0p5_seed42.log - INFO - Round 138 | Global 0.6594 | Head 0.8180 | Middle 0.6415 | Tail 0.5247 | Class-9 0.3020 | best_class9 0.5560@100
2026-08-29 22:58:18,849 - hc_cifar10_class9_h4_IF100_alpha0p5_seed42.log - INFO - Round 139 selected clients: [4, 5, 6, 10, 11, 12, 14, 18] | target exposure=1 samples=38 mass=0.007617 empirical_P=0.949640 theory_P=0.897833
2026-08-29 22:58:35,470 - hc_cifar10_class9_h4_IF100_alpha0p5_seed42.log - INFO - Round 139 | Global 0.6687 | Head 0.8177 | Middle 0.6657 | Tail 0.5237 | Class-9 0.3600 | best_class9 0.5560@100
2026-08-29 22:58:35,481 - hc_cifar10_class9_h4_IF100_alpha0p5_seed42.log - INFO - Round 140 selected clients: [2, 6, 8, 12, 14, 15, 16, 19] | target exposure=1 samples=25 mass=0.005033 empirical_P=0.950000 theory_P=0.897833
2026-08-29 22:58:52,126 - hc_cifar10_class9_h4_IF100_alpha0p5_seed42.log - INFO - Round 140 | Global 0.6348 | Head 0.8277 | Middle 0.6573 | Tail 0.4120 | Class-9 0.1580 | best_class9 0.5560@100
2026-08-29 22:58:52,137 - hc_cifar10_class9_h4_IF100_alpha0p5_seed42.log - INFO - Round 141 selected clients: [1, 3, 5, 10, 12, 14, 15, 19] | target exposure=1 samples=12 mass=0.002429 empirical_P=0.950355 theory_P=0.897833
2026-08-29 22:59:08,875 - hc_cifar10_class9_h4_IF100_alpha0p5_seed42.log - INFO - Round 141 | Global 0.6438 | Head 0.8167 | Middle 0.6395 | Tail 0.4767 | Class-9 0.2490 | best_class9 0.5560@100
2026-08-29 22:59:08,875 - hc_cifar10_class9_h4_IF100_alpha0p5_seed42.log - INFO - Round 142 selected clients: [0, 1, 2, 3, 4, 9, 14, 17] | target exposure=1 samples=13 mass=0.002623 empirical_P=0.950704 theory_P=0.897833
2026-08-29 22:59:25,316 - hc_cifar10_class9_h4_IF100_alpha0p5_seed42.log - INFO - Round 142 | Global 0.6562 | Head 0.7940 | Middle 0.6725 | Tail 0.4967 | Class-9 0.2690 | best_class9 0.5560@100
2026-08-29 22:59:25,316 - hc_cifar10_class9_h4_IF100_alpha0p5_seed42.log - INFO - Round 143 selected clients: [1, 3, 6, 8, 9, 13, 15, 16] | target exposure=1 samples=13 mass=0.002629 empirical_P=0.951049 theory_P=0.897833
2026-08-29 22:59:41,775 - hc_cifar10_class9_h4_IF100_alpha0p5_seed42.log - INFO - Round 143 | Global 0.6503 | Head 0.8117 | Middle 0.6573 | Tail 0.4797 | Class-9 0.2760 | best_class9 0.5560@100
2026-08-29 22:59:41,775 - hc_cifar10_class9_h4_IF100_alpha0p5_seed42.log - INFO - Round 144 selected clients: [1, 5, 6, 8, 10, 12, 15, 18] | target exposure=1 samples=25 mass=0.005031 empirical_P=0.951389 theory_P=0.897833
2026-08-29 22:59:58,579 - hc_cifar10_class9_h4_IF100_alpha0p5_seed42.log - INFO - Round 144 | Global 0.6507 | Head 0.8200 | Middle 0.6445 | Tail 0.4897 | Class-9 0.2820 | best_class9 0.5560@100
2026-08-29 22:59:58,589 - hc_cifar10_class9_h4_IF100_alpha0p5_seed42.log - INFO - Round 145 selected clients: [0, 2, 4, 7, 11, 17, 18, 19] | target exposure=1 samples=25 mass=0.005030 empirical_P=0.951724 theory_P=0.897833
2026-08-29 23:00:15,226 - hc_cifar10_class9_h4_IF100_alpha0p5_seed42.log - INFO - Round 145 | Global 0.6616 | Head 0.8110 | Middle 0.6583 | Tail 0.5167 | Class-9 0.2930 | best_class9 0.5560@100
2026-08-29 23:00:15,236 - hc_cifar10_class9_h4_IF100_alpha0p5_seed42.log - INFO - Round 146 selected clients: [0, 1, 6, 8, 12, 13, 14, 16] | target exposure=1 samples=25 mass=0.005015 empirical_P=0.952055 theory_P=0.897833
2026-08-29 23:00:32,115 - hc_cifar10_class9_h4_IF100_alpha0p5_seed42.log - INFO - Round 146 | Global 0.6618 | Head 0.8357 | Middle 0.6252 | Tail 0.5367 | Class-9 0.3770 | best_class9 0.5560@100
2026-08-29 23:00:32,115 - hc_cifar10_class9_h4_IF100_alpha0p5_seed42.log - INFO - Round 147 selected clients: [1, 2, 4, 10, 12, 15, 16, 19] | target exposure=1 samples=25 mass=0.005029 empirical_P=0.952381 theory_P=0.897833
2026-08-29 23:00:48,680 - hc_cifar10_class9_h4_IF100_alpha0p5_seed42.log - INFO - Round 147 | Global 0.6442 | Head 0.8057 | Middle 0.6475 | Tail 0.4783 | Class-9 0.1960 | best_class9 0.5560@100
2026-08-29 23:00:48,680 - hc_cifar10_class9_h4_IF100_alpha0p5_seed42.log - INFO - Round 148 selected clients: [0, 6, 8, 10, 11, 15, 17, 18] | target exposure=1 samples=13 mass=0.002623 empirical_P=0.952703 theory_P=0.897833
2026-08-29 23:01:05,422 - hc_cifar10_class9_h4_IF100_alpha0p5_seed42.log - INFO - Round 148 | Global 0.6497 | Head 0.7850 | Middle 0.6528 | Tail 0.5103 | Class-9 0.2840 | best_class9 0.5560@100
2026-08-29 23:01:05,422 - hc_cifar10_class9_h4_IF100_alpha0p5_seed42.log - INFO - Round 149 selected clients: [1, 2, 3, 4, 6, 7, 12, 14] | target exposure=1 samples=50 mass=0.010008 empirical_P=0.953020 theory_P=0.897833
2026-08-29 23:01:21,611 - hc_cifar10_class9_h4_IF100_alpha0p5_seed42.log - INFO - Round 149 | Global 0.6810 | Head 0.7957 | Middle 0.6725 | Tail 0.5777 | Class-9 0.5110 | best_class9 0.5560@100
2026-08-29 23:01:21,611 - hc_cifar10_class9_h4_IF100_alpha0p5_seed42.log - INFO - Round 150 selected clients: [5, 7, 11, 12, 14, 17, 18, 19] | target exposure=1 samples=24 mass=0.004833 empirical_P=0.953333 theory_P=0.897833
2026-08-29 23:01:36,357 - hc_cifar10_class9_h4_IF100_alpha0p5_seed42.log - INFO - Round 150 | Global 0.6634 | Head 0.7983 | Middle 0.6755 | Tail 0.5123 | Class-9 0.3010 | best_class9 0.5560@100
2026-08-29 23:01:36,378 - hc_cifar10_class9_h4_IF100_alpha0p5_seed42.log - INFO - Round 151 selected clients: [1, 5, 6, 7, 8, 10, 14, 15] | target exposure=1 samples=25 mass=0.005023 empirical_P=0.953642 theory_P=0.897833
2026-08-29 23:01:51,223 - hc_cifar10_class9_h4_IF100_alpha0p5_seed42.log - INFO - Round 151 | Global 0.6577 | Head 0.7863 | Middle 0.6540 | Tail 0.5340 | Class-9 0.3940 | best_class9 0.5560@100
2026-08-29 23:01:51,223 - hc_cifar10_class9_h4_IF100_alpha0p5_seed42.log - INFO - Round 152 selected clients: [1, 4, 9, 10, 15, 16, 18, 19] | target exposure=1 samples=13 mass=0.002629 empirical_P=0.953947 theory_P=0.897833
2026-08-29 23:02:05,927 - hc_cifar10_class9_h4_IF100_alpha0p5_seed42.log - INFO - Round 152 | Global 0.6510 | Head 0.8373 | Middle 0.6432 | Tail 0.4750 | Class-9 0.2900 | best_class9 0.5560@100
2026-08-29 23:02:05,927 - hc_cifar10_class9_h4_IF100_alpha0p5_seed42.log - INFO - Round 153 selected clients: [0, 1, 4, 10, 11, 17, 18, 19] | target exposure=1 samples=13 mass=0.002622 empirical_P=0.954248 theory_P=0.897833
2026-08-29 23:02:20,767 - hc_cifar10_class9_h4_IF100_alpha0p5_seed42.log - INFO - Round 153 | Global 0.6604 | Head 0.8080 | Middle 0.6535 | Tail 0.5220 | Class-9 0.3630 | best_class9 0.5560@100
2026-08-29 23:02:20,767 - hc_cifar10_class9_h4_IF100_alpha0p5_seed42.log - INFO - Round 154 selected clients: [2, 4, 8, 9, 11, 13, 15, 18] | target exposure=1 samples=13 mass=0.002624 empirical_P=0.954545 theory_P=0.897833
2026-08-29 23:02:35,570 - hc_cifar10_class9_h4_IF100_alpha0p5_seed42.log - INFO - Round 154 | Global 0.6569 | Head 0.8067 | Middle 0.6770 | Tail 0.4803 | Class-9 0.2430 | best_class9 0.5560@100
2026-08-29 23:02:35,570 - hc_cifar10_class9_h4_IF100_alpha0p5_seed42.log - INFO - Round 155 selected clients: [1, 3, 5, 11, 12, 13, 14, 15] | target exposure=1 samples=12 mass=0.002424 empirical_P=0.954839 theory_P=0.897833
2026-08-29 23:02:50,218 - hc_cifar10_class9_h4_IF100_alpha0p5_seed42.log - INFO - Round 155 | Global 0.6509 | Head 0.8210 | Middle 0.6700 | Tail 0.4553 | Class-9 0.2060 | best_class9 0.5560@100
2026-08-29 23:02:50,218 - hc_cifar10_class9_h4_IF100_alpha0p5_seed42.log - INFO - Round 156 selected clients: [2, 4, 5, 10, 11, 14, 15, 19] | target exposure=1 samples=13 mass=0.002622 empirical_P=0.955128 theory_P=0.897833
2026-08-29 23:03:05,079 - hc_cifar10_class9_h4_IF100_alpha0p5_seed42.log - INFO - Round 156 | Global 0.6531 | Head 0.8167 | Middle 0.6730 | Tail 0.4630 | Class-9 0.2450 | best_class9 0.5560@100
2026-08-29 23:03:05,079 - hc_cifar10_class9_h4_IF100_alpha0p5_seed42.log - INFO - Round 157 selected clients: [3, 7, 10, 11, 13, 14, 16, 18] | target exposure=1 samples=12 mass=0.002425 empirical_P=0.955414 theory_P=0.897833
2026-08-29 23:03:19,759 - hc_cifar10_class9_h4_IF100_alpha0p5_seed42.log - INFO - Round 157 | Global 0.6471 | Head 0.8343 | Middle 0.6530 | Tail 0.4520 | Class-9 0.2240 | best_class9 0.5560@100
2026-08-29 23:03:19,759 - hc_cifar10_class9_h4_IF100_alpha0p5_seed42.log - INFO - Round 158 selected clients: [0, 1, 2, 8, 9, 10, 11, 17] | target exposure=0 samples=0 mass=0.000000 empirical_P=0.949367 theory_P=0.897833
2026-08-29 23:03:34,523 - hc_cifar10_class9_h4_IF100_alpha0p5_seed42.log - INFO - Round 158 | Global 0.6481 | Head 0.8110 | Middle 0.6670 | Tail 0.4600 | Class-9 0.2170 | best_class9 0.5560@100
2026-08-29 23:03:34,523 - hc_cifar10_class9_h4_IF100_alpha0p5_seed42.log - INFO - Round 159 selected clients: [4, 8, 10, 13, 14, 15, 18, 19] | target exposure=1 samples=13 mass=0.002627 empirical_P=0.949686 theory_P=0.897833
2026-08-29 23:03:49,389 - hc_cifar10_class9_h4_IF100_alpha0p5_seed42.log - INFO - Round 159 | Global 0.6442 | Head 0.8137 | Middle 0.6647 | Tail 0.4473 | Class-9 0.1990 | best_class9 0.5560@100
2026-08-29 23:03:49,389 - hc_cifar10_class9_h4_IF100_alpha0p5_seed42.log - INFO - Round 160 selected clients: [0, 1, 2, 5, 6, 12, 14, 19] | target exposure=1 samples=25 mass=0.005024 empirical_P=0.950000 theory_P=0.897833
2026-08-29 23:04:04,076 - hc_cifar10_class9_h4_IF100_alpha0p5_seed42.log - INFO - Round 160 | Global 0.6632 | Head 0.7517 | Middle 0.6805 | Tail 0.5517 | Class-9 0.2720 | best_class9 0.5560@100
2026-08-29 23:04:04,089 - hc_cifar10_class9_h4_IF100_alpha0p5_seed42.log - INFO - Round 161 selected clients: [3, 4, 8, 9, 11, 14, 17, 18] | target exposure=1 samples=13 mass=0.002629 empirical_P=0.950311 theory_P=0.897833
2026-08-29 23:04:18,821 - hc_cifar10_class9_h4_IF100_alpha0p5_seed42.log - INFO - Round 161 | Global 0.6480 | Head 0.7943 | Middle 0.6755 | Tail 0.4650 | Class-9 0.1900 | best_class9 0.5560@100
2026-08-29 23:04:18,821 - hc_cifar10_class9_h4_IF100_alpha0p5_seed42.log - INFO - Round 162 selected clients: [1, 2, 7, 14, 15, 16, 18, 19] | target exposure=1 samples=12 mass=0.002425 empirical_P=0.950617 theory_P=0.897833
2026-08-29 23:04:33,483 - hc_cifar10_class9_h4_IF100_alpha0p5_seed42.log - INFO - Round 162 | Global 0.6599 | Head 0.7473 | Middle 0.6693 | Tail 0.5600 | Class-9 0.2870 | best_class9 0.5560@100
2026-08-29 23:04:33,483 - hc_cifar10_class9_h4_IF100_alpha0p5_seed42.log - INFO - Round 163 selected clients: [5, 6, 7, 10, 11, 12, 13, 17] | target exposure=1 samples=37 mass=0.007407 empirical_P=0.950920 theory_P=0.897833
2026-08-29 23:04:48,248 - hc_cifar10_class9_h4_IF100_alpha0p5_seed42.log - INFO - Round 163 | Global 0.6738 | Head 0.8177 | Middle 0.6627 | Tail 0.5447 | Class-9 0.4090 | best_class9 0.5560@100
2026-08-29 23:04:48,248 - hc_cifar10_class9_h4_IF100_alpha0p5_seed42.log - INFO - Round 164 selected clients: [0, 3, 6, 10, 12, 13, 15, 16] | target exposure=1 samples=25 mass=0.005038 empirical_P=0.951220 theory_P=0.897833
2026-08-29 23:05:03,015 - hc_cifar10_class9_h4_IF100_alpha0p5_seed42.log - INFO - Round 164 | Global 0.6648 | Head 0.8383 | Middle 0.6468 | Tail 0.5153 | Class-9 0.3370 | best_class9 0.5560@100
2026-08-29 23:05:03,025 - hc_cifar10_class9_h4_IF100_alpha0p5_seed42.log - INFO - Round 165 selected clients: [3, 7, 9, 11, 13, 15, 17, 19] | target exposure=1 samples=12 mass=0.002432 empirical_P=0.951515 theory_P=0.897833
2026-08-29 23:05:17,791 - hc_cifar10_class9_h4_IF100_alpha0p5_seed42.log - INFO - Round 165 | Global 0.6619 | Head 0.8290 | Middle 0.6560 | Tail 0.5027 | Class-9 0.3020 | best_class9 0.5560@100
2026-08-29 23:05:17,791 - hc_cifar10_class9_h4_IF100_alpha0p5_seed42.log - INFO - Round 166 selected clients: [1, 10, 11, 12, 13, 14, 16, 17] | target exposure=1 samples=12 mass=0.002413 empirical_P=0.951807 theory_P=0.897833
2026-08-29 23:05:32,631 - hc_cifar10_class9_h4_IF100_alpha0p5_seed42.log - INFO - Round 166 | Global 0.6385 | Head 0.8567 | Middle 0.6428 | Tail 0.4147 | Class-9 0.2030 | best_class9 0.5560@100
2026-08-29 23:05:32,631 - hc_cifar10_class9_h4_IF100_alpha0p5_seed42.log - INFO - Round 167 selected clients: [3, 4, 7, 9, 10, 13, 14, 18] | target exposure=1 samples=25 mass=0.005043 empirical_P=0.952096 theory_P=0.897833
2026-08-29 23:05:49,074 - hc_cifar10_class9_h4_IF100_alpha0p5_seed42.log - INFO - Round 167 | Global 0.6533 | Head 0.8270 | Middle 0.6650 | Tail 0.4640 | Class-9 0.3360 | best_class9 0.5560@100
2026-08-29 23:05:49,084 - hc_cifar10_class9_h4_IF100_alpha0p5_seed42.log - INFO - Round 168 selected clients: [0, 1, 3, 4, 10, 11, 14, 15] | target exposure=1 samples=13 mass=0.002624 empirical_P=0.952381 theory_P=0.897833
2026-08-29 23:06:05,901 - hc_cifar10_class9_h4_IF100_alpha0p5_seed42.log - INFO - Round 168 | Global 0.6221 | Head 0.8350 | Middle 0.6328 | Tail 0.3950 | Class-9 0.2360 | best_class9 0.5560@100
2026-08-29 23:06:05,901 - hc_cifar10_class9_h4_IF100_alpha0p5_seed42.log - INFO - Round 169 selected clients: [0, 1, 4, 5, 7, 9, 16, 18] | target exposure=1 samples=25 mass=0.005026 empirical_P=0.952663 theory_P=0.897833
2026-08-29 23:06:22,791 - hc_cifar10_class9_h4_IF100_alpha0p5_seed42.log - INFO - Round 169 | Global 0.6459 | Head 0.8313 | Middle 0.6240 | Tail 0.4897 | Class-9 0.3330 | best_class9 0.5560@100
2026-08-29 23:06:22,791 - hc_cifar10_class9_h4_IF100_alpha0p5_seed42.log - INFO - Round 170 selected clients: [1, 5, 6, 9, 11, 14, 15, 18] | target exposure=1 samples=13 mass=0.002626 empirical_P=0.952941 theory_P=0.897833
2026-08-29 23:06:39,590 - hc_cifar10_class9_h4_IF100_alpha0p5_seed42.log - INFO - Round 170 | Global 0.6616 | Head 0.8097 | Middle 0.6690 | Tail 0.5037 | Class-9 0.2810 | best_class9 0.5560@100
2026-08-29 23:06:39,604 - hc_cifar10_class9_h4_IF100_alpha0p5_seed42.log - INFO - Round 171 selected clients: [0, 5, 6, 7, 8, 9, 12, 17] | target exposure=1 samples=37 mass=0.007415 empirical_P=0.953216 theory_P=0.897833
2026-08-29 23:06:56,306 - hc_cifar10_class9_h4_IF100_alpha0p5_seed42.log - INFO - Round 171 | Global 0.6783 | Head 0.8087 | Middle 0.6733 | Tail 0.5547 | Class-9 0.4570 | best_class9 0.5560@100
2026-08-29 23:06:56,306 - hc_cifar10_class9_h4_IF100_alpha0p5_seed42.log - INFO - Round 172 selected clients: [4, 9, 10, 11, 13, 15, 17, 18] | target exposure=1 samples=13 mass=0.002625 empirical_P=0.953488 theory_P=0.897833
2026-08-29 23:07:12,976 - hc_cifar10_class9_h4_IF100_alpha0p5_seed42.log - INFO - Round 172 | Global 0.6489 | Head 0.8133 | Middle 0.6717 | Tail 0.4540 | Class-9 0.2660 | best_class9 0.5560@100
2026-08-29 23:07:12,976 - hc_cifar10_class9_h4_IF100_alpha0p5_seed42.log - INFO - Round 173 selected clients: [0, 4, 7, 8, 9, 10, 13, 16] | target exposure=1 samples=25 mass=0.005019 empirical_P=0.953757 theory_P=0.897833
2026-08-29 23:07:29,738 - hc_cifar10_class9_h4_IF100_alpha0p5_seed42.log - INFO - Round 173 | Global 0.6347 | Head 0.8407 | Middle 0.6200 | Tail 0.4483 | Class-9 0.3800 | best_class9 0.5560@100
2026-08-29 23:07:29,738 - hc_cifar10_class9_h4_IF100_alpha0p5_seed42.log - INFO - Round 174 selected clients: [1, 3, 4, 6, 12, 13, 15, 18] | target exposure=1 samples=38 mass=0.007649 empirical_P=0.954023 theory_P=0.897833
2026-08-29 23:07:46,414 - hc_cifar10_class9_h4_IF100_alpha0p5_seed42.log - INFO - Round 174 | Global 0.6709 | Head 0.7997 | Middle 0.6745 | Tail 0.5373 | Class-9 0.4230 | best_class9 0.5560@100
2026-08-29 23:07:46,424 - hc_cifar10_class9_h4_IF100_alpha0p5_seed42.log - INFO - Round 175 selected clients: [1, 2, 4, 6, 8, 9, 11, 14] | target exposure=1 samples=26 mass=0.005220 empirical_P=0.954286 theory_P=0.897833
2026-08-29 23:08:03,170 - hc_cifar10_class9_h4_IF100_alpha0p5_seed42.log - INFO - Round 175 | Global 0.6609 | Head 0.8167 | Middle 0.6813 | Tail 0.4780 | Class-9 0.3690 | best_class9 0.5560@100
2026-08-29 23:08:03,170 - hc_cifar10_class9_h4_IF100_alpha0p5_seed42.log - INFO - Round 176 selected clients: [1, 3, 5, 11, 12, 13, 14, 19] | target exposure=1 samples=12 mass=0.002425 empirical_P=0.954545 theory_P=0.897833
2026-08-29 23:08:19,968 - hc_cifar10_class9_h4_IF100_alpha0p5_seed42.log - INFO - Round 176 | Global 0.6642 | Head 0.8280 | Middle 0.6765 | Tail 0.4840 | Class-9 0.2930 | best_class9 0.5560@100
2026-08-29 23:08:19,968 - hc_cifar10_class9_h4_IF100_alpha0p5_seed42.log - INFO - Round 177 selected clients: [1, 3, 5, 6, 8, 9, 10, 18] | target exposure=1 samples=13 mass=0.002630 empirical_P=0.954802 theory_P=0.897833
2026-08-29 23:08:36,710 - hc_cifar10_class9_h4_IF100_alpha0p5_seed42.log - INFO - Round 177 | Global 0.6677 | Head 0.8193 | Middle 0.6645 | Tail 0.5203 | Class-9 0.3150 | best_class9 0.5560@100
2026-08-29 23:08:36,710 - hc_cifar10_class9_h4_IF100_alpha0p5_seed42.log - INFO - Round 178 selected clients: [2, 4, 5, 6, 7, 8, 9, 11] | target exposure=1 samples=38 mass=0.007612 empirical_P=0.955056 theory_P=0.897833
2026-08-29 23:08:53,407 - hc_cifar10_class9_h4_IF100_alpha0p5_seed42.log - INFO - Round 178 | Global 0.6773 | Head 0.8117 | Middle 0.6725 | Tail 0.5493 | Class-9 0.4680 | best_class9 0.5560@100
2026-08-29 23:08:53,407 - hc_cifar10_class9_h4_IF100_alpha0p5_seed42.log - INFO - Round 179 selected clients: [0, 3, 4, 5, 7, 13, 15, 19] | target exposure=1 samples=25 mass=0.005045 empirical_P=0.955307 theory_P=0.897833
2026-08-29 23:09:10,135 - hc_cifar10_class9_h4_IF100_alpha0p5_seed42.log - INFO - Round 179 | Global 0.6636 | Head 0.8083 | Middle 0.6660 | Tail 0.5157 | Class-9 0.3910 | best_class9 0.5560@100
2026-08-29 23:09:10,135 - hc_cifar10_class9_h4_IF100_alpha0p5_seed42.log - INFO - Round 180 selected clients: [3, 4, 6, 9, 10, 12, 14, 17] | target exposure=1 samples=38 mass=0.007637 empirical_P=0.955556 theory_P=0.897833
2026-08-29 23:09:26,885 - hc_cifar10_class9_h4_IF100_alpha0p5_seed42.log - INFO - Round 180 | Global 0.6778 | Head 0.8230 | Middle 0.6783 | Tail 0.5320 | Class-9 0.4310 | best_class9 0.5560@100
2026-08-29 23:09:26,900 - hc_cifar10_class9_h4_IF100_alpha0p5_seed42.log - INFO - Round 181 selected clients: [0, 7, 11, 13, 14, 15, 16, 18] | target exposure=1 samples=12 mass=0.002420 empirical_P=0.955801 theory_P=0.897833
2026-08-29 23:09:43,726 - hc_cifar10_class9_h4_IF100_alpha0p5_seed42.log - INFO - Round 181 | Global 0.6473 | Head 0.8453 | Middle 0.6380 | Tail 0.4617 | Class-9 0.2700 | best_class9 0.5560@100
2026-08-29 23:09:43,726 - hc_cifar10_class9_h4_IF100_alpha0p5_seed42.log - INFO - Round 182 selected clients: [2, 5, 8, 9, 14, 16, 17, 18] | target exposure=0 samples=0 mass=0.000000 empirical_P=0.950549 theory_P=0.897833
2026-08-29 23:10:00,412 - hc_cifar10_class9_h4_IF100_alpha0p5_seed42.log - INFO - Round 182 | Global 0.6567 | Head 0.8057 | Middle 0.6705 | Tail 0.4893 | Class-9 0.1590 | best_class9 0.5560@100
2026-08-29 23:10:00,412 - hc_cifar10_class9_h4_IF100_alpha0p5_seed42.log - INFO - Round 183 selected clients: [1, 3, 6, 7, 8, 12, 18, 19] | target exposure=1 samples=37 mass=0.007455 empirical_P=0.950820 theory_P=0.897833
2026-08-29 23:10:15,460 - hc_cifar10_class9_h4_IF100_alpha0p5_seed42.log - INFO - Round 183 | Global 0.6814 | Head 0.7603 | Middle 0.6765 | Tail 0.6090 | Class-9 0.4600 | best_class9 0.5560@100
2026-08-29 23:10:15,460 - hc_cifar10_class9_h4_IF100_alpha0p5_seed42.log - INFO - Round 184 selected clients: [0, 1, 6, 8, 9, 11, 15, 18] | target exposure=1 samples=13 mass=0.002625 empirical_P=0.951087 theory_P=0.897833
2026-08-29 23:10:30,002 - hc_cifar10_class9_h4_IF100_alpha0p5_seed42.log - INFO - Round 184 | Global 0.6521 | Head 0.7773 | Middle 0.6743 | Tail 0.4973 | Class-9 0.2630 | best_class9 0.5560@100
2026-08-29 23:10:30,002 - hc_cifar10_class9_h4_IF100_alpha0p5_seed42.log - INFO - Round 185 selected clients: [0, 7, 8, 10, 12, 13, 15, 19] | target exposure=1 samples=24 mass=0.004831 empirical_P=0.951351 theory_P=0.897833
2026-08-29 23:10:44,699 - hc_cifar10_class9_h4_IF100_alpha0p5_seed42.log - INFO - Round 185 | Global 0.6581 | Head 0.8257 | Middle 0.6402 | Tail 0.5143 | Class-9 0.3880 | best_class9 0.5560@100
2026-08-29 23:10:44,709 - hc_cifar10_class9_h4_IF100_alpha0p5_seed42.log - INFO - Round 186 selected clients: [2, 6, 7, 9, 10, 11, 14, 17] | target exposure=1 samples=25 mass=0.005022 empirical_P=0.951613 theory_P=0.897833
2026-08-29 23:10:59,391 - hc_cifar10_class9_h4_IF100_alpha0p5_seed42.log - INFO - Round 186 | Global 0.6627 | Head 0.8207 | Middle 0.6627 | Tail 0.5047 | Class-9 0.3300 | best_class9 0.5560@100
2026-08-29 23:10:59,391 - hc_cifar10_class9_h4_IF100_alpha0p5_seed42.log - INFO - Round 187 selected clients: [0, 1, 5, 7, 8, 9, 17, 19] | target exposure=1 samples=12 mass=0.002420 empirical_P=0.951872 theory_P=0.897833
2026-08-29 23:11:13,953 - hc_cifar10_class9_h4_IF100_alpha0p5_seed42.log - INFO - Round 187 | Global 0.6584 | Head 0.8293 | Middle 0.6465 | Tail 0.5033 | Class-9 0.2830 | best_class9 0.5560@100
2026-08-29 23:11:13,953 - hc_cifar10_class9_h4_IF100_alpha0p5_seed42.log - INFO - Round 188 selected clients: [0, 4, 6, 12, 14, 15, 18, 19] | target exposure=1 samples=38 mass=0.007641 empirical_P=0.952128 theory_P=0.897833
2026-08-29 23:11:28,681 - hc_cifar10_class9_h4_IF100_alpha0p5_seed42.log - INFO - Round 188 | Global 0.6771 | Head 0.7967 | Middle 0.6745 | Tail 0.5610 | Class-9 0.3930 | best_class9 0.5560@100
2026-08-29 23:11:28,681 - hc_cifar10_class9_h4_IF100_alpha0p5_seed42.log - INFO - Round 189 selected clients: [0, 2, 7, 8, 9, 16, 17, 19] | target exposure=1 samples=12 mass=0.002420 empirical_P=0.952381 theory_P=0.897833
2026-08-29 23:11:43,383 - hc_cifar10_class9_h4_IF100_alpha0p5_seed42.log - INFO - Round 189 | Global 0.6628 | Head 0.8230 | Middle 0.6548 | Tail 0.5133 | Class-9 0.2930 | best_class9 0.5560@100
2026-08-29 23:11:43,383 - hc_cifar10_class9_h4_IF100_alpha0p5_seed42.log - INFO - Round 190 selected clients: [1, 2, 4, 7, 8, 10, 12, 17] | target exposure=1 samples=37 mass=0.007400 empirical_P=0.952632 theory_P=0.897833
2026-08-29 23:11:57,960 - hc_cifar10_class9_h4_IF100_alpha0p5_seed42.log - INFO - Round 190 | Global 0.6742 | Head 0.8147 | Middle 0.6478 | Tail 0.5690 | Class-9 0.5490 | best_class9 0.5560@100
2026-08-29 23:11:57,974 - hc_cifar10_class9_h4_IF100_alpha0p5_seed42.log - INFO - Round 191 selected clients: [0, 1, 4, 5, 9, 10, 11, 12] | target exposure=1 samples=25 mass=0.005018 empirical_P=0.952880 theory_P=0.897833
2026-08-29 23:12:12,570 - hc_cifar10_class9_h4_IF100_alpha0p5_seed42.log - INFO - Round 191 | Global 0.6563 | Head 0.8250 | Middle 0.6485 | Tail 0.4980 | Class-9 0.4280 | best_class9 0.5560@100
2026-08-29 23:12:12,570 - hc_cifar10_class9_h4_IF100_alpha0p5_seed42.log - INFO - Round 192 selected clients: [0, 3, 7, 8, 9, 11, 15, 17] | target exposure=1 samples=12 mass=0.002427 empirical_P=0.953125 theory_P=0.897833
2026-08-29 23:12:27,153 - hc_cifar10_class9_h4_IF100_alpha0p5_seed42.log - INFO - Round 192 | Global 0.6502 | Head 0.8277 | Middle 0.6565 | Tail 0.4643 | Class-9 0.3450 | best_class9 0.5560@100
2026-08-29 23:12:27,153 - hc_cifar10_class9_h4_IF100_alpha0p5_seed42.log - INFO - Round 193 selected clients: [1, 4, 5, 8, 10, 11, 13, 15] | target exposure=1 samples=13 mass=0.002617 empirical_P=0.953368 theory_P=0.897833
2026-08-29 23:12:41,781 - hc_cifar10_class9_h4_IF100_alpha0p5_seed42.log - INFO - Round 193 | Global 0.6368 | Head 0.8350 | Middle 0.6440 | Tail 0.4290 | Class-9 0.3100 | best_class9 0.5560@100
2026-08-29 23:12:41,791 - hc_cifar10_class9_h4_IF100_alpha0p5_seed42.log - INFO - Round 194 selected clients: [4, 9, 10, 11, 12, 13, 16, 18] | target exposure=1 samples=25 mass=0.005028 empirical_P=0.953608 theory_P=0.897833
2026-08-29 23:12:56,344 - hc_cifar10_class9_h4_IF100_alpha0p5_seed42.log - INFO - Round 194 | Global 0.6523 | Head 0.8517 | Middle 0.6530 | Tail 0.4520 | Class-9 0.3480 | best_class9 0.5560@100
2026-08-29 23:12:56,344 - hc_cifar10_class9_h4_IF100_alpha0p5_seed42.log - INFO - Round 195 selected clients: [2, 3, 4, 8, 10, 13, 14, 18] | target exposure=1 samples=13 mass=0.002625 empirical_P=0.953846 theory_P=0.897833
2026-08-29 23:13:11,031 - hc_cifar10_class9_h4_IF100_alpha0p5_seed42.log - INFO - Round 195 | Global 0.6477 | Head 0.8373 | Middle 0.6663 | Tail 0.4333 | Class-9 0.2430 | best_class9 0.5560@100
2026-08-29 23:13:11,031 - hc_cifar10_class9_h4_IF100_alpha0p5_seed42.log - INFO - Round 196 selected clients: [1, 3, 5, 9, 14, 16, 18, 19] | target exposure=0 samples=0 mass=0.000000 empirical_P=0.948980 theory_P=0.897833
2026-08-29 23:13:25,661 - hc_cifar10_class9_h4_IF100_alpha0p5_seed42.log - INFO - Round 196 | Global 0.6565 | Head 0.7113 | Middle 0.6657 | Tail 0.5893 | Class-9 0.3150 | best_class9 0.5560@100
2026-08-29 23:13:25,671 - hc_cifar10_class9_h4_IF100_alpha0p5_seed42.log - INFO - Round 197 selected clients: [0, 2, 6, 8, 10, 11, 15, 18] | target exposure=1 samples=13 mass=0.002622 empirical_P=0.949239 theory_P=0.897833
2026-08-29 23:13:40,423 - hc_cifar10_class9_h4_IF100_alpha0p5_seed42.log - INFO - Round 197 | Global 0.6629 | Head 0.8073 | Middle 0.6640 | Tail 0.5170 | Class-9 0.2820 | best_class9 0.5560@100
2026-08-29 23:13:40,423 - hc_cifar10_class9_h4_IF100_alpha0p5_seed42.log - INFO - Round 198 selected clients: [2, 3, 4, 5, 6, 9, 12, 16] | target exposure=1 samples=38 mass=0.007635 empirical_P=0.949495 theory_P=0.897833
2026-08-29 23:13:55,199 - hc_cifar10_class9_h4_IF100_alpha0p5_seed42.log - INFO - Round 198 | Global 0.6856 | Head 0.8010 | Middle 0.6823 | Tail 0.5747 | Class-9 0.4060 | best_class9 0.5560@100
2026-08-29 23:13:55,199 - hc_cifar10_class9_h4_IF100_alpha0p5_seed42.log - INFO - Round 199 selected clients: [1, 2, 3, 6, 9, 13, 14, 18] | target exposure=1 samples=13 mass=0.002629 empirical_P=0.949749 theory_P=0.897833
2026-08-29 23:14:09,900 - hc_cifar10_class9_h4_IF100_alpha0p5_seed42.log - INFO - Round 199 | Global 0.6724 | Head 0.8200 | Middle 0.6717 | Tail 0.5257 | Class-9 0.3380 | best_class9 0.5560@100
2026-08-29 23:14:09,900 - hc_cifar10_class9_h4_IF100_alpha0p5_seed42.log - INFO - Round 200 selected clients: [1, 3, 8, 10, 13, 14, 17, 19] | target exposure=0 samples=0 mass=0.000000 empirical_P=0.945000 theory_P=0.897833
2026-08-29 23:14:26,016 - hc_cifar10_class9_h4_IF100_alpha0p5_seed42.log - INFO - Round 200 | Global 0.6378 | Head 0.8423 | Middle 0.6338 | Tail 0.4387 | Class-9 0.1790 | best_class9 0.5560@100
2026-08-29 23:14:26,041 - hc_cifar10_class9_h4_IF100_alpha0p5_seed42.log - INFO - ==========================================================================================
2026-08-29 23:14:26,042 - hc_cifar10_class9_h4_IF100_alpha0p5_seed42.log - INFO - FINISHED FIXED-N / VARIED-h EXPERIMENT
2026-08-29 23:14:26,042 - hc_cifar10_class9_h4_IF100_alpha0p5_seed42.log - INFO - target_class=9 N=50 actual_h=4
2026-08-29 23:14:26,042 - hc_cifar10_class9_h4_IF100_alpha0p5_seed42.log - INFO - Theoretical exposure: 0.897833
2026-08-29 23:14:26,042 - hc_cifar10_class9_h4_IF100_alpha0p5_seed42.log - INFO - Empirical exposure over 200 rounds: 0.945000
2026-08-29 23:14:26,042 - hc_cifar10_class9_h4_IF100_alpha0p5_seed42.log - INFO - Final class-9 accuracy: 0.1790
2026-08-29 23:14:26,043 - hc_cifar10_class9_h4_IF100_alpha0p5_seed42.log - INFO - Final Tail accuracy: 0.4387
2026-08-29 23:14:26,043 - hc_cifar10_class9_h4_IF100_alpha0p5_seed42.log - INFO - Final Global accuracy: 0.6378
2026-08-29 23:14:26,043 - hc_cifar10_class9_h4_IF100_alpha0p5_seed42.log - INFO - Best class-9 accuracy (diagnostic only): 0.5560 @ round 100
2026-08-29 23:14:26,043 - hc_cifar10_class9_h4_IF100_alpha0p5_seed42.log - INFO - Best Tail accuracy (diagnostic only): 0.6090 @ round 183
2026-08-29 23:14:26,043 - hc_cifar10_class9_h4_IF100_alpha0p5_seed42.log - INFO - Metrics CSV: D:\Desktop\FedLF_project\FedLF\outputs\hc_cifar10_class9_h4_IF100_alpha0p5_seed42\metrics.csv
2026-08-29 23:14:26,043 - hc_cifar10_class9_h4_IF100_alpha0p5_seed42.log - INFO - History: D:\Desktop\FedLF_project\FedLF\outputs\hc_cifar10_class9_h4_IF100_alpha0p5_seed42\history.pkl
2026-08-29 23:14:26,043 - hc_cifar10_class9_h4_IF100_alpha0p5_seed42.log - INFO - Config: D:\Desktop\FedLF_project\FedLF\outputs\hc_cifar10_class9_h4_IF100_alpha0p5_seed42\config.json
2026-08-29 23:14:26,043 - hc_cifar10_class9_h4_IF100_alpha0p5_seed42.log - INFO - Checkpoint: D:\Desktop\FedLF_project\FedLF\outputs\hc_cifar10_class9_h4_IF100_alpha0p5_seed42\checkpoint.pth
2026-08-29 23:14:26,043 - hc_cifar10_class9_h4_IF100_alpha0p5_seed42.log - INFO - Final model: D:\Desktop\FedLF_project\FedLF\outputs\hc_cifar10_class9_h4_IF100_alpha0p5_seed42\final_model.pth
2026-08-29 23:14:26,043 - hc_cifar10_class9_h4_IF100_alpha0p5_seed42.log - INFO - ==========================================================================================
